PASS plain marker chunk=1 (60 records, 0 lost sync)
PASS plain marker chunk=3 (60 records, 0 lost sync)
PASS plain marker chunk=7 (60 records, 0 lost sync)
PASS plain marker chunk=11 (60 records, 0 lost sync)
PASS plain marker chunk=64 (60 records, 0 lost sync)
PASS plain marker chunk=4096 (60 records, 0 lost sync)
PASS plain marker chunk=27366 (60 records, 0 lost sync)
PASS buffer stays within a kept and a partial record (1850 bytes)
PASS CRLF marker chunk=1 (10 records, 0 lost sync)
PASS CRLF marker chunk=3 (10 records, 0 lost sync)
PASS CRLF marker chunk=7 (10 records, 0 lost sync)
PASS CRLF marker chunk=11 (10 records, 0 lost sync)
PASS CRLF marker chunk=64 (10 records, 0 lost sync)
PASS CRLF marker chunk=4096 (10 records, 0 lost sync)
PASS CRLF marker chunk=2277 (10 records, 0 lost sync)
PASS nonce skips stale markers chunk=1 (10 records, 0 lost sync)
PASS nonce skips stale markers chunk=3 (10 records, 0 lost sync)
PASS nonce skips stale markers chunk=7 (10 records, 0 lost sync)
PASS nonce skips stale markers chunk=11 (10 records, 0 lost sync)
PASS nonce skips stale markers chunk=64 (10 records, 0 lost sync)
PASS nonce skips stale markers chunk=4096 (10 records, 0 lost sync)
PASS nonce skips stale markers chunk=15348 (10 records, 0 lost sync)
PASS wrong nonce ignored chunk=1 (0 records, 0 lost sync)
PASS wrong nonce ignored chunk=3 (0 records, 0 lost sync)
PASS wrong nonce ignored chunk=7 (0 records, 0 lost sync)
PASS wrong nonce ignored chunk=11 (0 records, 0 lost sync)
PASS wrong nonce ignored chunk=64 (0 records, 0 lost sync)
PASS wrong nonce ignored chunk=4096 (0 records, 0 lost sync)
PASS wrong nonce ignored chunk=323 (0 records, 0 lost sync)
PASS nonce that is a prefix of a longer one chunk=1 (3 records, 0 lost sync)
PASS nonce that is a prefix of a longer one chunk=3 (3 records, 0 lost sync)
PASS nonce that is a prefix of a longer one chunk=7 (3 records, 0 lost sync)
PASS nonce that is a prefix of a longer one chunk=11 (3 records, 0 lost sync)
PASS nonce that is a prefix of a longer one chunk=64 (3 records, 0 lost sync)
PASS nonce that is a prefix of a longer one chunk=4096 (3 records, 0 lost sync)
PASS nonce that is a prefix of a longer one chunk=1307 (3 records, 0 lost sync)
PASS reboot mid-stream resyncs chunk=1 (21 records, 1 lost sync)
PASS reboot mid-stream resyncs chunk=3 (21 records, 1 lost sync)
PASS reboot mid-stream resyncs chunk=7 (21 records, 1 lost sync)
PASS reboot mid-stream resyncs chunk=11 (21 records, 1 lost sync)
PASS reboot mid-stream resyncs chunk=64 (21 records, 1 lost sync)
PASS reboot mid-stream resyncs chunk=4096 (21 records, 1 lost sync)
PASS reboot mid-stream resyncs chunk=9495 (21 records, 1 lost sync)
PASS truncated record, then marker and header chunk=1 (21 records, 1 lost sync)
PASS truncated record, then marker and header chunk=3 (21 records, 1 lost sync)
PASS truncated record, then marker and header chunk=7 (21 records, 1 lost sync)
PASS truncated record, then marker and header chunk=11 (21 records, 1 lost sync)
PASS truncated record, then marker and header chunk=64 (21 records, 1 lost sync)
PASS truncated record, then marker and header chunk=4096 (21 records, 1 lost sync)
PASS truncated record, then marker and header chunk=9468 (21 records, 1 lost sync)
PASS truncated record, long boot text, then marker chunk=1 (21 records, 1 lost sync)
PASS truncated record, long boot text, then marker chunk=3 (21 records, 1 lost sync)
PASS truncated record, long boot text, then marker chunk=7 (21 records, 1 lost sync)
PASS truncated record, long boot text, then marker chunk=11 (21 records, 1 lost sync)
PASS truncated record, long boot text, then marker chunk=64 (21 records, 1 lost sync)
PASS truncated record, long boot text, then marker chunk=4096 (21 records, 1 lost sync)
PASS truncated record, long boot text, then marker chunk=9788 (21 records, 1 lost sync)
PASS boot marker at a record boundary chunk=1 (20 records, 1 lost sync)
PASS boot marker at a record boundary chunk=3 (20 records, 1 lost sync)
PASS boot marker at a record boundary chunk=7 (20 records, 1 lost sync)
PASS boot marker at a record boundary chunk=11 (20 records, 1 lost sync)
PASS boot marker at a record boundary chunk=64 (20 records, 1 lost sync)
PASS boot marker at a record boundary chunk=4096 (20 records, 1 lost sync)
PASS boot marker at a record boundary chunk=11173 (20 records, 1 lost sync)
PASS marker at record boundary chunk=1 (20 records, 1 lost sync)
PASS marker at record boundary chunk=3 (20 records, 1 lost sync)
PASS marker at record boundary chunk=7 (20 records, 1 lost sync)
PASS marker at record boundary chunk=11 (20 records, 1 lost sync)
PASS marker at record boundary chunk=64 (20 records, 1 lost sync)
PASS marker at record boundary chunk=4096 (20 records, 1 lost sync)
PASS marker at record boundary chunk=9438 (20 records, 1 lost sync)
PASS CRLF marker at record boundary chunk=1 (20 records, 1 lost sync)
PASS CRLF marker at record boundary chunk=3 (20 records, 1 lost sync)
PASS CRLF marker at record boundary chunk=7 (20 records, 1 lost sync)
PASS CRLF marker at record boundary chunk=11 (20 records, 1 lost sync)
PASS CRLF marker at record boundary chunk=64 (20 records, 1 lost sync)
PASS CRLF marker at record boundary chunk=4096 (20 records, 1 lost sync)
PASS CRLF marker at record boundary chunk=9440 (20 records, 1 lost sync)
PASS damaged record (incl_len 0xFFFF) resyncs chunk=1 (20 records, 1 lost sync)
PASS damaged record (incl_len 0xFFFF) resyncs chunk=3 (20 records, 1 lost sync)
PASS damaged record (incl_len 0xFFFF) resyncs chunk=7 (20 records, 1 lost sync)
PASS damaged record (incl_len 0xFFFF) resyncs chunk=11 (20 records, 1 lost sync)
PASS damaged record (incl_len 0xFFFF) resyncs chunk=64 (20 records, 1 lost sync)
PASS damaged record (incl_len 0xFFFF) resyncs chunk=4096 (20 records, 1 lost sync)
PASS damaged record (incl_len 0xFFFF) resyncs chunk=11954 (20 records, 1 lost sync)
PASS damaged record (incl_len > orig_len) resyncs chunk=1 (20 records, 1 lost sync)
PASS damaged record (incl_len > orig_len) resyncs chunk=3 (20 records, 1 lost sync)
PASS damaged record (incl_len > orig_len) resyncs chunk=7 (20 records, 1 lost sync)
PASS damaged record (incl_len > orig_len) resyncs chunk=11 (20 records, 1 lost sync)
PASS damaged record (incl_len > orig_len) resyncs chunk=64 (20 records, 1 lost sync)
PASS damaged record (incl_len > orig_len) resyncs chunk=4096 (20 records, 1 lost sync)
PASS damaged record (incl_len > orig_len) resyncs chunk=11954 (20 records, 1 lost sync)
PASS damaged record (ts_usec >= 1000000) resyncs chunk=1 (20 records, 1 lost sync)
PASS damaged record (ts_usec >= 1000000) resyncs chunk=3 (20 records, 1 lost sync)
PASS damaged record (ts_usec >= 1000000) resyncs chunk=7 (20 records, 1 lost sync)
PASS damaged record (ts_usec >= 1000000) resyncs chunk=11 (20 records, 1 lost sync)
PASS damaged record (ts_usec >= 1000000) resyncs chunk=64 (20 records, 1 lost sync)
PASS damaged record (ts_usec >= 1000000) resyncs chunk=4096 (20 records, 1 lost sync)
PASS damaged record (ts_usec >= 1000000) resyncs chunk=11954 (20 records, 1 lost sync)
PASS damaged record (incl_len 0) resyncs chunk=1 (20 records, 1 lost sync)
PASS damaged record (incl_len 0) resyncs chunk=3 (20 records, 1 lost sync)
PASS damaged record (incl_len 0) resyncs chunk=7 (20 records, 1 lost sync)
PASS damaged record (incl_len 0) resyncs chunk=11 (20 records, 1 lost sync)
PASS damaged record (incl_len 0) resyncs chunk=64 (20 records, 1 lost sync)
PASS damaged record (incl_len 0) resyncs chunk=4096 (20 records, 1 lost sync)
PASS damaged record (incl_len 0) resyncs chunk=11954 (20 records, 1 lost sync)
PASS wrong link type is refused chunk=1 (0 records, 1 lost sync)
PASS wrong link type is refused chunk=3 (0 records, 1 lost sync)
PASS wrong link type is refused chunk=7 (0 records, 1 lost sync)
PASS wrong link type is refused chunk=11 (0 records, 1 lost sync)
PASS wrong link type is refused chunk=64 (0 records, 1 lost sync)
PASS wrong link type is refused chunk=4096 (0 records, 1 lost sync)
PASS wrong link type is refused chunk=694 (0 records, 1 lost sync)
PASS 16384 byte records chunk=1 (12 records, 0 lost sync)
PASS 16384 byte records chunk=3 (12 records, 0 lost sync)
PASS 16384 byte records chunk=7 (12 records, 0 lost sync)
PASS 16384 byte records chunk=11 (12 records, 0 lost sync)
PASS 16384 byte records chunk=64 (12 records, 0 lost sync)
PASS 16384 byte records chunk=4096 (12 records, 0 lost sync)
PASS 16384 byte records chunk=99890 (12 records, 0 lost sync)
PASS buffer stays within a kept and a partial record (16825 bytes)
PASS random garbage yields nothing
PASS "test capturing (wifi)" is said once, with the header, at every chunk size
PASS the marker alone is not capturing, and nothing is said
PASS a board without the radio: lost sync said once, "capturing" never, at every chunk size
PASS a resync says capturing again (3 said)
PASS payloads holding the restart signature all come through chunk=1 (27 records, 0 lost sync)
PASS payloads holding the restart signature all come through chunk=3 (27 records, 0 lost sync)
PASS payloads holding the restart signature all come through chunk=7 (27 records, 0 lost sync)
PASS payloads holding the restart signature all come through chunk=11 (27 records, 0 lost sync)
PASS payloads holding the restart signature all come through chunk=64 (27 records, 0 lost sync)
PASS payloads holding the restart signature all come through chunk=4096 (27 records, 0 lost sync)
PASS payloads holding the restart signature all come through chunk=8589 (27 records, 0 lost sync)
PASS damaged header after a signature payload chunk=1 (32 records, 1 lost sync)
PASS damaged header after a signature payload chunk=3 (32 records, 1 lost sync)
PASS damaged header after a signature payload chunk=7 (32 records, 1 lost sync)
PASS damaged header after a signature payload chunk=11 (32 records, 1 lost sync)
PASS damaged header after a signature payload chunk=64 (32 records, 1 lost sync)
PASS damaged header after a signature payload chunk=4096 (32 records, 1 lost sync)
PASS damaged header after a signature payload chunk=13108 (32 records, 1 lost sync)
PASS 802.15.4 payloads holding the signature come through (6)
PASS a TAP header without a channel is dropped, the rest pass (2, 1 dropped)
PASS 802.15.4 goes as the bare MAC frame, without FCS
PASS channel and signal come out of the TAP header (25, -55 dBm)
PASS and the frequency of channel 25, 2475000 kHz (2475000)
PASS Wi-Fi: the signal block has the radiotap header's frequency, and nothing else (2437000, 5180000)
PASS no signal block for a record without a radiotap header
PASS TSFT, Flags, Rate and a second presence word are stepped over
PASS a header longer than the record gives no frequency
PASS nor one without a Channel field
PASS BTLE advertising CRC matches the known one (26c0f1)
PASS BTLE records pass, the short one is dropped (4, 1 dropped)
PASS a record with CRC flags goes unchanged
PASS older firmware's record gets the CRC and flags this firmware sends
PASS the fix-up is said once (1)
PASS a record checked and failed is left alone
PASS every BTLE packet's signal block has 2402000 kHz, channel 37's, and nothing else
PASS esp32c5-ttyACM0 -> 1 wifi /dev/ttyACM0 
PASS esp32c5zigbee-ttyACM0 -> 1 zigbee /dev/ttyACM0 
PASS esp32c5btle-ttyACM0 -> 1 btle /dev/ttyACM0 
PASS esp32c5-ttyACM0:mode=btle -> 1 btle /dev/ttyACM0 
PASS esp32c5zigbee-ttyACM0:mode=wifi -> 1 wifi /dev/ttyACM0 
PASS esp32c5ble-ttyUSB1 -> 1 btle /dev/ttyUSB1 
PASS esp32c5thread-ttyACM2 -> 1 zigbee /dev/ttyACM2 
PASS esp32c5802154-ttyACM2 -> 1 zigbee /dev/ttyACM2 
PASS esp32c5-cu.usbmodem1101 -> 1 wifi /dev/cu.usbmodem1101 
PASS esp32c5-cuaU0 -> 1 wifi /dev/cuaU0 
PASS esp32c5zigbee-dtyU0 -> 1 zigbee /dev/dtyU0 
PASS esp32c5-pts/7 -> 1 wifi /dev/pts/7 
PASS esp32c5zigbee-null -> -2 zigbee  no Espressif USB-Serial-JTAG device (USB ID 303a:1001) found; plug the board in, or give device= in the source definition
PASS esp32c5-serial1 -> -2 wifi  no Espressif USB-Serial-JTAG device (USB ID 303a:1001) found; plug the board in, or give device= in the source definition
PASS esp32c5-watchdog -> -2 wifi  no Espressif USB-Serial-JTAG device (USB ID 303a:1001) found; plug the board in, or give device= in the source definition
PASS esp32c5-pts/../watchdog -> -2 wifi  no Espressif USB-Serial-JTAG device (USB ID 303a:1001) found; plug the board in, or give device= in the source definition
PASS esp32c5-kitchen:device=/dev/ttyACM3 -> 1 wifi /dev/ttyACM3 
PASS esp32c5btle:device=/dev/ttyACM3 -> 1 btle /dev/ttyACM3 
PASS esp32c5-ttyACM0:mode=lte -> -1   esp32c5-ttyACM0: mode must be wifi, zigbee or btle
PASS esp32c5-ttyACM0:channel=15 -> -1   esp32c5-ttyACM0: channel=15 is not a channel the board can tune to in wifi mode
PASS wlan0 -> 0   not an esp32c5 source
PASS no board: "no Espressif USB-Serial-JTAG device (USB ID 303a:1001) found; plug the board in, or give device= in the source definition"
PASS esp32c5zigbee alone is 802.15.4 and looks for its board
PASS 42 Wi-Fi channels offered (42)
PASS hardware names the USB device, not the chip
PASS the two boards found, in order, and nothing else (2)
PASS --list offers each board three times (6)
PASS the six names are distinct, the radio and the port in each, letters, digits and '-' only
PASS each listed name opens that radio on that board, with the board's MAC in the UUID
PASS a board whose port another process has locked is left out of --list, all three names (esp32c5-ttyACM1 esp32c5zigbee-ttyACM1 esp32c5btle-ttyACM1)
PASS every board in use: nothing listed, and no array left (0)
PASS offered again once the ports are free
PASS a port this process holds itself is not in use by another
PASS the port open on ttyACM0 is the board 38:44:BE:BF:C9:10
PASS and not the board AA:BB:CC:DD:EE:FF
PASS a device sysfs does not know is no board
PASS the board AA:BB:CC:DD:EE:FF is found on ttyACM1 by its MAC
PASS a MAC no board has is found nowhere
PASS reopen refuses ttyACM0, which holds another board, and opens the source's board on ttyACM1
PASS the configured port stays the one tried first
PASS both are said (1, 1)
PASS a board found by its MAC in another source's hands is left alone
PASS a port that holds the source's board is opened as it is
PASS two boards: 2 Espressif USB-Serial-JTAG devices (USB ID 303a:1001) found, and every ESP32 on native USB has that ID; say which one with device= or a source name like esp32c5-ttyACM0
PASS one board: a bare esp32c5 is that one (/tmp/esp32c5-test-phGQ5H/dev/ttyACM0, E5C50003-0000-0000-0000-3844BEBFC910)
PASS no board: nothing listed, and no array left (0)
PASS no sysfs: nothing listed (0)
PASS no sysfs: finding a board by itself needs Linux sysfs (/tmp/esp32c5-test-phGQ5H/none/class/tty), which this system does not have; name the port with device=/dev/... or a source name like esp32c5-cu.usbmodem1101 or esp32c5-cuaU0
PASS probe esp32c5 -> 1 (no Espressif USB-Serial-JTAG device (USB ID 303a:1001) found; plug the board in, or give device= in the source definition)
PASS probe esp32c5-kitchen -> 1 (no Espressif USB-Serial-JTAG device (USB ID 303a:1001) found; plug the board in, or give device= in the source definition)
PASS probe esp32c5zigbee -> 1 (no Espressif USB-Serial-JTAG device (USB ID 303a:1001) found; plug the board in, or give device= in the source definition)
PASS probe esp32c5btle-serial1:channel=38 -> 1 (no Espressif USB-Serial-JTAG device (USB ID 303a:1001) found; plug the board in, or give device= in the source definition)
PASS probe esp32c5:mode=zigbee,channel=25 -> 1 (no Espressif USB-Serial-JTAG device (USB ID 303a:1001) found; plug the board in, or give device= in the source definition)
PASS probe esp32c5-ttyACM9 -> 1 ()
PASS probe esp32c5:mode=lte -> -1 (esp32c5: mode must be wifi, zigbee or btle)
PASS probe esp32c5:channel=15 -> -1 (esp32c5: channel=15 is not a channel the board can tune to in wifi mode)
PASS probe esp32c5btle-ttyACM0:channel=6 -> -1 (esp32c5btle-ttyACM0: channel=6 is not a channel the board can tune to in btle mode)
PASS probe esp32c5foo -> -2 (no Espressif USB-Serial-JTAG device (USB ID 303a:1001) found; plug the board in, or give device= in the source definition)
PASS probe wlan0 -> 0 (not an esp32c5 source)
PASS remote: a board that cannot be found stops the helper (-2, no Espressif USB-Serial-JTAG device (USB ID 303a:1001) found; plug the board in, or give device= in the source definition)
PASS remote: a free port is offered (1 )
PASS remote: a port another process holds is not offered: busy: /dev/pts/4 is already in use by another capture; not offering it to Kismet until it is free (looked at again every 5 seconds)
PASS ... and with --disable-retry it says no more: esp32c5-pts/4: /dev/pts/4 is already in use by another capture; not offering it to Kismet
PASS a local source's probe still claims it: Kismet's open says it is in use
PASS offered once it is free (1 )
PASS a port the helper holds itself is not in use by another (1 )
PASS channel=36 opens on 36, and the framework has the channel ()
PASS capif is the port as --list names it (esp32c5-pts/4), chanset 36
PASS a second source on the same port fails: /dev/pts/4 is already in use by another capture (an esp32c5 source or another program holds it); a board captures with one radio at a time
PASS channel=15 in Wi-Fi mode is refused before the port is touched: esp32c5-pts/4: channel=15 is not a channel the board can tune to in wifi mode
PASS channel=abc is refused
PASS channel=+6 is refused
PASS channel=6 in BTLE mode is refused
PASS channel=25 in 802.15.4 mode passes the check (and meets the lock)
PASS a hop to 40 is what the framework reports
PASS the board is told CHANNELS 40
PASS a refused channel leaves the framework a channel to report (esp32c5-pts/4 cannot tune to channel 15 in wifi mode)
PASS an unparsable channel too
PASS the port is free once closed; BTLE with channel=38 opens on 37 ()
PASS BTLE: 38 and 39 are rewritten to 37 for Kismet, 40 is left as it is (37 37 40)
PASS BTLE: a set to 38 or 39 succeeds on 37
PASS BTLE: 40 is refused: esp32c5btle-pts/4 cannot tune to channel 40 in btle mode
PASS Wi-Fi: Kismet's channel names are left alone
PASS a pseudo-terminal is not put in exclusive mode
PASS ... a second helper is kept out of it by the flock
PASS the mode outlives a pseudo-terminal's last close while its other end is open (EBUSY)
PASS serial_close ends it all the same
     /dev/ttyS0, and /tmp/esp32c5-test-phGQ5H/ttyS-copy: the same tty, another inode, as a container would make it
PASS the flock on one node does not keep out a helper on another node of the tty
PASS exclusive mode does: serial_open through the other node is refused, "already in use"
PASS ... and any open through the tty's own node (EBUSY)
PASS the mode ends with the tty's last close, however its holder ends
PASS serial_close ends the mode while another program keeps the tty open
PASS a failed send is told to Kismet as an error MESSAGE, then as an ERROR, and the capture ends
PASS websocket: a PING 5 s ago is fine
PASS websocket: no PING for 16 s ends the connection
PASS not over TCP or to a local source, where the framework watches for it
PASS (without the handler the mode would outlive the process: 1)
PASS SIGTERM: the port's exclusive mode is ended, and the signal still ends the process (mode 0)
PASS the capture process ends within a second of its parent
PASS and at once when the parent had gone before it could ask
PASS (without end_with_parent it would go on on its own)
PASS root: the helper runs with no capability, and can gain none (CapPrm 0 CapEff 0 CapInh 0 NoNewPrivs 1)
PASS root: ... it ends when its input does, and had nothing to warn about
PASS root in a container: the helper runs with no capability, and can gain none (CapPrm 0 CapEff 0 CapInh 0 NoNewPrivs 1)
PASS root in a container: ... started without NET_ADMIN, as Docker starts a container (CapBnd a80425fb)
PASS root in a container: ... it ends when its input does, and had nothing to warn about
PASS setuid root: the helper runs with no capability, and can gain none (CapPrm 0 CapEff 0 CapInh 0 NoNewPrivs 1)
PASS setuid root: ... with the user's uid and root's effective one (65534 0 0)
PASS setuid root: ... it ends when its input does, and had nothing to warn about
PASS a user: the helper runs with no capability, and can gain none (CapPrm 0 CapEff 0 CapInh 0 NoNewPrivs 1)
PASS a user: ... it ends when its input does, and had nothing to warn about
PASS setuid root, no capability: a user's own pseudo-terminal (/dev/pts/4, user:tty 0620) is not root's to open (EACCES)
PASS setuid root: ... serial_open opens it all the same, with the user's file permissions
PASS setuid root: ... and through the user's link to it in /tmp (protected_symlinks 1)
PASS setuid root: ... but not another user's pseudo-terminal (Permission denied)
PASS setuid root: ... and the file system uid is root's again after each open
PASS no login in the environment: argv as it is
PASS KISMET_CAP_APIKEY becomes --apikey in a copy of argv, right after the name
PASS the framework takes it (/datasource/remote/remotesource.ws?KISMET=k3y)
PASS --connect=host:port works too
PASS an --apikey given on the command line wins
PASS legacy TCP takes no login
PASS not remote: nothing added
PASS --autodetect gets the login too
PASS a "--" on the command line does not hide it (/datasource/remote/remotesource.ws?KISMET=k3y)
PASS an API key is used before user and password
PASS KISMET_CAP_USER and KISMET_CAP_PASSWORD become --user and --password
PASS the framework takes them (/datasource/remote/remotesource.ws?user=kismet&password=pw)
PASS a whole login on the command line is used as it is
PASS --user alone gets KISMET_CAP_PASSWORD, and nothing else
PASS the framework takes the two halves (/datasource/remote/remotesource.ws?user=kismet&password=pw)
PASS --password alone gets KISMET_CAP_USER
PASS the framework takes those too (/datasource/remote/remotesource.ws?user=kismet&password=pw)
PASS a user without a password is not enough
PASS --user with no password anywhere: nothing added
PASS the login is percent-encoded in the websocket URI (/datasource/remote/remotesource.ws?user=me%20you&password=p%2541ss%2Bw%2Frd~)
PASS and so is an API key (/datasource/remote/remotesource.ws?KISMET=k%203y)
PASS a '&' in the password or the user name is warned about, --opt value and --opt=value
PASS not over legacy TCP, which has no login, nor for a login without '&'
PASS and a password from KISMET_CAP_PASSWORD, not only one on the command line
ALL OK
