1790683857.837 INFO: Including sub-config file: /home/osh/kismet-install/etc/kismet_httpd.conf
1790683857.837 INFO: Including sub-config file: /home/osh/kismet-install/etc/kismet_memory.conf
1790683857.837 INFO: Including sub-config file: /home/osh/kismet-install/etc/kismet_alerts.conf
1790683857.837 INFO: Including sub-config file: /home/osh/kismet-install/etc/kismet_80211.conf
1790683857.837 INFO: Including sub-config file: /home/osh/kismet-install/etc/kismet_logging.conf
1790683857.837 INFO: Including sub-config file: /home/osh/kismet-install/etc/kismet_filter.conf
1790683857.837 INFO: Including sub-config file: /home/osh/kismet-install/etc/kismet_uav.conf
1790683857.837 INFO: Loading config override file '/home/osh/kismet-install/etc/kismet_package.conf'
1790683857.837 INFO: Optional sub-config file not present: /home/osh/kismet-install/etc/kismet_package.conf
1790683857.837 INFO: Loading config override file '/home/osh/kismet-install/etc/kismet_site.conf'
1790683857.837 INFO: Optional sub-config file not present: /home/osh/kismet-install/etc/kismet_site.conf
1790683857.837 INFO: Generated server UUID D4025BB6-BBFE-11F1-B601-4B49534D4554 and storing in /tmp/hw3/h10c/.kismet//kismet_server_id.conf
1790683857.837 INFO: Setting server UUID D4025BB6-BBFE-11F1-B601-4B49534D4554
1790683857.837 INFO: Starting Beast webserver on 0.0.0.0:2501
1790683857.837 INFO: Opened OUI file '/home/osh/kismet-install/share/kismet/kismet_manuf.txt.gz
1790683857.837 INFO: Indexing manufacturer db
1790683857.838 INFO: Completed indexing manufacturer db, 38959 lines and 780 indexes.
1790683857.844 INFO: Saving devices to the Kismet database log every 30 seconds
1790683857.849 INFO: Using default rates of 10/min, 1/sec for alert 'DEVICEFOUND'
1790683857.849 INFO: Using default rates of 10/min, 1/sec for alert 'DEVICELOST'
1790683857.850 INFO: Registering support for DLT_PPI packet header decoding
1790683857.850 INFO: Registering support for DLT_RADIOTAP packet header decoding
1790683857.850 INFO: Registering support for DLT_BTLE_RADIO packet header decoding
1790683857.853 INFO: Using default rates of 10/min, 1/sec for alert 'BADFIXLENIE'
1790683857.853 INFO: PHY80211 will only process AP signal levels from beacons
1790683857.853 INFO: Allowing Kismet clients to view WEP keys
1790683857.854 DEBUG: ssid canary FooCanary:ssid="FoobarCanary"
1790683857.854 DEBUG: ssid canary FooCanart2:ssid="(?i:foobarcanary)"
1790683857.854 INFO: Keeping EAPOL packets in memory for easy download and WIDS functionality; this can use more RAM.
1790683857.856 INFO: Registered PHY handler 'IEEE802.11' as ID 0
1790683857.858 INFO: Registered PHY handler 'RFSENSOR' as ID 1
1790683857.859 INFO: Registered PHY handler 'Z-Wave' as ID 2
1790683857.860 INFO: Registered PHY handler 'Bluetooth' as ID 3
1790683857.861 DEBUG: reserve_fields home id 538 app id 539
1790683857.863 INFO: Registered PHY handler 'UAV' as ID 4
1790683857.864 INFO: Registered PHY handler 'NrfMousejack' as ID 5
1790683857.864 ERROR: Tried to re-register duplicate alert FLIPPERZERO
1790683857.865 INFO: Registered PHY handler 'BTLE' as ID 6
1790683857.866 INFO: Registered PHY handler 'METER' as ID 7
1790683857.866 INFO: Indexing ADSB ICAO db
1790683858.128 INFO: Completed indexing ADSB ICAO db, 341068 lines 6822 indexes
1790683858.129 INFO: Registered PHY handler 'ADSB' as ID 8
1790683858.130 INFO: Registered PHY handler '802.15.4' as ID 9
1790683858.132 INFO: Registered PHY handler 'RADIATION' as ID 10
1790683858.137 INFO: (HTTPD) Could not read session data file, skipping loading saved sessions.
1790683858.137 INFO: Serving static file content from /home/osh/kismet-install/share/kismet/httpd/
1790683858.138 INFO: Enabling channel hopping by default on sources which support channel control.
1790683858.138 INFO: Setting default channel hop rate to 5/sec
1790683858.138 INFO: Enabling channel list splitting on sources which share the same list of channels
1790683858.138 INFO: Enabling channel list shuffling to optimize overlaps
1790683858.138 INFO: Sources will be re-opened if they encounter an error
1790683858.138 INFO: Saving datasources to the Kismet database log every 30 seconds
1790683858.138 INFO: Launching remote capture server on 127.0.0.1 3501
1790683858.141 INFO: Data sources passed on the command line (via -c source), ignoring source= definitions in the Kismet config file.
1790683858.141 INFO: Probing interface 'esp32c5' to find datasource type
1790683858.142 ALERT: LOGDISABLED Logging has been disabled via the Kismet config files or the command line.  Pcap, database, and related logs will not be saved.
1790683858.142 INFO: Logging disabled, not enabling any log drivers.
1790683858.142 INFO: GPS track will be logged to the Kismet logfile
1790683858.143 INFO: Starting Kismet web server...
1790683858.144 INFO: HTTP server listening on 0.0.0.0:2501
1790683858.145 INFO: Could not open system plugin directory (/home/osh/kismet-install/lib/kismet/), skipping: No such file or directory
1790683858.145 INFO: Did not find a user plugin directory (/tmp/hw3/h10c/.kismet//plugins/), skipping: No such file or directory
1790683858.227 interface: esp32c5
1790683858.239 INFO: Found type 'esp32c5' for 'esp32c5:device=/tmp/hw3/h10-pty/nob,mode=btle,name=oldfw'
1790683858.247 INFO: Data source 'esp32c5:device=/tmp/hw3/h10-pty/nob,mode=btle,name=oldfw' launched successfully
1790683859.248 INFO: oldfw: lost sync (the board sends link type 127, not 256)
1790683873.701 ERROR: oldfw: no capture from the board on /tmp/hw3/h10-pty/nob for 15 seconds; is it flashed with the esp32c5 sniffer firmware, and is nothing else holding the port?
1790683873.703 ERROR: Data source 'oldfw / esp32c5:device=/tmp/hw3/h10-pty/nob,mode=btle,name=oldfw' ('esp32c5') encountered an error: IPC connection closed
1790683873.703 ALERT: SOURCEERROR Source oldfw (E5C50003-0000-0000-0000-E558647A0856) has encountered an error (IPC connection closed) Kismet will attempt to re-open the source in 5 seconds.  (1 failures)
1790683873.703 ERROR: Source oldfw (E5C50003-0000-0000-0000-E558647A0856) has encountered an error (IPC connection closed) Kismet will attempt to re-open the source in 5 seconds.  (1 failures)
1790683879.001 INFO: Attempting to re-open source oldfw
1790683879.005 INFO: Attempting to re-open source oldfw
1790683879.027 ALERT: SOURCEOPEN Source oldfw (E5C50003-0000-0000-0000-E558647A0856) successfully re-opened
1790683880.029 INFO: oldfw: lost sync (the board sends link type 127, not 256)
1790683894.506 ERROR: oldfw: no capture from the board on /tmp/hw3/h10-pty/nob for 15 seconds; is it flashed with the esp32c5 sniffer firmware, and is nothing else holding the port?
1790683894.508 ERROR: Data source 'oldfw / esp32c5:device=/tmp/hw3/h10-pty/nob,mode=btle,name=oldfw' ('esp32c5') encountered an error: IPC connection closed
1790683894.508 ALERT: SOURCEERROR Source oldfw (E5C50003-0000-0000-0000-E558647A0856) has encountered an error (IPC connection closed) Kismet will attempt to re-open the source in 5 seconds.  (2 failures)
1790683894.508 ERROR: Source oldfw (E5C50003-0000-0000-0000-E558647A0856) has encountered an error (IPC connection closed) Kismet will attempt to re-open the source in 5 seconds.  (2 failures)
1790683899.601 INFO: Attempting to re-open source oldfw
1790683899.622 ALERT: SOURCEOPEN Source oldfw (E5C50003-0000-0000-0000-E558647A0856) successfully re-opened
1790683900.624 INFO: oldfw: lost sync (the board sends link type 127, not 256)
1790683904.154 
1790683904.154 *** KISMET IS SHUTTING DOWN ***
1790683904.154 Shutting down plugins...
1790683904.154 WARNING: Kismet changes the configuration of network devices.
1790683904.154          In most cases you will need to restart networking for
1790683904.154          your interface (varies per distribution and OS), but 
1790683904.154          typically one of:
1790683904.154          sudo service networking restart
1790683904.154          sudo /etc/init.d/networking restart
1790683904.154          or
1790683904.154          nmcli device set [device] managed true
1790683904.154 
1790683904.154 Kismet exiting.
1790683904.155 EXITING: Signal service thread complete.
