[fake] booted in wifi mode on /tmp/hw3/h2-pty/silent -> /dev/pts/2
[fake] silent: says nothing, and ignores what it is sent
[fake] silent, ignored: MODE WIFI
[fake] silent, ignored: CHANNELS 1
[fake] silent, ignored: CHANNELS 5
[fake] silent, ignored: CHANNELS 9
[fake] silent, ignored: CHANNELS 13
[fake] silent, ignored: CHANNELS 13
[fake] silent, ignored: START 1790682700559704 8d4babc9
[fake] silent, ignored: CHANNELS 44
[fake] silent, ignored: CHANNELS 60
[fake] silent, ignored: CHANNELS 108
[fake] silent, ignored: CHANNELS 124
[fake] silent, ignored: CHANNELS 140
[fake] silent, ignored: CHANNELS 157
[fake] silent, ignored: MODE WIFI
[fake] silent, ignored: CHANNELS 173
[fake] silent, ignored: CHANNELS 2
[fake] silent, ignored: CHANNELS 6
[fake] silent, ignored: CHANNELS 10
[fake] silent, ignored: CHANNELS 10
[fake] silent, ignored: START 1790682702562369 fc6f251f
[fake] silent, ignored: CHANNELS 14
[fake] silent, ignored: CHANNELS 48
[fake] silent, ignored: CHANNELS 64
[fake] silent, ignored: CHANNELS 112
[fake] silent, ignored: CHANNELS 128
[fake] silent, ignored: CHANNELS 144
[fake] silent, ignored: MODE WIFI
[fake] silent, ignored: CHANNELS 161
[fake] silent, ignored: CHANNELS 177
[fake] silent, ignored: CHANNELS 3
[fake] silent, ignored: CHANNELS 7
[fake] silent, ignored: CHANNELS 7
[fake] silent, ignored: START 1790682704565406 90da2760
[fake] silent, ignored: CHANNELS 11
[fake] silent, ignored: CHANNELS 36
[fake] silent, ignored: CHANNELS 52
[fake] silent, ignored: CHANNELS 100
[fake] silent, ignored: CHANNELS 116
[fake] silent, ignored: CHANNELS 132
[fake] silent, ignored: MODE WIFI
[fake] silent, ignored: CHANNELS 149
[fake] silent, ignored: CHANNELS 165
[fake] silent, ignored: CHANNELS 4
[fake] silent, ignored: CHANNELS 8
[fake] silent, ignored: CHANNELS 8
[fake] silent, ignored: START 1790682706568853 beb3f777
[fake] silent, ignored: CHANNELS 12
[fake] silent, ignored: CHANNELS 40
[fake] silent, ignored: CHANNELS 56
[fake] silent, ignored: CHANNELS 104
[fake] silent, ignored: CHANNELS 120
[fake] silent, ignored: CHANNELS 136
[fake] silent, ignored: MODE WIFI
[fake] silent, ignored: CHANNELS 153
[fake] silent, ignored: CHANNELS 169
[fake] silent, ignored: CHANNELS 1
[fake] silent, ignored: CHANNELS 5
[fake] silent, ignored: CHANNELS 5
[fake] silent, ignored: START 1790682708572223 4b2e6e76
[fake] silent, ignored: CHANNELS 9
[fake] silent, ignored: CHANNELS 13
[fake] silent, ignored: CHANNELS 44
[fake] silent, ignored: CHANNELS 60
[fake] silent, ignored: CHANNELS 108
[fake] silent, ignored: CHANNELS 124
[fake] silent, ignored: MODE WIFI
[fake] silent, ignored: CHANNELS 140
[fake] silent, ignored: CHANNELS 157
[fake] silent, ignored: CHANNELS 173
[fake] silent, ignored: CHANNELS 2
[fake] silent, ignored: CHANNELS 2
[fake] silent, ignored: START 1790682710575293 ae5c37cc
[fake] silent, ignored: CHANNELS 6
[fake] silent, ignored: CHANNELS 10
[fake] silent, ignored: CHANNELS 14
[fake] silent, ignored: CHANNELS 48
[fake] silent, ignored: CHANNELS 64
[fake] silent, ignored: CHANNELS 112
[fake] silent, ignored: MODE WIFI
[fake] silent, ignored: CHANNELS 128
[fake] silent, ignored: CHANNELS 144
[fake] silent, ignored: CHANNELS 161
[fake] silent, ignored: CHANNELS 177
[fake] silent, ignored: CHANNELS 177
[fake] silent, ignored: START 1790682712579011 79691c9c
[fake] silent, ignored: CHANNELS 3
[fake] silent, ignored: CHANNELS 7
[fake] silent, ignored: CHANNELS 11
[fake] silent, ignored: CHANNELS 36
[fake] silent, ignored: CHANNELS 52
[fake] silent, ignored: CHANNELS 100
[fake] silent, ignored: MODE WIFI
[fake] silent, ignored: CHANNELS 116
[fake] silent, ignored: CHANNELS 132
[fake] silent, ignored: CHANNELS 149
[fake] silent, ignored: CHANNELS 165
[fake] silent, ignored: CHANNELS 165
[fake] silent, ignored: START 1790682714582180 a409c700
[fake] silent, ignored: CHANNELS 4
[fake] silent, ignored: MODE WIFI
[fake] silent, ignored: CHANNELS 1
[fake] silent, ignored: CHANNELS 5
[fake] silent, ignored: CHANNELS 9
[fake] silent, ignored: CHANNELS 13
[fake] silent, ignored: CHANNELS 13
[fake] silent, ignored: START 1790682720601955 8d4babc9
[fake] silent, ignored: CHANNELS 44
[fake] silent, ignored: CHANNELS 60
[fake] silent, ignored: CHANNELS 108
[fake] silent, ignored: CHANNELS 124
[fake] silent, ignored: CHANNELS 140
[fake] silent, ignored: CHANNELS 157
[fake] silent, ignored: MODE WIFI
[fake] silent, ignored: CHANNELS 173
[fake] silent, ignored: CHANNELS 2
[fake] silent, ignored: CHANNELS 6
[fake] silent, ignored: CHANNELS 10
[fake] silent, ignored: CHANNELS 10
[fake] silent, ignored: START 1790682722605716 fc6f251f
[fake] silent, ignored: CHANNELS 14
[fake] silent, ignored: CHANNELS 48
[fake] silent, ignored: CHANNELS 64
[fake] silent, ignored: CHANNELS 112
[fake] silent, ignored: CHANNELS 128
[fake] silent, ignored: CHANNELS 144
[fake] silent, ignored: MODE WIFI
[fake] silent, ignored: CHANNELS 161
[fake] silent, ignored: CHANNELS 177
[fake] silent, ignored: CHANNELS 3
[fake] silent, ignored: CHANNELS 7
[fake] silent, ignored: CHANNELS 7
[fake] silent, ignored: START 1790682724608699 90da2760
[fake] silent, ignored: CHANNELS 11
[fake] silent, ignored: CHANNELS 36
[fake] silent, ignored: CHANNELS 52
[fake] silent, ignored: CHANNELS 100
[fake] silent, ignored: CHANNELS 116
[fake] silent, ignored: CHANNELS 132
[fake] silent, ignored: MODE WIFI
[fake] silent, ignored: CHANNELS 149
[fake] silent, ignored: CHANNELS 165
[fake] silent, ignored: CHANNELS 4
[fake] silent, ignored: CHANNELS 8
[fake] silent, ignored: CHANNELS 8
[fake] silent, ignored: START 1790682726612443 beb3f777
[fake] silent, ignored: CHANNELS 12
[fake] silent, ignored: CHANNELS 40
[fake] silent, ignored: CHANNELS 56
[fake] silent, ignored: CHANNELS 104
[fake] silent, ignored: CHANNELS 120
[fake] silent, ignored: CHANNELS 136
[fake] silent, ignored: MODE WIFI
[fake] silent, ignored: CHANNELS 153
[fake] silent, ignored: CHANNELS 169
[fake] silent, ignored: CHANNELS 1
[fake] silent, ignored: CHANNELS 5
[fake] silent, ignored: CHANNELS 5
[fake] silent, ignored: START 1790682728616367 4b2e6e76
[fake] silent, ignored: CHANNELS 9
[fake] silent, ignored: CHANNELS 13
[fake] silent, ignored: CHANNELS 44
[fake] silent, ignored: CHANNELS 60
[fake] silent, ignored: CHANNELS 108
[fake] silent, ignored: CHANNELS 124
[fake] silent, ignored: MODE WIFI
[fake] silent, ignored: CHANNELS 140
[fake] silent, ignored: CHANNELS 157
[fake] silent, ignored: CHANNELS 173
[fake] silent, ignored: CHANNELS 2
[fake] silent, ignored: CHANNELS 2
[fake] silent, ignored: START 1790682730620358 ae5c37cc
[fake] silent, ignored: CHANNELS 6
[fake] silent, ignored: CHANNELS 10
[fake] silent, ignored: CHANNELS 14
[fake] silent, ignored: CHANNELS 48
[fake] silent, ignored: CHANNELS 64
[fake] silent, ignored: CHANNELS 112
[fake] silent, ignored: MODE WIFI
[fake] silent, ignored: CHANNELS 128
[fake] silent, ignored: CHANNELS 144
[fake] silent, ignored: CHANNELS 161
[fake] silent, ignored: CHANNELS 177
[fake] silent, ignored: CHANNELS 177
[fake] silent, ignored: START 1790682732624667 79691c9c
[fake] silent, ignored: CHANNELS 3
[fake] silent, ignored: CHANNELS 7
[fake] silent, ignored: CHANNELS 11
[fake] silent, ignored: CHANNELS 36
[fake] silent, ignored: CHANNELS 52
[fake] silent, ignored: CHANNELS 100
[fake] silent, ignored: MODE WIFI
[fake] silent, ignored: CHANNELS 116
[fake] silent, ignored: CHANNELS 132
[fake] silent, ignored: CHANNELS 149
[fake] silent, ignored: CHANNELS 165
[fake] silent, ignored: CHANNELS 165
[fake] silent, ignored: START 1790682734627712 a409c700
[fake] silent, ignored: CHANNELS 4
[fake] silent, ignored: MODE WIFI
[fake] silent, ignored: CHANNELS 1
