1790682699.070 INFO: Including sub-config file: /home/osh/kismet-install/etc/kismet_httpd.conf
1790682699.070 INFO: Including sub-config file: /home/osh/kismet-install/etc/kismet_memory.conf
1790682699.070 INFO: Including sub-config file: /home/osh/kismet-install/etc/kismet_alerts.conf
1790682699.070 INFO: Including sub-config file: /home/osh/kismet-install/etc/kismet_80211.conf
1790682699.070 INFO: Including sub-config file: /home/osh/kismet-install/etc/kismet_logging.conf
1790682699.070 INFO: Including sub-config file: /home/osh/kismet-install/etc/kismet_filter.conf
1790682699.070 INFO: Including sub-config file: /home/osh/kismet-install/etc/kismet_uav.conf
1790682699.070 INFO: Loading config override file '/home/osh/kismet-install/etc/kismet_package.conf'
1790682699.070 INFO: Optional sub-config file not present: /home/osh/kismet-install/etc/kismet_package.conf
1790682699.070 INFO: Loading config override file '/home/osh/kismet-install/etc/kismet_site.conf'
1790682699.070 INFO: Optional sub-config file not present: /home/osh/kismet-install/etc/kismet_site.conf
1790682699.070 INFO: Generated server UUID 21549210-BBFC-11F1-8244-4B49534D4554 and storing in /tmp/hw3/h2r/.kismet//kismet_server_id.conf
1790682699.070 INFO: Setting server UUID 21549210-BBFC-11F1-8244-4B49534D4554
1790682699.070 INFO: Starting Beast webserver on 0.0.0.0:2501
1790682699.070 INFO: Opened OUI file '/home/osh/kismet-install/share/kismet/kismet_manuf.txt.gz
1790682699.070 INFO: Indexing manufacturer db
1790682699.071 INFO: Completed indexing manufacturer db, 38959 lines and 780 indexes.
1790682699.077 INFO: Saving devices to the Kismet database log every 30 seconds
1790682699.082 INFO: Using default rates of 10/min, 1/sec for alert 'DEVICEFOUND'
1790682699.082 INFO: Using default rates of 10/min, 1/sec for alert 'DEVICELOST'
1790682699.082 INFO: Registering support for DLT_PPI packet header decoding
1790682699.083 INFO: Registering support for DLT_RADIOTAP packet header decoding
1790682699.083 INFO: Registering support for DLT_BTLE_RADIO packet header decoding
1790682699.086 INFO: Using default rates of 10/min, 1/sec for alert 'BADFIXLENIE'
1790682699.086 INFO: PHY80211 will only process AP signal levels from beacons
1790682699.086 INFO: Allowing Kismet clients to view WEP keys
1790682699.087 DEBUG: ssid canary FooCanary:ssid="FoobarCanary"
1790682699.087 DEBUG: ssid canary FooCanart2:ssid="(?i:foobarcanary)"
1790682699.087 INFO: Keeping EAPOL packets in memory for easy download and WIDS functionality; this can use more RAM.
1790682699.089 INFO: Registered PHY handler 'IEEE802.11' as ID 0
1790682699.091 INFO: Registered PHY handler 'RFSENSOR' as ID 1
1790682699.092 INFO: Registered PHY handler 'Z-Wave' as ID 2
1790682699.093 INFO: Registered PHY handler 'Bluetooth' as ID 3
1790682699.093 DEBUG: reserve_fields home id 538 app id 539
1790682699.096 INFO: Registered PHY handler 'UAV' as ID 4
1790682699.097 INFO: Registered PHY handler 'NrfMousejack' as ID 5
1790682699.097 ERROR: Tried to re-register duplicate alert FLIPPERZERO
1790682699.098 INFO: Registered PHY handler 'BTLE' as ID 6
1790682699.099 INFO: Registered PHY handler 'METER' as ID 7
1790682699.099 INFO: Indexing ADSB ICAO db
1790682699.361 INFO: Completed indexing ADSB ICAO db, 341068 lines 6822 indexes
1790682699.362 INFO: Registered PHY handler 'ADSB' as ID 8
1790682699.363 INFO: Registered PHY handler '802.15.4' as ID 9
1790682699.365 INFO: Registered PHY handler 'RADIATION' as ID 10
1790682699.370 INFO: (HTTPD) Could not read session data file, skipping loading saved sessions.
1790682699.370 INFO: Serving static file content from /home/osh/kismet-install/share/kismet/httpd/
1790682699.371 INFO: Enabling channel hopping by default on sources which support channel control.
1790682699.371 INFO: Setting default channel hop rate to 5/sec
1790682699.371 INFO: Enabling channel list splitting on sources which share the same list of channels
1790682699.371 INFO: Enabling channel list shuffling to optimize overlaps
1790682699.371 INFO: Sources will be re-opened if they encounter an error
1790682699.371 INFO: Saving datasources to the Kismet database log every 30 seconds
1790682699.371 INFO: Launching remote capture server on 127.0.0.1 3501
1790682699.373 INFO: No data sources defined; Kismet will not capture anything until a source is added.
1790682699.375 ALERT: LOGDISABLED Logging has been disabled via the Kismet config files or the command line.  Pcap, database, and related logs will not be saved.
1790682699.375 INFO: Logging disabled, not enabling any log drivers.
1790682699.375 INFO: GPS track will be logged to the Kismet logfile
1790682699.376 INFO: Starting Kismet web server...
1790682699.376 INFO: HTTP server listening on 0.0.0.0:2501
1790682699.378 INFO: Could not open system plugin directory (/home/osh/kismet-install/lib/kismet/), skipping: No such file or directory
1790682699.378 INFO: Did not find a user plugin directory (/tmp/hw3/h2r/.kismet//plugins/), skipping: No such file or directory
1790682699.659 INFO: New remote source silent (E5C50001-0000-0000-0000-023A05B452FD) connected
1790682705.668 INFO: silent - silent: no answer, reconnecting
1790682714.683 ERROR: silent - silent: no capture from the board on /tmp/hw3/h2-pty/silent for 15 seconds; is it flashed with the esp32c5 sniffer firmware, and is nothing else holding the port?
1790682714.685 ERROR: Data source 'silent / esp32c5:device=/tmp/hw3/h2-pty/silent,name=silent' ('esp32c5') encountered an error: websocket connection closed
1790682719.699 INFO: Matching new remote source 'esp32c5:device=/tmp/hw3/h2-pty/silent,name=silent' with known source with UUID 'E5C50001-0000-0000-0000-023A05B452FD'
1790682719.701 INFO: Remote source silent (E5C50001-0000-0000-0000-023A05B452FD) reconnected
1790682725.711 INFO: silent - silent: no answer, reconnecting
1790682734.729 ERROR: silent - silent: no capture from the board on /tmp/hw3/h2-pty/silent for 15 seconds; is it flashed with the esp32c5 sniffer firmware, and is nothing else holding the port?
1790682734.731 ERROR: Data source 'silent / esp32c5:device=/tmp/hw3/h2-pty/silent,name=silent' ('esp32c5') encountered an error: websocket connection closed
1790682739.751 INFO: Matching new remote source 'esp32c5:device=/tmp/hw3/h2-pty/silent,name=silent' with known source with UUID 'E5C50001-0000-0000-0000-023A05B452FD'
1790682739.753 INFO: Remote source silent (E5C50001-0000-0000-0000-023A05B452FD) reconnected
1790682740.083 ERROR: Data source 'silent / esp32c5:device=/tmp/hw3/h2-pty/silent,name=silent' ('esp32c5') encountered an error: websocket connection closed
1790682740.386 
1790682740.390 *** KISMET IS SHUTTING DOWN ***
1790682740.390 Shutting down plugins...
1790682740.390 WARNING: Kismet changes the configuration of network devices.
1790682740.390          In most cases you will need to restart networking for
1790682740.390          your interface (varies per distribution and OS), but 
1790682740.390          typically one of:
1790682740.390          sudo service networking restart
1790682740.390          sudo /etc/init.d/networking restart
1790682740.390          or
1790682740.390          nmcli device set [device] managed true
1790682740.390 
1790682740.390 Kismet exiting.
1790682740.390 EXITING: Signal service thread complete.
