1790683030.086 INFO: Including sub-config file: /home/osh/kismet-install/etc/kismet_httpd.conf
1790683030.086 INFO: Including sub-config file: /home/osh/kismet-install/etc/kismet_memory.conf
1790683030.086 INFO: Including sub-config file: /home/osh/kismet-install/etc/kismet_alerts.conf
1790683030.086 INFO: Including sub-config file: /home/osh/kismet-install/etc/kismet_80211.conf
1790683030.086 INFO: Including sub-config file: /home/osh/kismet-install/etc/kismet_logging.conf
1790683030.086 INFO: Including sub-config file: /home/osh/kismet-install/etc/kismet_filter.conf
1790683030.086 INFO: Including sub-config file: /home/osh/kismet-install/etc/kismet_uav.conf
1790683030.086 INFO: Loading config override file '/home/osh/kismet-install/etc/kismet_package.conf'
1790683030.086 INFO: Optional sub-config file not present: /home/osh/kismet-install/etc/kismet_package.conf
1790683030.086 INFO: Loading config override file '/home/osh/kismet-install/etc/kismet_site.conf'
1790683030.086 INFO: Optional sub-config file not present: /home/osh/kismet-install/etc/kismet_site.conf
1790683030.086 INFO: Generated server UUID E6A19E96-BBFC-11F1-9429-4B49534D4554 and storing in /tmp/hw3/h4c/.kismet//kismet_server_id.conf
1790683030.086 INFO: Setting server UUID E6A19E96-BBFC-11F1-9429-4B49534D4554
1790683030.086 INFO: Starting Beast webserver on 0.0.0.0:2501
1790683030.086 INFO: Opened OUI file '/home/osh/kismet-install/share/kismet/kismet_manuf.txt.gz
1790683030.086 INFO: Indexing manufacturer db
1790683030.088 INFO: Completed indexing manufacturer db, 38959 lines and 780 indexes.
1790683030.094 INFO: Saving devices to the Kismet database log every 30 seconds
1790683030.099 INFO: Using default rates of 10/min, 1/sec for alert 'DEVICEFOUND'
1790683030.099 INFO: Using default rates of 10/min, 1/sec for alert 'DEVICELOST'
1790683030.100 INFO: Registering support for DLT_PPI packet header decoding
1790683030.100 INFO: Registering support for DLT_RADIOTAP packet header decoding
1790683030.100 INFO: Registering support for DLT_BTLE_RADIO packet header decoding
1790683030.103 INFO: Using default rates of 10/min, 1/sec for alert 'BADFIXLENIE'
1790683030.103 INFO: PHY80211 will only process AP signal levels from beacons
1790683030.103 INFO: Allowing Kismet clients to view WEP keys
1790683030.104 DEBUG: ssid canary FooCanary:ssid="FoobarCanary"
1790683030.104 DEBUG: ssid canary FooCanart2:ssid="(?i:foobarcanary)"
1790683030.104 INFO: Keeping EAPOL packets in memory for easy download and WIDS functionality; this can use more RAM.
1790683030.106 INFO: Registered PHY handler 'IEEE802.11' as ID 0
1790683030.108 INFO: Registered PHY handler 'RFSENSOR' as ID 1
1790683030.109 INFO: Registered PHY handler 'Z-Wave' as ID 2
1790683030.110 INFO: Registered PHY handler 'Bluetooth' as ID 3
1790683030.111 DEBUG: reserve_fields home id 538 app id 539
1790683030.113 INFO: Registered PHY handler 'UAV' as ID 4
1790683030.114 INFO: Registered PHY handler 'NrfMousejack' as ID 5
1790683030.114 ERROR: Tried to re-register duplicate alert FLIPPERZERO
1790683030.115 INFO: Registered PHY handler 'BTLE' as ID 6
1790683030.116 INFO: Registered PHY handler 'METER' as ID 7
1790683030.117 INFO: Indexing ADSB ICAO db
1790683030.378 INFO: Completed indexing ADSB ICAO db, 341068 lines 6822 indexes
1790683030.379 INFO: Registered PHY handler 'ADSB' as ID 8
1790683030.380 INFO: Registered PHY handler '802.15.4' as ID 9
1790683030.382 INFO: Registered PHY handler 'RADIATION' as ID 10
1790683030.387 INFO: (HTTPD) Could not read session data file, skipping loading saved sessions.
1790683030.387 INFO: Serving static file content from /home/osh/kismet-install/share/kismet/httpd/
1790683030.388 INFO: Enabling channel hopping by default on sources which support channel control.
1790683030.388 INFO: Setting default channel hop rate to 5/sec
1790683030.388 INFO: Enabling channel list splitting on sources which share the same list of channels
1790683030.388 INFO: Enabling channel list shuffling to optimize overlaps
1790683030.388 INFO: Sources will be re-opened if they encounter an error
1790683030.388 INFO: Saving datasources to the Kismet database log every 30 seconds
1790683030.388 INFO: Launching remote capture server on 127.0.0.1 3501
1790683030.390 INFO: No data sources defined; Kismet will not capture anything until a source is added.
1790683030.392 ALERT: LOGDISABLED Logging has been disabled via the Kismet config files or the command line.  Pcap, database, and related logs will not be saved.
1790683030.392 INFO: Logging disabled, not enabling any log drivers.
1790683030.392 INFO: GPS track will be logged to the Kismet logfile
1790683030.393 INFO: Starting Kismet web server...
1790683030.393 INFO: HTTP server listening on 0.0.0.0:2501
1790683030.395 INFO: Could not open system plugin directory (/home/osh/kismet-install/lib/kismet/), skipping: No such file or directory
1790683030.395 INFO: Did not find a user plugin directory (/tmp/hw3/h4c/.kismet//plugins/), skipping: No such file or directory
1790683030.667 INFO: New remote source esp32c5-ttyACM1 (E5C50001-0000-0000-0000-3844BEBFC910) connected
1790683031.602 INFO: esp32c5-ttyACM1 - esp32c5-ttyACM1 capturing (wifi)
1790683031.797 INFO: Detected new 802.11 Wi-Fi device E4:5F:01:49:99:3F
1790683031.798 INFO: Detected new 802.11 Wi-Fi device 42:A2:BA:65:29:F3
1790683033.103 INFO: Detected new 802.11 Wi-Fi device FA:8F:CA:6C:D1:65
1790683033.119 INFO: Detected new 802.11 Wi-Fi access point 00:B8:C2:B2:AE:57
1790683033.119 INFO: 802.11 Wi-Fi device 00:B8:C2:B2:AE:57 advertising new SSID 'Mor'
1790683033.126 INFO: Detected new 802.11 Wi-Fi device B0:1F:47:10:E2:62
1790683033.126 INFO: Detected new 802.11 Wi-Fi device 00:B8:C2:B2:AE:4E
1790683033.129 INFO: 802.11 Wi-Fi device FA:8F:CA:6C:D1:65 advertising new SSID 'JBL Bar 5.1_0891.l025'
1790683033.133 INFO: Detected new 802.11 Wi-Fi device 24:9E:7D:38:9F:74
1790683033.231 INFO: Detected new 802.11 Wi-Fi device 9C:95:61:17:8E:1C
1790683033.278 INFO: Detected new 802.11 Wi-Fi access point 26:39:F1:AB:05:B2
1790683033.279 INFO: 802.11 Wi-Fi device 26:39:F1:AB:05:B2 advertising new SSID 'osvc-2'
1790683033.329 INFO: Detected new 802.11 Wi-Fi device FC:F5:C4:BE:0B:A5
1790683033.999 INFO: Detected new 802.11 Wi-Fi device 94:83:C4:25:9E:39
1790683035.887 INFO: Detected new 802.11 Wi-Fi device A8:DB:03:42:DE:68
1790683036.113 INFO: Closing source 'esp32c5-ttyACM1' (E5C50001-0000-0000-0000-3844BEBFC910)
1790683041.127 INFO: Matching new remote source 'esp32c5-ttyACM1' with known source with UUID 'E5C50001-0000-0000-0000-3844BEBFC910'
1790683041.133 INFO: Remote source esp32c5-ttyACM1 (E5C50001-0000-0000-0000-3844BEBFC910) reconnected
1790683042.132 INFO: esp32c5-ttyACM1 - esp32c5-ttyACM1 capturing (wifi)
1790683043.688 INFO: 802.11 Wi-Fi device 00:B8:C2:B2:AE:57 advertising new SSID 'Mor'
1790683047.980 INFO: Detected new 802.11 Wi-Fi device 80:AF:CA:75:C2:23
1790683047.980 INFO: Detected new 802.11 Wi-Fi device 60:D8:A4:20:6E:F0
1790683049.774 INFO: Detected new 802.11 Wi-Fi access point CA:C9:A3:4D:96:E7
1790683049.789 INFO: 802.11 Wi-Fi device CA:C9:A3:4D:96:E7 advertising new SSID 'ESP-4D96E7'
1790683049.925 INFO: Detected new 802.11 Wi-Fi device CE:24:8E:B8:EC:32
1790683050.178 INFO: Detected new 802.11 Wi-Fi access point 40:AE:30:84:36:22
1790683050.179 INFO: 802.11 Wi-Fi device 40:AE:30:84:36:22 advertising new SSID 'cohen42'
1790683050.182 INFO: Detected new 802.11 Wi-Fi access point 40:AE:30:84:5A:16
1790683050.183 INFO: 802.11 Wi-Fi device 40:AE:30:84:5A:16 advertising new SSID 'cohen42'
1790683050.208 INFO: Detected new 802.11 Wi-Fi access point 40:AE:30:84:34:B6
1790683050.209 INFO: 802.11 Wi-Fi device 40:AE:30:84:34:B6 advertising new SSID 'cohen42'
1790683050.260 INFO: Detected new 802.11 Wi-Fi access point 46:AE:30:84:34:B6
1790683050.268 INFO: 802.11 Wi-Fi device 46:AE:30:84:34:B6 advertising a new cloaked SSID
1790683050.314 INFO: Detected new 802.11 Wi-Fi access point 46:AE:30:84:36:22
1790683050.315 INFO: 802.11 Wi-Fi device 46:AE:30:84:36:22 advertising a new cloaked SSID
1790683050.330 INFO: Detected new 802.11 Wi-Fi access point 46:AE:30:84:5A:16
1790683050.330 INFO: 802.11 Wi-Fi device 46:AE:30:84:5A:16 advertising a new cloaked SSID
1790683052.068 INFO: Detected new 802.11 Wi-Fi device 74:E6:B8:BA:59:C8
1790683054.824 INFO: Detected new 802.11 Wi-Fi device 4C:2E:5E:D5:FE:E9
1790683056.415 INFO: Detected new 802.11 Wi-Fi device B0:1F:47:17:AF:4A
1790683058.243 INFO: 802.11 Wi-Fi device FA:8F:CA:6C:D1:65 advertising new SSID 'JBL Bar 5.1_0891.l025'
1790683058.243 INFO: Detected new 802.11 Wi-Fi device 76:DF:C0:DB:84:34
1790683058.306 INFO: Detected new 802.11 Wi-Fi device A8:42:A1:B2:27:77
1790683058.306 INFO: Detected new 802.11 Wi-Fi device D4:E8:53:00:37:6A
1790683058.573 INFO: Detected new 802.11 Wi-Fi device 1C:4D:89:65:18:2A
1790683060.431 ERROR: Data source 'esp32c5-ttyACM1 / esp32c5-ttyACM1' ('esp32c5-ttyACM1') encountered an error: websocket connection closed
1790683065.918 INFO: Matching new remote source 'esp32c5-ttyACM1' with known source with UUID 'E5C50001-0000-0000-0000-3844BEBFC910'
1790683065.928 INFO: Remote source esp32c5-ttyACM1 (E5C50001-0000-0000-0000-3844BEBFC910) reconnected
1790683065.928 INFO: esp32c5-ttyACM1 - /dev/ttyACM1 opened
1790683066.912 INFO: esp32c5-ttyACM1 - /dev/ttyACM1 capturing
1790683070.262 INFO: Closing source 'esp32c5-ttyACM1' (E5C50001-0000-0000-0000-3844BEBFC910)
1790683075.370 INFO: Matching new remote source 'esp32c5-ttyACM1' with known source with UUID 'E5C50001-0000-0000-0000-3844BEBFC910'
1790683075.380 INFO: Remote source esp32c5-ttyACM1 (E5C50001-0000-0000-0000-3844BEBFC910) reconnected
1790683075.381 INFO: esp32c5-ttyACM1 - /dev/ttyACM1 opened
1790683076.462 INFO: esp32c5-ttyACM1 - /dev/ttyACM1 capturing
1790683078.639 INFO: Detected new 802.11 Wi-Fi device 00:B8:C2:B2:AE:58
1790683082.027 INFO: Detected new 802.11 Wi-Fi access point 82:AF:CA:25:C2:23
1790683082.031 INFO: 802.11 Wi-Fi device 82:AF:CA:25:C2:23 advertising a new cloaked SSID
1790683082.118 INFO: 802.11 Wi-Fi device 80:AF:CA:75:C2:23 advertising new SSID 'Cudy-C223'
1790683084.449 INFO: Detected new 802.11 Wi-Fi device A8:5B:B7:47:08:0F
1790683086.366 INFO: Detected new 802.11 Wi-Fi device B0:1F:47:0D:E9:B8
1790683086.756 INFO: Detected new 802.11 Wi-Fi device 10:FF:E0:76:96:8C
1790683090.561 INFO: Detected new 802.11 Wi-Fi device 60:D8:A4:DB:B2:8A
1790683092.532 INFO: Detected new 802.11 Wi-Fi access point 58:FC:20:1B:D9:D0
1790683092.533 INFO: 802.11 Wi-Fi device 58:FC:20:1B:D9:D0 advertising new SSID 'Sivan'
1790683094.606 ERROR: Data source 'esp32c5-ttyACM1 / esp32c5-ttyACM1' ('esp32c5-ttyACM1') encountered an error: websocket connection closed
1790683097.406 
1790683097.406 *** KISMET IS SHUTTING DOWN ***
1790683097.406 Shutting down plugins...
1790683097.406 WARNING: Kismet changes the configuration of network devices.
1790683097.406          In most cases you will need to restart networking for
1790683097.406          your interface (varies per distribution and OS), but 
1790683097.406          typically one of:
1790683097.406          sudo service networking restart
1790683097.406          sudo /etc/init.d/networking restart
1790683097.406          or
1790683097.406          nmcli device set [device] managed true
1790683097.406 
1790683097.406 Kismet exiting.
1790683097.406 EXITING: Signal service thread complete.
