14:57:45 DEBUG: the Kismet login comes from KISMET_CAP_USER and KISMET_CAP_PASSWORD
14:57:45 INFO: esp32c5-ttyACM1: connected, offering it to Kismet as E5C50001-0000-0000-0000-3844BEBFC910
14:57:45 DEBUG: -> KDS_NEWSOURCE, 86 bytes
14:57:45 DEBUG: <- KDS_OPENREQ seqno 9
14:57:45 INFO: esp32c5-ttyACM1: opening /dev/ttyACM1 for wifi
14:57:45 INFO: /dev/ttyACM1 opened
14:57:45 DEBUG: -> KDS_OPENREPORT, 294 bytes
14:57:45 DEBUG: -> CMD_MESSAGE, 44 bytes
14:57:45 DEBUG: <- KDS_CONFIGREQ seqno 10
14:57:45 DEBUG: -> KDS_CONFIGREPORT, 180 bytes
14:57:46 INFO: /dev/ttyACM1 capturing
14:57:46 DEBUG: -> CMD_MESSAGE, 47 bytes
14:57:50 INFO: esp32c5-ttyACM1: connection ended: Connection to remote host was lost.
14:57:55 INFO: esp32c5-ttyACM1: connected, offering it to Kismet as E5C50001-0000-0000-0000-3844BEBFC910
14:57:55 DEBUG: -> KDS_NEWSOURCE, 86 bytes
14:57:55 DEBUG: <- KDS_OPENREQ seqno 11
14:57:55 INFO: esp32c5-ttyACM1: opening /dev/ttyACM1 for wifi
14:57:55 INFO: /dev/ttyACM1 opened
14:57:55 DEBUG: -> KDS_OPENREPORT, 294 bytes
14:57:55 DEBUG: -> CMD_MESSAGE, 44 bytes
14:57:55 DEBUG: <- KDS_CONFIGREQ seqno 12
14:57:55 DEBUG: -> KDS_CONFIGREPORT, 180 bytes
14:57:56 INFO: /dev/ttyACM1 capturing
14:57:56 DEBUG: -> CMD_MESSAGE, 47 bytes
14:58:00 DEBUG: -> CMD_PONG, 20 bytes
14:58:05 DEBUG: -> CMD_PONG, 20 bytes
14:58:10 DEBUG: -> CMD_PONG, 20 bytes
14:58:14 DEBUG: stop signal SIGTERM
14:58:14 INFO: stopping
14:58:14 INFO: esp32c5-ttyACM1: connection ended: stopped
