===== close_source.cmd on a py remote source
capturing after (s): 0.16
helper pid 408374, capture process none (Python: one process); 1790683069.063 /dev/ttyACM1 -> /dev/ttyACM1: holders ['FLOCK WRITE by pid 408374 (/home/osh/esp32c5-venv/bin/python -u -m esp32c5_kismet.remote --connect 127.0.0.1:2501 --source esp32c5-ttyACM)']
HTTP 200
{"kismet.datasource.source_number": 1, "kismet.datasource.source_key": 2248345446, "kismet.datasource.cmd_pending": 0, "
after 24 s: helper alive yes, children now 
esp32c5-ttyACM1            run=1 err=0 rem=1 pkts=672    ch=6    hop=1 nch=42 pid=0 uuid=E5C50001-0000-0000-0000-3844BEBFC910 dlt=127 reason=Source disabled
helper exit status 0
port after: 1790683096.723 /dev/ttyACM1 -> /dev/ttyACM1: holders none; OPENED and flocked (port free)
close_source at 0: Kismet not running +0.24; old capture process gone +None; port free +0.34; new capture process +None; port held again +5.35; Kismet running again +5.35; packets rising again +6.45; flock pids before [[408374]], at the end [408374]
--- helper log
14:57:45 DEBUG: the Kismet login comes from KISMET_CAP_USER and KISMET_CAP_PASSWORD
14:57:45 INFO: esp32c5-ttyACM1: connected, offering it to Kismet as E5C50001-0000-0000-0000-3844BEBFC910
14:57:45 DEBUG: -> KDS_NEWSOURCE, 86 bytes
14:57:45 DEBUG: <- KDS_OPENREQ seqno 9
14:57:45 INFO: esp32c5-ttyACM1: opening /dev/ttyACM1 for wifi
14:57:45 INFO: /dev/ttyACM1 opened
14:57:45 DEBUG: -> KDS_OPENREPORT, 294 bytes
14:57:45 DEBUG: -> CMD_MESSAGE, 44 bytes
14:57:45 DEBUG: <- KDS_CONFIGREQ seqno 10
14:57:45 DEBUG: -> KDS_CONFIGREPORT, 180 bytes
14:57:46 INFO: /dev/ttyACM1 capturing
14:57:46 DEBUG: -> CMD_MESSAGE, 47 bytes
14:57:50 INFO: esp32c5-ttyACM1: connection ended: Connection to remote host was lost.
14:57:55 INFO: esp32c5-ttyACM1: connected, offering it to Kismet as E5C50001-0000-0000-0000-3844BEBFC910
14:57:55 DEBUG: -> KDS_NEWSOURCE, 86 bytes
14:57:55 DEBUG: <- KDS_OPENREQ seqno 11
14:57:55 INFO: esp32c5-ttyACM1: opening /dev/ttyACM1 for wifi
14:57:55 INFO: /dev/ttyACM1 opened
14:57:55 DEBUG: -> KDS_OPENREPORT, 294 bytes
14:57:55 DEBUG: -> CMD_MESSAGE, 44 bytes
14:57:55 DEBUG: <- KDS_CONFIGREQ seqno 12
14:57:55 DEBUG: -> KDS_CONFIGREPORT, 180 bytes
14:57:56 INFO: /dev/ttyACM1 capturing
14:57:56 DEBUG: -> CMD_MESSAGE, 47 bytes
14:58:00 DEBUG: -> CMD_PONG, 20 bytes
14:58:05 DEBUG: -> CMD_PONG, 20 bytes
14:58:10 DEBUG: -> CMD_PONG, 20 bytes
14:58:14 DEBUG: stop signal SIGTERM
14:58:14 INFO: stopping
14:58:14 INFO: esp32c5-ttyACM1: connection ended: stopped
