1790683175.946 INFO: Including sub-config file: /home/osh/kismet-install/etc/kismet_httpd.conf
1790683175.946 INFO: Including sub-config file: /home/osh/kismet-install/etc/kismet_memory.conf
1790683175.946 INFO: Including sub-config file: /home/osh/kismet-install/etc/kismet_alerts.conf
1790683175.946 INFO: Including sub-config file: /home/osh/kismet-install/etc/kismet_80211.conf
1790683175.946 INFO: Including sub-config file: /home/osh/kismet-install/etc/kismet_logging.conf
1790683175.946 INFO: Including sub-config file: /home/osh/kismet-install/etc/kismet_filter.conf
1790683175.946 INFO: Including sub-config file: /home/osh/kismet-install/etc/kismet_uav.conf
1790683175.946 INFO: Loading config override file '/home/osh/kismet-install/etc/kismet_package.conf'
1790683175.946 INFO: Optional sub-config file not present: /home/osh/kismet-install/etc/kismet_package.conf
1790683175.946 INFO: Loading config override file '/home/osh/kismet-install/etc/kismet_site.conf'
1790683175.946 INFO: Optional sub-config file not present: /home/osh/kismet-install/etc/kismet_site.conf
1790683175.946 INFO: Generated server UUID 3D9204CA-BBFD-11F1-9686-4B49534D4554 and storing in /tmp/hw3/h6a/.kismet//kismet_server_id.conf
1790683175.946 INFO: Setting server UUID 3D9204CA-BBFD-11F1-9686-4B49534D4554
1790683175.946 INFO: Starting Beast webserver on 0.0.0.0:2501
1790683175.946 INFO: Opened OUI file '/home/osh/kismet-install/share/kismet/kismet_manuf.txt.gz
1790683175.946 INFO: Indexing manufacturer db
1790683175.947 INFO: Completed indexing manufacturer db, 38959 lines and 780 indexes.
1790683175.953 INFO: Saving devices to the Kismet database log every 30 seconds
1790683175.958 INFO: Using default rates of 10/min, 1/sec for alert 'DEVICEFOUND'
1790683175.958 INFO: Using default rates of 10/min, 1/sec for alert 'DEVICELOST'
1790683175.959 INFO: Registering support for DLT_PPI packet header decoding
1790683175.959 INFO: Registering support for DLT_RADIOTAP packet header decoding
1790683175.959 INFO: Registering support for DLT_BTLE_RADIO packet header decoding
1790683175.962 INFO: Using default rates of 10/min, 1/sec for alert 'BADFIXLENIE'
1790683175.962 INFO: PHY80211 will only process AP signal levels from beacons
1790683175.962 INFO: Allowing Kismet clients to view WEP keys
1790683175.963 DEBUG: ssid canary FooCanary:ssid="FoobarCanary"
1790683175.963 DEBUG: ssid canary FooCanart2:ssid="(?i:foobarcanary)"
1790683175.963 INFO: Keeping EAPOL packets in memory for easy download and WIDS functionality; this can use more RAM.
1790683175.966 INFO: Registered PHY handler 'IEEE802.11' as ID 0
1790683175.967 INFO: Registered PHY handler 'RFSENSOR' as ID 1
1790683175.968 INFO: Registered PHY handler 'Z-Wave' as ID 2
1790683175.969 INFO: Registered PHY handler 'Bluetooth' as ID 3
1790683175.970 DEBUG: reserve_fields home id 538 app id 539
1790683175.972 INFO: Registered PHY handler 'UAV' as ID 4
1790683175.973 INFO: Registered PHY handler 'NrfMousejack' as ID 5
1790683175.973 ERROR: Tried to re-register duplicate alert FLIPPERZERO
1790683175.974 INFO: Registered PHY handler 'BTLE' as ID 6
1790683175.975 INFO: Registered PHY handler 'METER' as ID 7
1790683175.976 INFO: Indexing ADSB ICAO db
1790683176.237 INFO: Completed indexing ADSB ICAO db, 341068 lines 6822 indexes
1790683176.239 INFO: Registered PHY handler 'ADSB' as ID 8
1790683176.240 INFO: Registered PHY handler '802.15.4' as ID 9
1790683176.241 INFO: Registered PHY handler 'RADIATION' as ID 10
1790683176.246 INFO: (HTTPD) Could not read session data file, skipping loading saved sessions.
1790683176.247 INFO: Serving static file content from /home/osh/kismet-install/share/kismet/httpd/
1790683176.247 INFO: Enabling channel hopping by default on sources which support channel control.
1790683176.247 INFO: Setting default channel hop rate to 5/sec
1790683176.247 INFO: Enabling channel list splitting on sources which share the same list of channels
1790683176.247 INFO: Enabling channel list shuffling to optimize overlaps
1790683176.247 INFO: Sources will be re-opened if they encounter an error
1790683176.248 INFO: Saving datasources to the Kismet database log every 30 seconds
1790683176.248 INFO: Launching remote capture server on 127.0.0.1 3501
1790683176.250 INFO: No data sources defined; Kismet will not capture anything until a source is added.
1790683176.252 ALERT: LOGDISABLED Logging has been disabled via the Kismet config files or the command line.  Pcap, database, and related logs will not be saved.
1790683176.252 INFO: Logging disabled, not enabling any log drivers.
1790683176.252 INFO: GPS track will be logged to the Kismet logfile
1790683176.253 INFO: Starting Kismet web server...
1790683176.253 INFO: HTTP server listening on 0.0.0.0:2501
1790683176.254 INFO: Could not open system plugin directory (/home/osh/kismet-install/lib/kismet/), skipping: No such file or directory
1790683176.254 INFO: Did not find a user plugin directory (/tmp/hw3/h6a/.kismet//plugins/), skipping: No such file or directory
1790683176.578 INFO: New remote source esp32c5-ttyACM1 (E5C50001-0000-0000-0000-3844BEBFC910) connected
1790683177.652 INFO: esp32c5-ttyACM1 - esp32c5-ttyACM1 capturing (wifi)
1790683178.133 ERROR: Data source 'esp32c5-ttyACM1 / esp32c5-ttyACM1' ('esp32c5-ttyACM1') encountered an error: websocket connection closed
1790683180.418 INFO: Matching new remote source 'esp32c5-ttyACM1' with known source with UUID 'E5C50001-0000-0000-0000-3844BEBFC910'
1790683180.423 INFO: Remote source esp32c5-ttyACM1 (E5C50001-0000-0000-0000-3844BEBFC910) reconnected
1790683180.424 INFO: esp32c5-ttyACM1 - /dev/ttyACM1 opened
1790683180.781 ERROR: Data source 'esp32c5-ttyACM1 / esp32c5-ttyACM1' ('esp32c5-ttyACM1') encountered an error: websocket connection closed
1790683183.256 
1790683183.256 *** KISMET IS SHUTTING DOWN ***
1790683183.256 Shutting down plugins...
1790683183.256 WARNING: Kismet changes the configuration of network devices.
1790683183.256          In most cases you will need to restart networking for
1790683183.256          your interface (varies per distribution and OS), but 
1790683183.256          typically one of:
1790683183.256          sudo service networking restart
1790683183.256          sudo /etc/init.d/networking restart
1790683183.256          or
1790683183.256          nmcli device set [device] managed true
1790683183.256 
1790683183.256 Kismet exiting.
1790683183.256 EXITING: Signal service thread complete.
