== remote capture: kismet_cap_esp32c5 --connect over the websocket, with retry, started with SIGHUP ignored (nohup)
   /root/fix7c/before/kismet_cap_esp32c5 --connect 127.0.0.1:39851 (the relay to 2501) --source esp32c5-pts/3:name=fake-remote,channel=6,channel_hop=false
   first packet in Kismet never ms after the helper started
FAIL the first packet reaches Kismet within 3 s
   GET /datasource/remote/remotesource.ws?user=e2e&password=e2e%20%26pass%2541word HTTP/1.1
FAIL the request line holds no login: no query at all
FAIL the login is in an Authorization header, Basic, exactly user:password with its '&', space and %41
   packets arrived in 0 of 5 seconds
FAIL ... and more every second, not in bursts
PASS no libwebsockets notices on the helper's stderr
   set_channel 6: HTTP 404
FAIL a channel set is taken, and leaves no empty "INFO: " line on the helper's stderr
   helper 337276, capture process none; flock on the port held by: 
FAIL the capture process catches SIGTERM, to end the port's exclusive mode before it ends
FAIL SIGHUP, which it was started ignoring, leaves the helper and its capture process capturing
FAIL a second remote helper on the same board is refused before it connects
FAIL ... and the first goes on capturing
FAIL close_source.cmd: the capture process ends, and the port is free
   capture process now none
FAIL ... and the helper connects again 5 s later, and captures
FAIL kill -TERM of the helper ends its capture process with it, and frees the port within 1 s
   routes here, all tables: 47 IPv4, 11 IPv6 (the warnings came with more than 40)
FAIL no libwebsockets "rejecting message on queue depth" warnings, through two connections
== remote capture with an API key (KISMET_CAP_APIKEY)
   a datasource key from Kismet: C65EBCEC3048C73CC9D46C58C6E2BDDA
PASS the helper logs in with it, and captures
   GET /datasource/remote/remotesource.ws?KISMET=C65EBCEC3048C73CC9D46C58C6E2BDDA HTTP/1.1
FAIL the request line holds no key
FAIL the key is in Kismet's session cookie, KISMET
== remote capture with a login too long for the request's headers
   helper: FATAL: Datasource could not connect websocket client
   helper: FATAL:  Datasource exiting libwebsocket loop
FAIL it is refused with a reason, rather than sent cut short
FAIL ... nothing is sent, and the helper ends (--disable-retry; exit status 0) rather than wait
   source: running=None error=None packets=None hopping=None channel=None interface=None capif=None
   phys: IEEE802.11
   names: 'ESP32C5-FAKE-24'
   device frequencies (kHz): IEEE802.11 [2437000]
   helper: WARNING: the Kismet user name or password contains '&', and Kismet's server splits the login at '&' after decoding it, so it cannot log in with this one; use an API key (--apikey or KISMET_CAP_APIKEY) or a password without '&'
   helper: [2026/09/29 16:40:28:4761] W: _lws_smd_msg_send: rejecting message on queue depth 40
   helper: [2026/09/29 16:40:28:4761] W: _lws_smd_msg_send: rejecting message on queue depth 40
   helper: [2026/09/29 16:40:28:4813] W: [wsicli|0|WS/h1/default/127.0.0.1]: lws_client_ws_upgrade: got bad HTTP response '401'
   helper: FATAL: Datasource could not connect websocket client
   helper: FATAL:  Datasource exiting libwebsocket loop
   helper: INFO: capture process exited 0 signal 0
   helper: INFO: Sleeping 5 seconds before attempting to reconnect to remote server
   helper: [2026/09/29 16:40:33:5081] W: _lws_smd_msg_send: rejecting message on queue depth 40
   helper: [2026/09/29 16:40:33:5082] W: _lws_smd_msg_send: rejecting message on queue depth 40
   helper: [2026/09/29 16:40:33:5155] W: [wsicli|0|WS/h1/default/127.0.0.1]: lws_client_ws_upgrade: got bad HTTP response '401'
   helper: FATAL: Datasource could not connect websocket client
   helper: FATAL:  Datasource exiting libwebsocket loop
   helper: INFO: capture process exited 0 signal 0
   helper: INFO: Sleeping 5 seconds before attempting to reconnect to remote server
   helper: [2026/09/29 16:40:38:6006] W: _lws_smd_msg_send: rejecting message on queue depth 40
   helper: [2026/09/29 16:40:38:6007] W: _lws_smd_msg_send: rejecting message on queue depth 40
   helper: [2026/09/29 16:40:38:6024] W: [wsicli|0|WS/h1/default/127.0.0.1]: lws_client_ws_upgrade: got bad HTTP response '401'
   helper: FATAL: Datasource could not connect websocket client
   helper: FATAL:  Datasource exiting libwebsocket loop
   helper: INFO: capture process exited 0 signal 0
   helper: INFO: Sleeping 5 seconds before attempting to reconnect to remote server
   helper: [2026/09/29 16:40:43:6208] W: _lws_smd_msg_send: rejecting message on queue depth 40
   helper: [2026/09/29 16:40:43:6208] W: _lws_smd_msg_send: rejecting message on queue depth 40
   helper: [2026/09/29 16:40:43:6223] W: [wsicli|0|WS/h1/default/127.0.0.1]: lws_client_ws_upgrade: got bad HTTP response '401'
   helper: FATAL: Datasource could not connect websocket client
   helper: FATAL:  Datasource exiting libwebsocket loop
   helper: INFO: capture process exited 0 signal 0
   helper: INFO: Sleeping 5 seconds before attempting to reconnect to remote server
   helper: [2026/09/29 16:40:48:6367] W: _lws_smd_msg_send: rejecting message on queue depth 40
   helper: [2026/09/29 16:40:48:6368] W: _lws_smd_msg_send: rejecting message on queue depth 40
   helper: [2026/09/29 16:40:48:6377] W: [wsicli|0|WS/h1/default/127.0.0.1]: lws_client_ws_upgrade: got bad HTTP response '401'
   helper: FATAL: Datasource could not connect websocket client
   helper: FATAL:  Datasource exiting libwebsocket loop
   helper: INFO: capture process exited 0 signal 0
   helper: INFO: Sleeping 5 seconds before attempting to reconnect to remote server
   helper: [2026/09/29 16:40:53:6528] W: _lws_smd_msg_send: rejecting message on queue depth 40
   helper: [2026/09/29 16:40:53:6529] W: _lws_smd_msg_send: rejecting message on queue depth 40
   helper: [2026/09/29 16:40:53:6543] W: [wsicli|0|WS/h1/default/127.0.0.1]: lws_client_ws_upgrade: got bad HTTP response '401'
   helper: FATAL: Datasource could not connect websocket client
   helper: FATAL:  Datasource exiting libwebsocket loop
   helper: INFO: capture process exited 0 signal 0
   helper: INFO: Sleeping 5 seconds before attempting to reconnect to remote server
   helper: [2026/09/29 16:40:58:6767] W: _lws_smd_msg_send: rejecting message on queue depth 40
   helper: [2026/09/29 16:40:58:6768] W: _lws_smd_msg_send: rejecting message on queue depth 40
   helper: [2026/09/29 16:40:58:6794] W: [wsicli|0|WS/h1/default/127.0.0.1]: lws_client_ws_upgrade: got bad HTTP response '401'
   helper: FATAL: Datasource could not connect websocket client
   helper: FATAL:  Datasource exiting libwebsocket loop
   helper: INFO: capture process exited 0 signal 0
   helper: INFO: Sleeping 5 seconds before attempting to reconnect to remote server
   helper: [2026/09/29 16:41:03:7007] W: _lws_smd_msg_send: rejecting message on queue depth 40
   helper: [2026/09/29 16:41:03:7008] W: _lws_smd_msg_send: rejecting message on queue depth 40
   helper: [2026/09/29 16:41:03:7031] W: [wsicli|0|WS/h1/default/127.0.0.1]: lws_client_ws_upgrade: got bad HTTP response '401'
   helper: FATAL: Datasource could not connect websocket client
   helper: FATAL:  Datasource exiting libwebsocket loop
   helper: INFO: capture process exited 0 signal 0
   helper: INFO: Sleeping 5 seconds before attempting to reconnect to remote server
--- logs kept in /tmp/tmp.uxiIM9QM41
--- /tmp/tmp.uxiIM9QM41/kismet-remote.log
ERROR: Tried to re-register duplicate alert FLIPPERZERO
INFO: Sources will be re-opened if they encounter an error
INFO: New remote source fake-remotekey (E2E0E2E0-0000-0000-0000-00000000000A) connected
INFO: fake-remotekey - fake-remotekey capturing (wifi)
INFO: 802.11 Wi-Fi device 02:E5:C5:00:00:06 advertising new SSID 'ESP32C5-FAKE-24'
ERROR: Data source 'fake-remotekey / esp32c5-pts/3:name=fake-remotekey,uuid=E2E0E2E0-0000-0000-0000-00000000000A' ('esp32c5-pts/3') encountered an error: websocket connection closed
