== remote capture: kismet_cap_esp32c5 --connect over the websocket, with retry, started with SIGHUP ignored (nohup)
   /root/fix7c/variants/no-empty-msg-fix/kismet_cap_esp32c5 --connect 127.0.0.1:34719 (the relay to 2501) --source esp32c5-pts/3:name=fake-remote,channel=6,channel_hop=false
   first packet in Kismet 932 ms after the helper started
PASS the first packet reaches Kismet within 3 s
   GET /datasource/remote/remotesource.ws HTTP/1.1
PASS the request line holds no login: no query at all
PASS the login is in an Authorization header, Basic, exactly user:password with its '&', space and %41
   packets arrived in 5 of 5 seconds
PASS ... and more every second, not in bursts
PASS no libwebsockets notices on the helper's stderr
   set_channel 6: HTTP 200
FAIL a channel set is taken, and leaves no empty "INFO: " line on the helper's stderr
   helper 339722, capture process 339728; flock on the port held by: 339728 
PASS the capture process catches SIGTERM, to end the port's exclusive mode before it ends
PASS SIGHUP, which it was started ignoring, leaves the helper and its capture process capturing
PASS a second remote helper on the same board is refused before it connects
PASS ... and the first goes on capturing
PASS close_source.cmd: the capture process ends, and the port is free
   capture process now 340197
PASS ... and the helper connects again 5 s later, and captures
PASS kill -TERM of the helper ends its capture process with it, and frees the port within 1 s
   routes here, all tables: 47 IPv4, 11 IPv6 (the warnings came with more than 40)
PASS no libwebsockets "rejecting message on queue depth" warnings, through two connections
== remote capture with an API key (KISMET_CAP_APIKEY)
   a datasource key from Kismet: 049B4D87DF07889D5C0596F9432BBCE9
PASS the helper logs in with it, and captures
   GET /datasource/remote/remotesource.ws HTTP/1.1
PASS the request line holds no key
PASS the key is in Kismet's session cookie, KISMET
== remote capture with a login too long for the request's headers
   helper: FATAL: The login does not fit in the websocket request's headers, which have 3797 bytes left for it; use a shorter one, or an API key
   helper: FATAL:  Datasource exiting libwebsocket loop
PASS it is refused with a reason, rather than sent cut short
PASS ... nothing is sent, and the helper ends (--disable-retry; exit status 0) rather than wait
   source: running=0 error='websocket connection closed' packets=1032 hopping=0 channel='6' interface='esp32c5-pts/3' capif='esp32c5-pts/3'
   phys: IEEE802.11
   names: 'ESP32C5-FAKE-24'
   device frequencies (kHz): IEEE802.11 [2437000]
   helper: INFO: 127.0.0.1:34719 starting capture...
   helper: INFO: 
   helper: FATAL: Datasource websocket closed
   helper: FATAL:  Datasource exiting libwebsocket loop
   helper: INFO: capture process exited 0 signal 0
   helper: INFO: Sleeping 5 seconds before attempting to reconnect to remote server
   helper: INFO: 127.0.0.1:34719 starting capture...
--- logs kept in /tmp/tmp.WThWcYqhqJ
--- /tmp/tmp.WThWcYqhqJ/kismet-remote.log
ERROR: Tried to re-register duplicate alert FLIPPERZERO
INFO: Sources will be re-opened if they encounter an error
INFO: New remote source fake-remote (E5C50001-0000-0000-0000-CBB0E658CB8D) connected
INFO: fake-remote - fake-remote capturing (wifi)
INFO: 802.11 Wi-Fi device 02:E5:C5:00:00:06 advertising new SSID 'ESP32C5-FAKE-24'
INFO: Source 'fake-remote' (E5C50001-0000-0000-0000-CBB0E658CB8D) setting channel 6
INFO: Closing source 'fake-remote' (E5C50001-0000-0000-0000-CBB0E658CB8D)
INFO: Matching new remote source 'esp32c5-pts/3:name=fake-remote,channel=6,channel_hop=false' with known source with UUID 'E5C50001-0000-0000-0000-CBB0E658CB8D'
INFO: Remote source fake-remote (E5C50001-0000-0000-0000-CBB0E658CB8D) reconnected
ERROR: Data source 'fake-remote / esp32c5-pts/3:channel=6,channel_hop=false,name=fake-remote' ('esp32c5-pts/3') encountered an error: websocket connection closed
INFO: New remote source fake-remotekey (E2E0E2E0-0000-0000-0000-00000000000A) connected
INFO: fake-remotekey - fake-remotekey capturing (wifi)
ERROR: Data source 'fake-remotekey / esp32c5-pts/3:name=fake-remotekey,uuid=E2E0E2E0-0000-0000-0000-00000000000A' ('esp32c5-pts/3') encountered an error: websocket connection closed
