== remote capture: kismet_cap_esp32c5 --connect over the websocket, with retry, started with SIGHUP ignored (nohup)
   /root/kismet-install/bin/kismet_cap_esp32c5 --connect 127.0.0.1:47875 (the relay to 2501) --source esp32c5-pts/3:name=fake-remote,channel=6,channel_hop=false
   first packet in Kismet 943 ms after the helper started
PASS the first packet reaches Kismet within 3 s
   GET /datasource/remote/remotesource.ws HTTP/1.1
PASS the request line holds no login: no query at all
PASS the login is in an Authorization header, Basic, exactly user:password with its '&', space and %41
   packets arrived in 5 of 5 seconds
PASS ... and more every second, not in bursts
PASS no libwebsockets notices on the helper's stderr
   set_channel 6: HTTP 200
PASS a channel set is taken, and leaves no empty "INFO: " line on the helper's stderr
   helper 336515, capture process 336521; flock on the port held by: 336521 
PASS the capture process catches SIGTERM, to end the port's exclusive mode before it ends
PASS SIGHUP, which it was started ignoring, leaves the helper and its capture process capturing
PASS a second remote helper on the same board is refused before it connects
PASS ... and the first goes on capturing
PASS close_source.cmd: the capture process ends, and the port is free
   capture process now 336863
PASS ... and the helper connects again 5 s later, and captures
PASS kill -TERM of the helper ends its capture process with it, and frees the port within 1 s
   routes here, all tables: 47 IPv4, 11 IPv6 (the warnings came with more than 40)
PASS no libwebsockets "rejecting message on queue depth" warnings, through two connections
== remote capture with an API key (KISMET_CAP_APIKEY)
   a datasource key from Kismet: 9531CBCEDB009704CB8CFB10AAB1B4CB
PASS the helper logs in with it, and captures
   GET /datasource/remote/remotesource.ws HTTP/1.1
PASS the request line holds no key
PASS the key is in Kismet's session cookie, KISMET
== remote capture with a login too long for the request's headers
   helper: FATAL: The login does not fit in the websocket request's headers, which have 3797 bytes left for it; use a shorter one, or an API key
   helper: FATAL:  Datasource exiting libwebsocket loop
PASS it is refused with a reason, rather than sent cut short
PASS ... nothing is sent, and the helper ends (--disable-retry; exit status 0) rather than wait
   source: running=0 error='websocket connection closed' packets=1030 hopping=0 channel='6' interface='esp32c5-pts/3' capif='esp32c5-pts/3'
   phys: IEEE802.11
   names: 'ESP32C5-FAKE-24'
   device frequencies (kHz): IEEE802.11 [2437000]
   helper: INFO: 127.0.0.1:47875 starting capture...
   helper: FATAL: Datasource websocket closed
   helper: FATAL:  Datasource exiting libwebsocket loop
   helper: INFO: capture process exited 0 signal 0
   helper: INFO: Sleeping 5 seconds before attempting to reconnect to remote server
   helper: INFO: 127.0.0.1:47875 starting capture...
ALL OK
