gcc -MM -MP -Wall -Wno-unknown-warning-option -Wno-format-truncation -Wno-unused-function -g -I. -fPIE -I/usr/include/libnm -I/usr/include/glib-2.0 -I/usr/lib/x86_64-linux-gnu/glib-2.0/include -pthread -I/usr/include/libmount -I/usr/include/blkid  -I/usr/include/libnl3   -Wno-dangling-reference  -pthread -I/usr/include/dbus-1.0 -I/usr/lib/x86_64-linux-gnu/dbus-1.0/include -I/usr/include/libnl3   -Wno-dangling-reference  -MT capture_framework.c.o capture_framework.c -MF capture_framework.c.d
'Makefile.in' or 'configure' are more current than this Makefile.  You should re-run 'configure'.
cc1: warning: command-line option ‘-Wno-dangling-reference’ is valid for C++/ObjC++ but not for C
cc1: note: unrecognized command-line option ‘-Wno-unknown-warning-option’ may have been intended to silence earlier diagnostics
'Makefile.in' or 'configure' are more current than this Makefile.  You should re-run 'configure'.
gcc -Wall -Wno-unknown-warning-option -Wno-format-truncation -Wno-unused-function -g -I. -fPIE -I/usr/include/libnm -I/usr/include/glib-2.0 -I/usr/lib/x86_64-linux-gnu/glib-2.0/include -pthread -I/usr/include/libmount -I/usr/include/blkid  -I/usr/include/libnl3   -Wno-dangling-reference  -pthread -I/usr/include/dbus-1.0 -I/usr/lib/x86_64-linux-gnu/dbus-1.0/include -I/usr/include/libnl3   -Wno-dangling-reference  -c capture_framework.c -o capture_framework.c.o
gcc -Wall -Wno-unknown-warning-option -Wno-format-truncation -Wno-unused-function -g -I. -fPIE -I/usr/include/libnm -I/usr/include/glib-2.0 -I/usr/lib/x86_64-linux-gnu/glib-2.0/include -pthread -I/usr/include/libmount -I/usr/include/blkid  -I/usr/include/libnl3   -Wno-dangling-reference  -pthread -I/usr/include/dbus-1.0 -I/usr/lib/x86_64-linux-gnu/dbus-1.0/include -I/usr/include/libnl3   -Wno-dangling-reference  -c capture_kismetdb.c -o capture_kismetdb.c.o
gcc -Wall -Wno-unknown-warning-option -Wno-format-truncation -Wno-unused-function -g -I. -fPIE -I/usr/include/libnm -I/usr/include/glib-2.0 -I/usr/lib/x86_64-linux-gnu/glib-2.0/include -pthread -I/usr/include/libmount -I/usr/include/blkid  -I/usr/include/libnl3   -Wno-dangling-reference  -pthread -I/usr/include/dbus-1.0 -I/usr/lib/x86_64-linux-gnu/dbus-1.0/include -I/usr/include/libnl3   -Wno-dangling-reference  -c capture_pcapfile.c -o capture_pcapfile.c.o
cc1: warning: command-line option ‘-Wno-dangling-reference’ is valid for C++/ObjC++ but not for C
cc1: warning: command-line option ‘-Wno-dangling-reference’ is valid for C++/ObjC++ but not for C
cc1: warning: command-line option ‘-Wno-dangling-reference’ is valid for C++/ObjC++ but not for C
capture_kismetdb.c: In function ‘capture_thread’:
capture_kismetdb.c:495:14: warning: variable ‘packet_frequency’ set but not used [-Wunused-but-set-variable]
  495 |     uint64_t packet_frequency;
      |              ^~~~~~~~~~~~~~~~
cc1: note: unrecognized command-line option ‘-Wno-unknown-warning-option’ may have been intended to silence earlier diagnostics
At top level:
cc1: note: unrecognized command-line option ‘-Wno-unknown-warning-option’ may have been intended to silence earlier diagnostics
cc1: note: unrecognized command-line option ‘-Wno-unknown-warning-option’ may have been intended to silence earlier diagnostics
ar rcs libkismetdatasource.a mpack/mpack.c.o simple_ringbuf_c.c.o version.c.o capture_framework.c.o
gcc  -o kismet_cap_kismetdb capture_kismetdb.c.o libkismetdatasource.a -lcap -lwebsockets -L/usr/lib64 -lcap  -lpthread -lm -lsqlite3
gcc  -o kismet_cap_pcapfile capture_pcapfile.c.o libkismetdatasource.a -lpcap  -lcap -lwebsockets -L/usr/lib64 -lcap  -lpthread -lm
(cd capture_antsdr_droneid && make)
(cd capture_linux_wifi && make)
(cd capture_nrf_mousejack && make)
(cd capture_ti_cc_2540 && make)
(cd capture_ti_cc_2531 && make)
make[1]: Entering directory '/root/src/kismet/capture_antsdr_droneid'
gcc -Wall -Wno-unknown-warning-option -Wno-format-truncation -Wno-unused-function -g -I. -fPIE -I/usr/include/libnm -I/usr/include/glib-2.0 -I/usr/lib/x86_64-linux-gnu/glib-2.0/include -pthread -I/usr/include/libmount -I/usr/include/blkid  -I/usr/include/libnl3   -Wno-dangling-reference  -pthread -I/usr/include/dbus-1.0 -I/usr/lib/x86_64-linux-gnu/dbus-1.0/include -I/usr/include/libnl3   -Wno-dangling-reference  -c capture_antsdr_droneid.c -o capture_antsdr_droneid.c.o
(cd capture_radiacode && make)
make[1]: Entering directory '/root/src/kismet/capture_nrf_mousejack'
gcc -Wall -Wno-unknown-warning-option -Wno-format-truncation -Wno-unused-function -g -I. -fPIE -I/usr/include/libnm -I/usr/include/glib-2.0 -I/usr/lib/x86_64-linux-gnu/glib-2.0/include -pthread -I/usr/include/libmount -I/usr/include/blkid  -I/usr/include/libnl3   -Wno-dangling-reference  -pthread -I/usr/include/dbus-1.0 -I/usr/lib/x86_64-linux-gnu/dbus-1.0/include -I/usr/include/libnl3   -Wno-dangling-reference  -I/usr/include/libusb-1.0  -c capture_nrf_mousejack.c -o capture_nrf_mousejack.c.o
make[1]: Entering directory '/root/src/kismet/capture_ti_cc_2540'
gcc -Wall -Wno-unknown-warning-option -Wno-format-truncation -Wno-unused-function -g -I. -fPIE -I/usr/include/libnm -I/usr/include/glib-2.0 -I/usr/lib/x86_64-linux-gnu/glib-2.0/include -pthread -I/usr/include/libmount -I/usr/include/blkid  -I/usr/include/libnl3   -Wno-dangling-reference  -pthread -I/usr/include/dbus-1.0 -I/usr/lib/x86_64-linux-gnu/dbus-1.0/include -I/usr/include/libnl3   -Wno-dangling-reference  -I/usr/include/libusb-1.0  -c capture_ti_cc_2540.c -o capture_ti_cc_2540.c.o
make[1]: Entering directory '/root/src/kismet/capture_linux_wifi'
gcc -Wall -Wno-unknown-warning-option -Wno-format-truncation -Wno-unused-function -g -I. -fPIE -I/usr/include/libnm -I/usr/include/glib-2.0 -I/usr/lib/x86_64-linux-gnu/glib-2.0/include -pthread -I/usr/include/libmount -I/usr/include/blkid  -I/usr/include/libnl3   -Wno-dangling-reference  -pthread -I/usr/include/dbus-1.0 -I/usr/lib/x86_64-linux-gnu/dbus-1.0/include -I/usr/include/libnl3   -I/usr/include/dbus-1.0 -I/usr/lib/x86_64-linux-gnu/dbus-1.0/include -I/usr/include/libnl3  -Wno-dangling-reference  -c capture_linux_wifi.c -o capture_linux_wifi.c.o
make[1]: Entering directory '/root/src/kismet/capture_ti_cc_2531'
gcc -Wall -Wno-unknown-warning-option -Wno-format-truncation -Wno-unused-function -g -I. -fPIE -I/usr/include/libnm -I/usr/include/glib-2.0 -I/usr/lib/x86_64-linux-gnu/glib-2.0/include -pthread -I/usr/include/libmount -I/usr/include/blkid  -I/usr/include/libnl3   -Wno-dangling-reference  -pthread -I/usr/include/dbus-1.0 -I/usr/lib/x86_64-linux-gnu/dbus-1.0/include -I/usr/include/libnl3   -Wno-dangling-reference  -I/usr/include/libusb-1.0  -c capture_ti_cc_2531.c -o capture_ti_cc_2531.c.o
cc1: warning: command-line option ‘-Wno-dangling-reference’ is valid for C++/ObjC++ but not for C
make[1]: Entering directory '/root/src/kismet/capture_radiacode'
gcc -Wall -Wno-unknown-warning-option -Wno-format-truncation -Wno-unused-function -g -I. -fPIE -I/usr/include/libnm -I/usr/include/glib-2.0 -I/usr/lib/x86_64-linux-gnu/glib-2.0/include -pthread -I/usr/include/libmount -I/usr/include/blkid  -I/usr/include/libnl3   -Wno-dangling-reference  -pthread -I/usr/include/dbus-1.0 -I/usr/lib/x86_64-linux-gnu/dbus-1.0/include -I/usr/include/libnl3   -Wno-dangling-reference  -I/usr/include/libusb-1.0  -c capture_radiacode_usb.c -o capture_radiacode_usb.c.o
cc1: warning: command-line option ‘-Wno-dangling-reference’ is valid for C++/ObjC++ but not for C
cc1: warning: command-line option ‘-Wno-dangling-reference’ is valid for C++/ObjC++ but not for C
cc1: warning: command-line option ‘-Wno-dangling-reference’ is valid for C++/ObjC++ but not for C
cc1: warning: command-line option ‘-Wno-dangling-reference’ is valid for C++/ObjC++ but not for C
cc1: warning: command-line option ‘-Wno-dangling-reference’ is valid for C++/ObjC++ but not for C
cc1: note: unrecognized command-line option ‘-Wno-unknown-warning-option’ may have been intended to silence earlier diagnostics
cc1: note: unrecognized command-line option ‘-Wno-unknown-warning-option’ may have been intended to silence earlier diagnostics
gcc  -o kismet_cap_radiacode_usb radiacode.c.o capture_radiacode_usb.c.o  ../libkismetdatasource.a -lcap -lwebsockets -L/usr/lib64 -lcap  -lpthread -lm -lusb-1.0 
gcc  -o kismet_cap_antsdr_droneid capture_antsdr_droneid.c.o  ../libkismetdatasource.a -lcap -lwebsockets -L/usr/lib64 -lcap  -lpthread -lm 
capture_nrf_mousejack.c: In function ‘probe_callback’:
capture_nrf_mousejack.c:206:9: warning: variable ‘matched_device’ set but not used [-Wunused-but-set-variable]
  206 |     int matched_device = 0;
      |         ^~~~~~~~~~~~~~
cc1: note: unrecognized command-line option ‘-Wno-unknown-warning-option’ may have been intended to silence earlier diagnostics
At top level:
cc1: note: unrecognized command-line option ‘-Wno-unknown-warning-option’ may have been intended to silence earlier diagnostics
gcc  -o kismet_cap_ti_cc_2531 capture_ti_cc_2531.c.o  ../libkismetdatasource.a -lcap -lwebsockets -L/usr/lib64 -lcap  -lpthread -lm -lusb-1.0 
gcc  -o kismet_cap_nrf_mousejack capture_nrf_mousejack.c.o  ../libkismetdatasource.a -lcap -lwebsockets -L/usr/lib64 -lcap  -lpthread -lm -lusb-1.0 
cc1: note: unrecognized command-line option ‘-Wno-unknown-warning-option’ may have been intended to silence earlier diagnostics
gcc  -o kismet_cap_ti_cc_2540 capture_ti_cc_2540.c.o  ../libkismetdatasource.a -lcap -lwebsockets -L/usr/lib64 -lcap  -lpthread -lm -lusb-1.0 
(cd capture_linux_bluetooth && make)
make[1]: Entering directory '/root/src/kismet/capture_linux_bluetooth'
gcc -Wall -Wno-unknown-warning-option -Wno-format-truncation -Wno-unused-function -g -I. -fPIE -I/usr/include/libnm -I/usr/include/glib-2.0 -I/usr/lib/x86_64-linux-gnu/glib-2.0/include -pthread -I/usr/include/libmount -I/usr/include/blkid  -I/usr/include/libnl3   -Wno-dangling-reference  -pthread -I/usr/include/dbus-1.0 -I/usr/lib/x86_64-linux-gnu/dbus-1.0/include -I/usr/include/libnl3   -Wno-dangling-reference  -c capture_linux_bluetooth.c -o capture_linux_bluetooth.c.o
(cd capture_serial_radview && make)
cc1: warning: command-line option ‘-Wno-dangling-reference’ is valid for C++/ObjC++ but not for C
make[1]: Entering directory '/root/src/kismet/capture_serial_radview'
gcc -Wall -Wno-unknown-warning-option -Wno-format-truncation -Wno-unused-function -g -I. -fPIE -I/usr/include/libnm -I/usr/include/glib-2.0 -I/usr/lib/x86_64-linux-gnu/glib-2.0/include -pthread -I/usr/include/libmount -I/usr/include/blkid  -I/usr/include/libnl3   -Wno-dangling-reference  -pthread -I/usr/include/dbus-1.0 -I/usr/lib/x86_64-linux-gnu/dbus-1.0/include -I/usr/include/libnl3   -Wno-dangling-reference  -c capture_serial_radview.c -o capture_serial_radview.c.o
cc1: warning: command-line option ‘-Wno-dangling-reference’ is valid for C++/ObjC++ but not for C
capture_linux_bluetooth.c: In function ‘handle_mgmt_response’:
capture_linux_bluetooth.c:588:32: warning: unused variable ‘cstat’ [-Wunused-variable]
  588 |     struct mgmt_ev_cmd_status *cstat;
      |                                ^~~~~
capture_linux_wifi.c:131:35: warning: missing terminating ' character
  131 | ; header, and anything else we don't care about
      |                                   ^
capture_linux_wifi.c:244:35: warning: missing terminating ' character
  244 | ; header, and anything else we don't care about
      |                                   ^
make[1]: Leaving directory '/root/src/kismet/capture_ti_cc_2531'
make[1]: Leaving directory '/root/src/kismet/capture_nrf_mousejack'
(cd capture_nrf_51822 && make)
make[1]: Leaving directory '/root/src/kismet/capture_radiacode'
(cd capture_nxp_kw41z && make)
(cd capture_nrf_52840 && make)
make[1]: Entering directory '/root/src/kismet/capture_nrf_51822'
gcc -Wall -Wno-unknown-warning-option -Wno-format-truncation -Wno-unused-function -g -I. -fPIE -I/usr/include/libnm -I/usr/include/glib-2.0 -I/usr/lib/x86_64-linux-gnu/glib-2.0/include -pthread -I/usr/include/libmount -I/usr/include/blkid  -I/usr/include/libnl3   -Wno-dangling-reference  -pthread -I/usr/include/dbus-1.0 -I/usr/lib/x86_64-linux-gnu/dbus-1.0/include -I/usr/include/libnl3   -Wno-dangling-reference  -c capture_nrf_51822.c -o capture_nrf_51822.c.o
At top level:
cc1: note: unrecognized command-line option ‘-Wno-unknown-warning-option’ may have been intended to silence earlier diagnostics
make[1]: Leaving directory '/root/src/kismet/capture_antsdr_droneid'
make[1]: Entering directory '/root/src/kismet/capture_nxp_kw41z'
gcc -Wall -Wno-unknown-warning-option -Wno-format-truncation -Wno-unused-function -g -I. -fPIE -I/usr/include/libnm -I/usr/include/glib-2.0 -I/usr/lib/x86_64-linux-gnu/glib-2.0/include -pthread -I/usr/include/libmount -I/usr/include/blkid  -I/usr/include/libnl3   -Wno-dangling-reference  -pthread -I/usr/include/dbus-1.0 -I/usr/lib/x86_64-linux-gnu/dbus-1.0/include -I/usr/include/libnl3   -Wno-dangling-reference  -c capture_nxp_kw41z.c -o capture_nxp_kw41z.c.o
capture_linux_wifi.c: In function ‘open_callback’:
make[1]: Entering directory '/root/src/kismet/capture_nrf_52840'
gcc -Wall -Wno-unknown-warning-option -Wno-format-truncation -Wno-unused-function -g -I. -fPIE -I/usr/include/libnm -I/usr/include/glib-2.0 -I/usr/lib/x86_64-linux-gnu/glib-2.0/include -pthread -I/usr/include/libmount -I/usr/include/blkid  -I/usr/include/libnl3   -Wno-dangling-reference  -pthread -I/usr/include/dbus-1.0 -I/usr/lib/x86_64-linux-gnu/dbus-1.0/include -I/usr/include/libnl3   -Wno-dangling-reference  -c capture_nrf_52840.c -o capture_nrf_52840.c.o
(cd capture_catsniffer_zigbee && make)
cc1: warning: command-line option ‘-Wno-dangling-reference’ is valid for C++/ObjC++ but not for C
capture_linux_wifi.c:2331:13: warning: ‘nm_device_set_managed’ is deprecated [-Wdeprecated-declarations]
 2331 |             nm_device_set_managed(nmdevice, 0);
      |             ^~~~~~~~~~~~~~~~~~~~~
cc1: warning: command-line option ‘-Wno-dangling-reference’ is valid for C++/ObjC++ but not for C
cc1: warning: command-line option ‘-Wno-dangling-reference’ is valid for C++/ObjC++ but not for C
In file included from /usr/include/libnm/NetworkManager.h:100,
                 from capture_linux_wifi.c:82:
/usr/include/libnm/nm-device.h:152:6: note: declared here
  152 | void nm_device_set_managed(NMDevice *device, gboolean managed);
      |      ^~~~~~~~~~~~~~~~~~~~~
make[1]: Entering directory '/root/src/kismet/capture_catsniffer_zigbee'
gcc -Wall -Wno-unknown-warning-option -Wno-format-truncation -Wno-unused-function -g -I. -fPIE -I/usr/include/libnm -I/usr/include/glib-2.0 -I/usr/lib/x86_64-linux-gnu/glib-2.0/include -pthread -I/usr/include/libmount -I/usr/include/blkid  -I/usr/include/libnl3   -Wno-dangling-reference  -pthread -I/usr/include/dbus-1.0 -I/usr/lib/x86_64-linux-gnu/dbus-1.0/include -I/usr/include/libnl3   -Wno-dangling-reference  -c capture_catsniffer_zigbee.c -o capture_catsniffer_zigbee.c.o
gcc  -o kismet_cap_linux_bluetooth linux_bt_rfkill.c.o capture_linux_bluetooth.c.o ../libkismetdatasource.a -lcap -lwebsockets -L/usr/lib64 -lcap  -lpthread -lm
capture_linux_wifi.c:2886:13: warning: ‘nm_device_set_managed’ is deprecated [-Wdeprecated-declarations]
 2886 |             nm_device_set_managed(nmdevice, 0);
      |             ^~~~~~~~~~~~~~~~~~~~~
/usr/include/libnm/nm-device.h:152:6: note: declared here
  152 | void nm_device_set_managed(NMDevice *device, gboolean managed);
      |      ^~~~~~~~~~~~~~~~~~~~~
cc1: warning: command-line option ‘-Wno-dangling-reference’ is valid for C++/ObjC++ but not for C
cc1: note: unrecognized command-line option ‘-Wno-unknown-warning-option’ may have been intended to silence earlier diagnostics
capture_linux_wifi.c: In function ‘main’:
capture_linux_wifi.c:3447:29: warning: ‘nm_device_set_managed’ is deprecated [-Wdeprecated-declarations]
 3447 |                             nm_device_set_managed((NMDevice *) d, 1);
      |                             ^~~~~~~~~~~~~~~~~~~~~
/usr/include/libnm/nm-device.h:152:6: note: declared here
  152 | void nm_device_set_managed(NMDevice *device, gboolean managed);
      |      ^~~~~~~~~~~~~~~~~~~~~
gcc  -o kismet_cap_serial_radview capture_serial_radview.c.o  ../libkismetdatasource.a -lcap -lwebsockets -L/usr/lib64 -lcap  -lpthread -lm
cc1: note: unrecognized command-line option ‘-Wno-unknown-warning-option’ may have been intended to silence earlier diagnostics
make[1]: Leaving directory '/root/src/kismet/capture_ti_cc_2540'
cc1: note: unrecognized command-line option ‘-Wno-unknown-warning-option’ may have been intended to silence earlier diagnostics
(cd capture_esp32c5 && make)
gcc  -o kismet_cap_nrf_52840 capture_nrf_52840.c.o  ../libkismetdatasource.a -lcap -lwebsockets -L/usr/lib64 -lcap  -lpthread -lm
make[1]: Entering directory '/root/src/kismet/capture_esp32c5'
gcc -MM -Wall -Wno-unknown-warning-option -Wno-format-truncation -Wno-unused-function -g -I. -fPIE -I/usr/include/libnm -I/usr/include/glib-2.0 -I/usr/lib/x86_64-linux-gnu/glib-2.0/include -pthread -I/usr/include/libmount -I/usr/include/blkid  -I/usr/include/libnl3   -Wno-dangling-reference  -pthread -I/usr/include/dbus-1.0 -I/usr/lib/x86_64-linux-gnu/dbus-1.0/include -I/usr/include/libnl3   -Wno-dangling-reference  capture_esp32c5.c | sed -e "s/\.o/\.c.o/" > capture_esp32c5.c.d
At top level:
cc1: note: unrecognized command-line option ‘-Wno-unknown-warning-option’ may have been intended to silence earlier diagnostics
gcc  -o kismet_cap_nrf_51822 capture_nrf_51822.c.o  ../libkismetdatasource.a -lcap -lwebsockets -L/usr/lib64 -lcap  -lpthread -lm
cc1: warning: command-line option ‘-Wno-dangling-reference’ is valid for C++/ObjC++ but not for C
cc1: note: unrecognized command-line option ‘-Wno-unknown-warning-option’ may have been intended to silence earlier diagnostics
cc1: note: unrecognized command-line option ‘-Wno-unknown-warning-option’ may have been intended to silence earlier diagnostics
gcc  -o kismet_cap_nxp_kw41z capture_nxp_kw41z.c.o  ../libkismetdatasource.a -lcap -lwebsockets -L/usr/lib64 -lcap  -lpthread -lm
gcc  -o kismet_cap_linux_wifi ../interface_control.c.o ../wifi_ht_channels.c.o linux_wireless_control.c.o linux_netlink_control.c.o linux_nexmon_control.c.o linux_wireless_rfkill.c.o capture_linux_wifi.c.o ../libkismetdatasource.a -lpcap  -lnm -lgio-2.0 -lgobject-2.0 -lglib-2.0  -lnl-genl-3 -lnl-3  -lcap -lwebsockets -L/usr/lib64 -lcap  -lpthread -lm
gcc  -o kismet_cap_catsniffer_zigbee capture_catsniffer_zigbee.c.o ../libkismetdatasource.a -lcap -lwebsockets -L/usr/lib64 -lcap  -lpthread -lm
cc1: note: unrecognized command-line option ‘-Wno-unknown-warning-option’ may have been intended to silence earlier diagnostics
gcc -Wall -Wno-unknown-warning-option -Wno-format-truncation -Wno-unused-function -g -I. -fPIE -I/usr/include/libnm -I/usr/include/glib-2.0 -I/usr/lib/x86_64-linux-gnu/glib-2.0/include -pthread -I/usr/include/libmount -I/usr/include/blkid  -I/usr/include/libnl3   -Wno-dangling-reference  -pthread -I/usr/include/dbus-1.0 -I/usr/lib/x86_64-linux-gnu/dbus-1.0/include -I/usr/include/libnl3   -Wno-dangling-reference  -c capture_esp32c5.c -o capture_esp32c5.c.o
cc1: warning: command-line option ‘-Wno-dangling-reference’ is valid for C++/ObjC++ but not for C
make[1]: Leaving directory '/root/src/kismet/capture_linux_bluetooth'
(cd capture_sniffle_ble && make)
make[1]: Leaving directory '/root/src/kismet/capture_serial_radview'
(cd capture_freaklabs_zigbee_v2 && make)
make[1]: Entering directory '/root/src/kismet/capture_sniffle_ble'
gcc -Wall -Wno-unknown-warning-option -Wno-format-truncation -Wno-unused-function -g -I. -fPIE -I/usr/include/libnm -I/usr/include/glib-2.0 -I/usr/lib/x86_64-linux-gnu/glib-2.0/include -pthread -I/usr/include/libmount -I/usr/include/blkid  -I/usr/include/libnl3   -Wno-dangling-reference  -pthread -I/usr/include/dbus-1.0 -I/usr/lib/x86_64-linux-gnu/dbus-1.0/include -I/usr/include/libnl3   -Wno-dangling-reference  -c capture_sniffle_ble.c -o capture_sniffle_ble.c.o
make[1]: Entering directory '/root/src/kismet/capture_freaklabs_zigbee_v2'
gcc -Wall -Wno-unknown-warning-option -Wno-format-truncation -Wno-unused-function -g -I. -fPIE -I/usr/include/libnm -I/usr/include/glib-2.0 -I/usr/lib/x86_64-linux-gnu/glib-2.0/include -pthread -I/usr/include/libmount -I/usr/include/blkid  -I/usr/include/libnl3   -Wno-dangling-reference  -pthread -I/usr/include/dbus-1.0 -I/usr/lib/x86_64-linux-gnu/dbus-1.0/include -I/usr/include/libnl3   -Wno-dangling-reference  -c capture_freaklabs_zigbee_v2.c -o capture_freaklabs_zigbee_v2.c.o
cc1: warning: command-line option ‘-Wno-dangling-reference’ is valid for C++/ObjC++ but not for C
cc1: warning: command-line option ‘-Wno-dangling-reference’ is valid for C++/ObjC++ but not for C
make[1]: Leaving directory '/root/src/kismet/capture_nrf_52840'
(cd capture_rz_killerbee && make)
make[1]: Leaving directory '/root/src/kismet/capture_nrf_51822'
make[1]: Entering directory '/root/src/kismet/capture_rz_killerbee'
gcc -Wall -Wno-unknown-warning-option -Wno-format-truncation -Wno-unused-function -g -I. -fPIE -I/usr/include/libnm -I/usr/include/glib-2.0 -I/usr/lib/x86_64-linux-gnu/glib-2.0/include -pthread -I/usr/include/libmount -I/usr/include/blkid  -I/usr/include/libnl3   -Wno-dangling-reference  -pthread -I/usr/include/dbus-1.0 -I/usr/lib/x86_64-linux-gnu/dbus-1.0/include -I/usr/include/libnl3   -Wno-dangling-reference  -I/usr/include/libusb-1.0  -c capture_rz_killerbee.c -o capture_rz_killerbee.c.o
(cd capture_wch_ble_analyzer_pro && make)
cc1: warning: command-line option ‘-Wno-dangling-reference’ is valid for C++/ObjC++ but not for C
make[1]: Entering directory '/root/src/kismet/capture_wch_ble_analyzer_pro'
gcc -Wall -Wno-unknown-warning-option -Wno-format-truncation -Wno-unused-function -g -I. -fPIE -I/usr/include/libnm -I/usr/include/glib-2.0 -I/usr/lib/x86_64-linux-gnu/glib-2.0/include -pthread -I/usr/include/libmount -I/usr/include/blkid  -I/usr/include/libnl3   -Wno-dangling-reference  -pthread -I/usr/include/dbus-1.0 -I/usr/lib/x86_64-linux-gnu/dbus-1.0/include -I/usr/include/libnl3   -Wno-dangling-reference  -I/usr/include/libusb-1.0  -c capture_wch_ble_analyzer_pro.c -o capture_wch_ble_analyzer_pro.c.o
cc1: warning: command-line option ‘-Wno-dangling-reference’ is valid for C++/ObjC++ but not for C
cc1: note: unrecognized command-line option ‘-Wno-unknown-warning-option’ may have been intended to silence earlier diagnostics
cc1: note: unrecognized command-line option ‘-Wno-unknown-warning-option’ may have been intended to silence earlier diagnostics
gcc  -o kismet_cap_sniffle_ble capture_sniffle_ble.c.o ../libkismetdatasource.a -lcap -lwebsockets -L/usr/lib64 -lcap  -lpthread -lm
gcc  -o kismet_cap_freaklabs_zigbee capture_freaklabs_zigbee_v2.c.o ../libkismetdatasource.a -lcap -lwebsockets -L/usr/lib64 -lcap  -lpthread -lm
cc1: note: unrecognized command-line option ‘-Wno-unknown-warning-option’ may have been intended to silence earlier diagnostics
make[1]: Leaving directory '/root/src/kismet/capture_nxp_kw41z'
gcc  -o kismet_cap_esp32c5 capture_esp32c5.c.o ../libkismetdatasource.a -lcap -lwebsockets -L/usr/lib64 -lcap  -lpthread -lm
make[1]: Leaving directory '/root/src/kismet/capture_catsniffer_zigbee'
cc1: note: unrecognized command-line option ‘-Wno-unknown-warning-option’ may have been intended to silence earlier diagnostics
gcc  -o kismet_cap_rz_killerbee capture_rz_killerbee.c.o  ../libkismetdatasource.a -lcap -lwebsockets -L/usr/lib64 -lcap  -lpthread -lm -lusb-1.0 
make[1]: Leaving directory '/root/src/kismet/capture_linux_wifi'
cc1: note: unrecognized command-line option ‘-Wno-unknown-warning-option’ may have been intended to silence earlier diagnostics
gcc  -o kismet_cap_wch_ble_analyzer_pro wch_ble_analyzer.c.o capture_wch_ble_analyzer_pro.c.o ../libkismetdatasource.a -lcap -lwebsockets -L/usr/lib64 -lcap  -lpthread -lm -lusb-1.0 
make[1]: Leaving directory '/root/src/kismet/capture_sniffle_ble'
make[1]: Leaving directory '/root/src/kismet/capture_freaklabs_zigbee_v2'
make[1]: Leaving directory '/root/src/kismet/capture_esp32c5'
make[1]: Leaving directory '/root/src/kismet/capture_rz_killerbee'
make[1]: Leaving directory '/root/src/kismet/capture_wch_ble_analyzer_pro'
