1790681939.028 INFO: Including sub-config file: /home/osh/kismet-install/etc/kismet_httpd.conf
1790681939.028 INFO: Including sub-config file: /home/osh/kismet-install/etc/kismet_memory.conf
1790681939.028 INFO: Including sub-config file: /home/osh/kismet-install/etc/kismet_alerts.conf
1790681939.028 INFO: Including sub-config file: /home/osh/kismet-install/etc/kismet_80211.conf
1790681939.028 INFO: Including sub-config file: /home/osh/kismet-install/etc/kismet_logging.conf
1790681939.028 INFO: Including sub-config file: /home/osh/kismet-install/etc/kismet_filter.conf
1790681939.028 INFO: Including sub-config file: /home/osh/kismet-install/etc/kismet_uav.conf
1790681939.028 INFO: Loading config override file '/home/osh/kismet-install/etc/kismet_package.conf'
1790681939.028 INFO: Optional sub-config file not present: /home/osh/kismet-install/etc/kismet_package.conf
1790681939.028 INFO: Loading config override file '/home/osh/kismet-install/etc/kismet_site.conf'
1790681939.028 INFO: Optional sub-config file not present: /home/osh/kismet-install/etc/kismet_site.conf
1790681939.028 INFO: Generated server UUID 5C4FD0CA-BBFA-11F1-97E8-4B49534D4554 and storing in /tmp/hw3/h1/.kismet//kismet_server_id.conf
1790681939.028 INFO: Setting server UUID 5C4FD0CA-BBFA-11F1-97E8-4B49534D4554
1790681939.028 INFO: Starting Beast webserver on 0.0.0.0:2501
1790681939.028 INFO: Opened OUI file '/home/osh/kismet-install/share/kismet/kismet_manuf.txt.gz
1790681939.028 INFO: Indexing manufacturer db
1790681939.032 INFO: Completed indexing manufacturer db, 38959 lines and 780 indexes.
1790681939.039 INFO: Saving devices to the Kismet database log every 30 seconds
1790681939.044 INFO: Using default rates of 10/min, 1/sec for alert 'DEVICEFOUND'
1790681939.044 INFO: Using default rates of 10/min, 1/sec for alert 'DEVICELOST'
1790681939.044 INFO: Registering support for DLT_PPI packet header decoding
1790681939.044 INFO: Registering support for DLT_RADIOTAP packet header decoding
1790681939.044 INFO: Registering support for DLT_BTLE_RADIO packet header decoding
1790681939.048 INFO: Using default rates of 10/min, 1/sec for alert 'BADFIXLENIE'
1790681939.048 INFO: PHY80211 will only process AP signal levels from beacons
1790681939.048 INFO: Allowing Kismet clients to view WEP keys
1790681939.049 DEBUG: ssid canary FooCanary:ssid="FoobarCanary"
1790681939.049 DEBUG: ssid canary FooCanart2:ssid="(?i:foobarcanary)"
1790681939.049 INFO: Keeping EAPOL packets in memory for easy download and WIDS functionality; this can use more RAM.
1790681939.051 INFO: Registered PHY handler 'IEEE802.11' as ID 0
1790681939.053 INFO: Registered PHY handler 'RFSENSOR' as ID 1
1790681939.054 INFO: Registered PHY handler 'Z-Wave' as ID 2
1790681939.055 INFO: Registered PHY handler 'Bluetooth' as ID 3
1790681939.056 DEBUG: reserve_fields home id 538 app id 539
1790681939.058 INFO: Registered PHY handler 'UAV' as ID 4
1790681939.059 INFO: Registered PHY handler 'NrfMousejack' as ID 5
1790681939.059 ERROR: Tried to re-register duplicate alert FLIPPERZERO
1790681939.060 INFO: Registered PHY handler 'BTLE' as ID 6
1790681939.061 INFO: Registered PHY handler 'METER' as ID 7
1790681939.062 INFO: Indexing ADSB ICAO db
1790681939.324 INFO: Completed indexing ADSB ICAO db, 341068 lines 6822 indexes
1790681939.325 INFO: Registered PHY handler 'ADSB' as ID 8
1790681939.326 INFO: Registered PHY handler '802.15.4' as ID 9
1790681939.328 INFO: Registered PHY handler 'RADIATION' as ID 10
1790681939.333 INFO: (HTTPD) Could not read session data file, skipping loading saved sessions.
1790681939.333 INFO: Serving static file content from /home/osh/kismet-install/share/kismet/httpd/
1790681939.334 INFO: Enabling channel hopping by default on sources which support channel control.
1790681939.334 INFO: Setting default channel hop rate to 5/sec
1790681939.334 INFO: Enabling channel list splitting on sources which share the same list of channels
1790681939.334 INFO: Enabling channel list shuffling to optimize overlaps
1790681939.334 INFO: Sources will be re-opened if they encounter an error
1790681939.334 INFO: Saving datasources to the Kismet database log every 30 seconds
1790681939.334 INFO: Launching remote capture server on 127.0.0.1 3501
1790681939.337 INFO: No data sources defined; Kismet will not capture anything until a source is added.
1790681939.338 ALERT: LOGDISABLED Logging has been disabled via the Kismet config files or the command line.  Pcap, database, and related logs will not be saved.
1790681939.338 INFO: Logging disabled, not enabling any log drivers.
1790681939.338 INFO: GPS track will be logged to the Kismet logfile
1790681939.339 INFO: Starting Kismet web server...
1790681939.339 INFO: HTTP server listening on 0.0.0.0:2501
1790681939.341 INFO: Could not open system plugin directory (/home/osh/kismet-install/lib/kismet/), skipping: No such file or directory
1790681939.341 INFO: Did not find a user plugin directory (/tmp/hw3/h1/.kismet//plugins/), skipping: No such file or directory
1790681939.794 INFO: New remote source esp32c5-ttyACM1 (E5C50001-0000-0000-0000-3844BEBFC910) connected
1790681940.805 INFO: esp32c5-ttyACM1 - esp32c5-ttyACM1 capturing (wifi)
1790681942.255 INFO: Detected new 802.11 Wi-Fi access point 00:B8:C2:B2:AE:57
1790681942.255 INFO: 802.11 Wi-Fi device 00:B8:C2:B2:AE:57 advertising new SSID 'Mor'
1790681942.271 INFO: Detected new 802.11 Wi-Fi access point FA:8F:CA:6C:D1:65
1790681942.273 INFO: 802.11 Wi-Fi device FA:8F:CA:6C:D1:65 advertising new SSID 'JBL Bar 5.1_0891.l025'
1790681942.333 INFO: Detected new 802.11 Wi-Fi device 4C:2E:5E:D5:FE:E9
1790681942.337 INFO: 802.11 Wi-Fi device FA:8F:CA:6C:D1:65 advertising new SSID 'JBL Bar 5.1_0891.l025'
1790681942.374 INFO: Detected new 802.11 Wi-Fi access point B0:1F:47:0D:E9:B9
1790681942.375 INFO: 802.11 Wi-Fi device B0:1F:47:0D:E9:B9 advertising new SSID 'Mor'
1790681942.424 INFO: Detected new 802.11 Wi-Fi access point 26:39:F1:AB:05:B2
1790681942.424 INFO: 802.11 Wi-Fi device 26:39:F1:AB:05:B2 advertising new SSID 'osvc-2'
1790681942.531 INFO: 802.11 Wi-Fi device 26:39:F1:AB:05:B2 advertising new SSID 'osvc-2'
1790681942.591 INFO: Detected new 802.11 Wi-Fi access point C8:70:23:73:DA:93
1790681942.591 INFO: 802.11 Wi-Fi device C8:70:23:73:DA:93 advertising new SSID 'cohen'
1790681942.715 INFO: Detected new 802.11 Wi-Fi access point 40:AE:30:84:36:22
1790681942.715 INFO: 802.11 Wi-Fi device 40:AE:30:84:36:22 advertising new SSID 'cohen42'
1790681946.528 INFO: Detected new 802.11 Wi-Fi access point 82:AF:CA:25:C2:23
1790681946.532 INFO: 802.11 Wi-Fi device 82:AF:CA:25:C2:23 advertising a new cloaked SSID
1790681946.629 INFO: Detected new 802.11 Wi-Fi device 40:AE:30:84:5A:16
1790681946.629 INFO: Detected new 802.11 Wi-Fi device B0:1F:47:17:AF:4A
1790681946.642 INFO: Detected new 802.11 Wi-Fi device 46:AE:30:84:5A:16
1790681946.700 INFO: Detected new 802.11 Wi-Fi access point 46:AE:30:84:34:B6
1790681946.710 INFO: 802.11 Wi-Fi device 46:AE:30:84:34:B6 advertising a new cloaked SSID
1790681947.206 INFO: Detected new 802.11 Wi-Fi device E4:5F:01:49:99:3F
1790681947.206 INFO: Detected new 802.11 Wi-Fi device 42:A2:BA:65:29:F3
1790681948.529 INFO: Detected new 802.11 Wi-Fi device 2C:E0:32:9D:BF:C5
1790681948.545 INFO: Detected new 802.11 Wi-Fi access point CA:C9:A3:4D:96:E7
1790681948.560 INFO: 802.11 Wi-Fi device CA:C9:A3:4D:96:E7 advertising new SSID 'ESP-4D96E7'
1790681948.563 INFO: 802.11 Wi-Fi device CA:C9:A3:4D:96:E7 advertising new SSID 'ESP-4D96E7'
1790681948.813 INFO: 802.11 Wi-Fi device 46:AE:30:84:5A:16 advertising a new cloaked SSID
1790681948.855 INFO: Detected new 802.11 Wi-Fi device 40:AE:30:84:5A:14
1790681948.864 INFO: 802.11 Wi-Fi device 40:AE:30:84:5A:16 advertising new SSID 'cohen42'
1790681948.902 INFO: Detected new 802.11 Wi-Fi access point 40:AE:30:84:34:B6
1790681948.903 INFO: 802.11 Wi-Fi device 40:AE:30:84:34:B6 advertising new SSID 'cohen42'
1790681948.905 INFO: Detected new 802.11 Wi-Fi access point 46:AE:30:84:36:22
1790681948.906 INFO: 802.11 Wi-Fi device 46:AE:30:84:36:22 advertising a new cloaked SSID
1790681948.962 INFO: Detected new 802.11 Wi-Fi device 10:FF:E0:76:96:8C
1790681948.966 INFO: Detected new 802.11 Wi-Fi device 20:15:DE:A1:04:FB
1790681950.936 INFO: Detected new 802.11 Wi-Fi device A8:DB:03:42:DE:68
1790681951.169 INFO: Detected new 802.11 Wi-Fi device DC:07:F8:9F:12:D8
1790681952.903 INFO: Detected new 802.11 Wi-Fi device B0:1F:47:0D:E9:B8
1790681954.933 INFO: Detected new 802.11 Wi-Fi device 80:AF:CA:75:C2:23
1790681954.933 INFO: Detected new 802.11 Wi-Fi device 74:F8:DB:5D:D0:61
1790681956.841 INFO: Detected new 802.11 Wi-Fi access point 58:FC:20:1B:D9:D0
1790681956.842 INFO: 802.11 Wi-Fi device 58:FC:20:1B:D9:D0 advertising new SSID 'Sivan'
1790681956.897 INFO: Detected new 802.11 Wi-Fi device 74:E6:B8:BA:59:C8
1790681959.163 INFO: Detected new 802.11 Wi-Fi device 24:9E:7D:38:9F:74
1790681959.212 INFO: 802.11 Wi-Fi device 00:B8:C2:B2:AE:57 advertising new SSID 'Mor'
1790681959.268 INFO: 802.11 Wi-Fi device C8:70:23:73:DA:93 advertising new SSID 'cohen'
1790681959.339 INFO: Detected new 802.11 Wi-Fi device 94:83:C4:25:9E:39
1790681959.539 INFO: 802.11 Wi-Fi device 40:AE:30:84:34:B6 advertising new SSID 'cohen42'
1790681959.947 INFO: Detected new 802.11 Wi-Fi device D2:62:E6:3C:F3:CD
1790681961.431 INFO: Detected new 802.11 Wi-Fi device CE:24:8E:B8:EC:32
1790681963.413 INFO: 802.11 Wi-Fi device 80:AF:CA:75:C2:23 advertising new SSID 'Cudy-C223'
1790681965.805 INFO: Detected new 802.11 Wi-Fi device 20:0B:74:10:99:0E
1790681967.545 INFO: Detected new 802.11 Wi-Fi device B0:1F:47:10:E2:62
1790681967.547 INFO: Detected new 802.11 Wi-Fi device 00:B8:C2:B2:AE:4E
1790681967.595 INFO: Detected new 802.11 Wi-Fi device 9C:95:61:17:8E:1C
1790681968.350 INFO: Detected new 802.11 Wi-Fi access point 00:B8:C2:B2:AE:58
1790681968.350 INFO: Detected new 802.11 Wi-Fi device EE:E6:9F:46:A6:12
1790681969.792 ERROR: Data source 'esp32c5-ttyACM1 / esp32c5-ttyACM1' ('esp32c5-ttyACM1') encountered an error: websocket connection closed
1790681973.312 INFO: Matching new remote source 'esp32c5-ttyACM1' with known source with UUID 'E5C50001-0000-0000-0000-3844BEBFC910'
1790681973.316 INFO: Remote source esp32c5-ttyACM1 (E5C50001-0000-0000-0000-3844BEBFC910) reconnected
1790681974.294 INFO: esp32c5-ttyACM1 - esp32c5-ttyACM1 capturing (wifi)
1790681976.020 INFO: Detected new 802.11 Wi-Fi device FC:F5:C4:BE:0B:A5
1790681982.527 INFO: 802.11 Wi-Fi device 40:AE:30:84:5A:16 advertising new SSID 'cohen42'
1790681988.553 INFO: Detected new 802.11 Wi-Fi device D8:D8:E5:B0:E8:E6
1790682001.930 INFO: Detected new 802.11 Wi-Fi device 38:8A:06:37:8E:2A
1790682001.944 INFO: Detected new 802.11 Wi-Fi device B2:C7:80:E0:00:9F
1790682003.316 ERROR: Data source 'esp32c5-ttyACM1 / esp32c5-ttyACM1' ('esp32c5-ttyACM1') encountered an error: websocket connection closed
1790682006.859 INFO: Matching new remote source 'esp32c5-ttyACM1' with known source with UUID 'E5C50001-0000-0000-0000-3844BEBFC910'
1790682006.865 INFO: Remote source esp32c5-ttyACM1 (E5C50001-0000-0000-0000-3844BEBFC910) reconnected
1790682007.833 INFO: esp32c5-ttyACM1 - esp32c5-ttyACM1 capturing (wifi)
1790682015.557 INFO: Detected new 802.11 Wi-Fi device 64:64:4A:BB:59:65
1790682015.558 INFO: Detected new 802.11 Wi-Fi device 78:DF:72:D3:BB:92
1790682015.558 INFO: Detected new 802.11 Wi-Fi device B0:BB:E5:7F:F6:E7
1790682023.990 INFO: Detected new 802.11 Wi-Fi device 58:FC:20:1B:D9:CF
1790682026.587 INFO: Detected new 802.11 Wi-Fi device 1C:4D:89:65:18:2A
1790682032.491 INFO: Detected new 802.11 Wi-Fi device 3E:8E:AC:31:28:5C
1790682034.661 INFO: Detected new 802.11 Wi-Fi device 78:DF:72:44:14:1D
1790682036.847 ERROR: Data source 'esp32c5-ttyACM1 / esp32c5-ttyACM1' ('esp32c5-ttyACM1') encountered an error: websocket connection closed
1790682040.386 INFO: Matching new remote source 'esp32c5-ttyACM1' with known source with UUID 'E5C50001-0000-0000-0000-3844BEBFC910'
1790682040.391 INFO: Remote source esp32c5-ttyACM1 (E5C50001-0000-0000-0000-3844BEBFC910) reconnected
1790682041.370 INFO: esp32c5-ttyACM1 - esp32c5-ttyACM1 capturing (wifi)
1790682049.037 INFO: Detected new 802.11 Wi-Fi device A8:42:A1:B2:27:77
1790682049.037 INFO: Detected new 802.11 Wi-Fi device D4:E8:53:00:37:6A
1790682049.586 INFO: Detected new 802.11 Wi-Fi device 40:AE:30:84:34:B4
1790682053.830 INFO: Detected new 802.11 Wi-Fi device 40:AC:BF:1B:33:91
1790682070.380 ERROR: Data source 'esp32c5-ttyACM1 / esp32c5-ttyACM1' ('esp32c5-ttyACM1') encountered an error: websocket connection closed
1790682073.918 INFO: Matching new remote source 'esp32c5-ttyACM1' with known source with UUID 'E5C50001-0000-0000-0000-3844BEBFC910'
1790682073.923 INFO: Remote source esp32c5-ttyACM1 (E5C50001-0000-0000-0000-3844BEBFC910) reconnected
1790682074.898 INFO: esp32c5-ttyACM1 - esp32c5-ttyACM1 capturing (wifi)
1790682083.111 INFO: 802.11 Wi-Fi device 40:AE:30:84:36:22 advertising new SSID 'cohen42'
1790682091.144 INFO: Detected new 802.11 Wi-Fi device D4:CF:F9:B5:58:AE
1790682102.511 INFO: Detected new 802.11 Wi-Fi device 6A:B8:C2:B2:AE:59
1790682103.911 ERROR: Data source 'esp32c5-ttyACM1 / esp32c5-ttyACM1' ('esp32c5-ttyACM1') encountered an error: websocket connection closed
1790682107.740 INFO: Matching new remote source 'esp32c5-ttyACM1' with known source with UUID 'E5C50001-0000-0000-0000-3844BEBFC910'
1790682107.743 INFO: Remote source esp32c5-ttyACM1 (E5C50001-0000-0000-0000-3844BEBFC910) reconnected
1790682108.745 INFO: esp32c5-ttyACM1 - esp32c5-ttyACM1 capturing (wifi)
1790682119.917 INFO: Detected new 802.11 Wi-Fi device DE:85:21:5C:A3:AE
1790682136.031 INFO: Detected new 802.11 Wi-Fi device A6:9F:76:6D:54:67
1790682137.733 ERROR: Data source 'esp32c5-ttyACM1 / esp32c5-ttyACM1' ('esp32c5-ttyACM1') encountered an error: IPC connection closed
1790682141.276 INFO: Matching new remote source 'esp32c5-ttyACM1' with known source with UUID 'E5C50001-0000-0000-0000-3844BEBFC910'
1790682141.282 INFO: Remote source esp32c5-ttyACM1 (E5C50001-0000-0000-0000-3844BEBFC910) reconnected
1790682142.284 INFO: esp32c5-ttyACM1 - esp32c5-ttyACM1 capturing (wifi)
1790682144.307 INFO: Detected new 802.11 Wi-Fi device 70:F7:54:59:32:1C
1790682150.934 INFO: Detected new 802.11 Wi-Fi device 38:E1:F4:E7:5F:35
1790682150.934 INFO: Detected new 802.11 Wi-Fi device 80:64:7C:98:79:B0
1790682150.934 INFO: Detected new 802.11 Wi-Fi device 38:E1:F4:E7:5F:32
1790682152.520 INFO: Detected new 802.11 Wi-Fi device 20:50:E7:2A:0F:76
1790682152.525 INFO: Detected new 802.11 Wi-Fi device D4:CF:F9:B5:5C:ED
1790682152.527 INFO: Detected new 802.11 Wi-Fi device 70:F7:54:55:CB:00
1790682171.264 ERROR: Data source 'esp32c5-ttyACM1 / esp32c5-ttyACM1' ('esp32c5-ttyACM1') encountered an error: IPC connection closed
1790682174.801 INFO: Matching new remote source 'esp32c5-ttyACM1' with known source with UUID 'E5C50001-0000-0000-0000-3844BEBFC910'
1790682174.806 INFO: Remote source esp32c5-ttyACM1 (E5C50001-0000-0000-0000-3844BEBFC910) reconnected
1790682175.808 INFO: esp32c5-ttyACM1 - esp32c5-ttyACM1 capturing (wifi)
1790682183.518 INFO: Detected new 802.11 Wi-Fi device 86:90:68:C2:87:A2
1790682188.016 INFO: Detected new 802.11 Wi-Fi device D2:84:8F:D2:51:E1
1790682204.795 ERROR: Data source 'esp32c5-ttyACM1 / esp32c5-ttyACM1' ('esp32c5-ttyACM1') encountered an error: IPC connection closed
1790682208.328 INFO: Matching new remote source 'esp32c5-ttyACM1' with known source with UUID 'E5C50001-0000-0000-0000-3844BEBFC910'
1790682208.331 INFO: Remote source esp32c5-ttyACM1 (E5C50001-0000-0000-0000-3844BEBFC910) reconnected
1790682209.333 INFO: esp32c5-ttyACM1 - esp32c5-ttyACM1 capturing (wifi)
1790682234.522 INFO: Detected new 802.11 Wi-Fi device 04:03:12:27:F2:76
1790682238.322 ERROR: Data source 'esp32c5-ttyACM1 / esp32c5-ttyACM1' ('esp32c5-ttyACM1') encountered an error: IPC connection closed
1790682241.873 INFO: Matching new remote source 'esp32c5-ttyACM1' with known source with UUID 'E5C50001-0000-0000-0000-3844BEBFC910'
1790682241.878 INFO: Remote source esp32c5-ttyACM1 (E5C50001-0000-0000-0000-3844BEBFC910) reconnected
1790682242.881 INFO: esp32c5-ttyACM1 - esp32c5-ttyACM1 capturing (wifi)
1790682244.899 INFO: Detected new 802.11 Wi-Fi device AC:1C:26:64:4C:C3
1790682246.895 INFO: Detected new 802.11 Wi-Fi device FE:88:7D:E6:01:53
1790682251.431 INFO: Detected new 802.11 Wi-Fi device 28:C7:09:5E:C8:D6
1790682271.853 ERROR: Data source 'esp32c5-ttyACM1 / esp32c5-ttyACM1' ('esp32c5-ttyACM1') encountered an error: IPC connection closed
1790682275.966 INFO: Matching new remote source 'esp32c5-ttyACM1' with known source with UUID 'E5C50001-0000-0000-0000-3844BEBFC910'
1790682275.976 INFO: Remote source esp32c5-ttyACM1 (E5C50001-0000-0000-0000-3844BEBFC910) reconnected
1790682275.976 INFO: esp32c5-ttyACM1 - /dev/ttyACM1 opened
1790682276.989 INFO: esp32c5-ttyACM1 - /dev/ttyACM1 capturing
1790682295.445 INFO: Detected new 802.11 Wi-Fi device 8E:89:3D:76:BF:D6
1790682305.676 ERROR: Data source 'esp32c5-ttyACM1 / esp32c5-ttyACM1' ('esp32c5-ttyACM1') encountered an error: websocket connection closed
1790682309.534 INFO: Matching new remote source 'esp32c5-ttyACM1' with known source with UUID 'E5C50001-0000-0000-0000-3844BEBFC910'
1790682309.542 INFO: Remote source esp32c5-ttyACM1 (E5C50001-0000-0000-0000-3844BEBFC910) reconnected
1790682309.543 INFO: esp32c5-ttyACM1 - /dev/ttyACM1 opened
1790682310.616 INFO: esp32c5-ttyACM1 - /dev/ttyACM1 capturing
1790682326.815 INFO: 802.11 Wi-Fi device 58:FC:20:1B:D9:D0 advertising new SSID 'Sivan'
1790682326.815 INFO: Detected new 802.11 Wi-Fi device 54:2B:57:31:09:AF
1790682339.360 ERROR: Data source 'esp32c5-ttyACM1 / esp32c5-ttyACM1' ('esp32c5-ttyACM1') encountered an error: websocket connection closed
1790682343.226 INFO: Matching new remote source 'esp32c5-ttyACM1' with known source with UUID 'E5C50001-0000-0000-0000-3844BEBFC910'
1790682343.233 INFO: Remote source esp32c5-ttyACM1 (E5C50001-0000-0000-0000-3844BEBFC910) reconnected
1790682343.233 INFO: esp32c5-ttyACM1 - /dev/ttyACM1 opened
1790682344.229 INFO: esp32c5-ttyACM1 - /dev/ttyACM1 capturing
1790682346.177 INFO: Detected new 802.11 Wi-Fi device 04:03:12:27:F0:66
1790682369.151 INFO: Detected new 802.11 Wi-Fi device 62:D8:A4:1D:31:36
1790682373.014 ERROR: Data source 'esp32c5-ttyACM1 / esp32c5-ttyACM1' ('esp32c5-ttyACM1') encountered an error: websocket connection closed
1790682376.914 INFO: Matching new remote source 'esp32c5-ttyACM1' with known source with UUID 'E5C50001-0000-0000-0000-3844BEBFC910'
1790682376.922 INFO: Remote source esp32c5-ttyACM1 (E5C50001-0000-0000-0000-3844BEBFC910) reconnected
1790682376.922 INFO: esp32c5-ttyACM1 - /dev/ttyACM1 opened
1790682377.980 INFO: esp32c5-ttyACM1 - /dev/ttyACM1 capturing
1790682384.029 INFO: Detected new 802.11 Wi-Fi device 82:9F:8B:EB:B6:51
1790682385.675 INFO: Detected new 802.11 Wi-Fi device CE:59:74:BD:60:CC
1790682406.713 ERROR: Data source 'esp32c5-ttyACM1 / esp32c5-ttyACM1' ('esp32c5-ttyACM1') encountered an error: websocket connection closed
1790682410.546 INFO: Matching new remote source 'esp32c5-ttyACM1' with known source with UUID 'E5C50001-0000-0000-0000-3844BEBFC910'
1790682410.553 INFO: Remote source esp32c5-ttyACM1 (E5C50001-0000-0000-0000-3844BEBFC910) reconnected
1790682410.554 INFO: esp32c5-ttyACM1 - /dev/ttyACM1 opened
1790682411.494 INFO: esp32c5-ttyACM1 - /dev/ttyACM1 capturing
1790682440.375 ERROR: Data source 'esp32c5-ttyACM1 / esp32c5-ttyACM1' ('esp32c5-ttyACM1') encountered an error: websocket connection closed
1790682444.280 INFO: Matching new remote source 'esp32c5-ttyACM1' with known source with UUID 'E5C50001-0000-0000-0000-3844BEBFC910'
1790682444.290 INFO: Remote source esp32c5-ttyACM1 (E5C50001-0000-0000-0000-3844BEBFC910) reconnected
1790682445.366 INFO: esp32c5-ttyACM1 - esp32c5-ttyACM1 capturing (wifi)
1790682457.913 INFO: Detected new 802.11 Wi-Fi device FA:6A:0D:B8:B2:AC
1790682470.372 INFO: Detected new 802.11 Wi-Fi device 08:54:11:00:55:F2
1790682472.472 INFO: Detected new 802.11 Wi-Fi device 40:AE:30:84:5A:15
1790682474.265 ERROR: Data source 'esp32c5-ttyACM1 / esp32c5-ttyACM1' ('esp32c5-ttyACM1') encountered an error: websocket connection closed
1790682478.437 
1790682478.437 *** KISMET IS SHUTTING DOWN ***
1790682478.438 Shutting down plugins...
1790682478.438 WARNING: Kismet changes the configuration of network devices.
1790682478.438          In most cases you will need to restart networking for
1790682478.438          your interface (varies per distribution and OS), but 
1790682478.438          typically one of:
1790682478.438          sudo service networking restart
1790682478.438          sudo /etc/init.d/networking restart
1790682478.438          or
1790682478.438          nmcli device set [device] managed true
1790682478.438 
1790682478.438 Kismet exiting.
1790682478.438 EXITING: Signal service thread complete.
