mapping: 10:BD:A3:CF:05:40=ttyACM0 38:44:BE:BF:C9:10=ttyACM1 38:44:BE:BF:D8:0C=ttyACM2 10:BD:A3:C8:7D:54=ttyACM3 
########## (1) password 'hw3 Pass%41x'
kismet up after 0.59 s, pid 410210, home /tmp/hw3/h6a, status.json HTTP 200
httpd.conf: httpd_username=admin
httpd.conf: httpd_password=hw3 Pass%41x
curl Basic 'admin:hw3 Pass%41x'         -> HTTP 200
curl Basic 'admin:hw3 PassAx'           -> HTTP 401
c1: helper pid 410256; capturing in Kismet after: 1.18 s
c1 src: esp32c5-ttyACM1            run=1 err=0 rem=1 pkts=19     ch=6    hop=1 nch=42 pid=0 uuid=E5C50001-0000-0000-0000-3844BEBFC910 dlt=127 reason=
c1: exit status 143
--- c1 helper output:
[2026/09/29 14:59:36:5713] W: _lws_smd_msg_send: rejecting message on queue depth 40
INFO: 127.0.0.1:2501 starting capture...
py1: helper pid 410334; capturing in Kismet after: 0.16 s
py1 src: esp32c5-ttyACM1            run=1 err=0 rem=1 pkts=19     ch=6    hop=1 nch=42 pid=0 uuid=E5C50001-0000-0000-0000-3844BEBFC910 dlt=127 reason=websocket
py1: exit status 0
--- py1 helper output:
14:59:40 INFO: esp32c5-ttyACM1: connected, offering it to Kismet as E5C50001-0000-0000-0000-3844BEBFC910
14:59:40 INFO: esp32c5-ttyACM1: opening /dev/ttyACM1 for wifi
14:59:40 INFO: /dev/ttyACM1 opened
14:59:40 INFO: stopping
14:59:40 INFO: esp32c5-ttyACM1: connection ended: stopped
kismet 410210 stopped
########## (2) password 'hw3&Pass'
kismet up after 0.59 s, pid 410392, home /tmp/hw3/h6b, status.json HTTP 200
httpd.conf: httpd_username=admin
httpd.conf: httpd_password=hw3&Pass
curl Basic 'admin:hw3&Pass'             -> HTTP 200
c2: helper pid 410436; capturing in Kismet after: timeout s
c2: exit status 143
--- c2 helper output:
WARNING: the Kismet user name or password contains '&', and Kismet's server splits the login at '&' after decoding it, so it cannot log in with this one; use an API key (--apikey or KISMET_CAP_APIKEY) or a password without '&'
[2026/09/29 14:59:45:0273] W: _lws_smd_msg_send: rejecting message on queue depth 40
[2026/09/29 14:59:45:0280] W: [wsicli|0|WS/h1/default/127.0.0.1]: lws_client_ws_upgrade: got bad HTTP response '401'
FATAL: Datasource could not connect websocket client
FATAL:  Datasource exiting libwebsocket loop
INFO: capture process exited 0 signal 0
INFO: Sleeping 5 seconds before attempting to reconnect to remote server
[2026/09/29 14:59:50:0435] W: _lws_smd_msg_send: rejecting message on queue depth 40
[2026/09/29 14:59:50:0443] W: [wsicli|0|WS/h1/default/127.0.0.1]: lws_client_ws_upgrade: got bad HTTP response '401'
FATAL: Datasource could not connect websocket client
FATAL:  Datasource exiting libwebsocket loop
INFO: capture process exited 0 signal 0
INFO: Sleeping 5 seconds before attempting to reconnect to remote server
[2026/09/29 14:59:55:0638] W: _lws_smd_msg_send: rejecting message on queue depth 40
[2026/09/29 14:59:55:0650] W: [wsicli|0|WS/h1/default/127.0.0.1]: lws_client_ws_upgrade: got bad HTTP response '401'
FATAL: Datasource could not connect websocket client
FATAL:  Datasource exiting libwebsocket loop
INFO: capture process exited 0 signal 0
INFO: Sleeping 5 seconds before attempting to reconnect to remote server
py2: helper pid 410827; capturing in Kismet after: 1.19 s
py2 src: esp32c5-ttyACM1            run=1 err=0 rem=1 pkts=17     ch=6    hop=1 nch=42 pid=0 uuid=E5C50001-0000-0000-0000-3844BEBFC910 dlt=127 reason=
py2: exit status 0
--- py2 helper output:
14:59:59 INFO: esp32c5-ttyACM1: connected, offering it to Kismet as E5C50001-0000-0000-0000-3844BEBFC910
14:59:59 INFO: esp32c5-ttyACM1: opening /dev/ttyACM1 for wifi
14:59:59 INFO: /dev/ttyACM1 opened
15:00:01 INFO: stopping
15:00:01 INFO: esp32c5-ttyACM1: connection ended: stopped
kismet 410392 stopped
########## (3) user 'ad:min', password 'hw3&Pass'
kismet up after 0.61 s, pid 410939, home /tmp/hw3/h6c, status.json HTTP 401
httpd.conf: httpd_username=ad:min
httpd.conf: httpd_password=hw3&Pass
(REST from this script cannot log in with Basic either, as ':' ends the user name: 401)
py3: helper pid 410981; capturing in Kismet after: timeout s
py3 src: ERR <html><head><title>401 Permission denied</title></head><body><h1>401 Permission denied</h1><br><p>This resource requires a login or session token.
py3 src: 
py3: exit status 0
--- py3 helper output:
15:00:05 WARNING: the Kismet user name holds ':' and the login '&': Kismet reads a user name in an Authorization header only up to its first ':', and cuts a login in the websocket's address at every '&' (after decoding it), so this one cannot log in either way; use an API key (--apikey or KISMET_CAP_APIKEY) instead of the login
15:00:05 ERROR: esp32c5-ttyACM1: Kismet refused the websocket: Handshake status 401 Unauthorized -+-+- {'server': 'Kismet', 'content-type': 'text/html', 'content-length': '165'} -+-+- <html><head><title>401 Permission denied</title></head><body><h1>401 Permission denied</h1><br><p>This resource requires a login or session token.</p></body></html>
 (check the login -- --user/--password or KISMET_CAP_USER/KISMET_CAP_PASSWORD -- or the API key -- --apikey or KISMET_CAP_APIKEY; the key needs the datasource role)
15:00:10 ERROR: esp32c5-ttyACM1: Kismet refused the websocket: Handshake status 401 Unauthorized -+-+- {'server': 'Kismet', 'content-type': 'text/html', 'content-length': '165'} -+-+- <html><head><title>401 Permission denied</title></head><body><h1>401 Permission denied</h1><br><p>This resource requires a login or session token.</p></body></html>
 (check the login -- --user/--password or KISMET_CAP_USER/KISMET_CAP_PASSWORD -- or the API key -- --apikey or KISMET_CAP_APIKEY; the key needs the datasource role)
15:00:15 ERROR: esp32c5-ttyACM1: Kismet refused the websocket: Handshake status 401 Unauthorized -+-+- {'server': 'Kismet', 'content-type': 'text/html', 'content-length': '165'} -+-+- <html><head><title>401 Permission denied</title></head><body><h1>401 Permission denied</h1><br><p>This resource requires a login or session token.</p></body></html>
 (check the login -- --user/--password or KISMET_CAP_USER/KISMET_CAP_PASSWORD -- or the API key -- --apikey or KISMET_CAP_APIKEY; the key needs the datasource role)
15:00:17 INFO: stopping
c3: helper pid 411256; capturing in Kismet after: timeout s
c3 src: ERR <html><head><title>401 Permission denied</title></head><body><h1>401 Permission denied</h1><br><p>This resource requires a login or session token.
c3 src: 
c3: exit status 143
--- c3 helper output:
WARNING: the Kismet user name or password contains '&', and Kismet's server splits the login at '&' after decoding it, so it cannot log in with this one; use an API key (--apikey or KISMET_CAP_APIKEY) or a password without '&'
[2026/09/29 15:00:20:0793] W: _lws_smd_msg_send: rejecting message on queue depth 40
[2026/09/29 15:00:20:0799] W: [wsicli|0|WS/h1/default/127.0.0.1]: lws_client_ws_upgrade: got bad HTTP response '401'
FATAL: Datasource could not connect websocket client
FATAL:  Datasource exiting libwebsocket loop
INFO: capture process exited 0 signal 0
INFO: Sleeping 5 seconds before attempting to reconnect to remote server
[2026/09/29 15:00:25:1118] W: _lws_smd_msg_send: rejecting message on queue depth 40
[2026/09/29 15:00:25:1131] W: [wsicli|0|WS/h1/default/127.0.0.1]: lws_client_ws_upgrade: got bad HTTP response '401'
FATAL: Datasource could not connect websocket client
FATAL:  Datasource exiting libwebsocket loop
INFO: capture process exited 0 signal 0
INFO: Sleeping 5 seconds before attempting to reconnect to remote server
[2026/09/29 15:00:30:1276] W: _lws_smd_msg_send: rejecting message on queue depth 40
[2026/09/29 15:00:30:1287] W: [wsicli|0|WS/h1/default/127.0.0.1]: lws_client_ws_upgrade: got bad HTTP response '401'
FATAL: Datasource could not connect websocket client
FATAL:  Datasource exiting libwebsocket loop
INFO: capture process exited 0 signal 0
INFO: Sleeping 5 seconds before attempting to reconnect to remote server
kismet 410939 stopped
1790683236.087 /dev/ttyACM0 -> /dev/ttyACM0: holders none
1790683236.087 /dev/ttyACM1 -> /dev/ttyACM1: holders none
1790683236.087 /dev/ttyACM2 -> /dev/ttyACM2: holders none
1790683236.087 /dev/ttyACM3 -> /dev/ttyACM3: holders none
