mapping: 10:BD:A3:CF:05:40=ttyACM0 38:44:BE:BF:C9:10=ttyACM1 38:44:BE:BF:D8:0C=ttyACM2 10:BD:A3:C8:7D:54=ttyACM3 
===== C local: -c esp32c5btle-ttyACM3:channel=38
kismet up after 0.60 s, pid 409342, home /tmp/hw3/h5l, status.json HTTP 200
capturing after (s): 1.28
at open:               running=1 channel='37' hopping=1 hop_channels=['37', '37'] channels=['37', '38'] pkts=5 error=
--- set_channel.cmd 38
HTTP 200
{"kismet.datasource.source_number": 1, "kismet.datasource.source_key": 2250245987, "kismet.datasource.cmd_pending": 0, "kismet.datasource.paused": 0, "kismet.datasource.ipc_binary": "kismet_cap_esp32c
after set 38:          running=1 channel='37' hopping=0 hop_channels=['37', '37'] channels=['37', '38'] pkts=88 error=
--- set_channel.cmd 39
HTTP 200
{"kismet.datasource.source_number": 1, "kismet.datasource.source_key": 2250245987, "kismet.datasource.cmd_pending": 0, "kismet.datasource.paused": 0, "kismet.datasource.ipc_binary": "kismet_cap_esp32c
after set 39:          running=1 channel='37' hopping=0 hop_channels=['37', '37'] channels=['37', '38'] pkts=167 error=
--- set_channel.cmd 40
HTTP 200
{"kismet.datasource.source_number": 1, "kismet.datasource.source_key": 2250245987, "kismet.datasource.cmd_pending": 0, "kismet.datasource.paused": 0, "kismet.datasource.ipc_binary": "kismet_cap_esp32c
after set 40:          running=1 channel='37' hopping=0 hop_channels=['37', '37'] channels=['37', '38'] pkts=239 error=
6 s after set 40:      running=1 channel='37' hopping=0 hop_channels=['37', '37'] channels=['37', '38'] pkts=291 error=
kismet 409342 stopped
1790683107.233 INFO: Enabling channel hopping by default on sources which support channel control.
1790683107.233 INFO: Setting default channel hop rate to 5/sec
1790683107.233 INFO: Enabling channel list splitting on sources which share the same list of channels
1790683107.233 INFO: Enabling channel list shuffling to optimize overlaps
1790683107.236 INFO: Probing interface 'esp32c5btle-ttyACM3' to find datasource type
1790683107.326 interface: esp32c5btle-ttyACM3
1790683107.327 INFO: Found type 'esp32c5' for 'esp32c5btle-ttyACM3:channel=38'
1790683107.344 INFO: Data source 'esp32c5btle-ttyACM3:channel=38' launched successfully
1790683108.844 INFO: esp32c5btle-ttyACM3 capturing (btle)
1790683109.340 INFO: Source 'esp32c5btle-ttyACM3' (E5C50003-0000-0000-0000-10BDA3C87D54) setting channel 38
1790683112.827 INFO: Source 'esp32c5btle-ttyACM3' (E5C50003-0000-0000-0000-10BDA3C87D54) setting channel 39
1790683116.274 INFO: Source 'esp32c5btle-ttyACM3' (E5C50003-0000-0000-0000-10BDA3C87D54) setting channel 40
1790683116.275 ERROR: esp32c5btle-ttyACM3 cannot tune to channel 40 in btle mode
===== C remote (websocket): --source esp32c5btle-ttyACM3:channel=38
kismet up after 0.63 s, pid 409646, home /tmp/hw3/h5r, status.json HTTP 200
capturing after (s): 0.76
C remote at open:      running=1 channel='37' hopping=1 hop_channels=['37', '37'] channels=['37', '38'] pkts=5 error=
--- set_channel.cmd 38
HTTP 200
{"kismet.datasource.source_number": 1, "kismet.datasource.source_key": 2250245987, "kismet.datasource.cmd_pending": 0, "kismet.datasource.paused": 0, "kismet.datasource.ipc_binary": "kismet_cap_esp32c
after set 38:          running=1 channel='37' hopping=0 hop_channels=['37', '37'] channels=['37', '38'] pkts=63 error=
--- set_channel.cmd 39
HTTP 200
{"kismet.datasource.source_number": 1, "kismet.datasource.source_key": 2250245987, "kismet.datasource.cmd_pending": 0, "kismet.datasource.paused": 0, "kismet.datasource.ipc_binary": "kismet_cap_esp32c
after set 39:          running=1 channel='37' hopping=0 hop_channels=['37', '37'] channels=['37', '38'] pkts=124 error=
--- set_channel.cmd 40
HTTP 200
{"kismet.datasource.source_number": 1, "kismet.datasource.source_key": 2250245987, "kismet.datasource.cmd_pending": 0, "kismet.datasource.paused": 0, "kismet.datasource.ipc_binary": "kismet_cap_esp32c
after set 40:          running=1 channel='37' hopping=0 hop_channels=['37', '37'] channels=['37', '38'] pkts=191 error=
6 s after set 40:      running=1 channel='37' hopping=0 hop_channels=['37', '37'] channels=['37', '38'] pkts=237 error=
C helper exit status 143
===== Python remote (websocket): --source esp32c5btle-ttyACM3:channel=38
capturing after (s): 0.04
Python at open:        running=1 channel='37' hopping=1 hop_channels=['37', '37'] channels=['37', '38'] pkts=238 error=
--- set_channel.cmd 38
HTTP 200
{"kismet.datasource.source_number": 1, "kismet.datasource.source_key": 2250245987, "kismet.datasource.cmd_pending": 0, "kismet.datasource.paused": 0, "kismet.datasource.ipc_binary": "kismet_cap_esp32c
after set 38:          running=1 channel='37' hopping=0 hop_channels=['37', '37'] channels=['37', '38'] pkts=295 error=
--- set_channel.cmd 39
HTTP 200
{"kismet.datasource.source_number": 1, "kismet.datasource.source_key": 2250245987, "kismet.datasource.cmd_pending": 0, "kismet.datasource.paused": 0, "kismet.datasource.ipc_binary": "kismet_cap_esp32c
after set 39:          running=1 channel='37' hopping=0 hop_channels=['37', '37'] channels=['37', '38'] pkts=348 error=
--- set_channel.cmd 40
HTTP 500
{}
after set 40:          running=0 channel='37' hopping=0 hop_channels=['37', '37'] channels=['37', '38'] pkts=352 error=40 is not a channel the board can tune to in btle mode
6 s after set 40:      running=1 channel='37' hopping=1 hop_channels=['37', '37'] channels=['37', '38'] pkts=360 error=
Python helper exit status 0
kismet 409646 stopped
1790683124.958 INFO: Enabling channel hopping by default on sources which support channel control.
1790683124.958 INFO: Setting default channel hop rate to 5/sec
1790683124.958 INFO: Enabling channel list splitting on sources which share the same list of channels
1790683124.958 INFO: Enabling channel list shuffling to optimize overlaps
1790683125.241 INFO: New remote source esp32c5btle-ttyACM3 (E5C50003-0000-0000-0000-10BDA3C87D54) connected
1790683126.057 INFO: esp32c5btle-ttyACM3 - esp32c5btle-ttyACM3 capturing (btle)
1790683126.563 INFO: Source 'esp32c5btle-ttyACM3' (E5C50003-0000-0000-0000-10BDA3C87D54) setting channel 38
1790683130.062 INFO: Source 'esp32c5btle-ttyACM3' (E5C50003-0000-0000-0000-10BDA3C87D54) setting channel 39
1790683133.505 INFO: Source 'esp32c5btle-ttyACM3' (E5C50003-0000-0000-0000-10BDA3C87D54) setting channel 40
1790683133.505 ERROR: esp32c5btle-ttyACM3 - esp32c5btle-ttyACM3 cannot tune to channel 40 in btle mode
1790683140.057 ERROR: Data source 'esp32c5btle-ttyACM3 / esp32c5btle-ttyACM3:channel=38' ('esp32c5btle-ttyACM3') encountered an error: websocket connection closed
1790683143.354 INFO: Matching new remote source 'esp32c5btle-ttyACM3:channel=38' with known source with UUID 'E5C50003-0000-0000-0000-10BDA3C87D54'
1790683143.361 INFO: Remote source esp32c5btle-ttyACM3 (E5C50003-0000-0000-0000-10BDA3C87D54) reconnected
1790683143.361 INFO: esp32c5btle-ttyACM3 - /dev/ttyACM3 opened
1790683144.257 INFO: esp32c5btle-ttyACM3 - /dev/ttyACM3 capturing
1790683144.683 INFO: Source 'esp32c5btle-ttyACM3' (E5C50003-0000-0000-0000-10BDA3C87D54) setting channel 38
1790683148.131 INFO: Source 'esp32c5btle-ttyACM3' (E5C50003-0000-0000-0000-10BDA3C87D54) setting channel 39
1790683151.632 INFO: Source 'esp32c5btle-ttyACM3' (E5C50003-0000-0000-0000-10BDA3C87D54) setting channel 40
1790683151.633 ERROR: Data source 'esp32c5btle-ttyACM3 / esp32c5btle-ttyACM3:channel=38' ('esp32c5btle-ttyACM3') encountered an error: 40 is not a channel the board can tune to in btle mode
1790683151.633 ERROR: Source 'esp32c5btle-ttyACM3' (E5C50003-0000-0000-0000-10BDA3C87D54) failed to set channel 40
1790683156.709 INFO: Matching new remote source 'esp32c5btle-ttyACM3:channel=38' with known source with UUID 'E5C50003-0000-0000-0000-10BDA3C87D54'
1790683156.720 INFO: Remote source esp32c5btle-ttyACM3 (E5C50003-0000-0000-0000-10BDA3C87D54) reconnected
1790683156.720 INFO: esp32c5btle-ttyACM3 - /dev/ttyACM3 opened
1790683157.690 INFO: esp32c5btle-ttyACM3 - /dev/ttyACM3 capturing
1790683158.215 ERROR: Data source 'esp32c5btle-ttyACM3 / esp32c5btle-ttyACM3:channel=38' ('esp32c5btle-ttyACM3') encountered an error: websocket connection closed
--- C helper log
[2026/09/29 14:58:45:2353] W: _lws_smd_msg_send: rejecting message on queue depth 40
INFO: 127.0.0.1:2501 starting capture...
INFO: 
INFO: 
INFO: esp32c5btle-ttyACM3 cannot tune to channel 40 in btle mode
--- Python helper log
14:59:03 INFO: esp32c5btle-ttyACM3:channel=38: connected, offering it to Kismet as E5C50003-0000-0000-0000-10BDA3C87D54
14:59:03 INFO: esp32c5btle-ttyACM3:channel=38: opening /dev/ttyACM3 for btle
14:59:03 INFO: /dev/ttyACM3 opened
14:59:04 INFO: /dev/ttyACM3 capturing
14:59:11 INFO: esp32c5btle-ttyACM3:channel=38: connection ended: 40 is not a channel the board can tune to in btle mode
14:59:16 INFO: esp32c5btle-ttyACM3:channel=38: connected, offering it to Kismet as E5C50003-0000-0000-0000-10BDA3C87D54
14:59:16 INFO: esp32c5btle-ttyACM3:channel=38: opening /dev/ttyACM3 for btle
14:59:16 INFO: /dev/ttyACM3 opened
14:59:17 INFO: /dev/ttyACM3 capturing
14:59:18 INFO: stopping
14:59:18 INFO: esp32c5btle-ttyACM3:channel=38: connection ended: stopped
1790683160.091 /dev/ttyACM0 -> /dev/ttyACM0: holders none
1790683160.091 /dev/ttyACM1 -> /dev/ttyACM1: holders none
1790683160.091 /dev/ttyACM2 -> /dev/ttyACM2: holders none
1790683160.091 /dev/ttyACM3 -> /dev/ttyACM3: holders none
