1790684550.375 INFO: Including sub-config file: /home/osh/kismet-install/etc/kismet_httpd.conf
1790684550.375 INFO: Including sub-config file: /home/osh/kismet-install/etc/kismet_memory.conf
1790684550.375 INFO: Including sub-config file: /home/osh/kismet-install/etc/kismet_alerts.conf
1790684550.375 INFO: Including sub-config file: /home/osh/kismet-install/etc/kismet_80211.conf
1790684550.375 INFO: Including sub-config file: /home/osh/kismet-install/etc/kismet_logging.conf
1790684550.375 INFO: Including sub-config file: /home/osh/kismet-install/etc/kismet_filter.conf
1790684550.375 INFO: Including sub-config file: /home/osh/kismet-install/etc/kismet_uav.conf
1790684550.375 INFO: Loading config override file '/home/osh/kismet-install/etc/kismet_package.conf'
1790684550.375 INFO: Optional sub-config file not present: /home/osh/kismet-install/etc/kismet_package.conf
1790684550.375 INFO: Loading config override file '/home/osh/kismet-install/etc/kismet_site.conf'
1790684550.375 INFO: Optional sub-config file not present: /home/osh/kismet-install/etc/kismet_site.conf
1790684550.375 INFO: Generated server UUID 70CB6C7A-BC00-11F1-A59F-4B49534D4554 and storing in /tmp/hw3/h11k-WIFI/.kismet//kismet_server_id.conf
1790684550.375 INFO: Setting server UUID 70CB6C7A-BC00-11F1-A59F-4B49534D4554
1790684550.375 INFO: Starting Beast webserver on 0.0.0.0:2501
1790684550.375 INFO: Opened OUI file '/home/osh/kismet-install/share/kismet/kismet_manuf.txt.gz
1790684550.375 INFO: Indexing manufacturer db
1790684550.377 INFO: Completed indexing manufacturer db, 38959 lines and 780 indexes.
1790684550.383 INFO: Saving devices to the Kismet database log every 30 seconds
1790684550.388 INFO: Using default rates of 10/min, 1/sec for alert 'DEVICEFOUND'
1790684550.388 INFO: Using default rates of 10/min, 1/sec for alert 'DEVICELOST'
1790684550.389 INFO: Registering support for DLT_PPI packet header decoding
1790684550.389 INFO: Registering support for DLT_RADIOTAP packet header decoding
1790684550.389 INFO: Registering support for DLT_BTLE_RADIO packet header decoding
1790684550.392 INFO: Using default rates of 10/min, 1/sec for alert 'BADFIXLENIE'
1790684550.392 INFO: PHY80211 will only process AP signal levels from beacons
1790684550.392 INFO: Allowing Kismet clients to view WEP keys
1790684550.393 DEBUG: ssid canary FooCanary:ssid="FoobarCanary"
1790684550.393 DEBUG: ssid canary FooCanart2:ssid="(?i:foobarcanary)"
1790684550.394 INFO: Keeping EAPOL packets in memory for easy download and WIDS functionality; this can use more RAM.
1790684550.396 INFO: Registered PHY handler 'IEEE802.11' as ID 0
1790684550.397 INFO: Registered PHY handler 'RFSENSOR' as ID 1
1790684550.398 INFO: Registered PHY handler 'Z-Wave' as ID 2
1790684550.400 INFO: Registered PHY handler 'Bluetooth' as ID 3
1790684550.400 DEBUG: reserve_fields home id 538 app id 539
1790684550.402 INFO: Registered PHY handler 'UAV' as ID 4
1790684550.403 INFO: Registered PHY handler 'NrfMousejack' as ID 5
1790684550.403 ERROR: Tried to re-register duplicate alert FLIPPERZERO
1790684550.404 INFO: Registered PHY handler 'BTLE' as ID 6
1790684550.405 INFO: Registered PHY handler 'METER' as ID 7
1790684550.406 INFO: Indexing ADSB ICAO db
1790684550.666 INFO: Completed indexing ADSB ICAO db, 341068 lines 6822 indexes
1790684550.667 INFO: Registered PHY handler 'ADSB' as ID 8
1790684550.670 INFO: Registered PHY handler '802.15.4' as ID 9
1790684550.670 INFO: Registered PHY handler 'RADIATION' as ID 10
1790684550.675 INFO: (HTTPD) Could not read session data file, skipping loading saved sessions.
1790684550.675 INFO: Serving static file content from /home/osh/kismet-install/share/kismet/httpd/
1790684550.676 INFO: Enabling channel hopping by default on sources which support channel control.
1790684550.676 INFO: Setting default channel hop rate to 5/sec
1790684550.676 INFO: Enabling channel list splitting on sources which share the same list of channels
1790684550.676 INFO: Enabling channel list shuffling to optimize overlaps
1790684550.676 INFO: Sources will be re-opened if they encounter an error
1790684550.676 INFO: Saving datasources to the Kismet database log every 30 seconds
1790684550.676 INFO: Launching remote capture server on 127.0.0.1 3501
1790684550.678 INFO: Data sources passed on the command line (via -c source), ignoring source= definitions in the Kismet config file.
1790684550.679 INFO: Probing interface 'esp32c5-ttyACM2' to find datasource type
1790684550.680 ALERT: LOGDISABLED Logging has been disabled via the Kismet config files or the command line.  Pcap, database, and related logs will not be saved.
1790684550.680 INFO: Logging disabled, not enabling any log drivers.
1790684550.680 INFO: GPS track will be logged to the Kismet logfile
1790684550.681 INFO: Starting Kismet web server...
1790684550.681 INFO: HTTP server listening on 0.0.0.0:2501
1790684550.683 INFO: Could not open system plugin directory (/home/osh/kismet-install/lib/kismet/), skipping: No such file or directory
1790684550.683 INFO: Did not find a user plugin directory (/tmp/hw3/h11k-WIFI/.kismet//plugins/), skipping: No such file or directory
1790684550.763 interface: esp32c5-ttyACM2
1790684550.772 INFO: Found type 'esp32c5' for 'esp32c5-ttyACM2'
1790684550.788 INFO: Data source 'esp32c5-ttyACM2' launched successfully
1790684552.288 INFO: esp32c5-ttyACM2 capturing (wifi)
1790684553.294 INFO: Detected new 802.11 Wi-Fi access point 00:B8:C2:B2:AE:57
1790684553.294 INFO: 802.11 Wi-Fi device 00:B8:C2:B2:AE:57 advertising new SSID 'Mor'
1790684553.795 INFO: Detected new 802.11 Wi-Fi access point 94:E3:6D:81:A3:FF
1790684553.796 INFO: 802.11 Wi-Fi device 94:E3:6D:81:A3:FF advertising new SSID 'ELRSSID81A3FF'
1790684553.807 INFO: Detected new 802.11 Wi-Fi device 46:AE:30:84:5A:16
1790684553.807 INFO: Detected new 802.11 Wi-Fi device 10:FF:E0:76:96:8C
1790684553.811 INFO: 802.11 Wi-Fi device 46:AE:30:84:5A:16 advertising a new cloaked SSID
1790684553.814 INFO: Detected new 802.11 Wi-Fi device 40:AE:30:84:5A:16
1790684553.815 INFO: Detected new 802.11 Wi-Fi access point 40:AE:30:84:36:22
1790684553.815 INFO: 802.11 Wi-Fi device 40:AE:30:84:36:22 advertising new SSID 'cohen42'
1790684553.821 INFO: Detected new 802.11 Wi-Fi access point 26:39:F1:AB:05:B2
1790684553.822 INFO: 802.11 Wi-Fi device 26:39:F1:AB:05:B2 advertising new SSID 'osvc-2'
1790684554.297 INFO: Detected new 802.11 Wi-Fi access point 00:B8:C2:B2:AE:58
1790684554.298 INFO: Detected new 802.11 Wi-Fi device EE:E6:9F:46:A6:12
1790684554.306 INFO: Detected new 802.11 Wi-Fi access point 6A:B8:C2:B2:AE:59
1790684554.306 INFO: 802.11 Wi-Fi device 6A:B8:C2:B2:AE:59 advertising a new cloaked SSID
1790684554.318 INFO: Detected new 802.11 Wi-Fi access point 42:A2:BA:65:29:F3
1790684554.318 INFO: Detected new 802.11 Wi-Fi device E4:5F:01:49:99:3F
1790684554.319 INFO: 802.11 Wi-Fi device 00:B8:C2:B2:AE:58 advertising new SSID 'Mor'
1790684556.304 INFO: Detected new 802.11 Wi-Fi access point 46:AE:30:84:34:B7
1790684556.314 INFO: 802.11 Wi-Fi device 46:AE:30:84:34:B7 advertising a new cloaked SSID
1790684556.321 INFO: Detected new 802.11 Wi-Fi access point 40:AE:30:84:34:B7
1790684556.322 INFO: 802.11 Wi-Fi device 40:AE:30:84:34:B7 advertising new SSID 'cohen42'
1790684556.334 INFO: Detected new 802.11 Wi-Fi access point 40:AE:30:84:5A:17
1790684556.334 INFO: 802.11 Wi-Fi device 40:AE:30:84:5A:17 advertising new SSID 'cohen42'
1790684556.334 INFO: Detected new 802.11 Wi-Fi device 40:AE:30:84:5A:14
1790684556.335 INFO: Detected new 802.11 Wi-Fi device 46:AE:30:84:5A:17
1790684556.336 INFO: Detected new 802.11 Wi-Fi device 3A:0A:42:2F:8D:64
1790684556.336 INFO: 802.11 Wi-Fi device 46:AE:30:84:5A:17 advertising a new cloaked SSID
1790684557.811 INFO: Detected new 802.11 Wi-Fi access point 80:AF:CA:75:C2:23
1790684557.812 INFO: 802.11 Wi-Fi device 80:AF:CA:75:C2:23 advertising new SSID 'Cudy-C223'
1790684559.818 INFO: Detected new 802.11 Wi-Fi access point FA:8F:CA:6C:D1:65
1790684559.822 INFO: 802.11 Wi-Fi device FA:8F:CA:6C:D1:65 advertising new SSID 'JBL Bar 5.1_0891.l025'
1790684559.854 INFO: Detected new 802.11 Wi-Fi device FC:F5:C4:BD:9B:CD
1790684559.891 INFO: Detected new 802.11 Wi-Fi access point CA:C9:A3:4D:96:E7
1790684559.891 INFO: 802.11 Wi-Fi device CA:C9:A3:4D:96:E7 advertising new SSID 'ESP-4D96E7'
1790684560.307 INFO: Detected new 802.11 Wi-Fi access point 40:AE:30:84:34:B6
1790684560.308 INFO: 802.11 Wi-Fi device 40:AE:30:84:34:B6 advertising new SSID 'cohen42'
1790684560.311 INFO: Detected new 802.11 Wi-Fi access point 46:AE:30:84:34:B6
1790684560.311 INFO: 802.11 Wi-Fi device 46:AE:30:84:34:B6 advertising a new cloaked SSID
1790684560.312 INFO: 802.11 Wi-Fi device 40:AE:30:84:5A:16 advertising new SSID 'cohen42'
1790684560.313 INFO: Detected new 802.11 Wi-Fi access point 46:AE:30:84:36:22
1790684560.314 INFO: 802.11 Wi-Fi device 46:AE:30:84:36:22 advertising a new cloaked SSID
1790684560.316 INFO: Detected new 802.11 Wi-Fi device FC:F5:C4:BE:0B:A5
1790684561.911 INFO: Detected new 802.11 Wi-Fi device 74:E6:B8:BA:59:C8
1790684562.419 INFO: Detected new 802.11 Wi-Fi access point 20:F1:B2:B9:E5:33
1790684562.420 INFO: 802.11 Wi-Fi device 20:F1:B2:B9:E5:33 advertising new SSID 'SmartLife-E533'
1790684562.432 INFO: Detected new 802.11 Wi-Fi device A8:DB:03:42:DE:68
1790684562.911 INFO: Detected new 802.11 Wi-Fi device B0:1F:47:10:E2:62
1790684562.913 INFO: Detected new 802.11 Wi-Fi device 00:B8:C2:B2:AE:4E
1790684565.924 INFO: Detected new 802.11 Wi-Fi device 74:F8:DB:5D:D0:61
1790684566.404 INFO: Detected new 802.11 Wi-Fi device B0:1F:47:17:AF:4A
1790684568.425 INFO: Detected new 802.11 Wi-Fi device 4C:2E:5E:D5:FE:E9
1790684571.687 
1790684571.688 *** KISMET IS SHUTTING DOWN ***
1790684571.688 Shutting down plugins...
1790684571.688 WARNING: Kismet changes the configuration of network devices.
1790684571.688          In most cases you will need to restart networking for
1790684571.688          your interface (varies per distribution and OS), but 
1790684571.688          typically one of:
1790684571.688          sudo service networking restart
1790684571.688          sudo /etc/init.d/networking restart
1790684571.688          or
1790684571.688          nmcli device set [device] managed true
1790684571.688 
1790684571.688 Kismet exiting.
1790684571.688 EXITING: Signal service thread complete.
