1790683545.008 INFO: Including sub-config file: /home/osh/kismet-install/etc/kismet_httpd.conf
1790683545.008 INFO: Including sub-config file: /home/osh/kismet-install/etc/kismet_memory.conf
1790683545.008 INFO: Including sub-config file: /home/osh/kismet-install/etc/kismet_alerts.conf
1790683545.008 INFO: Including sub-config file: /home/osh/kismet-install/etc/kismet_80211.conf
1790683545.008 INFO: Including sub-config file: /home/osh/kismet-install/etc/kismet_logging.conf
1790683545.008 INFO: Including sub-config file: /home/osh/kismet-install/etc/kismet_filter.conf
1790683545.009 INFO: Including sub-config file: /home/osh/kismet-install/etc/kismet_uav.conf
1790683545.009 INFO: Loading config override file '/home/osh/kismet-install/etc/kismet_package.conf'
1790683545.009 INFO: Optional sub-config file not present: /home/osh/kismet-install/etc/kismet_package.conf
1790683545.009 INFO: Loading config override file '/home/osh/kismet-install/etc/kismet_site.conf'
1790683545.009 INFO: Optional sub-config file not present: /home/osh/kismet-install/etc/kismet_site.conf
1790683545.009 INFO: Generated server UUID 198C9D3C-BBFE-11F1-99FC-4B49534D4554 and storing in /tmp/hw3/h9cr/.kismet//kismet_server_id.conf
1790683545.009 INFO: Setting server UUID 198C9D3C-BBFE-11F1-99FC-4B49534D4554
1790683545.009 INFO: Starting Beast webserver on 0.0.0.0:2501
1790683545.009 INFO: Opened OUI file '/home/osh/kismet-install/share/kismet/kismet_manuf.txt.gz
1790683545.009 INFO: Indexing manufacturer db
1790683545.009 INFO: Completed indexing manufacturer db, 38959 lines and 780 indexes.
1790683545.016 INFO: Saving devices to the Kismet database log every 30 seconds
1790683545.021 INFO: Using default rates of 10/min, 1/sec for alert 'DEVICEFOUND'
1790683545.021 INFO: Using default rates of 10/min, 1/sec for alert 'DEVICELOST'
1790683545.021 INFO: Registering support for DLT_PPI packet header decoding
1790683545.021 INFO: Registering support for DLT_RADIOTAP packet header decoding
1790683545.021 INFO: Registering support for DLT_BTLE_RADIO packet header decoding
1790683545.024 INFO: Using default rates of 10/min, 1/sec for alert 'BADFIXLENIE'
1790683545.025 INFO: PHY80211 will only process AP signal levels from beacons
1790683545.025 INFO: Allowing Kismet clients to view WEP keys
1790683545.025 DEBUG: ssid canary FooCanary:ssid="FoobarCanary"
1790683545.026 DEBUG: ssid canary FooCanart2:ssid="(?i:foobarcanary)"
1790683545.026 INFO: Keeping EAPOL packets in memory for easy download and WIDS functionality; this can use more RAM.
1790683545.028 INFO: Registered PHY handler 'IEEE802.11' as ID 0
1790683545.030 INFO: Registered PHY handler 'RFSENSOR' as ID 1
1790683545.031 INFO: Registered PHY handler 'Z-Wave' as ID 2
1790683545.032 INFO: Registered PHY handler 'Bluetooth' as ID 3
1790683545.032 DEBUG: reserve_fields home id 538 app id 539
1790683545.035 INFO: Registered PHY handler 'UAV' as ID 4
1790683545.036 INFO: Registered PHY handler 'NrfMousejack' as ID 5
1790683545.036 ERROR: Tried to re-register duplicate alert FLIPPERZERO
1790683545.037 INFO: Registered PHY handler 'BTLE' as ID 6
1790683545.038 INFO: Registered PHY handler 'METER' as ID 7
1790683545.038 INFO: Indexing ADSB ICAO db
1790683545.299 INFO: Completed indexing ADSB ICAO db, 341068 lines 6822 indexes
1790683545.301 INFO: Registered PHY handler 'ADSB' as ID 8
1790683545.302 INFO: Registered PHY handler '802.15.4' as ID 9
1790683545.303 INFO: Registered PHY handler 'RADIATION' as ID 10
1790683545.308 INFO: (HTTPD) Could not read session data file, skipping loading saved sessions.
1790683545.308 INFO: Serving static file content from /home/osh/kismet-install/share/kismet/httpd/
1790683545.309 INFO: Enabling channel hopping by default on sources which support channel control.
1790683545.309 INFO: Setting default channel hop rate to 5/sec
1790683545.309 INFO: Enabling channel list splitting on sources which share the same list of channels
1790683545.309 INFO: Enabling channel list shuffling to optimize overlaps
1790683545.309 INFO: Sources will be re-opened if they encounter an error
1790683545.309 INFO: Saving datasources to the Kismet database log every 30 seconds
1790683545.309 INFO: Launching remote capture server on 127.0.0.1 3501
1790683545.312 INFO: No data sources defined; Kismet will not capture anything until a source is added.
1790683545.313 ALERT: LOGDISABLED Logging has been disabled via the Kismet config files or the command line.  Pcap, database, and related logs will not be saved.
1790683545.313 INFO: Logging disabled, not enabling any log drivers.
1790683545.313 INFO: GPS track will be logged to the Kismet logfile
1790683545.314 INFO: Starting Kismet web server...
1790683545.315 INFO: HTTP server listening on 0.0.0.0:2501
1790683545.316 INFO: Could not open system plugin directory (/home/osh/kismet-install/lib/kismet/), skipping: No such file or directory
1790683545.316 INFO: Did not find a user plugin directory (/tmp/hw3/h9cr/.kismet//plugins/), skipping: No such file or directory
1790683545.608 INFO: New remote source esp32c5zigbee-ttyACM2 (E5C50002-0000-0000-0000-3844BEBFD80C) connected
1790683545.614 INFO: New remote source esp32c5-ttyACM1 (E5C50001-0000-0000-0000-3844BEBFC910) connected
1790683545.617 INFO: New remote source esp32c5-ttyACM0 (E5C50001-0000-0000-0000-10BDA3CF0540) connected
1790683545.618 INFO: New remote source esp32c5btle-ttyACM3 (E5C50003-0000-0000-0000-10BDA3C87D54) connected
1790683545.619 INFO: Splitting channels for interfaces using 'esp32c5' among 2 interfaces
1790683546.622 INFO: esp32c5btle-ttyACM3 - esp32c5btle-ttyACM3: port closed, reconnecting
1790683546.704 INFO: esp32c5-ttyACM1 - esp32c5-ttyACM1 capturing (wifi)
1790683546.736 INFO: esp32c5zigbee-ttyACM2 - esp32c5zigbee-ttyACM2 capturing (zigbee)
1790683547.009 INFO: esp32c5-ttyACM0 - esp32c5-ttyACM0 capturing (wifi)
1790683547.177 INFO: Detected new 802.11 Wi-Fi access point 00:B8:C2:B2:AE:57
1790683547.177 INFO: 802.11 Wi-Fi device 00:B8:C2:B2:AE:57 advertising new SSID 'Mor'
1790683547.225 INFO: Detected new 802.11 Wi-Fi access point 26:39:F1:AB:05:B2
1790683547.225 INFO: 802.11 Wi-Fi device 26:39:F1:AB:05:B2 advertising new SSID 'osvc-2'
1790683547.276 INFO: Detected new 802.11 Wi-Fi device A8:DB:03:42:DE:68
1790683547.278 INFO: 802.11 Wi-Fi device 26:39:F1:AB:05:B2 advertising new SSID 'osvc-2'
1790683547.526 INFO: Detected new 802.11 Wi-Fi access point 46:AE:30:84:34:B6
1790683547.530 INFO: 802.11 Wi-Fi device 46:AE:30:84:34:B6 advertising a new cloaked SSID
1790683547.574 INFO: Detected new 802.11 Wi-Fi access point 40:AE:30:84:34:B6
1790683547.574 INFO: 802.11 Wi-Fi device 40:AE:30:84:34:B6 advertising new SSID 'cohen42'
1790683547.926 INFO: Detected new 802.11 Wi-Fi device 4C:2E:5E:D5:FE:E9
1790683548.009 INFO: Detected new 802.11 Wi-Fi device E4:5F:01:49:99:3F
1790683548.009 INFO: Detected new 802.11 Wi-Fi device 42:A2:BA:65:29:F3
1790683548.475 INFO: Detected new 802.11 Wi-Fi device 40:AE:30:84:5A:16
1790683548.475 INFO: Detected new 802.11 Wi-Fi device 40:AE:30:84:5A:14
1790683548.477 INFO: Detected new 802.11 Wi-Fi device 46:AE:30:84:5A:16
1790683550.872 INFO: Detected new 802.11 Wi-Fi device 40:AE:30:84:5A:17
1790683550.872 INFO: Detected new 802.11 Wi-Fi device DE:85:21:5C:A3:AE
1790683550.872 INFO: Detected new 802.11 Wi-Fi device B0:1F:47:17:AF:4A
1790683551.275 INFO: Detected new 802.11 Wi-Fi device 80:AF:CA:75:C2:23
1790683551.276 INFO: Detected new 802.11 Wi-Fi device 74:F8:DB:5D:D0:61
1790683551.319 INFO: Detected new 802.11 Wi-Fi access point 82:AF:CA:25:C2:23
1790683551.320 INFO: 802.11 Wi-Fi device 82:AF:CA:25:C2:23 advertising a new cloaked SSID
1790683551.417 INFO: 802.11 Wi-Fi device 80:AF:CA:75:C2:23 advertising new SSID 'Cudy-C223'
1790683551.433 INFO: 802.11 Wi-Fi device 40:AE:30:84:5A:16 advertising new SSID 'cohen42'
1790683551.533 INFO: Detected new 802.11 Wi-Fi device 40:AE:30:84:36:22
1790683552.468 INFO: Detected new 802.11 Wi-Fi device 20:15:DE:A1:04:FB
1790683552.556 INFO: Detected new 802.11 Wi-Fi device DC:07:F8:9F:12:D8
1790683553.141 INFO: esp32c5btle-ttyACM3 - esp32c5btle-ttyACM3: no answer, reconnecting
1790683553.280 INFO: Detected new 802.11 Wi-Fi access point CA:C9:A3:4D:96:E7
1790683553.285 INFO: 802.11 Wi-Fi device CA:C9:A3:4D:96:E7 advertising new SSID 'ESP-4D96E7'
1790683553.328 INFO: Detected new 802.11 Wi-Fi access point FA:8F:CA:6C:D1:65
1790683553.330 INFO: 802.11 Wi-Fi device FA:8F:CA:6C:D1:65 advertising new SSID 'JBL Bar 5.1_0891.l025'
1790683553.334 INFO: 802.11 Wi-Fi device 00:B8:C2:B2:AE:57 advertising new SSID 'Mor'
1790683553.334 INFO: Detected new 802.11 Wi-Fi device 02:0C:F2:BD:98:A3
1790683553.634 INFO: 802.11 Wi-Fi device 46:AE:30:84:5A:16 advertising a new cloaked SSID
1790683553.668 INFO: 802.11 Wi-Fi device 40:AE:30:84:36:22 advertising new SSID 'cohen42'
1790683553.719 INFO: Detected new 802.11 Wi-Fi access point 46:AE:30:84:36:22
1790683553.720 INFO: 802.11 Wi-Fi device 46:AE:30:84:36:22 advertising a new cloaked SSID
1790683554.758 INFO: Detected new 802.11 Wi-Fi device FC:F5:C4:BE:0B:A5
1790683556.244 INFO: Detected new 802.11 Wi-Fi device 94:83:C4:25:9E:39
1790683556.363 INFO: Detected new 802.11 Wi-Fi access point 6A:B8:C2:B2:AE:59
1790683556.364 INFO: 802.11 Wi-Fi device 6A:B8:C2:B2:AE:59 advertising a new cloaked SSID
1790683556.370 INFO: Detected new 802.11 Wi-Fi device 38:8A:06:37:8E:2A
1790683557.630 INFO: Detected new 802.11 Wi-Fi device 00:B8:C2:B2:AE:4E
1790683559.320 INFO: Detected new 802.11 Wi-Fi device 70:F7:54:55:CB:00
1790683559.320 INFO: Detected new 802.11 Wi-Fi device 00:B8:C2:B2:AE:58
1790683560.663 ERROR: esp32c5btle-ttyACM3 - esp32c5btle-ttyACM3: no capture from the board on /dev/ttyACM3 for 15 seconds; is it flashed with the esp32c5 sniffer firmware, and is nothing else holding the port?
1790683560.669 ERROR: Data source 'esp32c5btle-ttyACM3 / esp32c5btle-ttyACM3' ('esp32c5btle-ttyACM3') encountered an error: websocket connection closed
1790683563.224 INFO: Detected new 802.11 Wi-Fi device 10:FF:E0:76:96:8C
1790683564.320 INFO: Detected new 802.11 Wi-Fi device 1C:4D:89:65:18:2A
1790683565.701 INFO: Matching new remote source 'esp32c5btle-ttyACM3' with known source with UUID 'E5C50003-0000-0000-0000-10BDA3C87D54'
1790683565.705 INFO: Remote source esp32c5btle-ttyACM3 (E5C50003-0000-0000-0000-10BDA3C87D54) reconnected
1790683570.100 INFO: 802.11 Wi-Fi device CA:C9:A3:4D:96:E7 advertising new SSID 'ESP-4D96E7'
1790683570.117 INFO: Detected new 802.11 Wi-Fi device CE:24:8E:B8:EC:32
1790683570.129 INFO: Detected new 802.11 Wi-Fi access point 58:FC:20:1B:D9:D0
1790683570.129 INFO: 802.11 Wi-Fi device 58:FC:20:1B:D9:D0 advertising new SSID 'Sivan'
1790683570.493 INFO: Detected new 802.11 Wi-Fi device 08:54:11:00:55:F2
1790683571.718 INFO: esp32c5btle-ttyACM3 - esp32c5btle-ttyACM3: no answer, reconnecting
1790683572.263 INFO: Detected new 802.11 Wi-Fi device B0:1F:47:0D:E9:B8
1790683572.273 INFO: Detected new 802.11 Wi-Fi device 74:E6:B8:BA:59:C8
1790683572.281 INFO: Detected new 802.11 Wi-Fi device B0:1F:47:0D:E9:B9
1790683572.360 INFO: 802.11 Wi-Fi device B0:1F:47:0D:E9:B9 advertising new SSID 'Mor'
1790683573.225 INFO: Detected new 802.11 Wi-Fi device 20:50:E7:2A:0F:76
1790683580.741 ERROR: esp32c5btle-ttyACM3 - esp32c5btle-ttyACM3: no capture from the board on /dev/ttyACM3 for 15 seconds; is it flashed with the esp32c5 sniffer firmware, and is nothing else holding the port?
1790683580.747 ERROR: Data source 'esp32c5btle-ttyACM3 / esp32c5btle-ttyACM3' ('esp32c5btle-ttyACM3') encountered an error: websocket connection closed
1790683580.764 INFO: Detected new 802.11 Wi-Fi device B0:1F:47:10:E2:62
1790683581.483 INFO: Detected new 802.11 Wi-Fi device EE:E6:9F:46:A6:12
1790683581.523 INFO: 802.11 Wi-Fi device 00:B8:C2:B2:AE:58 advertising new SSID 'Mor'
1790683584.487 INFO: Detected new 802.11 Wi-Fi device 40:AE:30:84:34:B7
1790683585.765 INFO: Matching new remote source 'esp32c5btle-ttyACM3' with known source with UUID 'E5C50003-0000-0000-0000-10BDA3C87D54'
1790683585.768 INFO: Remote source esp32c5btle-ttyACM3 (E5C50003-0000-0000-0000-10BDA3C87D54) reconnected
1790683586.151 INFO: 802.11 Wi-Fi device 40:AE:30:84:5A:16 advertising new SSID 'cohen42'
1790683586.862 INFO: Detected new 802.11 Wi-Fi device 64:64:4A:BB:59:65
1790683586.862 INFO: Detected new 802.11 Wi-Fi device 78:DF:72:D3:BB:92
1790683586.862 INFO: Detected new 802.11 Wi-Fi device B0:BB:E5:7F:F6:E7
1790683586.922 INFO: Detected new 802.11 Wi-Fi device A8:42:A1:F5:68:CE
1790683586.922 INFO: Detected new 802.11 Wi-Fi device 4C:60:BA:54:25:60
1790683586.922 INFO: Detected new 802.11 Wi-Fi device 44:15:24:51:2C:9F
1790683591.337 INFO: Detected new 802.11 Wi-Fi device FA:50:AF:58:56:C3
1790683591.781 INFO: esp32c5btle-ttyACM3 - esp32c5btle-ttyACM3: no answer, reconnecting
1790683596.692 INFO: Detected new 802.11 Wi-Fi device 3A:0A:42:2F:8D:64
1790683598.899 INFO: Detected new 802.11 Wi-Fi device 68:25:DD:58:F4:9B
1790683600.805 ERROR: esp32c5btle-ttyACM3 - esp32c5btle-ttyACM3: no capture from the board on /dev/ttyACM3 for 15 seconds; is it flashed with the esp32c5 sniffer firmware, and is nothing else holding the port?
1790683600.810 ERROR: Data source 'esp32c5btle-ttyACM3 / esp32c5btle-ttyACM3' ('esp32c5btle-ttyACM3') encountered an error: websocket connection closed
1790683602.916 INFO: Detected new 802.11 Wi-Fi device B0:4A:39:03:87:62
1790683605.820 INFO: Matching new remote source 'esp32c5btle-ttyACM3' with known source with UUID 'E5C50003-0000-0000-0000-10BDA3C87D54'
1790683605.825 INFO: Remote source esp32c5btle-ttyACM3 (E5C50003-0000-0000-0000-10BDA3C87D54) reconnected
1790683606.825 
1790683606.825 *** KISMET IS SHUTTING DOWN ***
1790683606.825 Shutting down plugins...
1790683606.825 WARNING: Kismet changes the configuration of network devices.
1790683606.825          In most cases you will need to restart networking for
1790683606.825          your interface (varies per distribution and OS), but 
1790683606.825          typically one of:
1790683606.825          sudo service networking restart
1790683606.825          sudo /etc/init.d/networking restart
1790683606.825          or
1790683606.825          nmcli device set [device] managed true
1790683606.825 
1790683606.825 Kismet exiting.
1790683606.826 EXITING: Signal service thread complete.
