mapping: 10:BD:A3:CF:05:40=ttyACM0 38:44:BE:BF:C9:10=ttyACM1 38:44:BE:BF:D8:0C=ttyACM2 10:BD:A3:C8:7D:54=ttyACM3 
===== C local
kismet up after 0.69 s, pid 411793, home /tmp/hw3/h8cl, status.json HTTP 200
esp32c5zigbee-ttyACM0      run=1 err=0 rem=0 pkts=0      ch=20   hop=0 nch=16 pid=411845 uuid=E5C50002-0000-0000-0000-10BDA3CF0540 dlt=230 reason=
esp32c5-ttyACM2            run=1 err=0 rem=0 pkts=79     ch=6    hop=1 nch=42 pid=411873 uuid=E5C50001-0000-0000-0000-3844BEBFD80C dlt=127 reason=
esp32c5btle-ttyACM3        run=1 err=0 rem=0 pkts=31     ch=37   hop=1 nch=1 pid=411897 uuid=E5C50003-0000-0000-0000-10BDA3C87D54 dlt=256 reason=
1790683275.850 open /dev/ttyACM1
1790683277.353 MODE 802154 sent; boot marker seen: True
1790683277.654 TXTEST 200 on channel 20 sent
1790683280.059 TXTEST done (waited)
1790683281.563 MODE WIFI sent; boot marker seen: False
esp32c5zigbee-ttyACM0      run=1 err=0 rem=0 pkts=200    ch=20   hop=0 nch=16 pid=411845 uuid=E5C50002-0000-0000-0000-10BDA3CF0540 dlt=230 reason=
esp32c5-ttyACM2            run=1 err=0 rem=0 pkts=411    ch=6    hop=1 nch=42 pid=411873 uuid=E5C50001-0000-0000-0000-3844BEBFD80C dlt=127 reason=
esp32c5btle-ttyACM3        run=1 err=0 rem=0 pkts=281    ch=37   hop=1 nch=1 pid=411897 uuid=E5C50003-0000-0000-0000-10BDA3C87D54 dlt=256 reason=
zigbee packets before TXTEST pkts=0, after: pkts=200
{"BTLE": 11, "IEEE802.11": 34, "802.15.4": 2}
{"macaddr": "00:01", "name": "", "channel": "20", "frequency": 2450000, "packets.total": 200, "signal": 6, "freq_khz_map": {"2450000": 200}}
{"macaddr": "FF:FF", "name": "", "channel": "20", "frequency": 2450000, "packets.total": 200, "signal": 6, "freq_khz_map": {"2450000": 200}}
{"BTLE": 11, "IEEE802.11": 34, "802.15.4": 2}
{"macaddr": "60:B2:AB:88:65:53", "name": "", "channel": "37", "frequency": 2402000, "packets.total": 1, "signal": -90, "freq_khz_map": {"2402000": 1}}
{"macaddr": "10:B6:6A:4F:59:B3", "name": "", "channel": "37", "frequency": 2402000, "packets.total": 1, "signal": -36, "freq_khz_map": {"2402000": 1}}
kismet 411793 stopped
datasources: {'E5C50002-0000-0000-0000-10BDA3CF0540': 'esp32c5zigbee-ttyACM0', 'E5C50001-0000-0000-0000-3844BEBFD80C': 'esp32c5-ttyACM2', 'E5C50003-0000-0000-0000-10BDA3C87D54': 'esp32c5btle-ttyACM3'}
packets: phyname | frequency (kHz) | datasource | count | min(signal) | max(signal)
  802.15.4          0.0  esp32c5zigbee-ttyACM0    200  6..6
  BTLE              0.0  esp32c5btle-ttyACM3     19  -92..-36
  IEEE802.11  2412000.0  esp32c5-ttyACM2     16  -90..-72
  IEEE802.11  2417000.0  esp32c5-ttyACM2     22  -77..-51
  IEEE802.11  2422000.0  esp32c5-ttyACM2      4  -84..-74
  IEEE802.11  2427000.0  esp32c5-ttyACM2     12  -83..-77
  IEEE802.11  2432000.0  esp32c5-ttyACM2      5  -85..-77
  IEEE802.11  2437000.0  esp32c5-ttyACM2     38  -86..-42
  IEEE802.11  2447000.0  esp32c5-ttyACM2     10  -86..-76
  IEEE802.11  2452000.0  esp32c5-ttyACM2    118  -86..-76
  IEEE802.11  2457000.0  esp32c5-ttyACM2      9  -83..-60
  IEEE802.11  2462000.0  esp32c5-ttyACM2      2  -87..-85
  IEEE802.11  2472000.0  esp32c5-ttyACM2      1  -75..-75
  IEEE802.11  5180000.0  esp32c5-ttyACM2     84  -90..-27
  IEEE802.11  5200000.0  esp32c5-ttyACM2     22  -80..-31
  IEEE802.11  5220000.0  esp32c5-ttyACM2    171  -82..-26
  IEEE802.11  5240000.0  esp32c5-ttyACM2    178  -88..-19
  IEEE802.11  5280000.0  esp32c5-ttyACM2      8  -64..-62
  IEEE802.11  5300000.0  esp32c5-ttyACM2      8  -62..-58
  IEEE802.11  5765000.0  esp32c5-ttyACM2      2  -53..-53
  Unknown           0.0  esp32c5btle-ttyACM3    640  -93..-24
device 802.15.4 00:01: frequency 2450000, channel '20', freq_khz_map {'2450000': 200}, packets 200
device 802.15.4 FF:FF: frequency 2450000, channel '20', freq_khz_map {'2450000': 200}, packets 200
802.15.4 devices in the devices table: 2
device BTLE 10:B6:6A:4F:59:B3: frequency 2402000, channel '37', freq_khz_map {'2402000': 1}, packets 1
device BTLE 48:9E:9D:9E:42:7C: frequency 2402000, channel '37', freq_khz_map {'2402000': 1}, packets 1
device BTLE 4D:2C:24:CD:3D:2E: frequency 2402000, channel '37', freq_khz_map {'2402000': 1}, packets 1
device BTLE 5B:E0:D6:F5:85:82: frequency 2402000, channel '37', freq_khz_map {'2402000': 1}, packets 1
device BTLE 5C:3B:50:B2:93:70: frequency 2402000, channel '37', freq_khz_map {'2402000': 1}, packets 1
device BTLE 60:B2:AB:88:65:53: frequency 2402000, channel '37', freq_khz_map {'2402000': 1}, packets 1
device BTLE 7E:7C:79:3B:73:57: frequency 2402000, channel '37', freq_khz_map {'2402000': 1}, packets 1
device BTLE 7E:D4:24:6D:EB:56: frequency 2402000, channel '37', freq_khz_map {'2402000': 5}, packets 5
BTLE devices in the devices table: 14
===== C remote (three helpers)
kismet up after 0.59 s, pid 412343, home /tmp/hw3/h8cr, status.json HTTP 200
esp32c5-ttyACM2            run=1 err=0 rem=1 pkts=131    ch=6    hop=1 nch=42 pid=0 uuid=E5C50001-0000-0000-0000-3844BEBFD80C dlt=127 reason=
esp32c5btle-ttyACM3        run=1 err=0 rem=1 pkts=50     ch=37   hop=1 nch=1 pid=0 uuid=E5C50003-0000-0000-0000-10BDA3C87D54 dlt=256 reason=
esp32c5zigbee-ttyACM0      run=1 err=0 rem=1 pkts=0      ch=20   hop=0 nch=16 pid=0 uuid=E5C50002-0000-0000-0000-10BDA3CF0540 dlt=230 reason=
1790683311.821 open /dev/ttyACM1
1790683313.383 MODE 802154 sent; boot marker seen: True
1790683313.684 TXTEST 200 on channel 20 sent
1790683316.091 TXTEST done (waited)
1790683317.596 MODE WIFI sent; boot marker seen: False
esp32c5-ttyACM2            run=1 err=0 rem=1 pkts=452    ch=6    hop=1 nch=42 pid=0 uuid=E5C50001-0000-0000-0000-3844BEBFD80C dlt=127 reason=
esp32c5btle-ttyACM3        run=1 err=0 rem=1 pkts=353    ch=37   hop=1 nch=1 pid=0 uuid=E5C50003-0000-0000-0000-10BDA3C87D54 dlt=256 reason=
esp32c5zigbee-ttyACM0      run=1 err=0 rem=1 pkts=200    ch=20   hop=0 nch=16 pid=0 uuid=E5C50002-0000-0000-0000-10BDA3CF0540 dlt=230 reason=
zigbee packets before TXTEST pkts=0, after: pkts=200
{"BTLE": 11, "IEEE802.11": 37, "802.15.4": 2}
{"macaddr": "00:01", "name": "", "channel": "20", "frequency": 2450000, "packets.total": 200, "signal": 6, "freq_khz_map": {"2450000": 200}}
{"macaddr": "FF:FF", "name": "", "channel": "20", "frequency": 2450000, "packets.total": 200, "signal": 6, "freq_khz_map": {"2450000": 200}}
{"BTLE": 11, "IEEE802.11": 37, "802.15.4": 2}
{"macaddr": "5B:E0:D6:F5:85:82", "name": "", "channel": "37", "frequency": 2402000, "packets.total": 1, "signal": -76, "freq_khz_map": {"2402000": 1}}
{"macaddr": "35:29:22:2F:D1:03", "name": "", "channel": "37", "frequency": 2402000, "packets.total": 1, "signal": -37, "freq_khz_map": {"2402000": 1}}
kismet 412343 stopped
datasources: {'E5C50001-0000-0000-0000-3844BEBFD80C': 'esp32c5-ttyACM2', 'E5C50003-0000-0000-0000-10BDA3C87D54': 'esp32c5btle-ttyACM3', 'E5C50002-0000-0000-0000-10BDA3CF0540': 'esp32c5zigbee-ttyACM0'}
packets: phyname | frequency (kHz) | datasource | count | min(signal) | max(signal)
  802.15.4          0.0  esp32c5zigbee-ttyACM0    200  6..6
  BTLE              0.0  esp32c5btle-ttyACM3     16  -92..-37
  IEEE802.11  2412000.0  esp32c5-ttyACM2     21  -90..-73
  IEEE802.11  2417000.0  esp32c5-ttyACM2     17  -77..-72
  IEEE802.11  2422000.0  esp32c5-ttyACM2     12  -81..-40
  IEEE802.11  2427000.0  esp32c5-ttyACM2      9  -80..-43
  IEEE802.11  2432000.0  esp32c5-ttyACM2      2  -78..-75
  IEEE802.11  2437000.0  esp32c5-ttyACM2     16  -86..-42
  IEEE802.11  2442000.0  esp32c5-ttyACM2      6  -85..-39
  IEEE802.11  2447000.0  esp32c5-ttyACM2      9  -88..-75
  IEEE802.11  2452000.0  esp32c5-ttyACM2    104  -86..-74
  IEEE802.11  2457000.0  esp32c5-ttyACM2     28  -85..-81
  IEEE802.11  2462000.0  esp32c5-ttyACM2      2  -88..-84
  IEEE802.11  5180000.0  esp32c5-ttyACM2    182  -88..-32
  IEEE802.11  5200000.0  esp32c5-ttyACM2     42  -75..-26
  IEEE802.11  5220000.0  esp32c5-ttyACM2    219  -88..-26
  IEEE802.11  5240000.0  esp32c5-ttyACM2    233  -86..-19
  IEEE802.11  5280000.0  esp32c5-ttyACM2      2  -64..-63
  IEEE802.11  5300000.0  esp32c5-ttyACM2     12  -63..-58
  IEEE802.11  5745000.0  esp32c5-ttyACM2      2  -46..-46
  Unknown           0.0  esp32c5btle-ttyACM3    689  -91..-24
device 802.15.4 00:01: frequency 2450000, channel '20', freq_khz_map {'2450000': 200}, packets 200
device 802.15.4 FF:FF: frequency 2450000, channel '20', freq_khz_map {'2450000': 200}, packets 200
802.15.4 devices in the devices table: 2
device BTLE 35:29:22:2F:D1:03: frequency 2402000, channel '37', freq_khz_map {'2402000': 1}, packets 1
device BTLE 48:9E:9D:9E:42:7C: frequency 2402000, channel '37', freq_khz_map {'2402000': 1}, packets 1
device BTLE 4D:2C:24:CD:3D:2E: frequency 2402000, channel '37', freq_khz_map {'2402000': 1}, packets 1
device BTLE 5B:E0:D6:F5:85:82: frequency 2402000, channel '37', freq_khz_map {'2402000': 1}, packets 1
device BTLE 60:B2:AB:88:65:53: frequency 2402000, channel '37', freq_khz_map {'2402000': 1}, packets 1
device BTLE 7E:D4:24:6D:EB:56: frequency 2402000, channel '37', freq_khz_map {'2402000': 4}, packets 4
device BTLE CB:C4:2C:F0:F7:0C: frequency 2402000, channel '37', freq_khz_map {'2402000': 1}, packets 1
device BTLE F2:67:B9:53:58:80: frequency 2402000, channel '37', freq_khz_map {'2402000': 1}, packets 1
BTLE devices in the devices table: 11
===== Python remote (one helper, three sources)
kismet up after 0.59 s, pid 412815, home /tmp/hw3/h8py, status.json HTTP 200
esp32c5btle-ttyACM3        run=1 err=0 rem=1 pkts=50     ch=37   hop=1 nch=1 pid=0 uuid=E5C50003-0000-0000-0000-10BDA3C87D54 dlt=256 reason=
esp32c5-ttyACM2            run=1 err=0 rem=1 pkts=242    ch=6    hop=1 nch=42 pid=0 uuid=E5C50001-0000-0000-0000-3844BEBFD80C dlt=127 reason=
esp32c5zigbee-ttyACM0      run=1 err=0 rem=1 pkts=0      ch=20   hop=0 nch=16 pid=0 uuid=E5C50002-0000-0000-0000-10BDA3CF0540 dlt=230 reason=
1790683348.283 open /dev/ttyACM1
1790683349.845 MODE 802154 sent; boot marker seen: True
1790683350.146 TXTEST 200 on channel 20 sent
1790683352.552 TXTEST done (waited)
1790683354.056 MODE WIFI sent; boot marker seen: False
esp32c5btle-ttyACM3        run=1 err=0 rem=1 pkts=317    ch=37   hop=1 nch=1 pid=0 uuid=E5C50003-0000-0000-0000-10BDA3C87D54 dlt=256 reason=
esp32c5-ttyACM2            run=1 err=0 rem=1 pkts=491    ch=6    hop=1 nch=42 pid=0 uuid=E5C50001-0000-0000-0000-3844BEBFD80C dlt=127 reason=
esp32c5zigbee-ttyACM0      run=1 err=0 rem=1 pkts=200    ch=20   hop=0 nch=16 pid=0 uuid=E5C50002-0000-0000-0000-10BDA3CF0540 dlt=230 reason=
zigbee packets before TXTEST pkts=0, after: pkts=200
{"BTLE": 13, "IEEE802.11": 34, "802.15.4": 2}
{"macaddr": "00:01", "name": "", "channel": "20", "frequency": 2450000, "packets.total": 200, "signal": 6, "freq_khz_map": {"2450000": 200}}
{"macaddr": "FF:FF", "name": "", "channel": "20", "frequency": 2450000, "packets.total": 200, "signal": 6, "freq_khz_map": {"2450000": 200}}
{"BTLE": 13, "IEEE802.11": 34, "802.15.4": 2}
{"macaddr": "5B:E0:D6:F5:85:82", "name": "", "channel": "37", "frequency": 2402000, "packets.total": 1, "signal": -76, "freq_khz_map": {"2402000": 1}}
{"macaddr": "35:29:22:2F:D1:03", "name": "", "channel": "37", "frequency": 2402000, "packets.total": 1, "signal": -24, "freq_khz_map": {"2402000": 1}}
kismet 412815 stopped
datasources: {'E5C50003-0000-0000-0000-10BDA3C87D54': 'esp32c5btle-ttyACM3', 'E5C50001-0000-0000-0000-3844BEBFD80C': 'esp32c5-ttyACM2', 'E5C50002-0000-0000-0000-10BDA3CF0540': 'esp32c5zigbee-ttyACM0'}
packets: phyname | frequency (kHz) | datasource | count | min(signal) | max(signal)
  802.15.4          0.0  esp32c5zigbee-ttyACM0    200  5..6
  BTLE              0.0  esp32c5btle-ttyACM3     17  -91..-24
  IEEE802.11  2412000.0  esp32c5-ttyACM2     12  -88..-72
  IEEE802.11  2417000.0  esp32c5-ttyACM2     98  -87..-56
  IEEE802.11  2422000.0  esp32c5-ttyACM2      2  -84..-84
  IEEE802.11  2427000.0  esp32c5-ttyACM2      9  -81..-73
  IEEE802.11  2432000.0  esp32c5-ttyACM2      4  -79..-77
  IEEE802.11  2437000.0  esp32c5-ttyACM2     39  -85..-40
  IEEE802.11  2442000.0  esp32c5-ttyACM2      1  -85..-85
  IEEE802.11  2447000.0  esp32c5-ttyACM2      9  -87..-75
  IEEE802.11  2452000.0  esp32c5-ttyACM2     38  -89..-75
  IEEE802.11  2457000.0  esp32c5-ttyACM2     29  -84..-60
  IEEE802.11  2462000.0  esp32c5-ttyACM2      2  -78..-76
  IEEE802.11  2472000.0  esp32c5-ttyACM2     67  -81..-72
  IEEE802.11  5180000.0  esp32c5-ttyACM2    154  -89..-27
  IEEE802.11  5200000.0  esp32c5-ttyACM2     85  -74..-26
  IEEE802.11  5220000.0  esp32c5-ttyACM2     79  -89..-30
  IEEE802.11  5240000.0  esp32c5-ttyACM2    288  -88..-25
  IEEE802.11  5300000.0  esp32c5-ttyACM2      3  -63..-59
  IEEE802.11  5765000.0  esp32c5-ttyACM2      2  -51..-51
  Unknown           0.0  esp32c5btle-ttyACM3    586  -91..-24
device 802.15.4 00:01: frequency 2450000, channel '20', freq_khz_map {'2450000': 200}, packets 200
device 802.15.4 FF:FF: frequency 2450000, channel '20', freq_khz_map {'2450000': 200}, packets 200
802.15.4 devices in the devices table: 2
device BTLE 35:29:22:2F:D1:03: frequency 2402000, channel '37', freq_khz_map {'2402000': 1}, packets 1
device BTLE 48:9E:9D:9E:42:7C: frequency 2402000, channel '37', freq_khz_map {'2402000': 1}, packets 1
device BTLE 4D:2C:24:CD:3D:2E: frequency 2402000, channel '37', freq_khz_map {'2402000': 1}, packets 1
device BTLE 56:4F:C6:2D:D9:B5: frequency 2402000, channel '37', freq_khz_map {'2402000': 1}, packets 1
device BTLE 5B:E0:D6:F5:85:82: frequency 2402000, channel '37', freq_khz_map {'2402000': 1}, packets 1
device BTLE 60:B2:AB:88:65:53: frequency 2402000, channel '37', freq_khz_map {'2402000': 1}, packets 1
device BTLE 69:E8:9C:2D:2A:BA: frequency 2402000, channel '37', freq_khz_map {'2402000': 3}, packets 3
device BTLE 7E:D4:24:6D:EB:56: frequency 2402000, channel '37', freq_khz_map {'2402000': 1}, packets 1
BTLE devices in the devices table: 14
-rw-r--r--  1 osh osh 1040384 Sep 29 15:01 h8cl-20260929-12-01-11-1.kismet
drwxrwxr-x  2 osh osh     100 Sep 29 15:01 .kismet
-rw-r--r--  1 osh osh 1073152 Sep 29 15:02 h8cr-20260929-12-01-47-1.kismet
drwxrwxr-x  2 osh osh     100 Sep 29 15:01 .kismet
-rw-r--r--  1 osh osh 1085440 Sep 29 15:02 h8py-20260929-12-02-23-1.kismet
drwxrwxr-x  2 osh osh     100 Sep 29 15:02 .kismet
1790683379.947 /dev/ttyACM0 -> /dev/ttyACM0: holders none
1790683379.947 /dev/ttyACM1 -> /dev/ttyACM1: holders none
1790683379.947 /dev/ttyACM2 -> /dev/ttyACM2: holders none
1790683379.947 /dev/ttyACM3 -> /dev/ttyACM3: holders none
