1790683307.440 INFO: Including sub-config file: /home/osh/kismet-install/etc/kismet_httpd.conf
1790683307.440 INFO: Including sub-config file: /home/osh/kismet-install/etc/kismet_memory.conf
1790683307.440 INFO: Including sub-config file: /home/osh/kismet-install/etc/kismet_alerts.conf
1790683307.440 INFO: Including sub-config file: /home/osh/kismet-install/etc/kismet_80211.conf
1790683307.440 INFO: Including sub-config file: /home/osh/kismet-install/etc/kismet_logging.conf
1790683307.440 INFO: Including sub-config file: /home/osh/kismet-install/etc/kismet_filter.conf
1790683307.440 INFO: Including sub-config file: /home/osh/kismet-install/etc/kismet_uav.conf
1790683307.440 INFO: Loading config override file '/home/osh/kismet-install/etc/kismet_package.conf'
1790683307.440 INFO: Optional sub-config file not present: /home/osh/kismet-install/etc/kismet_package.conf
1790683307.440 INFO: Loading config override file '/home/osh/kismet-install/etc/kismet_site.conf'
1790683307.440 INFO: Optional sub-config file not present: /home/osh/kismet-install/etc/kismet_site.conf
1790683307.440 INFO: Generated server UUID 8BF29562-BBFD-11F1-81D4-4B49534D4554 and storing in /tmp/hw3/h8cr/.kismet//kismet_server_id.conf
1790683307.440 INFO: Setting server UUID 8BF29562-BBFD-11F1-81D4-4B49534D4554
1790683307.440 INFO: Starting Beast webserver on 0.0.0.0:2501
1790683307.440 INFO: Opened OUI file '/home/osh/kismet-install/share/kismet/kismet_manuf.txt.gz
1790683307.440 INFO: Indexing manufacturer db
1790683307.441 INFO: Completed indexing manufacturer db, 38959 lines and 780 indexes.
1790683307.448 INFO: Saving devices to the Kismet database log every 30 seconds
1790683307.453 INFO: Using default rates of 10/min, 1/sec for alert 'DEVICEFOUND'
1790683307.453 INFO: Using default rates of 10/min, 1/sec for alert 'DEVICELOST'
1790683307.453 INFO: Registering support for DLT_PPI packet header decoding
1790683307.453 INFO: Registering support for DLT_RADIOTAP packet header decoding
1790683307.453 INFO: Registering support for DLT_BTLE_RADIO packet header decoding
1790683307.456 INFO: Using default rates of 10/min, 1/sec for alert 'BADFIXLENIE'
1790683307.457 INFO: PHY80211 will only process AP signal levels from beacons
1790683307.457 INFO: Allowing Kismet clients to view WEP keys
1790683307.457 DEBUG: ssid canary FooCanary:ssid="FoobarCanary"
1790683307.457 DEBUG: ssid canary FooCanart2:ssid="(?i:foobarcanary)"
1790683307.457 INFO: Keeping EAPOL packets in memory for easy download and WIDS functionality; this can use more RAM.
1790683307.460 INFO: Registered PHY handler 'IEEE802.11' as ID 0
1790683307.462 INFO: Registered PHY handler 'RFSENSOR' as ID 1
1790683307.463 INFO: Registered PHY handler 'Z-Wave' as ID 2
1790683307.464 INFO: Registered PHY handler 'Bluetooth' as ID 3
1790683307.464 DEBUG: reserve_fields home id 538 app id 539
1790683307.467 INFO: Registered PHY handler 'UAV' as ID 4
1790683307.468 INFO: Registered PHY handler 'NrfMousejack' as ID 5
1790683307.468 ERROR: Tried to re-register duplicate alert FLIPPERZERO
1790683307.469 INFO: Registered PHY handler 'BTLE' as ID 6
1790683307.470 INFO: Registered PHY handler 'METER' as ID 7
1790683307.470 INFO: Indexing ADSB ICAO db
1790683307.731 INFO: Completed indexing ADSB ICAO db, 341068 lines 6822 indexes
1790683307.732 INFO: Registered PHY handler 'ADSB' as ID 8
1790683307.733 INFO: Registered PHY handler '802.15.4' as ID 9
1790683307.735 INFO: Registered PHY handler 'RADIATION' as ID 10
1790683307.740 INFO: (HTTPD) Could not read session data file, skipping loading saved sessions.
1790683307.740 INFO: Serving static file content from /home/osh/kismet-install/share/kismet/httpd/
1790683307.741 INFO: Enabling channel hopping by default on sources which support channel control.
1790683307.741 INFO: Setting default channel hop rate to 5/sec
1790683307.741 INFO: Enabling channel list splitting on sources which share the same list of channels
1790683307.741 INFO: Enabling channel list shuffling to optimize overlaps
1790683307.741 INFO: Sources will be re-opened if they encounter an error
1790683307.741 INFO: Saving datasources to the Kismet database log every 30 seconds
1790683307.741 INFO: Launching remote capture server on 127.0.0.1 3501
1790683307.744 INFO: No data sources defined; Kismet will not capture anything until a source is added.
1790683307.748 INFO: Opened kismetdb log file '/tmp/hw3/h8cr//h8cr-20260929-12-01-47-1.kismet'
1790683307.751 INFO: Saving packets to the Kismet database log.
1790683307.751 INFO: GPS track will be logged to the Kismet logfile
1790683307.752 INFO: Starting Kismet web server...
1790683307.752 INFO: HTTP server listening on 0.0.0.0:2501
1790683307.753 INFO: Could not open system plugin directory (/home/osh/kismet-install/lib/kismet/), skipping: No such file or directory
1790683307.753 INFO: Did not find a user plugin directory (/tmp/hw3/h8cr/.kismet//plugins/), skipping: No such file or directory
1790683308.039 INFO: New remote source esp32c5-ttyACM2 (E5C50001-0000-0000-0000-3844BEBFD80C) connected
1790683308.039 INFO: New remote source esp32c5btle-ttyACM3 (E5C50003-0000-0000-0000-10BDA3C87D54) connected
1790683308.040 INFO: New remote source esp32c5zigbee-ttyACM0 (E5C50002-0000-0000-0000-10BDA3CF0540) connected
1790683308.935 INFO: esp32c5btle-ttyACM3 - esp32c5btle-ttyACM3 capturing (btle)
1790683308.952 INFO: Detected new BTLE device 5B:E0:D6:F5:85:82
1790683308.964 INFO: Detected new BTLE device 35:29:22:2F:D1:03
1790683309.007 INFO: Detected new BTLE device 60:B2:AB:88:65:53
1790683309.021 INFO: esp32c5zigbee-ttyACM0 - esp32c5zigbee-ttyACM0 capturing (zigbee)
1790683309.057 INFO: esp32c5-ttyACM2 - esp32c5-ttyACM2 capturing (wifi)
1790683309.091 INFO: Detected new BTLE device 48:9E:9D:9E:42:7C tcl_AC_t*ap_szkt
1790683309.128 INFO: Detected new BTLE device 7E:D4:24:6D:EB:56
1790683309.812 INFO: Detected new BTLE device FB:4A:2A:19:7B:D8
1790683309.921 INFO: Detected new BTLE device 4D:2C:24:CD:3D:2E
1790683310.525 INFO: Detected new 802.11 Wi-Fi access point 00:B8:C2:B2:AE:57
1790683310.525 INFO: 802.11 Wi-Fi device 00:B8:C2:B2:AE:57 advertising new SSID 'Mor'
1790683310.537 INFO: Detected new 802.11 Wi-Fi access point FA:8F:CA:6C:D1:65
1790683310.539 INFO: 802.11 Wi-Fi device FA:8F:CA:6C:D1:65 advertising new SSID 'JBL Bar 5.1_0891.l025'
1790683310.665 INFO: Detected new 802.11 Wi-Fi device FC:F5:C4:BE:0B:A5
1790683310.674 INFO: Detected new 802.11 Wi-Fi access point 94:E3:6D:81:A3:FF
1790683310.674 INFO: 802.11 Wi-Fi device 94:E3:6D:81:A3:FF advertising new SSID 'ELRSSID81A3FF'
1790683310.684 INFO: Detected new 802.11 Wi-Fi access point 26:39:F1:AB:05:B2
1790683310.684 INFO: 802.11 Wi-Fi device 26:39:F1:AB:05:B2 advertising new SSID 'osvc-2'
1790683310.858 INFO: Detected new 802.11 Wi-Fi device 40:AE:30:84:5A:16
1790683310.858 INFO: Detected new 802.11 Wi-Fi device B0:1F:47:17:AF:4A
1790683310.883 INFO: Detected new 802.11 Wi-Fi device 40:AE:30:84:36:22
1790683310.951 INFO: Detected new 802.11 Wi-Fi device 46:AE:30:84:5A:16
1790683311.290 INFO: Detected new 802.11 Wi-Fi access point 00:B8:C2:B2:AE:58
1790683311.290 INFO: 802.11 Wi-Fi device 00:B8:C2:B2:AE:58 advertising new SSID 'Mor'
1790683311.293 INFO: Detected new 802.11 Wi-Fi access point 6A:B8:C2:B2:AE:59
1790683311.297 INFO: 802.11 Wi-Fi device 6A:B8:C2:B2:AE:59 advertising a new cloaked SSID
1790683311.442 INFO: Detected new 802.11 Wi-Fi device E4:5F:01:49:99:3F
1790683311.442 INFO: Detected new 802.11 Wi-Fi device 42:A2:BA:65:29:F3
1790683311.524 INFO: Detected new BTLE device CB:C4:2C:F0:F7:0C
1790683311.613 INFO: Detected new BTLE device F5:31:60:FE:ED:2F
1790683312.332 INFO: Detected new BTLE device F2:67:B9:53:58:80
1790683313.255 INFO: Detected new BTLE device F4:DD:06:5E:7E:19
1790683313.276 INFO: Detected new 802.11 Wi-Fi access point 46:AE:30:84:34:B7
1790683313.285 INFO: 802.11 Wi-Fi device 46:AE:30:84:34:B7 advertising a new cloaked SSID
1790683313.327 INFO: Detected new 802.11 Wi-Fi access point 40:AE:30:84:34:B7
1790683313.328 INFO: 802.11 Wi-Fi device 40:AE:30:84:34:B7 advertising new SSID 'cohen42'
1790683313.689 INFO: Detected new 802.15.4 device 00:01
1790683313.723 INFO: Detected new 802.15.4 device FF:FF
1790683313.723 INFO: Detected new 802.15.4 device FF:FF
1790683314.793 INFO: Detected new 802.11 Wi-Fi access point 80:AF:CA:75:C2:23
1790683314.794 INFO: 802.11 Wi-Fi device 80:AF:CA:75:C2:23 advertising new SSID 'Cudy-C223'
1790683314.796 INFO: Detected new 802.11 Wi-Fi access point 82:AF:CA:25:C2:23
1790683314.800 INFO: 802.11 Wi-Fi device 82:AF:CA:25:C2:23 advertising a new cloaked SSID
1790683314.846 INFO: Detected new 802.11 Wi-Fi device A8:DB:03:42:DE:68
1790683314.866 INFO: Detected new 802.11 Wi-Fi access point 46:AE:30:84:34:B6
1790683314.867 INFO: 802.11 Wi-Fi device 46:AE:30:84:34:B6 advertising a new cloaked SSID
1790683316.684 INFO: Detected new 802.11 Wi-Fi device 64:64:4A:BB:59:65
1790683316.684 INFO: Detected new 802.11 Wi-Fi device 78:DF:72:D3:BB:92
1790683316.684 INFO: Detected new 802.11 Wi-Fi device B0:BB:E5:7F:F6:E7
1790683317.068 INFO: Detected new 802.11 Wi-Fi access point 40:AE:30:84:34:B6
1790683317.069 INFO: 802.11 Wi-Fi device 40:AE:30:84:34:B6 advertising new SSID 'cohen42'
1790683317.071 INFO: Detected new 802.11 Wi-Fi access point 46:AE:30:84:36:22
1790683317.072 INFO: 802.11 Wi-Fi device 46:AE:30:84:36:22 advertising a new cloaked SSID
1790683317.076 INFO: Detected new 802.11 Wi-Fi device 40:AE:30:84:5A:14
1790683317.088 INFO: 802.11 Wi-Fi device 46:AE:30:84:5A:16 advertising a new cloaked SSID
1790683317.139 INFO: 802.11 Wi-Fi device 40:AE:30:84:5A:16 advertising new SSID 'cohen42'
1790683317.225 INFO: 802.11 Wi-Fi device 40:AE:30:84:36:22 advertising new SSID 'cohen42'
1790683319.271 INFO: Detected new 802.11 Wi-Fi device 20:0B:74:10:99:0E
1790683319.846 INFO: Detected new 802.11 Wi-Fi device CE:24:8E:B8:EC:32
1790683321.445 INFO: Detected new 802.11 Wi-Fi device FC:F5:C4:BD:9B:CD
1790683321.540 INFO: Detected new 802.11 Wi-Fi device D0:CF:0E:85:DC:54
1790683321.601 INFO: Detected new 802.11 Wi-Fi access point 30:E1:71:F0:62:A4
1790683321.602 INFO: 802.11 Wi-Fi device 30:E1:71:F0:62:A4 advertising new SSID 'DIRECT-A3-HP DeskJet 4670 series'
1790683321.603 INFO: Detected new 802.11 Wi-Fi device 84:7A:B6:7D:81:F8
1790683321.761 INFO: Detected new 802.11 Wi-Fi device 04:03:12:27:F0:66
1790683323.102 INFO: Detected new 802.11 Wi-Fi device 74:F8:DB:5D:D0:61
1790683323.355 INFO: Detected new 802.11 Wi-Fi device D0:CF:0E:85:DC:57
1790683325.129 INFO: Detected new 802.11 Wi-Fi access point CA:C9:A3:4D:96:E7
1790683325.142 INFO: 802.11 Wi-Fi device CA:C9:A3:4D:96:E7 advertising new SSID 'ESP-4D96E7'
1790683325.189 INFO: Detected new 802.11 Wi-Fi device 62:D5:ED:42:0F:E1
1790683325.189 INFO: Detected new 802.11 Wi-Fi device 44:15:24:45:CF:4F
1790683327.841 INFO: 802.11 Wi-Fi device 40:AE:30:84:36:22 advertising new SSID 'cohen42'
1790683327.841 INFO: Detected new 802.11 Wi-Fi device 54:2B:57:31:09:AF
1790683330.227 INFO: Detected new 802.11 Wi-Fi device 20:15:DE:A1:04:FB
1790683335.746 INFO: Detected new 802.11 Wi-Fi device FA:50:AF:58:56:C3
1790683335.778 INFO: Detected new 802.11 Wi-Fi device D4:CF:F9:B5:5C:ED
1790683335.781 INFO: Detected new 802.11 Wi-Fi device D4:CF:F9:B5:58:AE
1790683335.794 INFO: Detected new 802.11 Wi-Fi device 20:50:E7:2A:0F:76
1790683335.834 INFO: Detected new 802.11 Wi-Fi device 70:F7:54:55:CB:00
1790683339.922 INFO: 802.11 Wi-Fi device 80:AF:CA:75:C2:23 advertising new SSID 'Cudy-C223'
1790683339.922 INFO: Detected new 802.11 Wi-Fi device 2C:E0:32:D1:17:B1
1790683341.767 
1790683341.767 *** KISMET IS SHUTTING DOWN ***
1790683341.767 Shutting down plugins...
1790683341.767 WARNING: Kismet changes the configuration of network devices.
1790683341.767          In most cases you will need to restart networking for
1790683341.767          your interface (varies per distribution and OS), but 
1790683341.767          typically one of:
1790683341.767          sudo service networking restart
1790683341.767          sudo /etc/init.d/networking restart
1790683341.767          or
1790683341.767          nmcli device set [device] managed true
1790683341.767 
1790683341.767 Kismet exiting.
1790683341.767 EXITING: Signal service thread complete.
