===== two c helpers for esp32c5-ttyACM1
c-A pid 403559
A capturing after (s): 1.07
flock: 1790682906.623 /dev/ttyACM1 -> /dev/ttyACM1: holders ['FLOCK WRITE by pid 403562 (/home/osh/kismet-install/bin/kismet_cap_esp32c5 --connect 127.0.0.1:2501 --source esp32c5-ttyACM1)']
c-B pid 403618 started at 1790682906.634946155
after 30 s: A alive yes, B alive yes
flock: 1790682936.755 /dev/ttyACM1 -> /dev/ttyACM1: holders ['FLOCK WRITE by pid 403562 (/home/osh/kismet-install/bin/kismet_cap_esp32c5 --connect 127.0.0.1:2501 --source esp32c5-ttyACM1)']
esp32c5-ttyACM1            run=1 err=0 rem=1 pkts=796    ch=6    hop=1 nch=42 pid=0 uuid=E5C50001-0000-0000-0000-3844BEBFC910 dlt=127 reason=
A exit status 143 (killed at 1790682936.989267462)
20 s after killing A: B alive yes; B children 404789 
flock: 1790682957.095 /dev/ttyACM1 -> /dev/ttyACM1: holders ['FLOCK WRITE by pid 404789 (/home/osh/kismet-install/bin/kismet_cap_esp32c5 --connect 127.0.0.1:2501 --source esp32c5-ttyACM1)']
esp32c5-ttyACM1            run=1 err=0 rem=1 pkts=1206   ch=6    hop=1 nch=42 pid=0 uuid=E5C50001-0000-0000-0000-3844BEBFC910 dlt=127 reason=websocket connection closed
B exit status 143
port after both: 1790682960.475 /dev/ttyACM1 -> /dev/ttyACM1: holders none; OPENED and flocked (port free)
B running alongside A for 30.4 s: packets 65 -> 796, running values ['[1]'], sources with this uuid [1], flock pids ['[403562]']
  packets per 5 s while both ran: [62, 104, 227, 142, 117, 79]
after killing A: port free +0.05 s; a new holder +4.75 s (flock [[403562]] -> [[404789]]); Kismet running again +4.75 s; first new packet +5.66 s
  holder at the end of B's spell: ['pid404789']
--- c-A log (without packet lines)
[2026/09/29 14:55:03:3313] W: _lws_smd_msg_send: rejecting message on queue depth 40
INFO: 127.0.0.1:2501 starting capture...
--- c-B log
FATAL: Could not probe local source prior to connecting to the remote host: esp32c5-ttyACM1: /dev/ttyACM1 is already in use by another capture; not offering it to Kismet until it is free (looked at again every 5 seconds)
[2026/09/29 14:55:06:6461] W: _lws_smd_msg_send: rejecting message on queue depth 40
FATAL:  Datasource exiting libwebsocket loop
INFO: capture process exited 0 signal 0
INFO: Sleeping 5 seconds before attempting to reconnect to remote server
FATAL: Could not probe local source prior to connecting to the remote host: esp32c5-ttyACM1: /dev/ttyACM1 is already in use by another capture; not offering it to Kismet until it is free (looked at again every 5 seconds)
[2026/09/29 14:55:11:6510] W: _lws_smd_msg_send: rejecting message on queue depth 40
FATAL:  Datasource exiting libwebsocket loop
INFO: capture process exited 0 signal 0
INFO: Sleeping 5 seconds before attempting to reconnect to remote server
FATAL: Could not probe local source prior to connecting to the remote host: esp32c5-ttyACM1: /dev/ttyACM1 is already in use by another capture; not offering it to Kismet until it is free (looked at again every 5 seconds)
[2026/09/29 14:55:16:6561] W: _lws_smd_msg_send: rejecting message on queue depth 40
FATAL:  Datasource exiting libwebsocket loop
INFO: capture process exited 0 signal 0
INFO: Sleeping 5 seconds before attempting to reconnect to remote server
FATAL: Could not probe local source prior to connecting to the remote host: esp32c5-ttyACM1: /dev/ttyACM1 is already in use by another capture; not offering it to Kismet until it is free (looked at again every 5 seconds)
[2026/09/29 14:55:21:6611] W: _lws_smd_msg_send: rejecting message on queue depth 40
FATAL:  Datasource exiting libwebsocket loop
INFO: capture process exited 0 signal 0
INFO: Sleeping 5 seconds before attempting to reconnect to remote server
FATAL: Could not probe local source prior to connecting to the remote host: esp32c5-ttyACM1: /dev/ttyACM1 is already in use by another capture; not offering it to Kismet until it is free (looked at again every 5 seconds)
[2026/09/29 14:55:26:6659] W: _lws_smd_msg_send: rejecting message on queue depth 40
FATAL:  Datasource exiting libwebsocket loop
INFO: capture process exited 0 signal 0
INFO: Sleeping 5 seconds before attempting to reconnect to remote server
FATAL: Could not probe local source prior to connecting to the remote host: esp32c5-ttyACM1: /dev/ttyACM1 is already in use by another capture; not offering it to Kismet until it is free (looked at again every 5 seconds)
[2026/09/29 14:55:31:6715] W: _lws_smd_msg_send: rejecting message on queue depth 40
FATAL:  Datasource exiting libwebsocket loop
INFO: capture process exited 0 signal 0
INFO: Sleeping 5 seconds before attempting to reconnect to remote server
FATAL: Could not probe local source prior to connecting to the remote host: esp32c5-ttyACM1: /dev/ttyACM1 is already in use by another capture; not offering it to Kismet until it is free (looked at again every 5 seconds)
[2026/09/29 14:55:36:6773] W: _lws_smd_msg_send: rejecting message on queue depth 40
FATAL:  Datasource exiting libwebsocket loop
INFO: capture process exited 0 signal 0
INFO: Sleeping 5 seconds before attempting to reconnect to remote server
[2026/09/29 14:55:41:6813] W: _lws_smd_msg_send: rejecting message on queue depth 40
INFO: 127.0.0.1:2501 starting capture...
