1790682902.748 INFO: Including sub-config file: /home/osh/kismet-install/etc/kismet_httpd.conf
1790682902.748 INFO: Including sub-config file: /home/osh/kismet-install/etc/kismet_memory.conf
1790682902.748 INFO: Including sub-config file: /home/osh/kismet-install/etc/kismet_alerts.conf
1790682902.748 INFO: Including sub-config file: /home/osh/kismet-install/etc/kismet_80211.conf
1790682902.748 INFO: Including sub-config file: /home/osh/kismet-install/etc/kismet_logging.conf
1790682902.748 INFO: Including sub-config file: /home/osh/kismet-install/etc/kismet_filter.conf
1790682902.748 INFO: Including sub-config file: /home/osh/kismet-install/etc/kismet_uav.conf
1790682902.748 INFO: Loading config override file '/home/osh/kismet-install/etc/kismet_package.conf'
1790682902.748 INFO: Optional sub-config file not present: /home/osh/kismet-install/etc/kismet_package.conf
1790682902.748 INFO: Loading config override file '/home/osh/kismet-install/etc/kismet_site.conf'
1790682902.748 INFO: Optional sub-config file not present: /home/osh/kismet-install/etc/kismet_site.conf
1790682902.748 INFO: Generated server UUID 9ABA5FE0-BBFC-11F1-A975-4B49534D4554 and storing in /tmp/hw3/h4b/.kismet//kismet_server_id.conf
1790682902.748 INFO: Setting server UUID 9ABA5FE0-BBFC-11F1-A975-4B49534D4554
1790682902.748 INFO: Starting Beast webserver on 0.0.0.0:2501
1790682902.748 INFO: Opened OUI file '/home/osh/kismet-install/share/kismet/kismet_manuf.txt.gz
1790682902.748 INFO: Indexing manufacturer db
1790682902.751 INFO: Completed indexing manufacturer db, 38959 lines and 780 indexes.
1790682902.758 INFO: Saving devices to the Kismet database log every 30 seconds
1790682902.763 INFO: Using default rates of 10/min, 1/sec for alert 'DEVICEFOUND'
1790682902.763 INFO: Using default rates of 10/min, 1/sec for alert 'DEVICELOST'
1790682902.763 INFO: Registering support for DLT_PPI packet header decoding
1790682902.763 INFO: Registering support for DLT_RADIOTAP packet header decoding
1790682902.763 INFO: Registering support for DLT_BTLE_RADIO packet header decoding
1790682902.766 INFO: Using default rates of 10/min, 1/sec for alert 'BADFIXLENIE'
1790682902.767 INFO: PHY80211 will only process AP signal levels from beacons
1790682902.767 INFO: Allowing Kismet clients to view WEP keys
1790682902.767 DEBUG: ssid canary FooCanary:ssid="FoobarCanary"
1790682902.767 DEBUG: ssid canary FooCanart2:ssid="(?i:foobarcanary)"
1790682902.767 INFO: Keeping EAPOL packets in memory for easy download and WIDS functionality; this can use more RAM.
1790682902.770 INFO: Registered PHY handler 'IEEE802.11' as ID 0
1790682902.772 INFO: Registered PHY handler 'RFSENSOR' as ID 1
1790682902.773 INFO: Registered PHY handler 'Z-Wave' as ID 2
1790682902.774 INFO: Registered PHY handler 'Bluetooth' as ID 3
1790682902.774 DEBUG: reserve_fields home id 538 app id 539
1790682902.777 INFO: Registered PHY handler 'UAV' as ID 4
1790682902.778 INFO: Registered PHY handler 'NrfMousejack' as ID 5
1790682902.778 ERROR: Tried to re-register duplicate alert FLIPPERZERO
1790682902.779 INFO: Registered PHY handler 'BTLE' as ID 6
1790682902.780 INFO: Registered PHY handler 'METER' as ID 7
1790682902.780 INFO: Indexing ADSB ICAO db
1790682903.039 INFO: Completed indexing ADSB ICAO db, 341068 lines 6822 indexes
1790682903.041 INFO: Registered PHY handler 'ADSB' as ID 8
1790682903.042 INFO: Registered PHY handler '802.15.4' as ID 9
1790682903.043 INFO: Registered PHY handler 'RADIATION' as ID 10
1790682903.048 INFO: (HTTPD) Could not read session data file, skipping loading saved sessions.
1790682903.049 INFO: Serving static file content from /home/osh/kismet-install/share/kismet/httpd/
1790682903.049 INFO: Enabling channel hopping by default on sources which support channel control.
1790682903.049 INFO: Setting default channel hop rate to 5/sec
1790682903.049 INFO: Enabling channel list splitting on sources which share the same list of channels
1790682903.049 INFO: Enabling channel list shuffling to optimize overlaps
1790682903.049 INFO: Sources will be re-opened if they encounter an error
1790682903.049 INFO: Saving datasources to the Kismet database log every 30 seconds
1790682903.050 INFO: Launching remote capture server on 127.0.0.1 3501
1790682903.052 INFO: No data sources defined; Kismet will not capture anything until a source is added.
1790682903.053 ALERT: LOGDISABLED Logging has been disabled via the Kismet config files or the command line.  Pcap, database, and related logs will not be saved.
1790682903.053 INFO: Logging disabled, not enabling any log drivers.
1790682903.053 INFO: GPS track will be logged to the Kismet logfile
1790682903.055 INFO: Starting Kismet web server...
1790682903.055 INFO: HTTP server listening on 0.0.0.0:2501
1790682903.056 INFO: Could not open system plugin directory (/home/osh/kismet-install/lib/kismet/), skipping: No such file or directory
1790682903.056 INFO: Did not find a user plugin directory (/tmp/hw3/h4b/.kismet//plugins/), skipping: No such file or directory
1790682903.337 INFO: New remote source esp32c5-ttyACM1 (E5C50001-0000-0000-0000-3844BEBFC910) connected
1790682904.329 INFO: esp32c5-ttyACM1 - esp32c5-ttyACM1 capturing (wifi)
1790682904.432 INFO: Detected new 802.11 Wi-Fi device A8:DB:03:42:DE:68
1790682904.537 INFO: Detected new 802.11 Wi-Fi device E4:5F:01:49:99:3F
1790682904.537 INFO: Detected new 802.11 Wi-Fi device 42:A2:BA:65:29:F3
1790682905.841 INFO: Detected new 802.11 Wi-Fi access point FA:8F:CA:6C:D1:65
1790682905.843 INFO: 802.11 Wi-Fi device FA:8F:CA:6C:D1:65 advertising new SSID 'JBL Bar 5.1_0891.l025'
1790682905.990 INFO: Detected new 802.11 Wi-Fi access point 26:39:F1:AB:05:B2
1790682905.991 INFO: 802.11 Wi-Fi device 26:39:F1:AB:05:B2 advertising new SSID 'osvc-2'
1790682906.229 INFO: Detected new 802.11 Wi-Fi access point 40:AE:30:84:34:B6
1790682906.230 INFO: 802.11 Wi-Fi device 40:AE:30:84:34:B6 advertising new SSID 'cohen42'
1790682906.238 INFO: Detected new 802.11 Wi-Fi device 46:AE:30:84:5A:16
1790682906.239 INFO: Detected new 802.11 Wi-Fi device B0:1F:47:17:AF:4A
1790682906.250 INFO: 802.11 Wi-Fi device 46:AE:30:84:5A:16 advertising a new cloaked SSID
1790682910.172 INFO: Detected new 802.11 Wi-Fi access point 46:AE:30:84:34:B6
1790682910.173 INFO: 802.11 Wi-Fi device 46:AE:30:84:34:B6 advertising a new cloaked SSID
1790682912.119 INFO: 802.11 Wi-Fi device FA:8F:CA:6C:D1:65 advertising new SSID 'JBL Bar 5.1_0891.l025'
1790682912.119 INFO: Detected new 802.11 Wi-Fi device 4E:8A:9D:4C:02:FC
1790682912.131 INFO: Detected new 802.11 Wi-Fi access point CA:C9:A3:4D:96:E7
1790682912.143 INFO: 802.11 Wi-Fi device CA:C9:A3:4D:96:E7 advertising new SSID 'ESP-4D96E7'
1790682912.146 INFO: 802.11 Wi-Fi device CA:C9:A3:4D:96:E7 advertising new SSID 'ESP-4D96E7'
1790682912.449 INFO: Detected new 802.11 Wi-Fi device DC:07:F8:9F:12:D8
1790682912.450 INFO: Detected new 802.11 Wi-Fi device 40:AE:30:84:5A:16
1790682912.452 INFO: 802.11 Wi-Fi device 40:AE:30:84:5A:16 advertising new SSID 'cohen42'
1790682912.530 INFO: Detected new 802.11 Wi-Fi access point 40:AE:30:84:36:22
1790682912.531 INFO: 802.11 Wi-Fi device 40:AE:30:84:36:22 advertising new SSID 'cohen42'
1790682914.234 INFO: Detected new 802.11 Wi-Fi access point 00:B8:C2:B2:AE:57
1790682914.235 INFO: 802.11 Wi-Fi device 00:B8:C2:B2:AE:57 advertising new SSID 'Mor'
1790682914.240 INFO: Detected new 802.11 Wi-Fi device 24:9E:7D:38:9F:74
1790682914.499 INFO: Detected new 802.11 Wi-Fi device 94:83:C4:25:9E:39
1790682916.479 INFO: Detected new 802.11 Wi-Fi device B0:1F:47:0D:E9:B8
1790682920.406 INFO: Detected new 802.11 Wi-Fi access point 58:FC:20:1B:D9:D0
1790682920.408 INFO: 802.11 Wi-Fi device 58:FC:20:1B:D9:D0 advertising new SSID 'Sivan'
1790682920.774 INFO: Detected new 802.11 Wi-Fi access point 46:AE:30:84:36:22
1790682920.776 INFO: 802.11 Wi-Fi device 46:AE:30:84:36:22 advertising a new cloaked SSID
1790682920.826 INFO: Detected new 802.11 Wi-Fi device 40:AE:30:84:36:20
1790682922.345 INFO: Detected new 802.11 Wi-Fi device 4C:2E:5E:D5:FE:E9
1790682926.998 INFO: Detected new 802.11 Wi-Fi device 1C:4D:89:65:18:2A
1790682936.995 ERROR: Data source 'esp32c5-ttyACM1 / esp32c5-ttyACM1' ('esp32c5-ttyACM1') encountered an error: websocket connection closed
1790682941.683 INFO: Matching new remote source 'esp32c5-ttyACM1' with known source with UUID 'E5C50001-0000-0000-0000-3844BEBFC910'
1790682941.687 INFO: Remote source esp32c5-ttyACM1 (E5C50001-0000-0000-0000-3844BEBFC910) reconnected
1790682942.622 INFO: esp32c5-ttyACM1 - esp32c5-ttyACM1 capturing (wifi)
1790682944.941 INFO: Detected new 802.11 Wi-Fi access point 00:B8:C2:B2:AE:58
1790682944.942 INFO: Detected new 802.11 Wi-Fi device EE:E6:9F:46:A6:12
1790682950.356 INFO: Detected new 802.11 Wi-Fi device FC:F5:C4:BE:0B:A5
1790682952.532 INFO: 802.11 Wi-Fi device 00:B8:C2:B2:AE:57 advertising new SSID 'Mor'
1790682952.532 INFO: Detected new 802.11 Wi-Fi device 3C:33:00:3C:D9:72
1790682957.337 ERROR: Data source 'esp32c5-ttyACM1 / esp32c5-ttyACM1' ('esp32c5-ttyACM1') encountered an error: websocket connection closed
1790682963.930 INFO: Matching new remote source 'esp32c5-ttyACM1' with known source with UUID 'E5C50001-0000-0000-0000-3844BEBFC910'
1790682963.939 INFO: Remote source esp32c5-ttyACM1 (E5C50001-0000-0000-0000-3844BEBFC910) reconnected
1790682963.940 INFO: esp32c5-ttyACM1 - /dev/ttyACM1 opened
1790682964.911 INFO: esp32c5-ttyACM1 - /dev/ttyACM1 capturing
1790682966.553 INFO: 802.11 Wi-Fi device 26:39:F1:AB:05:B2 advertising new SSID 'osvc-2'
1790682966.792 INFO: 802.11 Wi-Fi device 40:AE:30:84:34:B6 advertising new SSID 'cohen42'
1790682970.607 INFO: Detected new 802.11 Wi-Fi access point 80:AF:CA:75:C2:23
1790682970.608 INFO: 802.11 Wi-Fi device 80:AF:CA:75:C2:23 advertising new SSID 'Cudy-C223'
1790682972.597 INFO: Detected new 802.11 Wi-Fi device 00:B8:C2:B2:AE:4E
1790682973.069 INFO: Detected new 802.11 Wi-Fi device 28:C7:09:5E:C8:D6
1790682973.132 INFO: Detected new 802.11 Wi-Fi device 20:15:DE:A1:04:FB
1790682973.134 INFO: 802.11 Wi-Fi device 40:AE:30:84:36:22 advertising new SSID 'cohen42'
1790682973.158 INFO: Detected new 802.11 Wi-Fi device 3A:0A:42:2F:8D:64
1790682974.857 INFO: Detected new 802.11 Wi-Fi device 74:E6:B8:BA:59:C8
1790682979.209 INFO: Detected new 802.11 Wi-Fi access point 82:AF:CA:25:C2:23
1790682979.213 INFO: 802.11 Wi-Fi device 82:AF:CA:25:C2:23 advertising a new cloaked SSID
1790682985.626 INFO: Detected new 802.11 Wi-Fi device EE:06:19:9A:8C:51
1790682989.086 INFO: Detected new 802.11 Wi-Fi device 38:8A:06:37:8E:2A
1790682990.018 INFO: 802.11 Wi-Fi device 40:AE:30:84:5A:16 advertising new SSID 'cohen42'
1790682996.236 INFO: Detected new 802.11 Wi-Fi device 9A:8A:43:22:75:1A
1790682996.484 ERROR: Data source 'esp32c5-ttyACM1 / esp32c5-ttyACM1' ('esp32c5-ttyACM1') encountered an error: websocket connection closed
1790683001.496 INFO: Matching new remote source 'esp32c5-ttyACM1' with known source with UUID 'E5C50001-0000-0000-0000-3844BEBFC910'
1790683001.506 INFO: Remote source esp32c5-ttyACM1 (E5C50001-0000-0000-0000-3844BEBFC910) reconnected
1790683001.506 INFO: esp32c5-ttyACM1 - /dev/ttyACM1 opened
1790683002.403 INFO: esp32c5-ttyACM1 - /dev/ttyACM1 capturing
1790683010.647 INFO: Detected new 802.11 Wi-Fi device 20:0B:74:10:99:0E
1790683016.990 ERROR: Data source 'esp32c5-ttyACM1 / esp32c5-ttyACM1' ('esp32c5-ttyACM1') encountered an error: websocket connection closed
1790683021.077 
1790683021.077 *** KISMET IS SHUTTING DOWN ***
1790683021.077 Shutting down plugins...
1790683021.077 WARNING: Kismet changes the configuration of network devices.
1790683021.077          In most cases you will need to restart networking for
1790683021.077          your interface (varies per distribution and OS), but 
1790683021.077          typically one of:
1790683021.077          sudo service networking restart
1790683021.077          sudo /etc/init.d/networking restart
1790683021.077          or
1790683021.077          nmcli device set [device] managed true
1790683021.077 
1790683021.077 Kismet exiting.
1790683021.077 EXITING: Signal service thread complete.
