14:56:03 DEBUG: the Kismet login comes from KISMET_CAP_USER and KISMET_CAP_PASSWORD
14:56:03 INFO: esp32c5-ttyACM1: connected, offering it to Kismet as E5C50001-0000-0000-0000-3844BEBFC910
14:56:03 DEBUG: -> KDS_NEWSOURCE, 86 bytes
14:56:03 DEBUG: <- KDS_OPENREQ seqno 19
14:56:03 INFO: esp32c5-ttyACM1: opening /dev/ttyACM1 for wifi
14:56:03 INFO: /dev/ttyACM1 opened
14:56:03 DEBUG: -> KDS_OPENREPORT, 294 bytes
14:56:03 DEBUG: -> CMD_MESSAGE, 44 bytes
14:56:03 DEBUG: <- KDS_CONFIGREQ seqno 20
14:56:03 DEBUG: -> KDS_CONFIGREPORT, 180 bytes
14:56:04 INFO: /dev/ttyACM1 capturing
14:56:04 DEBUG: -> CMD_MESSAGE, 47 bytes
14:56:09 DEBUG: -> CMD_PONG, 20 bytes
14:56:09 DEBUG: -> CMD_PONG, 20 bytes
14:56:14 DEBUG: -> CMD_PONG, 20 bytes
14:56:14 DEBUG: -> CMD_PONG, 20 bytes
14:56:19 DEBUG: -> CMD_PONG, 20 bytes
14:56:19 DEBUG: -> CMD_PONG, 20 bytes
14:56:24 DEBUG: -> CMD_PONG, 20 bytes
14:56:24 DEBUG: -> CMD_PONG, 20 bytes
14:56:29 DEBUG: -> CMD_PONG, 20 bytes
14:56:29 DEBUG: -> CMD_PONG, 20 bytes
14:56:34 DEBUG: -> CMD_PONG, 20 bytes
14:56:34 DEBUG: -> CMD_PONG, 20 bytes
14:56:36 DEBUG: stop signal SIGTERM
14:56:36 INFO: stopping
14:56:36 INFO: esp32c5-ttyACM1: connection ended: stopped
