14:56:06 DEBUG: the Kismet login comes from KISMET_CAP_USER and KISMET_CAP_PASSWORD
14:56:06 WARNING: esp32c5-ttyACM1: /dev/ttyACM1 is already in use by another capture; not offering it to Kismet until it is free (looked at again every 5 seconds)
14:56:11 DEBUG: esp32c5-ttyACM1: /dev/ttyACM1 is still in use by another capture
14:56:16 DEBUG: esp32c5-ttyACM1: /dev/ttyACM1 is still in use by another capture
14:56:21 DEBUG: esp32c5-ttyACM1: /dev/ttyACM1 is still in use by another capture
14:56:26 DEBUG: esp32c5-ttyACM1: /dev/ttyACM1 is still in use by another capture
14:56:31 DEBUG: esp32c5-ttyACM1: /dev/ttyACM1 is still in use by another capture
14:56:36 DEBUG: esp32c5-ttyACM1: /dev/ttyACM1 is still in use by another capture
14:56:41 INFO: esp32c5-ttyACM1: connected, offering it to Kismet as E5C50001-0000-0000-0000-3844BEBFC910
14:56:41 DEBUG: -> KDS_NEWSOURCE, 86 bytes
14:56:41 DEBUG: <- KDS_OPENREQ seqno 33
14:56:41 INFO: esp32c5-ttyACM1: opening /dev/ttyACM1 for wifi
14:56:41 INFO: /dev/ttyACM1 opened
14:56:41 DEBUG: -> KDS_OPENREPORT, 294 bytes
14:56:41 DEBUG: -> CMD_MESSAGE, 44 bytes
14:56:41 DEBUG: <- KDS_CONFIGREQ seqno 34
14:56:41 DEBUG: -> KDS_CONFIGREPORT, 180 bytes
14:56:42 INFO: /dev/ttyACM1 capturing
14:56:42 DEBUG: -> CMD_MESSAGE, 47 bytes
14:56:46 DEBUG: -> CMD_PONG, 20 bytes
14:56:51 DEBUG: -> CMD_PONG, 20 bytes
14:56:56 DEBUG: stop signal SIGTERM
14:56:56 INFO: stopping
14:56:56 INFO: esp32c5-ttyACM1: connection ended: stopped
