1790649480.991 INFO: Including sub-config file: /home/osh/kismet-install/etc/kismet_httpd.conf
1790649480.991 INFO: Including sub-config file: /home/osh/kismet-install/etc/kismet_memory.conf
1790649480.991 INFO: Including sub-config file: /home/osh/kismet-install/etc/kismet_alerts.conf
1790649480.991 INFO: Including sub-config file: /home/osh/kismet-install/etc/kismet_80211.conf
1790649480.991 INFO: Including sub-config file: /home/osh/kismet-install/etc/kismet_logging.conf
1790649480.992 INFO: Including sub-config file: /home/osh/kismet-install/etc/kismet_filter.conf
1790649480.992 INFO: Including sub-config file: /home/osh/kismet-install/etc/kismet_uav.conf
1790649480.992 INFO: Loading config override file '/home/osh/kismet-install/etc/kismet_package.conf'
1790649480.992 INFO: Optional sub-config file not present: /home/osh/kismet-install/etc/kismet_package.conf
1790649480.992 INFO: Loading config override file '/home/osh/kismet-install/etc/kismet_site.conf'
1790649480.992 INFO: Optional sub-config file not present: /home/osh/kismet-install/etc/kismet_site.conf
1790649480.992 INFO: Generated server UUID C9CFEB90-BBAE-11F1-A9E3-4B49534D4554 and storing in /tmp/hw2/g1a/.kismet//kismet_server_id.conf
1790649480.992 INFO: Setting server UUID C9CFEB90-BBAE-11F1-A9E3-4B49534D4554
1790649480.992 INFO: Starting Beast webserver on 0.0.0.0:2501
1790649480.992 INFO: Opened OUI file '/home/osh/kismet-install/share/kismet/kismet_manuf.txt.gz
1790649480.992 INFO: Indexing manufacturer db
1790649481.001 INFO: Completed indexing manufacturer db, 38959 lines and 780 indexes.
1790649481.011 INFO: Saving devices to the Kismet database log every 30 seconds
1790649481.019 INFO: Using default rates of 10/min, 1/sec for alert 'DEVICEFOUND'
1790649481.019 INFO: Using default rates of 10/min, 1/sec for alert 'DEVICELOST'
1790649481.020 INFO: Registering support for DLT_PPI packet header decoding
1790649481.020 INFO: Registering support for DLT_RADIOTAP packet header decoding
1790649481.020 INFO: Registering support for DLT_BTLE_RADIO packet header decoding
1790649481.024 INFO: Using default rates of 10/min, 1/sec for alert 'BADFIXLENIE'
1790649481.025 INFO: PHY80211 will only process AP signal levels from beacons
1790649481.025 INFO: Allowing Kismet clients to view WEP keys
1790649481.025 DEBUG: ssid canary FooCanary:ssid="FoobarCanary"
1790649481.025 DEBUG: ssid canary FooCanart2:ssid="(?i:foobarcanary)"
1790649481.025 INFO: Keeping EAPOL packets in memory for easy download and WIDS functionality; this can use more RAM.
1790649481.028 INFO: Registered PHY handler 'IEEE802.11' as ID 0
1790649481.030 INFO: Registered PHY handler 'RFSENSOR' as ID 1
1790649481.031 INFO: Registered PHY handler 'Z-Wave' as ID 2
1790649481.032 INFO: Registered PHY handler 'Bluetooth' as ID 3
1790649481.032 DEBUG: reserve_fields home id 538 app id 539
1790649481.035 INFO: Registered PHY handler 'UAV' as ID 4
1790649481.036 INFO: Registered PHY handler 'NrfMousejack' as ID 5
1790649481.036 ERROR: Tried to re-register duplicate alert FLIPPERZERO
1790649481.037 INFO: Registered PHY handler 'BTLE' as ID 6
1790649481.038 INFO: Registered PHY handler 'METER' as ID 7
1790649481.038 INFO: Indexing ADSB ICAO db
1790649481.299 INFO: Completed indexing ADSB ICAO db, 341068 lines 6822 indexes
1790649481.300 INFO: Registered PHY handler 'ADSB' as ID 8
1790649481.301 INFO: Registered PHY handler '802.15.4' as ID 9
1790649481.303 INFO: Registered PHY handler 'RADIATION' as ID 10
1790649481.308 INFO: (HTTPD) Could not read session data file, skipping loading saved sessions.
1790649481.308 INFO: Serving static file content from /home/osh/kismet-install/share/kismet/httpd/
1790649481.309 INFO: Enabling channel hopping by default on sources which support channel control.
1790649481.309 INFO: Setting default channel hop rate to 5/sec
1790649481.309 INFO: Enabling channel list splitting on sources which share the same list of channels
1790649481.309 INFO: Enabling channel list shuffling to optimize overlaps
1790649481.309 INFO: Sources will be re-opened if they encounter an error
1790649481.309 INFO: Saving datasources to the Kismet database log every 30 seconds
1790649481.309 INFO: Launching remote capture server on 127.0.0.1 3501
1790649481.312 INFO: Data sources passed on the command line (via -c source), ignoring source= definitions in the Kismet config file.
1790649481.312 INFO: Probing interface 'esp32c5-ttyACM0' to find datasource type
1790649481.313 ALERT: LOGDISABLED Logging has been disabled via the Kismet config files or the command line.  Pcap, database, and related logs will not be saved.
1790649481.313 INFO: Logging disabled, not enabling any log drivers.
1790649481.313 INFO: GPS track will be logged to the Kismet logfile
1790649481.315 INFO: Starting Kismet web server...
1790649481.315 INFO: HTTP server listening on 0.0.0.0:2501
1790649481.316 INFO: Could not open system plugin directory (/home/osh/kismet-install/lib/kismet/), skipping: No such file or directory
1790649481.317 INFO: Did not find a user plugin directory (/tmp/hw2/g1a/.kismet//plugins/), skipping: No such file or directory
1790649481.400 interface: esp32c5-ttyACM0
1790649481.409 INFO: Found type 'esp32c5' for 'esp32c5-ttyACM0'
1790649481.425 INFO: Data source 'esp32c5-ttyACM0' launched successfully
1790649482.926 INFO: esp32c5-ttyACM0 capturing (wifi)
1790649483.937 INFO: Detected new 802.11 Wi-Fi access point B0:1F:47:0D:E9:B9
1790649483.937 INFO: 802.11 Wi-Fi device B0:1F:47:0D:E9:B9 advertising new SSID 'Mor'
1790649483.942 INFO: Detected new 802.11 Wi-Fi access point 00:B8:C2:B2:AE:57
1790649483.942 INFO: 802.11 Wi-Fi device 00:B8:C2:B2:AE:57 advertising new SSID 'Mor'
1790649484.432 INFO: Detected new 802.11 Wi-Fi access point 62:D5:ED:42:0F:E1
1790649484.434 INFO: 802.11 Wi-Fi device 62:D5:ED:42:0F:E1 advertising new SSID 'MEIRAV'
1790649484.444 INFO: Detected new 802.11 Wi-Fi access point F4:5E:AB:98:45:A6
1790649484.444 INFO: 802.11 Wi-Fi device F4:5E:AB:98:45:A6 advertising new SSID 'WiFiER9845a6'
1790649484.454 INFO: Detected new 802.11 Wi-Fi access point 26:39:F1:AB:05:B2
1790649484.455 INFO: 802.11 Wi-Fi device 26:39:F1:AB:05:B2 advertising new SSID 'osvc-2'
1790649484.461 INFO: Detected new 802.11 Wi-Fi access point 46:AE:30:84:34:B6
1790649484.461 INFO: 802.11 Wi-Fi device 46:AE:30:84:34:B6 advertising a new cloaked SSID
1790649484.463 INFO: Detected new 802.11 Wi-Fi access point 20:F1:B2:B9:E5:33
1790649484.463 INFO: 802.11 Wi-Fi device 20:F1:B2:B9:E5:33 advertising new SSID 'SmartLife-E533'
1790649484.476 INFO: Detected new 802.11 Wi-Fi device 46:AE:30:84:5A:16
1790649484.476 INFO: Detected new 802.11 Wi-Fi device 1C:4D:89:65:18:2A
1790649484.476 INFO: Detected new 802.11 Wi-Fi access point C8:70:23:73:DA:93
1790649484.476 INFO: 802.11 Wi-Fi device C8:70:23:73:DA:93 advertising new SSID 'cohen'
1790649484.937 INFO: Detected new 802.11 Wi-Fi device 70:F7:54:55:CB:00
1790649484.937 INFO: Detected new 802.11 Wi-Fi device 00:B8:C2:B2:AE:58
1790649484.938 INFO: 802.11 Wi-Fi device 00:B8:C2:B2:AE:58 advertising new SSID 'Mor'
1790649484.946 INFO: Detected new 802.11 Wi-Fi access point 6A:B8:C2:B2:AE:59
1790649484.946 INFO: 802.11 Wi-Fi device 6A:B8:C2:B2:AE:59 advertising a new cloaked SSID
1790649486.434 INFO: Detected new 802.11 Wi-Fi access point 82:AF:CA:25:C2:23
1790649486.438 INFO: 802.11 Wi-Fi device 82:AF:CA:25:C2:23 advertising a new cloaked SSID
1790649486.439 INFO: Detected new 802.11 Wi-Fi device 00:B8:C2:B2:AE:4E
1790649486.454 INFO: Detected new 802.11 Wi-Fi device 4C:2E:5E:D5:FE:E9
1790649486.466 INFO: Detected new 802.11 Wi-Fi access point D0:CF:0E:85:DC:54
1790649486.467 INFO: 802.11 Wi-Fi device D0:CF:0E:85:DC:54 advertising new SSID 'Kobi'
1790649486.484 INFO: Detected new 802.11 Wi-Fi device 40:AE:30:84:5A:16
1790649486.484 INFO: Detected new 802.11 Wi-Fi device B0:1F:47:17:AF:4A
1790649486.608 INFO: Detected new 802.11 Wi-Fi access point AA:D8:A4:1D:31:39
1790649486.608 INFO: 802.11 Wi-Fi device AA:D8:A4:1D:31:39 advertising new SSID 'Michal_SH'
1790649487.103 INFO: Detected new 802.11 Wi-Fi access point AA:D8:A4:1D:31:38
1790649487.104 INFO: 802.11 Wi-Fi device AA:D8:A4:1D:31:38 advertising a new cloaked SSID
1790649487.106 INFO: Detected new 802.11 Wi-Fi access point 46:AE:30:84:34:B7
1790649487.115 INFO: 802.11 Wi-Fi device 46:AE:30:84:34:B7 advertising a new cloaked SSID
1790649487.117 INFO: Detected new 802.11 Wi-Fi device 40:AE:30:84:34:B7
1790649487.139 INFO: Detected new 802.11 Wi-Fi device DE:85:21:5C:A3:AE
1790649487.144 INFO: Detected new 802.11 Wi-Fi device 40:AE:30:84:5A:17
1790649487.147 INFO: 802.11 Wi-Fi device 40:AE:30:84:34:B7 advertising new SSID 'cohen42'
1790649487.166 INFO: Detected new 802.11 Wi-Fi access point D2:D8:A4:DB:5E:A6
1790649487.167 INFO: 802.11 Wi-Fi device D2:D8:A4:DB:5E:A6 advertising a new cloaked SSID
1790649487.168 INFO: Detected new 802.11 Wi-Fi access point D2:D8:A4:DB:5E:A5
1790649487.169 INFO: 802.11 Wi-Fi device D2:D8:A4:DB:5E:A5 advertising new SSID 'Dayan'
1790649487.172 INFO: Detected new 802.11 Wi-Fi device DC:07:F8:9F:12:D8
1790649487.174 INFO: Detected new 802.11 Wi-Fi device 40:AE:30:84:5A:14
1790649488.627 INFO: Detected new 802.11 Wi-Fi access point 80:AF:CA:75:C2:23
1790649488.628 INFO: 802.11 Wi-Fi device 80:AF:CA:75:C2:23 advertising new SSID 'Cudy-C223'
1790649488.641 INFO: Detected new 802.11 Wi-Fi device FC:F5:C4:BD:9B:CD
1790649488.644 INFO: Detected new 802.11 Wi-Fi access point 40:AE:30:84:34:B6
1790649488.645 INFO: 802.11 Wi-Fi device 40:AE:30:84:34:B6 advertising new SSID 'cohen42'
1790649489.106 INFO: Detected new 802.11 Wi-Fi access point 82:AF:CA:65:C2:23
1790649489.107 INFO: 802.11 Wi-Fi device 82:AF:CA:65:C2:23 advertising new SSID 'Cudy-C223-5G'
1790649489.109 INFO: Detected new 802.11 Wi-Fi access point 82:AF:CA:85:C2:23
1790649489.110 INFO: 802.11 Wi-Fi device 82:AF:CA:85:C2:23 advertising a new cloaked SSID
1790649490.106 INFO: Detected new 802.11 Wi-Fi access point C8:70:23:D1:26:A3
1790649490.108 INFO: 802.11 Wi-Fi device C8:70:23:D1:26:A3 advertising new SSID 'Sivan'
1790649490.139 INFO: Detected new 802.11 Wi-Fi access point CA:C9:A3:4D:96:E7
1790649490.151 INFO: 802.11 Wi-Fi device CA:C9:A3:4D:96:E7 advertising new SSID 'ESP-4D96E7'
1790649490.158 INFO: 802.11 Wi-Fi device 62:D5:ED:42:0F:E1 advertising new SSID 'MEIRAV'
1790649490.158 INFO: Detected new 802.11 Wi-Fi device 84:D6:C5:8D:A7:08
1790649490.626 INFO: Detected new 802.11 Wi-Fi device 8A:F8:CC:EE:87:D2
1790649490.626 INFO: Detected new 802.11 Wi-Fi device 44:15:24:51:2C:9F
1790649490.643 INFO: Detected new 802.11 Wi-Fi device A8:42:A1:B2:27:77
1790649490.643 INFO: Detected new 802.11 Wi-Fi device D4:E8:53:00:37:6A
1790649490.656 INFO: Detected new 802.11 Wi-Fi device 1C:F4:3F:57:42:AC
1790649490.660 INFO: Detected new 802.11 Wi-Fi access point 46:AE:30:84:36:22
1790649490.660 INFO: 802.11 Wi-Fi device 46:AE:30:84:36:22 advertising a new cloaked SSID
1790649490.667 INFO: 802.11 Wi-Fi device 40:AE:30:84:5A:16 advertising new SSID 'cohen42'
1790649490.667 INFO: Detected new 802.11 Wi-Fi device 60:D8:A4:DB:B2:8A
1790649490.667 INFO: Detected new 802.11 Wi-Fi device 8A:F8:CC:EE:87:D1
1790649490.668 INFO: Detected new 802.11 Wi-Fi access point 40:AE:30:84:36:22
1790649490.669 INFO: 802.11 Wi-Fi device 40:AE:30:84:36:22 advertising new SSID 'cohen42'
1790649490.670 INFO: 802.11 Wi-Fi device 46:AE:30:84:5A:16 advertising a new cloaked SSID
1790649492.606 INFO: Detected new 802.11 Wi-Fi device FC:F5:C4:BE:0B:A5
1790649493.110 INFO: Detected new 802.11 Wi-Fi device A8:5B:B7:47:08:0F
1790649493.112 INFO: Detected new 802.11 Wi-Fi device 40:AE:30:84:34:B4
1790649493.126 INFO: Detected new 802.11 Wi-Fi device 20:15:DE:A1:04:FB
1790649494.639 INFO: Detected new 802.11 Wi-Fi device D8:D8:E5:B0:E8:E6
1790649494.639 INFO: Detected new 802.11 Wi-Fi device 34:25:B4:F1:92:7C
1790649495.625 INFO: Detected new 802.11 Wi-Fi device F8:3B:1D:4C:A8:77
1790649498.705 INFO: Detected new 802.11 Wi-Fi access point 62:D5:ED:42:0F:E2
1790649498.706 INFO: 802.11 Wi-Fi device 62:D5:ED:42:0F:E2 advertising a new cloaked SSID
1790649498.730 INFO: Detected new 802.11 Wi-Fi access point 8E:C3:97:F8:DE:CC
1790649498.730 INFO: 802.11 Wi-Fi device 8E:C3:97:F8:DE:CC advertising a new cloaked SSID
1790649498.732 INFO: 802.11 Wi-Fi device 8A:F8:CC:EE:87:D1 advertising new SSID 'Alon'
1790649498.748 INFO: Detected new 802.11 Wi-Fi access point FA:8F:CA:6C:D1:65
1790649498.748 INFO: 802.11 Wi-Fi device FA:8F:CA:6C:D1:65 advertising new SSID 'JBL Bar 5.1_0891.l025'
1790649498.748 INFO: 802.11 Wi-Fi device 8A:F8:CC:EE:87:D2 advertising a new cloaked SSID
1790649499.235 INFO: Detected new 802.11 Wi-Fi device DA:D8:E5:CC:E8:6C
1790649501.227 INFO: 802.11 Wi-Fi device 00:B8:C2:B2:AE:57 advertising new SSID 'Mor'
1790649501.228 INFO: Detected new 802.11 Wi-Fi device 4A:78:9B:A3:A7:D6
1790649501.229 INFO: 802.11 Wi-Fi device B0:1F:47:0D:E9:B9 advertising new SSID 'Mor'
1790649501.239 INFO: Detected new 802.11 Wi-Fi access point 94:E3:6D:81:A3:FF
1790649501.240 INFO: 802.11 Wi-Fi device 94:E3:6D:81:A3:FF advertising new SSID 'ELRSSID81A3FF'
1790649501.737 INFO: Detected new 802.11 Wi-Fi device 42:A2:BA:65:29:F3
1790649501.737 INFO: Detected new 802.11 Wi-Fi device 94:83:C4:25:9E:39
1790649503.320 INFO: Detected new 802.11 Wi-Fi access point 30:E1:71:F0:62:A4
1790649503.321 INFO: 802.11 Wi-Fi device 30:E1:71:F0:62:A4 advertising new SSID 'DIRECT-A3-HP DeskJet 4670 series'
1790649504.817 INFO: Detected new 802.11 Wi-Fi device A8:DB:03:42:DE:68
1790649505.330 INFO: Detected new 802.11 Wi-Fi device 74:F8:DB:5D:D0:61
1790649507.303 INFO: 802.11 Wi-Fi device A8:42:A1:B2:27:77 advertising new SSID 'sudri_fm'
1790649507.310 INFO: Detected new 802.11 Wi-Fi access point B0:92:4A:F1:E3:95
1790649507.311 INFO: 802.11 Wi-Fi device B0:92:4A:F1:E3:95 advertising new SSID 'Avitan'
1790649507.332 INFO: Detected new 802.11 Wi-Fi access point 88:C3:97:F8:DE:CC
1790649507.333 INFO: 802.11 Wi-Fi device 88:C3:97:F8:DE:CC advertising new SSID 'Home-WiFi'
1790649507.361 INFO: Detected new 802.11 Wi-Fi access point AA:42:A1:A2:27:77
1790649507.361 INFO: 802.11 Wi-Fi device AA:42:A1:A2:27:77 advertising a new cloaked SSID
1790649507.363 INFO: Detected new 802.11 Wi-Fi device 8A:D8:E5:C7:6A:16
1790649507.363 INFO: Detected new 802.11 Wi-Fi device D8:D8:E5:C7:AA:0B
1790649507.363 INFO: Detected new 802.11 Wi-Fi device 60:D8:A4:20:6E:F0
1790649507.364 INFO: Detected new 802.11 Wi-Fi device B0:1F:47:10:E2:62
1790649509.902 INFO: Detected new 802.11 Wi-Fi device B0:4A:39:03:87:62
1790649509.914 INFO: Detected new 802.11 Wi-Fi access point A4:86:DB:85:0D:22
1790649509.914 INFO: 802.11 Wi-Fi device A4:86:DB:85:0D:22 advertising new SSID 'NVRa486db850d22'
1790649511.808 INFO: Detected new 802.11 Wi-Fi access point AA:D8:A4:1D:31:37
1790649511.808 INFO: 802.11 Wi-Fi device AA:D8:A4:1D:31:37 advertising new SSID 'Michal'
1790649515.439 INFO: Detected new 802.11 Wi-Fi access point 58:FC:20:1B:D9:D0
1790649515.440 INFO: 802.11 Wi-Fi device 58:FC:20:1B:D9:D0 advertising new SSID 'Sivan'
1790649515.441 INFO: Detected new 802.11 Wi-Fi device 36:D1:92:DC:B7:AA
1790649515.921 INFO: Detected new 802.11 Wi-Fi access point 1C:57:3E:97:75:73
1790649515.922 INFO: 802.11 Wi-Fi device 1C:57:3E:97:75:73 advertising new SSID 'Sivan'
1790649518.424 INFO: Detected new 802.11 Wi-Fi device E4:5F:01:49:99:3F
1790649524.035 INFO: Detected new 802.11 Wi-Fi device C0:68:CC:D3:66:73
1790649524.053 INFO: Detected new 802.11 Wi-Fi device B0:BB:E5:7F:F6:E7
1790649524.074 INFO: Detected new 802.11 Wi-Fi device 64:64:4A:BB:59:65
1790649524.074 INFO: Detected new 802.11 Wi-Fi device E4:AA:EC:99:04:53
1790649524.104 INFO: Detected new 802.11 Wi-Fi device C0:C9:E3:E5:96:D6
1790649524.104 INFO: Detected new 802.11 Wi-Fi device 40:AC:BF:1B:33:91
1790649526.518 INFO: Detected new 802.11 Wi-Fi device B0:2E:BA:53:78:30
1790649526.533 INFO: 802.11 Wi-Fi device 20:F1:B2:B9:E5:33 advertising new SSID 'SmartLife-E533'
1790649526.533 INFO: Detected new 802.11 Wi-Fi device 00:EF:20:25:1B:C3
1790649526.535 INFO: Detected new 802.11 Wi-Fi device A4:86:DB:8E:CC:44
1790649527.007 INFO: Detected new 802.11 Wi-Fi device B0:1F:47:0D:E9:B8
1790649532.506 INFO: Detected new 802.11 Wi-Fi device AA:42:A1:05:68:CE
1790649532.507 INFO: 802.11 Wi-Fi device 58:FC:20:1B:D9:D0 advertising new SSID 'Sivan'
1790649532.513 INFO: 802.11 Wi-Fi device 1C:57:3E:97:75:73 advertising new SSID 'Sivan'
1790649533.011 INFO: 802.11 Wi-Fi device 40:AE:30:84:36:22 advertising new SSID 'cohen42'
1790649533.012 INFO: Detected new 802.11 Wi-Fi device 2C:E0:32:9D:BF:C5
1790649533.013 INFO: 802.11 Wi-Fi device 40:AE:30:84:34:B6 advertising new SSID 'cohen42'
1790649537.515 INFO: Detected new 802.11 Wi-Fi device BE:73:DA:18:37:F0
1790649541.034 INFO: Detected new 802.11 Wi-Fi device 92:F8:CC:EE:87:D9
1790649541.056 INFO: Detected new 802.11 Wi-Fi device 48:3F:DA:2A:CB:EC
1790649541.067 INFO: Detected new 802.11 Wi-Fi device 8A:15:24:76:AE:62
1790649541.067 INFO: Detected new 802.11 Wi-Fi device 92:15:24:76:AE:6A
1790649543.012 INFO: Detected new 802.11 Wi-Fi device A4:86:DB:9E:7A:B5
1790649545.529 INFO: 802.11 Wi-Fi device AA:D8:A4:1D:31:39 advertising new SSID 'Michal_SH'
1790649545.529 INFO: Detected new 802.11 Wi-Fi device 42:08:14:A3:D1:F8
1790649546.017 INFO: Detected new 802.11 Wi-Fi device 46:AE:30:84:5A:17
1790649549.508 INFO: Detected new 802.11 Wi-Fi device 58:FC:20:1B:D9:CF
1790649549.510 INFO: Detected new 802.11 Wi-Fi access point DA:D8:E5:C7:6A:14
1790649549.510 INFO: 802.11 Wi-Fi device DA:D8:E5:C7:6A:14 advertising new SSID 'Dayan'
1790649554.013 INFO: Detected new 802.11 Wi-Fi device 60:3D:26:DA:AF:7D
1790649560.019 INFO: Detected new 802.11 Wi-Fi device A6:9F:76:6D:54:67
1790649560.029 INFO: Detected new 802.11 Wi-Fi device EE:06:19:9A:8C:51
1790649566.332 INFO: Detected new 802.11 Wi-Fi device 8C:98:06:43:2D:27
1790649568.419 INFO: Detected new 802.11 Wi-Fi device 24:9E:7D:38:9F:74
1790649568.904 INFO: 802.11 Wi-Fi device 42:A2:BA:65:29:F3 advertising new SSID 'osvc-52'
1790649570.926 INFO: Detected new 802.11 Wi-Fi access point F4:3C:3B:8F:C5:27
1790649570.927 INFO: 802.11 Wi-Fi device F4:3C:3B:8F:C5:27 advertising new SSID 'HAP_AHZHIB'
1790649572.925 INFO: Detected new 802.11 Wi-Fi device 2C:D8:AE:31:59:25
1790649572.928 INFO: Detected new 802.11 Wi-Fi device 8C:98:06:7F:28:08
1790649581.008 INFO: Detected new 802.11 Wi-Fi device DA:D8:E5:B0:E8:E6
1790649583.007 INFO: Detected new 802.11 Wi-Fi device 92:F8:CC:EE:87:DA
1790649583.012 INFO: Detected new 802.11 Wi-Fi device 84:D6:C5:8D:37:A4
1790649585.008 INFO: 802.11 Wi-Fi device C8:70:23:73:DA:93 advertising new SSID 'cohen'
1790649585.009 INFO: 802.11 Wi-Fi device 26:39:F1:AB:05:B2 advertising new SSID 'osvc-2'
1790649587.510 INFO: Detected new 802.11 Wi-Fi device 60:D8:A4:1D:53:03
1790649587.511 INFO: Detected new 802.11 Wi-Fi device 38:1F:8D:B5:01:4D
1790649591.516 INFO: Detected new 802.11 Wi-Fi device 78:DF:72:D3:BB:92
1790649591.536 INFO: Detected new 802.11 Wi-Fi device 6A:D5:ED:42:0F:EA
1790649591.547 INFO: Detected new 802.11 Wi-Fi device B2:DB:1A:FA:68:77
1790649591.555 INFO: Detected new 802.11 Wi-Fi device 6A:D5:ED:42:0F:E9
1790649594.011 INFO: Detected new 802.11 Wi-Fi device D2:62:E6:3C:F3:CD
1790649599.610 INFO: Detected new 802.11 Wi-Fi device 24:4C:AB:5A:10:64
1790649602.111 INFO: Detected new 802.11 Wi-Fi device 04:03:12:C0:A3:8E
1790649604.811 INFO: Detected new 802.11 Wi-Fi device 50:8A:06:B4:2F:49
1790649607.819 INFO: Detected new 802.11 Wi-Fi device 00:E9:3A:09:CB:D7
1790649607.835 INFO: 802.11 Wi-Fi device 88:C3:97:F8:DE:CC advertising new SSID 'Home-WiFi'
1790649607.835 INFO: Detected new 802.11 Wi-Fi device 88:00:33:77:37:7A
1790649608.309 INFO: Detected new 802.11 Wi-Fi device 44:15:24:45:CF:4F
1790649612.914 INFO: 802.11 Wi-Fi device F4:3C:3B:8F:C5:27 advertising new SSID 'HAP_AHZHIB'
1790649612.914 INFO: Detected new 802.11 Wi-Fi device 70:C9:32:1A:86:F9
1790649612.916 INFO: Detected new 802.11 Wi-Fi device 60:D8:A4:DB:9E:9B
1790649613.635 ERROR: Incoming remote connection for source 'E5C50001-0000-0000-0000-10BDA3CF0540' matches existing source 'esp32c5-ttyACM0', which is still running.  The running instance will be closed; make sure that multiple remote captures are not running for the same source.  This may also indicate multiple remote sources with the same serial number or UUID, which may occur with rtlsdr and others.  You may need to set the uuid= parameter in your remote source definition.
1790649613.647 INFO: Remote source esp32c5-ttyACM0 (E5C50001-0000-0000-0000-10BDA3CF0540) reconnected
1790649613.647 INFO: esp32c5-ttyACM0 - /dev/ttyACM0 opened
1790649614.729 INFO: esp32c5-ttyACM0 - /dev/ttyACM0 capturing
1790649616.942 INFO: 802.11 Wi-Fi device 00:B8:C2:B2:AE:58 advertising new SSID 'Mor'
1790649622.357 INFO: Detected new 802.11 Wi-Fi device 80:BE:AF:D7:03:8F
1790649624.802 INFO: Detected new 802.11 Wi-Fi device 64:FA:2B:10:EC:AF
1790649625.369 INFO: Detected new 802.11 Wi-Fi device 20:50:E7:2A:0F:76
1790649625.387 INFO: Detected new 802.11 Wi-Fi device D4:CF:F9:B5:58:AE
1790649625.390 ERROR: Data source 'esp32c5-ttyACM0 / esp32c5-ttyACM0' ('esp32c5-ttyACM0') encountered an error: websocket connection closed
1790649625.658 INFO: Probing interface 'esp32c5zigbee-ttyACM0' to find datasource type
1790649625.759 interface: esp32c5zigbee-ttyACM0
1790649625.771 INFO: Found type 'esp32c5' for 'esp32c5zigbee-ttyACM0'
1790649627.289 INFO: esp32c5zigbee-ttyACM0 capturing (zigbee)
1790649658.731 INFO: esp32c5btle-ttyACM0 - /dev/ttyACM0 is already in use by another capture (an esp32c5 source or another program holds it); a board captures with one radio at a time; waiting for it
1790649658.731 ERROR: Data source 'esp32c5btle-ttyACM0 / esp32c5btle-ttyACM0' ('esp32c5btle-ttyACM0') encountered an error: /dev/ttyACM0 is already in use by another capture (an esp32c5 source or another program holds it); a board captures with one radio at a time
1790649658.731 ERROR: Error connecting new remote source esp32c5btle-ttyACM0 (E5C50003-0000-0000-0000-10BDA3CF0540) - /dev/ttyACM0 is already in use by another capture (an esp32c5 source or another program holds it); a board captures with one radio at a time
1790649663.782 INFO: esp32c5btle-ttyACM0 - /dev/ttyACM0 is already in use by another capture (an esp32c5 source or another program holds it); a board captures with one radio at a time; waiting for it
1790649663.783 ERROR: Data source 'esp32c5btle-ttyACM0 / esp32c5btle-ttyACM0' ('esp32c5btle-ttyACM0') encountered an error: /dev/ttyACM0 is already in use by another capture (an esp32c5 source or another program holds it); a board captures with one radio at a time
1790649663.783 ERROR: Error connecting new remote source esp32c5btle-ttyACM0 (E5C50003-0000-0000-0000-10BDA3CF0540) - /dev/ttyACM0 is already in use by another capture (an esp32c5 source or another program holds it); a board captures with one radio at a time
1790649668.835 INFO: Matching new remote source 'esp32c5-ttyACM0' with known source with UUID 'E5C50001-0000-0000-0000-10BDA3CF0540'
1790649668.845 INFO: esp32c5-ttyACM0 - /dev/ttyACM0 is already in use by another capture (an esp32c5 source or another program holds it); a board captures with one radio at a time; waiting for it
1790649668.845 ERROR: Data source 'esp32c5-ttyACM0 / esp32c5-ttyACM0' ('esp32c5-ttyACM0') encountered an error: /dev/ttyACM0 is already in use by another capture (an esp32c5 source or another program holds it); a board captures with one radio at a time
1790649668.845 ERROR: Error reconnecting remote source esp32c5-ttyACM0 (E5C50001-0000-0000-0000-10BDA3CF0540) - /dev/ttyACM0 is already in use by another capture (an esp32c5 source or another program holds it); a board captures with one radio at a time
1790649673.874 INFO: Matching new remote source 'esp32c5-ttyACM0' with known source with UUID 'E5C50001-0000-0000-0000-10BDA3CF0540'
1790649673.897 INFO: esp32c5-ttyACM0 - /dev/ttyACM0 is already in use by another capture (an esp32c5 source or another program holds it); a board captures with one radio at a time; waiting for it
1790649673.898 ERROR: Data source 'esp32c5-ttyACM0 / esp32c5-ttyACM0' ('esp32c5-ttyACM0') encountered an error: /dev/ttyACM0 is already in use by another capture (an esp32c5 source or another program holds it); a board captures with one radio at a time
1790649673.898 ERROR: Error reconnecting remote source esp32c5-ttyACM0 (E5C50001-0000-0000-0000-10BDA3CF0540) - /dev/ttyACM0 is already in use by another capture (an esp32c5 source or another program holds it); a board captures with one radio at a time
1790649678.716 ERROR: Data source 'esp32c5btle-ttyACM0 / esp32c5btle-ttyACM0' ('esp32c5btle-ttyACM0') encountered an error: /dev/ttyACM0 is already in use by another capture (an esp32c5 source or another program holds it); a board captures with one radio at a time
1790649678.716 ERROR: Error connecting new remote source esp32c5btle-ttyACM0 (E5C50003-0000-0000-0000-10BDA3CF0540) - /dev/ttyACM0 is already in use by another capture (an esp32c5 source or another program holds it); a board captures with one radio at a time
1790649683.727 ERROR: Data source 'esp32c5btle-ttyACM0 / esp32c5btle-ttyACM0' ('esp32c5btle-ttyACM0') encountered an error: /dev/ttyACM0 is already in use by another capture (an esp32c5 source or another program holds it); a board captures with one radio at a time
1790649683.727 ERROR: Error connecting new remote source esp32c5btle-ttyACM0 (E5C50003-0000-0000-0000-10BDA3CF0540) - /dev/ttyACM0 is already in use by another capture (an esp32c5 source or another program holds it); a board captures with one radio at a time
1790649688.946 INFO: Probing interface 'esp32c5btle-ttyACM0' to find datasource type
1790649689.062 interface: esp32c5btle-ttyACM0
1790649689.067 INFO: Found type 'esp32c5' for 'esp32c5btle-ttyACM0'
1790649689.080 ERROR: Data source 'esp32c5btle-ttyACM0 / esp32c5btle-ttyACM0' ('esp32c5btle-ttyACM0') encountered an error: /dev/ttyACM0 is already in use by another capture (an esp32c5 source or another program holds it); a board captures with one radio at a time
1790649689.081 ALERT: SOURCEERROR Source esp32c5btle-ttyACM0 (00000000-0000-0000-0000-000000000000) has encountered an error (/dev/ttyACM0 is already in use by another capture (an esp32c5 source or another program holds it); a board captures with one radio at a time) Kismet will attempt to re-open the source in 5 seconds.  (1 failures)
1790649689.081 ERROR: Source esp32c5btle-ttyACM0 (00000000-0000-0000-0000-000000000000) has encountered an error (/dev/ttyACM0 is already in use by another capture (an esp32c5 source or another program holds it); a board captures with one radio at a time) Kismet will attempt to re-open the source in 5 seconds.  (1 failures)
1790649689.081 DEBUG: Attempt to send 17 on closed external interface
1790649689.082 ERROR: Kismet datasource failed sending v3 CONFIGREQ
1790649694.101 INFO: Attempting to re-open source esp32c5btle-ttyACM0
1790649694.126 ERROR: Data source 'esp32c5btle-ttyACM0 / esp32c5btle-ttyACM0' ('esp32c5btle-ttyACM0') encountered an error: /dev/ttyACM0 is already in use by another capture (an esp32c5 source or another program holds it); a board captures with one radio at a time
1790649694.127 ALERT: SOURCEERROR Source esp32c5btle-ttyACM0 (00000000-0000-0000-0000-000000000000) has encountered an error (/dev/ttyACM0 is already in use by another capture (an esp32c5 source or another program holds it); a board captures with one radio at a time) Kismet will attempt to re-open the source in 5 seconds.  (2 failures)
1790649694.127 ERROR: Source esp32c5btle-ttyACM0 (00000000-0000-0000-0000-000000000000) has encountered an error (/dev/ttyACM0 is already in use by another capture (an esp32c5 source or another program holds it); a board captures with one radio at a time) Kismet will attempt to re-open the source in 5 seconds.  (2 failures)
1790649700.001 INFO: Attempting to re-open source esp32c5btle-ttyACM0
1790649700.027 ERROR: Data source 'esp32c5btle-ttyACM0 / esp32c5btle-ttyACM0' ('esp32c5btle-ttyACM0') encountered an error: /dev/ttyACM0 is already in use by another capture (an esp32c5 source or another program holds it); a board captures with one radio at a time
1790649700.028 ALERT: SOURCEERROR Source esp32c5btle-ttyACM0 (00000000-0000-0000-0000-000000000000) has encountered an error (/dev/ttyACM0 is already in use by another capture (an esp32c5 source or another program holds it); a board captures with one radio at a time) Kismet will attempt to re-open the source in 5 seconds.  (3 failures)
1790649700.028 ERROR: Source esp32c5btle-ttyACM0 (00000000-0000-0000-0000-000000000000) has encountered an error (/dev/ttyACM0 is already in use by another capture (an esp32c5 source or another program holds it); a board captures with one radio at a time) Kismet will attempt to re-open the source in 5 seconds.  (3 failures)
1790649705.401 INFO: Attempting to re-open source esp32c5btle-ttyACM0
1790649705.427 ERROR: Data source 'esp32c5btle-ttyACM0 / esp32c5btle-ttyACM0' ('esp32c5btle-ttyACM0') encountered an error: /dev/ttyACM0 is already in use by another capture (an esp32c5 source or another program holds it); a board captures with one radio at a time
1790649705.427 ALERT: SOURCEERROR Source esp32c5btle-ttyACM0 (00000000-0000-0000-0000-000000000000) has encountered an error (/dev/ttyACM0 is already in use by another capture (an esp32c5 source or another program holds it); a board captures with one radio at a time) Kismet will attempt to re-open the source in 5 seconds.  (4 failures)
1790649705.427 ERROR: Source esp32c5btle-ttyACM0 (00000000-0000-0000-0000-000000000000) has encountered an error (/dev/ttyACM0 is already in use by another capture (an esp32c5 source or another program holds it); a board captures with one radio at a time) Kismet will attempt to re-open the source in 5 seconds.  (4 failures)
1790649706.356 
1790649706.356 *** KISMET IS SHUTTING DOWN ***
1790649706.356 Shutting down plugins...
1790649706.356 WARNING: Kismet changes the configuration of network devices.
1790649706.356          In most cases you will need to restart networking for
1790649706.356          your interface (varies per distribution and OS), but 
1790649706.356          typically one of:
1790649706.356          sudo service networking restart
1790649706.356          sudo /etc/init.d/networking restart
1790649706.356          or
1790649706.356          nmcli device set [device] managed true
1790649706.356 
1790649706.356 Kismet exiting.
1790649706.356 EXITING: Signal service thread complete.
