1790649707.598 INFO: Including sub-config file: /home/osh/kismet-install/etc/kismet_httpd.conf
1790649707.598 INFO: Including sub-config file: /home/osh/kismet-install/etc/kismet_memory.conf
1790649707.598 INFO: Including sub-config file: /home/osh/kismet-install/etc/kismet_alerts.conf
1790649707.598 INFO: Including sub-config file: /home/osh/kismet-install/etc/kismet_80211.conf
1790649707.598 INFO: Including sub-config file: /home/osh/kismet-install/etc/kismet_logging.conf
1790649707.598 INFO: Including sub-config file: /home/osh/kismet-install/etc/kismet_filter.conf
1790649707.598 INFO: Including sub-config file: /home/osh/kismet-install/etc/kismet_uav.conf
1790649707.598 INFO: Loading config override file '/home/osh/kismet-install/etc/kismet_package.conf'
1790649707.598 INFO: Optional sub-config file not present: /home/osh/kismet-install/etc/kismet_package.conf
1790649707.598 INFO: Loading config override file '/home/osh/kismet-install/etc/kismet_site.conf'
1790649707.598 INFO: Optional sub-config file not present: /home/osh/kismet-install/etc/kismet_site.conf
1790649707.599 INFO: Generated server UUID 50E1A1C8-BBAF-11F1-9139-4B49534D4554 and storing in /tmp/hw2/g1b/.kismet//kismet_server_id.conf
1790649707.599 INFO: Setting server UUID 50E1A1C8-BBAF-11F1-9139-4B49534D4554
1790649707.599 INFO: Starting Beast webserver on 0.0.0.0:2501
1790649707.599 INFO: Opened OUI file '/home/osh/kismet-install/share/kismet/kismet_manuf.txt.gz
1790649707.599 INFO: Indexing manufacturer db
1790649707.600 INFO: Completed indexing manufacturer db, 38959 lines and 780 indexes.
1790649707.607 INFO: Saving devices to the Kismet database log every 30 seconds
1790649707.612 INFO: Using default rates of 10/min, 1/sec for alert 'DEVICEFOUND'
1790649707.612 INFO: Using default rates of 10/min, 1/sec for alert 'DEVICELOST'
1790649707.612 INFO: Registering support for DLT_PPI packet header decoding
1790649707.612 INFO: Registering support for DLT_RADIOTAP packet header decoding
1790649707.612 INFO: Registering support for DLT_BTLE_RADIO packet header decoding
1790649707.615 INFO: Using default rates of 10/min, 1/sec for alert 'BADFIXLENIE'
1790649707.616 INFO: PHY80211 will only process AP signal levels from beacons
1790649707.616 INFO: Allowing Kismet clients to view WEP keys
1790649707.616 DEBUG: ssid canary FooCanary:ssid="FoobarCanary"
1790649707.616 DEBUG: ssid canary FooCanart2:ssid="(?i:foobarcanary)"
1790649707.616 INFO: Keeping EAPOL packets in memory for easy download and WIDS functionality; this can use more RAM.
1790649707.619 INFO: Registered PHY handler 'IEEE802.11' as ID 0
1790649707.621 INFO: Registered PHY handler 'RFSENSOR' as ID 1
1790649707.622 INFO: Registered PHY handler 'Z-Wave' as ID 2
1790649707.623 INFO: Registered PHY handler 'Bluetooth' as ID 3
1790649707.623 DEBUG: reserve_fields home id 538 app id 539
1790649707.626 INFO: Registered PHY handler 'UAV' as ID 4
1790649707.627 INFO: Registered PHY handler 'NrfMousejack' as ID 5
1790649707.627 ERROR: Tried to re-register duplicate alert FLIPPERZERO
1790649707.628 INFO: Registered PHY handler 'BTLE' as ID 6
1790649707.629 INFO: Registered PHY handler 'METER' as ID 7
1790649707.629 INFO: Indexing ADSB ICAO db
1790649707.889 INFO: Completed indexing ADSB ICAO db, 341068 lines 6822 indexes
1790649707.891 INFO: Registered PHY handler 'ADSB' as ID 8
1790649707.892 INFO: Registered PHY handler '802.15.4' as ID 9
1790649707.893 INFO: Registered PHY handler 'RADIATION' as ID 10
1790649707.899 INFO: (HTTPD) Could not read session data file, skipping loading saved sessions.
1790649707.899 INFO: Serving static file content from /home/osh/kismet-install/share/kismet/httpd/
1790649707.900 INFO: Enabling channel hopping by default on sources which support channel control.
1790649707.900 INFO: Setting default channel hop rate to 5/sec
1790649707.900 INFO: Enabling channel list splitting on sources which share the same list of channels
1790649707.900 INFO: Enabling channel list shuffling to optimize overlaps
1790649707.900 INFO: Sources will be re-opened if they encounter an error
1790649707.900 INFO: Saving datasources to the Kismet database log every 30 seconds
1790649707.900 INFO: Launching remote capture server on 127.0.0.1 3501
1790649707.903 INFO: Data sources passed on the command line (via -c source), ignoring source= definitions in the Kismet config file.
1790649707.903 INFO: Probing interface 'esp32c5zigbee-ttyACM1' to find datasource type
1790649707.905 ALERT: LOGDISABLED Logging has been disabled via the Kismet config files or the command line.  Pcap, database, and related logs will not be saved.
1790649707.905 INFO: Logging disabled, not enabling any log drivers.
1790649707.905 INFO: GPS track will be logged to the Kismet logfile
1790649707.906 INFO: Starting Kismet web server...
1790649707.906 INFO: HTTP server listening on 0.0.0.0:2501
1790649707.908 INFO: Could not open system plugin directory (/home/osh/kismet-install/lib/kismet/), skipping: No such file or directory
1790649707.908 INFO: Did not find a user plugin directory (/tmp/hw2/g1b/.kismet//plugins/), skipping: No such file or directory
1790649708.007 interface: esp32c5zigbee-ttyACM1
1790649708.007 INFO: Found type 'esp32c5' for 'esp32c5zigbee-ttyACM1'
1790649708.025 INFO: Data source 'esp32c5zigbee-ttyACM1' launched successfully
1790649709.526 INFO: esp32c5zigbee-ttyACM1 capturing (zigbee)
1790649724.411 
1790649724.411 *** KISMET IS SHUTTING DOWN ***
1790649724.411 Shutting down plugins...
1790649724.411 WARNING: Kismet changes the configuration of network devices.
1790649724.411          In most cases you will need to restart networking for
1790649724.411          your interface (varies per distribution and OS), but 
1790649724.411          typically one of:
1790649724.411          sudo service networking restart
1790649724.411          sudo /etc/init.d/networking restart
1790649724.411          or
1790649724.411          nmcli device set [device] managed true
1790649724.411 
1790649724.411 Kismet exiting.
1790649724.411 EXITING: Signal service thread complete.
