1790649725.725 INFO: Including sub-config file: /home/osh/kismet-install/etc/kismet_httpd.conf
1790649725.725 INFO: Including sub-config file: /home/osh/kismet-install/etc/kismet_memory.conf
1790649725.725 INFO: Including sub-config file: /home/osh/kismet-install/etc/kismet_alerts.conf
1790649725.725 INFO: Including sub-config file: /home/osh/kismet-install/etc/kismet_80211.conf
1790649725.725 INFO: Including sub-config file: /home/osh/kismet-install/etc/kismet_logging.conf
1790649725.725 INFO: Including sub-config file: /home/osh/kismet-install/etc/kismet_filter.conf
1790649725.725 INFO: Including sub-config file: /home/osh/kismet-install/etc/kismet_uav.conf
1790649725.725 INFO: Loading config override file '/home/osh/kismet-install/etc/kismet_package.conf'
1790649725.725 INFO: Optional sub-config file not present: /home/osh/kismet-install/etc/kismet_package.conf
1790649725.725 INFO: Loading config override file '/home/osh/kismet-install/etc/kismet_site.conf'
1790649725.725 INFO: Optional sub-config file not present: /home/osh/kismet-install/etc/kismet_site.conf
1790649725.725 INFO: Generated server UUID 5BAF837C-BBAF-11F1-B91C-4B49534D4554 and storing in /tmp/hw2/g1c/.kismet//kismet_server_id.conf
1790649725.725 INFO: Setting server UUID 5BAF837C-BBAF-11F1-B91C-4B49534D4554
1790649725.725 INFO: Starting Beast webserver on 0.0.0.0:2501
1790649725.725 INFO: Opened OUI file '/home/osh/kismet-install/share/kismet/kismet_manuf.txt.gz
1790649725.725 INFO: Indexing manufacturer db
1790649725.726 INFO: Completed indexing manufacturer db, 38959 lines and 780 indexes.
1790649725.732 INFO: Saving devices to the Kismet database log every 30 seconds
1790649725.738 INFO: Using default rates of 10/min, 1/sec for alert 'DEVICEFOUND'
1790649725.738 INFO: Using default rates of 10/min, 1/sec for alert 'DEVICELOST'
1790649725.738 INFO: Registering support for DLT_PPI packet header decoding
1790649725.738 INFO: Registering support for DLT_RADIOTAP packet header decoding
1790649725.738 INFO: Registering support for DLT_BTLE_RADIO packet header decoding
1790649725.741 INFO: Using default rates of 10/min, 1/sec for alert 'BADFIXLENIE'
1790649725.741 INFO: PHY80211 will only process AP signal levels from beacons
1790649725.741 INFO: Allowing Kismet clients to view WEP keys
1790649725.742 DEBUG: ssid canary FooCanary:ssid="FoobarCanary"
1790649725.742 DEBUG: ssid canary FooCanart2:ssid="(?i:foobarcanary)"
1790649725.742 INFO: Keeping EAPOL packets in memory for easy download and WIDS functionality; this can use more RAM.
1790649725.745 INFO: Registered PHY handler 'IEEE802.11' as ID 0
1790649725.747 INFO: Registered PHY handler 'RFSENSOR' as ID 1
1790649725.748 INFO: Registered PHY handler 'Z-Wave' as ID 2
1790649725.749 INFO: Registered PHY handler 'Bluetooth' as ID 3
1790649725.749 DEBUG: reserve_fields home id 538 app id 539
1790649725.751 INFO: Registered PHY handler 'UAV' as ID 4
1790649725.752 INFO: Registered PHY handler 'NrfMousejack' as ID 5
1790649725.752 ERROR: Tried to re-register duplicate alert FLIPPERZERO
1790649725.753 INFO: Registered PHY handler 'BTLE' as ID 6
1790649725.755 INFO: Registered PHY handler 'METER' as ID 7
1790649725.755 INFO: Indexing ADSB ICAO db
1790649726.017 INFO: Completed indexing ADSB ICAO db, 341068 lines 6822 indexes
1790649726.018 INFO: Registered PHY handler 'ADSB' as ID 8
1790649726.019 INFO: Registered PHY handler '802.15.4' as ID 9
1790649726.021 INFO: Registered PHY handler 'RADIATION' as ID 10
1790649726.027 INFO: (HTTPD) Could not read session data file, skipping loading saved sessions.
1790649726.027 INFO: Serving static file content from /home/osh/kismet-install/share/kismet/httpd/
1790649726.028 INFO: Enabling channel hopping by default on sources which support channel control.
1790649726.028 INFO: Setting default channel hop rate to 5/sec
1790649726.028 INFO: Enabling channel list splitting on sources which share the same list of channels
1790649726.028 INFO: Enabling channel list shuffling to optimize overlaps
1790649726.028 INFO: Sources will be re-opened if they encounter an error
1790649726.028 INFO: Saving datasources to the Kismet database log every 30 seconds
1790649726.028 INFO: Launching remote capture server on 127.0.0.1 3501
1790649726.031 INFO: Data sources passed on the command line (via -c source), ignoring source= definitions in the Kismet config file.
1790649726.031 INFO: Probing interface 'esp32c5btle-ttyACM2' to find datasource type
1790649726.033 ALERT: LOGDISABLED Logging has been disabled via the Kismet config files or the command line.  Pcap, database, and related logs will not be saved.
1790649726.033 INFO: Logging disabled, not enabling any log drivers.
1790649726.033 INFO: GPS track will be logged to the Kismet logfile
1790649726.034 INFO: Starting Kismet web server...
1790649726.034 INFO: HTTP server listening on 0.0.0.0:2501
1790649726.036 INFO: Could not open system plugin directory (/home/osh/kismet-install/lib/kismet/), skipping: No such file or directory
1790649726.036 INFO: Did not find a user plugin directory (/tmp/hw2/g1c/.kismet//plugins/), skipping: No such file or directory
1790649726.136 interface: esp32c5btle-ttyACM2
1790649726.143 INFO: Found type 'esp32c5' for 'esp32c5btle-ttyACM2'
1790649726.160 INFO: Data source 'esp32c5btle-ttyACM2' launched successfully
1790649727.660 INFO: esp32c5btle-ttyACM2 capturing (btle)
1790649727.666 INFO: Detected new BTLE device 29:14:C8:1F:57:4B
1790649728.163 INFO: Detected new BTLE device 48:9E:9D:9E:42:7C tcl_AC_t*ap_szkt
1790649728.168 INFO: Detected new BTLE device EB:3C:77:F7:6D:4A
1790649728.169 INFO: Detected new BTLE device F5:08:46:CC:1E:B0
1790649728.683 INFO: Detected new BTLE device 61:0D:0C:A0:C4:F6
1790649729.175 INFO: Detected new BTLE device F4:DD:06:5E:7E:19
1790649729.199 INFO: Detected new BTLE device BC:04:35:F5:E5:85 net
1790649730.168 INFO: Detected new BTLE device D0:53:F0:20:E4:63
1790649731.723 INFO: Detected new BTLE device 59:BE:C6:2D:94:4A
1790649732.719 INFO: Detected new BTLE device 20:F1:B2:B9:E5:33
1790649739.522 INFO: Detected new BTLE device 08:40:73:21:9E:91
1790649740.015 INFO: Detected new BTLE device 43:0F:F1:81:7F:D9
1790649740.027 INFO: Detected new BTLE device CF:A4:2F:4A:38:02
1790649752.541 
1790649752.541 *** KISMET IS SHUTTING DOWN ***
1790649752.541 Shutting down plugins...
1790649752.541 WARNING: Kismet changes the configuration of network devices.
1790649752.541          In most cases you will need to restart networking for
1790649752.541          your interface (varies per distribution and OS), but 
1790649752.541          typically one of:
1790649752.541          sudo service networking restart
1790649752.541          sudo /etc/init.d/networking restart
1790649752.541          or
1790649752.541          nmcli device set [device] managed true
1790649752.541 
1790649752.541 Kismet exiting.
1790649752.542 EXITING: Signal service thread complete.
