1790650004.422 INFO: Including sub-config file: /home/osh/kismet-install/etc/kismet_httpd.conf
1790650004.422 INFO: Including sub-config file: /home/osh/kismet-install/etc/kismet_memory.conf
1790650004.422 INFO: Including sub-config file: /home/osh/kismet-install/etc/kismet_alerts.conf
1790650004.422 INFO: Including sub-config file: /home/osh/kismet-install/etc/kismet_80211.conf
1790650004.422 INFO: Including sub-config file: /home/osh/kismet-install/etc/kismet_logging.conf
1790650004.422 INFO: Including sub-config file: /home/osh/kismet-install/etc/kismet_filter.conf
1790650004.422 INFO: Including sub-config file: /home/osh/kismet-install/etc/kismet_uav.conf
1790650004.422 INFO: Loading config override file '/home/osh/kismet-install/etc/kismet_package.conf'
1790650004.422 INFO: Optional sub-config file not present: /home/osh/kismet-install/etc/kismet_package.conf
1790650004.422 INFO: Loading config override file '/home/osh/kismet-install/etc/kismet_site.conf'
1790650004.422 INFO: Optional sub-config file not present: /home/osh/kismet-install/etc/kismet_site.conf
1790650004.422 INFO: Generated server UUID 01CD4EC4-BBB0-11F1-BAB7-4B49534D4554 and storing in /tmp/hw2/g3/.kismet//kismet_server_id.conf
1790650004.422 INFO: Setting server UUID 01CD4EC4-BBB0-11F1-BAB7-4B49534D4554
1790650004.422 INFO: Starting Beast webserver on 0.0.0.0:2501
1790650004.422 INFO: Opened OUI file '/home/osh/kismet-install/share/kismet/kismet_manuf.txt.gz
1790650004.422 INFO: Indexing manufacturer db
1790650004.424 INFO: Completed indexing manufacturer db, 38959 lines and 780 indexes.
1790650004.430 INFO: Saving devices to the Kismet database log every 30 seconds
1790650004.436 INFO: Using default rates of 10/min, 1/sec for alert 'DEVICEFOUND'
1790650004.436 INFO: Using default rates of 10/min, 1/sec for alert 'DEVICELOST'
1790650004.436 INFO: Registering support for DLT_PPI packet header decoding
1790650004.436 INFO: Registering support for DLT_RADIOTAP packet header decoding
1790650004.436 INFO: Registering support for DLT_BTLE_RADIO packet header decoding
1790650004.439 INFO: Using default rates of 10/min, 1/sec for alert 'BADFIXLENIE'
1790650004.439 INFO: PHY80211 will only process AP signal levels from beacons
1790650004.439 INFO: Allowing Kismet clients to view WEP keys
1790650004.440 DEBUG: ssid canary FooCanary:ssid="FoobarCanary"
1790650004.440 DEBUG: ssid canary FooCanart2:ssid="(?i:foobarcanary)"
1790650004.440 INFO: Keeping EAPOL packets in memory for easy download and WIDS functionality; this can use more RAM.
1790650004.443 INFO: Registered PHY handler 'IEEE802.11' as ID 0
1790650004.445 INFO: Registered PHY handler 'RFSENSOR' as ID 1
1790650004.446 INFO: Registered PHY handler 'Z-Wave' as ID 2
1790650004.447 INFO: Registered PHY handler 'Bluetooth' as ID 3
1790650004.447 DEBUG: reserve_fields home id 538 app id 539
1790650004.449 INFO: Registered PHY handler 'UAV' as ID 4
1790650004.450 INFO: Registered PHY handler 'NrfMousejack' as ID 5
1790650004.451 ERROR: Tried to re-register duplicate alert FLIPPERZERO
1790650004.452 INFO: Registered PHY handler 'BTLE' as ID 6
1790650004.453 INFO: Registered PHY handler 'METER' as ID 7
1790650004.453 INFO: Indexing ADSB ICAO db
1790650004.713 INFO: Completed indexing ADSB ICAO db, 341068 lines 6822 indexes
1790650004.714 INFO: Registered PHY handler 'ADSB' as ID 8
1790650004.715 INFO: Registered PHY handler '802.15.4' as ID 9
1790650004.717 INFO: Registered PHY handler 'RADIATION' as ID 10
1790650004.722 INFO: (HTTPD) Could not read session data file, skipping loading saved sessions.
1790650004.722 INFO: Serving static file content from /home/osh/kismet-install/share/kismet/httpd/
1790650004.723 INFO: Enabling channel hopping by default on sources which support channel control.
1790650004.723 INFO: Setting default channel hop rate to 5/sec
1790650004.723 INFO: Enabling channel list splitting on sources which share the same list of channels
1790650004.724 INFO: Enabling channel list shuffling to optimize overlaps
1790650004.724 INFO: Sources will be re-opened if they encounter an error
1790650004.724 INFO: Saving datasources to the Kismet database log every 30 seconds
1790650004.724 INFO: Launching remote capture server on 127.0.0.1 3501
1790650004.726 INFO: Data sources passed on the command line (via -c source), ignoring source= definitions in the Kismet config file.
1790650004.727 INFO: Probing interface 'esp32c5' to find datasource type
1790650004.728 ALERT: LOGDISABLED Logging has been disabled via the Kismet config files or the command line.  Pcap, database, and related logs will not be saved.
1790650004.728 INFO: Logging disabled, not enabling any log drivers.
1790650004.728 INFO: GPS track will be logged to the Kismet logfile
1790650004.730 INFO: Starting Kismet web server...
1790650004.730 INFO: HTTP server listening on 0.0.0.0:2501
1790650004.732 INFO: Could not open system plugin directory (/home/osh/kismet-install/lib/kismet/), skipping: No such file or directory
1790650004.732 INFO: Did not find a user plugin directory (/tmp/hw2/g3/.kismet//plugins/), skipping: No such file or directory
1790650004.825 INFO: Probing interface 'esp32c5zigbee' to find datasource type
1790650004.830 interface: esp32c5
1790650004.840 INFO: Found type 'esp32c5' for 'esp32c5'
1790650004.908 DEBUG: Attempt to send 17 on closed external interface
1790650004.908 ERROR: Data source 'esp32c5 / esp32c5' ('esp32c5') encountered an error: 4 Espressif USB-Serial-JTAG devices (USB ID 303a:1001) found, and every ESP32 on native USB has that ID; say which one with device= or a source name like esp32c5-ttyACM0
1790650004.908 ALERT: SOURCEERROR Source esp32c5 (00000000-0000-0000-0000-000000000000) has encountered an error (4 Espressif USB-Serial-JTAG devices (USB ID 303a:1001) found, and every ESP32 on native USB has that ID; say which one with device= or a source name like esp32c5-ttyACM0) Kismet will attempt to re-open the source in 5 seconds.  (1 failures)
1790650004.908 ERROR: Source esp32c5 (00000000-0000-0000-0000-000000000000) has encountered an error (4 Espressif USB-Serial-JTAG devices (USB ID 303a:1001) found, and every ESP32 on native USB has that ID; say which one with device= or a source name like esp32c5-ttyACM0) Kismet will attempt to re-open the source in 5 seconds.  (1 failures)
1790650004.908 ERROR: Kismet datasource failed sending v3 CONFIGREQ
1790650004.908 ERROR: Data source 'esp32c5' failed to launch: 4 Espressif USB-Serial-JTAG devices (USB ID 303a:1001) found, and every ESP32 on native USB has that ID; say which one with device= or a source name like esp32c5-ttyACM0
1790650004.942 INFO: Probing interface 'esp32c5btle' to find datasource type
1790650004.950 interface: esp32c5zigbee
1790650004.952 INFO: Found type 'esp32c5' for 'esp32c5zigbee'
1790650004.971 ERROR: Data source 'esp32c5zigbee / esp32c5zigbee' ('esp32c5zigbee') encountered an error: 4 Espressif USB-Serial-JTAG devices (USB ID 303a:1001) found, and every ESP32 on native USB has that ID; say which one with device= or a source name like esp32c5-ttyACM0
1790650004.971 DEBUG: Attempt to send 17 on closed external interface
1790650004.971 ALERT: SOURCEERROR Source esp32c5zigbee (00000000-0000-0000-0000-000000000000) has encountered an error (4 Espressif USB-Serial-JTAG devices (USB ID 303a:1001) found, and every ESP32 on native USB has that ID; say which one with device= or a source name like esp32c5-ttyACM0) Kismet will attempt to re-open the source in 5 seconds.  (1 failures)
1790650004.971 ERROR: Source esp32c5zigbee (00000000-0000-0000-0000-000000000000) has encountered an error (4 Espressif USB-Serial-JTAG devices (USB ID 303a:1001) found, and every ESP32 on native USB has that ID; say which one with device= or a source name like esp32c5-ttyACM0) Kismet will attempt to re-open the source in 5 seconds.  (1 failures)
1790650004.971 ERROR: Kismet datasource failed sending v3 CONFIGREQ
1790650004.981 ERROR: Conflict of new datasource esp32c5zigbee/00000000-0000-0000-0000-000000000000 and existing datasource esp32c5 with the same UUID.  Datasource UUIDs must be unique, check the Kismet documentation for the datasources you are using, and ensure that any manually defined UUIDs are unique.
1790650004.981 ERROR: Data source 'esp32c5zigbee' failed to launch: 4 Espressif USB-Serial-JTAG devices (USB ID 303a:1001) found, and every ESP32 on native USB has that ID; say which one with device= or a source name like esp32c5-ttyACM0
1790650005.059 INFO: Probing interface 'esp32c5-ttyACM9' to find datasource type
1790650005.062 interface: esp32c5btle
1790650005.072 INFO: Found type 'esp32c5' for 'esp32c5btle'
1790650005.105 DEBUG: Attempt to send 17 on closed external interface
1790650005.106 ERROR: Data source 'esp32c5btle / esp32c5btle' ('esp32c5btle') encountered an error: 4 Espressif USB-Serial-JTAG devices (USB ID 303a:1001) found, and every ESP32 on native USB has that ID; say which one with device= or a source name like esp32c5-ttyACM0
1790650005.106 ALERT: SOURCEERROR Source esp32c5btle (00000000-0000-0000-0000-000000000000) has encountered an error (4 Espressif USB-Serial-JTAG devices (USB ID 303a:1001) found, and every ESP32 on native USB has that ID; say which one with device= or a source name like esp32c5-ttyACM0) Kismet will attempt to re-open the source in 5 seconds.  (1 failures)
1790650005.106 ERROR: Source esp32c5btle (00000000-0000-0000-0000-000000000000) has encountered an error (4 Espressif USB-Serial-JTAG devices (USB ID 303a:1001) found, and every ESP32 on native USB has that ID; say which one with device= or a source name like esp32c5-ttyACM0) Kismet will attempt to re-open the source in 5 seconds.  (1 failures)
1790650005.106 ERROR: Kismet datasource failed sending v3 CONFIGREQ
1790650005.106 ERROR: Conflict of new datasource esp32c5btle/00000000-0000-0000-0000-000000000000 and existing datasource esp32c5 with the same UUID.  Datasource UUIDs must be unique, check the Kismet documentation for the datasources you are using, and ensure that any manually defined UUIDs are unique.
1790650005.106 ERROR: Data source 'esp32c5btle' failed to launch: 4 Espressif USB-Serial-JTAG devices (USB ID 303a:1001) found, and every ESP32 on native USB has that ID; say which one with device= or a source name like esp32c5-ttyACM0
1790650005.191 INFO: Probing interface 'esp32c5-ttyACM1' to find datasource type
1790650005.199 interface: esp32c5-ttyACM9
1790650005.199 INFO: Found type 'esp32c5' for 'esp32c5-ttyACM9'
1790650005.209 ERROR: Data source 'bare-typed / esp32c5:name=bare-typed,type=esp32c5' ('esp32c5') encountered an error: 4 Espressif USB-Serial-JTAG devices (USB ID 303a:1001) found, and every ESP32 on native USB has that ID; say which one with device= or a source name like esp32c5-ttyACM0
1790650005.209 ALERT: SOURCEERROR Source bare-typed (00000000-0000-0000-0000-000000000000) has encountered an error (4 Espressif USB-Serial-JTAG devices (USB ID 303a:1001) found, and every ESP32 on native USB has that ID; say which one with device= or a source name like esp32c5-ttyACM0) Kismet will attempt to re-open the source in 5 seconds.  (1 failures)
1790650005.209 ERROR: Source bare-typed (00000000-0000-0000-0000-000000000000) has encountered an error (4 Espressif USB-Serial-JTAG devices (USB ID 303a:1001) found, and every ESP32 on native USB has that ID; say which one with device= or a source name like esp32c5-ttyACM0) Kismet will attempt to re-open the source in 5 seconds.  (1 failures)
1790650005.210 DEBUG: Attempt to send 17 on closed external interface
1790650005.210 ERROR: Kismet datasource failed sending v3 CONFIGREQ
1790650005.210 ERROR: Conflict of new datasource bare-typed/00000000-0000-0000-0000-000000000000 and existing datasource esp32c5 with the same UUID.  Datasource UUIDs must be unique, check the Kismet documentation for the datasources you are using, and ensure that any manually defined UUIDs are unique.
1790650005.210 ERROR: Data source 'esp32c5:type=esp32c5,name=bare-typed' failed to launch: 4 Espressif USB-Serial-JTAG devices (USB ID 303a:1001) found, and every ESP32 on native USB has that ID; say which one with device= or a source name like esp32c5-ttyACM0
1790650005.211 ERROR: Data source 'esp32c5-ttyACM9 / esp32c5-ttyACM9' ('esp32c5-ttyACM9') encountered an error: cannot open /dev/ttyACM9: No such file or directory
1790650005.212 ALERT: SOURCEERROR Source esp32c5-ttyACM9 (00000000-0000-0000-0000-000000000000) has encountered an error (cannot open /dev/ttyACM9: No such file or directory) Kismet will attempt to re-open the source in 5 seconds.  (1 failures)
1790650005.212 ERROR: Source esp32c5-ttyACM9 (00000000-0000-0000-0000-000000000000) has encountered an error (cannot open /dev/ttyACM9: No such file or directory) Kismet will attempt to re-open the source in 5 seconds.  (1 failures)
1790650005.212 DEBUG: Attempt to send 17 on closed external interface
1790650005.212 ERROR: Kismet datasource failed sending v3 CONFIGREQ
1790650005.212 ERROR: Conflict of new datasource esp32c5-ttyACM9/00000000-0000-0000-0000-000000000000 and existing datasource esp32c5 with the same UUID.  Datasource UUIDs must be unique, check the Kismet documentation for the datasources you are using, and ensure that any manually defined UUIDs are unique.
1790650005.212 ERROR: Data source 'esp32c5-ttyACM9' failed to launch: cannot open /dev/ttyACM9: No such file or directory
1790650005.315 INFO: Probing interface 'esp32c5-ttyACM1' to find datasource type
1790650005.317 interface: esp32c5-ttyACM1
1790650005.324 ERROR: Data source 'badmode-typed / esp32c5-ttyACM1:mode=foo,name=badmode-typed,type=esp32c5' ('esp32c5-ttyACM1') encountered an error: esp32c5-ttyACM1: mode must be wifi, zigbee or btle
1790650005.324 ALERT: SOURCEERROR Source badmode-typed (00000000-0000-0000-0000-000000000000) has encountered an error (esp32c5-ttyACM1: mode must be wifi, zigbee or btle) Kismet will attempt to re-open the source in 5 seconds.  (1 failures)
1790650005.324 ERROR: Source badmode-typed (00000000-0000-0000-0000-000000000000) has encountered an error (esp32c5-ttyACM1: mode must be wifi, zigbee or btle) Kismet will attempt to re-open the source in 5 seconds.  (1 failures)
1790650005.325 DEBUG: Attempt to send 17 on closed external interface
1790650005.325 ERROR: Kismet datasource failed sending v3 CONFIGREQ
1790650005.325 ERROR: Conflict of new datasource badmode-typed/00000000-0000-0000-0000-000000000000 and existing datasource esp32c5 with the same UUID.  Datasource UUIDs must be unique, check the Kismet documentation for the datasources you are using, and ensure that any manually defined UUIDs are unique.
1790650005.325 ERROR: Data source 'esp32c5-ttyACM1:mode=foo,type=esp32c5,name=badmode-typed' failed to launch: esp32c5-ttyACM1: mode must be wifi, zigbee or btle
1790650005.327 ERROR: Unable to find driver for 'esp32c5-ttyACM1:mode=foo,name=badmode'.  Make sure that any required plugins are loaded, the interface is available, and any required Kismet helper packages are installed.
1790650005.327 ERROR: Data source 'esp32c5-ttyACM1:mode=foo,name=badmode' failed to launch: Unable to find driver for 'esp32c5-ttyACM1:mode=foo,name=badmode'.  Make sure that any required plugins are loaded, the interface is available, and any required Kismet helper packages are installed.
1790650005.427 interface: esp32c5-ttyACM1
1790650005.450 ERROR: Unable to find driver for 'esp32c5-ttyACM1:channel=15,name=badch'.  Make sure that any required plugins are loaded, the interface is available, and any required Kismet helper packages are installed.
1790650005.450 ERROR: Data source 'esp32c5-ttyACM1:channel=15,name=badch' failed to launch: Unable to find driver for 'esp32c5-ttyACM1:channel=15,name=badch'.  Make sure that any required plugins are loaded, the interface is available, and any required Kismet helper packages are installed.
1790650005.452 ERROR: Data source 'badch-typed / esp32c5-ttyACM1:channel=15,name=badch-typed,type=esp32c5' ('esp32c5-ttyACM1') encountered an error: esp32c5-ttyACM1: channel=15 is not a channel the board can tune to in wifi mode
1790650005.453 ALERT: SOURCEERROR Source badch-typed (00000000-0000-0000-0000-000000000000) has encountered an error (esp32c5-ttyACM1: channel=15 is not a channel the board can tune to in wifi mode) Kismet will attempt to re-open the source in 5 seconds.  (1 failures)
1790650005.453 ERROR: Source badch-typed (00000000-0000-0000-0000-000000000000) has encountered an error (esp32c5-ttyACM1: channel=15 is not a channel the board can tune to in wifi mode) Kismet will attempt to re-open the source in 5 seconds.  (1 failures)
1790650005.453 DEBUG: Attempt to send 17 on closed external interface
1790650005.453 ERROR: Kismet datasource failed sending v3 CONFIGREQ
1790650005.453 ERROR: Conflict of new datasource badch-typed/00000000-0000-0000-0000-000000000000 and existing datasource esp32c5 with the same UUID.  Datasource UUIDs must be unique, check the Kismet documentation for the datasources you are using, and ensure that any manually defined UUIDs are unique.
1790650005.453 ERROR: Data source 'esp32c5-ttyACM1:channel=15,type=esp32c5,name=badch-typed' failed to launch: esp32c5-ttyACM1: channel=15 is not a channel the board can tune to in wifi mode
1790650005.453 ERROR: Data source 'badch200-typed / esp32c5zigbee-ttyACM1:channel=200,name=badch200-typed,type=esp32c5' ('esp32c5zigbee-ttyACM1') encountered an error: esp32c5zigbee-ttyACM1: channel=200 is not a channel the board can tune to in zigbee mode
1790650005.453 ALERT: SOURCEERROR Source badch200-typed (00000000-0000-0000-0000-000000000000) has encountered an error (esp32c5zigbee-ttyACM1: channel=200 is not a channel the board can tune to in zigbee mode) Kismet will attempt to re-open the source in 5 seconds.  (1 failures)
1790650005.453 ERROR: Source badch200-typed (00000000-0000-0000-0000-000000000000) has encountered an error (esp32c5zigbee-ttyACM1: channel=200 is not a channel the board can tune to in zigbee mode) Kismet will attempt to re-open the source in 5 seconds.  (1 failures)
1790650005.453 DEBUG: Attempt to send 17 on closed external interface
1790650005.453 ERROR: Kismet datasource failed sending v3 CONFIGREQ
1790650005.453 ERROR: Conflict of new datasource badch200-typed/00000000-0000-0000-0000-000000000000 and existing datasource esp32c5 with the same UUID.  Datasource UUIDs must be unique, check the Kismet documentation for the datasources you are using, and ensure that any manually defined UUIDs are unique.
1790650005.453 ERROR: Data source 'esp32c5zigbee-ttyACM1:channel=200,type=esp32c5,name=badch200-typed' failed to launch: esp32c5zigbee-ttyACM1: channel=200 is not a channel the board can tune to in zigbee mode
1790650010.002 INFO: Attempting to re-open source esp32c5
1790650010.006 INFO: Attempting to re-open source esp32c5zigbee
1790650010.011 INFO: Attempting to re-open source esp32c5zigbee
1790650010.016 ERROR: Data source 'esp32c5 / esp32c5' ('esp32c5') encountered an error: 4 Espressif USB-Serial-JTAG devices (USB ID 303a:1001) found, and every ESP32 on native USB has that ID; say which one with device= or a source name like esp32c5-ttyACM0
1790650010.016 ALERT: SOURCEERROR Source esp32c5 (00000000-0000-0000-0000-000000000000) has encountered an error (4 Espressif USB-Serial-JTAG devices (USB ID 303a:1001) found, and every ESP32 on native USB has that ID; say which one with device= or a source name like esp32c5-ttyACM0) Kismet will attempt to re-open the source in 5 seconds.  (2 failures)
1790650010.016 ERROR: Source esp32c5 (00000000-0000-0000-0000-000000000000) has encountered an error (4 Espressif USB-Serial-JTAG devices (USB ID 303a:1001) found, and every ESP32 on native USB has that ID; say which one with device= or a source name like esp32c5-ttyACM0) Kismet will attempt to re-open the source in 5 seconds.  (2 failures)
1790650010.021 ERROR: Data source 'esp32c5zigbee / esp32c5zigbee' ('esp32c5zigbee') encountered an error: 4 Espressif USB-Serial-JTAG devices (USB ID 303a:1001) found, and every ESP32 on native USB has that ID; say which one with device= or a source name like esp32c5-ttyACM0
1790650010.021 ALERT: SOURCEERROR Source esp32c5zigbee (00000000-0000-0000-0000-000000000000) has encountered an error (4 Espressif USB-Serial-JTAG devices (USB ID 303a:1001) found, and every ESP32 on native USB has that ID; say which one with device= or a source name like esp32c5-ttyACM0) Kismet will attempt to re-open the source in 5 seconds.  (2 failures)
1790650010.021 ERROR: Source esp32c5zigbee (00000000-0000-0000-0000-000000000000) has encountered an error (4 Espressif USB-Serial-JTAG devices (USB ID 303a:1001) found, and every ESP32 on native USB has that ID; say which one with device= or a source name like esp32c5-ttyACM0) Kismet will attempt to re-open the source in 5 seconds.  (2 failures)
1790650010.200 INFO: Attempting to re-open source esp32c5btle
1790650010.211 ERROR: Data source 'esp32c5btle / esp32c5btle' ('esp32c5btle') encountered an error: 4 Espressif USB-Serial-JTAG devices (USB ID 303a:1001) found, and every ESP32 on native USB has that ID; say which one with device= or a source name like esp32c5-ttyACM0
1790650010.212 ALERT: SOURCEERROR Source esp32c5btle (00000000-0000-0000-0000-000000000000) has encountered an error (4 Espressif USB-Serial-JTAG devices (USB ID 303a:1001) found, and every ESP32 on native USB has that ID; say which one with device= or a source name like esp32c5-ttyACM0) Kismet will attempt to re-open the source in 5 seconds.  (2 failures)
1790650010.212 ERROR: Source esp32c5btle (00000000-0000-0000-0000-000000000000) has encountered an error (4 Espressif USB-Serial-JTAG devices (USB ID 303a:1001) found, and every ESP32 on native USB has that ID; say which one with device= or a source name like esp32c5-ttyACM0) Kismet will attempt to re-open the source in 5 seconds.  (2 failures)
1790650010.300 INFO: Attempting to re-open source bare-typed
1790650010.306 INFO: Attempting to re-open source esp32c5-ttyACM9
1790650010.314 ERROR: Data source 'bare-typed / esp32c5:name=bare-typed,type=esp32c5' ('esp32c5') encountered an error: 4 Espressif USB-Serial-JTAG devices (USB ID 303a:1001) found, and every ESP32 on native USB has that ID; say which one with device= or a source name like esp32c5-ttyACM0
1790650010.314 ALERT: SOURCEERROR Source bare-typed (00000000-0000-0000-0000-000000000000) has encountered an error (4 Espressif USB-Serial-JTAG devices (USB ID 303a:1001) found, and every ESP32 on native USB has that ID; say which one with device= or a source name like esp32c5-ttyACM0) Kismet will attempt to re-open the source in 5 seconds.  (2 failures)
1790650010.314 ERROR: Source bare-typed (00000000-0000-0000-0000-000000000000) has encountered an error (4 Espressif USB-Serial-JTAG devices (USB ID 303a:1001) found, and every ESP32 on native USB has that ID; say which one with device= or a source name like esp32c5-ttyACM0) Kismet will attempt to re-open the source in 5 seconds.  (2 failures)
1790650010.315 ERROR: Data source 'esp32c5-ttyACM9 / esp32c5-ttyACM9' ('esp32c5-ttyACM9') encountered an error: cannot open /dev/ttyACM9: No such file or directory
1790650010.315 ALERT: SOURCEERROR Source esp32c5-ttyACM9 (00000000-0000-0000-0000-000000000000) has encountered an error (cannot open /dev/ttyACM9: No such file or directory) Kismet will attempt to re-open the source in 5 seconds.  (2 failures)
1790650010.315 ERROR: Source esp32c5-ttyACM9 (00000000-0000-0000-0000-000000000000) has encountered an error (cannot open /dev/ttyACM9: No such file or directory) Kismet will attempt to re-open the source in 5 seconds.  (2 failures)
1790650010.400 INFO: Attempting to re-open source badmode-typed
1790650010.411 ERROR: Data source 'badmode-typed / esp32c5-ttyACM1:mode=foo,name=badmode-typed,type=esp32c5' ('esp32c5-ttyACM1') encountered an error: esp32c5-ttyACM1: mode must be wifi, zigbee or btle
1790650010.411 ALERT: SOURCEERROR Source badmode-typed (00000000-0000-0000-0000-000000000000) has encountered an error (esp32c5-ttyACM1: mode must be wifi, zigbee or btle) Kismet will attempt to re-open the source in 5 seconds.  (2 failures)
1790650010.411 ERROR: Source badmode-typed (00000000-0000-0000-0000-000000000000) has encountered an error (esp32c5-ttyACM1: mode must be wifi, zigbee or btle) Kismet will attempt to re-open the source in 5 seconds.  (2 failures)
1790650010.500 INFO: Attempting to re-open source badch-typed
1790650010.503 INFO: Attempting to re-open source badch200-typed
1790650010.512 ERROR: Data source 'badch-typed / esp32c5-ttyACM1:channel=15,name=badch-typed,type=esp32c5' ('esp32c5-ttyACM1') encountered an error: esp32c5-ttyACM1: channel=15 is not a channel the board can tune to in wifi mode
1790650010.512 ALERT: SOURCEERROR Source badch-typed (00000000-0000-0000-0000-000000000000) has encountered an error (esp32c5-ttyACM1: channel=15 is not a channel the board can tune to in wifi mode) Kismet will attempt to re-open the source in 5 seconds.  (2 failures)
1790650010.512 ERROR: Source badch-typed (00000000-0000-0000-0000-000000000000) has encountered an error (esp32c5-ttyACM1: channel=15 is not a channel the board can tune to in wifi mode) Kismet will attempt to re-open the source in 5 seconds.  (2 failures)
1790650010.513 ERROR: Data source 'badch200-typed / esp32c5zigbee-ttyACM1:channel=200,name=badch200-typed,type=esp32c5' ('esp32c5zigbee-ttyACM1') encountered an error: esp32c5zigbee-ttyACM1: channel=200 is not a channel the board can tune to in zigbee mode
1790650010.513 ALERT: SOURCEERROR Source badch200-typed (00000000-0000-0000-0000-000000000000) has encountered an error (esp32c5zigbee-ttyACM1: channel=200 is not a channel the board can tune to in zigbee mode) Kismet will attempt to re-open the source in 5 seconds.  (2 failures)
1790650010.513 ERROR: Source badch200-typed (00000000-0000-0000-0000-000000000000) has encountered an error (esp32c5zigbee-ttyACM1: channel=200 is not a channel the board can tune to in zigbee mode) Kismet will attempt to re-open the source in 5 seconds.  (2 failures)
1790650016.000 INFO: Attempting to re-open source esp32c5
1790650016.003 INFO: Attempting to re-open source esp32c5zigbee
1790650016.008 INFO: Attempting to re-open source esp32c5btle
1790650016.009 INFO: Attempting to re-open source bare-typed
1790650016.016 INFO: Attempting to re-open source esp32c5-ttyACM9
1790650016.023 INFO: Attempting to re-open source badmode-typed
1790650016.025 ERROR: Data source 'esp32c5zigbee / esp32c5zigbee' ('esp32c5zigbee') encountered an error: 4 Espressif USB-Serial-JTAG devices (USB ID 303a:1001) found, and every ESP32 on native USB has that ID; say which one with device= or a source name like esp32c5-ttyACM0
1790650016.026 ALERT: SOURCEERROR Source esp32c5zigbee (00000000-0000-0000-0000-000000000000) has encountered an error (4 Espressif USB-Serial-JTAG devices (USB ID 303a:1001) found, and every ESP32 on native USB has that ID; say which one with device= or a source name like esp32c5-ttyACM0) Kismet will attempt to re-open the source in 5 seconds.  (3 failures)
1790650016.026 ERROR: Source esp32c5zigbee (00000000-0000-0000-0000-000000000000) has encountered an error (4 Espressif USB-Serial-JTAG devices (USB ID 303a:1001) found, and every ESP32 on native USB has that ID; say which one with device= or a source name like esp32c5-ttyACM0) Kismet will attempt to re-open the source in 5 seconds.  (3 failures)
1790650016.029 ERROR: Data source 'esp32c5btle / esp32c5btle' ('esp32c5btle') encountered an error: 4 Espressif USB-Serial-JTAG devices (USB ID 303a:1001) found, and every ESP32 on native USB has that ID; say which one with device= or a source name like esp32c5-ttyACM0
1790650016.029 ALERT: SOURCEERROR Source esp32c5btle (00000000-0000-0000-0000-000000000000) has encountered an error (4 Espressif USB-Serial-JTAG devices (USB ID 303a:1001) found, and every ESP32 on native USB has that ID; say which one with device= or a source name like esp32c5-ttyACM0) Kismet will attempt to re-open the source in 5 seconds.  (3 failures)
1790650016.029 ERROR: Source esp32c5btle (00000000-0000-0000-0000-000000000000) has encountered an error (4 Espressif USB-Serial-JTAG devices (USB ID 303a:1001) found, and every ESP32 on native USB has that ID; say which one with device= or a source name like esp32c5-ttyACM0) Kismet will attempt to re-open the source in 5 seconds.  (3 failures)
1790650016.031 ERROR: Data source 'esp32c5 / esp32c5' ('esp32c5') encountered an error: 4 Espressif USB-Serial-JTAG devices (USB ID 303a:1001) found, and every ESP32 on native USB has that ID; say which one with device= or a source name like esp32c5-ttyACM0
1790650016.031 ALERT: SOURCEERROR Source esp32c5 (00000000-0000-0000-0000-000000000000) has encountered an error (4 Espressif USB-Serial-JTAG devices (USB ID 303a:1001) found, and every ESP32 on native USB has that ID; say which one with device= or a source name like esp32c5-ttyACM0) Kismet will attempt to re-open the source in 5 seconds.  (3 failures)
1790650016.031 ERROR: Source esp32c5 (00000000-0000-0000-0000-000000000000) has encountered an error (4 Espressif USB-Serial-JTAG devices (USB ID 303a:1001) found, and every ESP32 on native USB has that ID; say which one with device= or a source name like esp32c5-ttyACM0) Kismet will attempt to re-open the source in 5 seconds.  (3 failures)
1790650016.032 INFO: Attempting to re-open source badch-typed
1790650016.032 ERROR: Data source 'bare-typed / esp32c5:name=bare-typed,type=esp32c5' ('esp32c5') encountered an error: 4 Espressif USB-Serial-JTAG devices (USB ID 303a:1001) found, and every ESP32 on native USB has that ID; say which one with device= or a source name like esp32c5-ttyACM0
1790650016.034 ALERT: SOURCEERROR Source bare-typed (00000000-0000-0000-0000-000000000000) has encountered an error (4 Espressif USB-Serial-JTAG devices (USB ID 303a:1001) found, and every ESP32 on native USB has that ID; say which one with device= or a source name like esp32c5-ttyACM0) Kismet will attempt to re-open the source in 5 seconds.  (3 failures)
1790650016.035 ERROR: Source bare-typed (00000000-0000-0000-0000-000000000000) has encountered an error (4 Espressif USB-Serial-JTAG devices (USB ID 303a:1001) found, and every ESP32 on native USB has that ID; say which one with device= or a source name like esp32c5-ttyACM0) Kismet will attempt to re-open the source in 5 seconds.  (3 failures)
1790650016.035 INFO: Attempting to re-open source badch200-typed
1790650016.039 INFO: Attempting to re-open source badch200-typed
1790650016.042 ERROR: Data source 'esp32c5-ttyACM9 / esp32c5-ttyACM9' ('esp32c5-ttyACM9') encountered an error: cannot open /dev/ttyACM9: No such file or directory
1790650016.047 ALERT: SOURCEERROR Source esp32c5-ttyACM9 (00000000-0000-0000-0000-000000000000) has encountered an error (cannot open /dev/ttyACM9: No such file or directory) Kismet will attempt to re-open the source in 5 seconds.  (3 failures)
1790650016.047 ERROR: Source esp32c5-ttyACM9 (00000000-0000-0000-0000-000000000000) has encountered an error (cannot open /dev/ttyACM9: No such file or directory) Kismet will attempt to re-open the source in 5 seconds.  (3 failures)
1790650016.047 ERROR: Data source 'badmode-typed / esp32c5-ttyACM1:mode=foo,name=badmode-typed,type=esp32c5' ('esp32c5-ttyACM1') encountered an error: esp32c5-ttyACM1: mode must be wifi, zigbee or btle
1790650016.047 ALERT: SOURCEERROR Source badmode-typed (00000000-0000-0000-0000-000000000000) has encountered an error (esp32c5-ttyACM1: mode must be wifi, zigbee or btle) Kismet will attempt to re-open the source in 5 seconds.  (3 failures)
1790650016.047 ERROR: Source badmode-typed (00000000-0000-0000-0000-000000000000) has encountered an error (esp32c5-ttyACM1: mode must be wifi, zigbee or btle) Kismet will attempt to re-open the source in 5 seconds.  (3 failures)
1790650016.052 ERROR: Data source 'badch-typed / esp32c5-ttyACM1:channel=15,name=badch-typed,type=esp32c5' ('esp32c5-ttyACM1') encountered an error: esp32c5-ttyACM1: channel=15 is not a channel the board can tune to in wifi mode
1790650016.052 ALERT: SOURCEERROR Source badch-typed (00000000-0000-0000-0000-000000000000) has encountered an error (esp32c5-ttyACM1: channel=15 is not a channel the board can tune to in wifi mode) Kismet will attempt to re-open the source in 5 seconds.  (3 failures)
1790650016.052 ERROR: Source badch-typed (00000000-0000-0000-0000-000000000000) has encountered an error (esp32c5-ttyACM1: channel=15 is not a channel the board can tune to in wifi mode) Kismet will attempt to re-open the source in 5 seconds.  (3 failures)
1790650016.056 ERROR: Data source 'badch200-typed / esp32c5zigbee-ttyACM1:channel=200,name=badch200-typed,type=esp32c5' ('esp32c5zigbee-ttyACM1') encountered an error: esp32c5zigbee-ttyACM1: channel=200 is not a channel the board can tune to in zigbee mode
1790650016.056 ALERT: SOURCEERROR Source badch200-typed (00000000-0000-0000-0000-000000000000) has encountered an error (esp32c5zigbee-ttyACM1: channel=200 is not a channel the board can tune to in zigbee mode) Kismet will attempt to re-open the source in 5 seconds.  (3 failures)
1790650016.056 ERROR: Source badch200-typed (00000000-0000-0000-0000-000000000000) has encountered an error (esp32c5zigbee-ttyACM1: channel=200 is not a channel the board can tune to in zigbee mode) Kismet will attempt to re-open the source in 5 seconds.  (3 failures)
1790650021.300 INFO: Attempting to re-open source esp32c5zigbee
1790650021.304 INFO: Attempting to re-open source esp32c5btle
1790650021.307 INFO: Attempting to re-open source esp32c5
1790650021.315 INFO: Attempting to re-open source bare-typed
1790650021.319 INFO: Attempting to re-open source esp32c5-ttyACM9
1790650021.320 ERROR: Data source 'esp32c5zigbee / esp32c5zigbee' ('esp32c5zigbee') encountered an error: 4 Espressif USB-Serial-JTAG devices (USB ID 303a:1001) found, and every ESP32 on native USB has that ID; say which one with device= or a source name like esp32c5-ttyACM0
1790650021.320 ALERT: SOURCEERROR Source esp32c5zigbee (00000000-0000-0000-0000-000000000000) has encountered an error (4 Espressif USB-Serial-JTAG devices (USB ID 303a:1001) found, and every ESP32 on native USB has that ID; say which one with device= or a source name like esp32c5-ttyACM0) Kismet will attempt to re-open the source in 5 seconds.  (4 failures)
1790650021.320 ERROR: Source esp32c5zigbee (00000000-0000-0000-0000-000000000000) has encountered an error (4 Espressif USB-Serial-JTAG devices (USB ID 303a:1001) found, and every ESP32 on native USB has that ID; say which one with device= or a source name like esp32c5-ttyACM0) Kismet will attempt to re-open the source in 5 seconds.  (4 failures)
1790650021.321 INFO: Attempting to re-open source badmode-typed
1790650021.325 ERROR: Data source 'esp32c5btle / esp32c5btle' ('esp32c5btle') encountered an error: 4 Espressif USB-Serial-JTAG devices (USB ID 303a:1001) found, and every ESP32 on native USB has that ID; say which one with device= or a source name like esp32c5-ttyACM0
1790650021.326 ALERT: SOURCEERROR Source esp32c5btle (00000000-0000-0000-0000-000000000000) has encountered an error (4 Espressif USB-Serial-JTAG devices (USB ID 303a:1001) found, and every ESP32 on native USB has that ID; say which one with device= or a source name like esp32c5-ttyACM0) Kismet will attempt to re-open the source in 5 seconds.  (4 failures)
1790650021.326 ERROR: Source esp32c5btle (00000000-0000-0000-0000-000000000000) has encountered an error (4 Espressif USB-Serial-JTAG devices (USB ID 303a:1001) found, and every ESP32 on native USB has that ID; say which one with device= or a source name like esp32c5-ttyACM0) Kismet will attempt to re-open the source in 5 seconds.  (4 failures)
1790650021.326 INFO: Attempting to re-open source badch-typed
1790650021.335 INFO: Attempting to re-open source badch200-typed
1790650021.335 ERROR: Data source 'esp32c5 / esp32c5' ('esp32c5') encountered an error: 4 Espressif USB-Serial-JTAG devices (USB ID 303a:1001) found, and every ESP32 on native USB has that ID; say which one with device= or a source name like esp32c5-ttyACM0
1790650021.336 ALERT: SOURCEERROR Source esp32c5 (00000000-0000-0000-0000-000000000000) has encountered an error (4 Espressif USB-Serial-JTAG devices (USB ID 303a:1001) found, and every ESP32 on native USB has that ID; say which one with device= or a source name like esp32c5-ttyACM0) Kismet will attempt to re-open the source in 5 seconds.  (4 failures)
1790650021.336 ERROR: Source esp32c5 (00000000-0000-0000-0000-000000000000) has encountered an error (4 Espressif USB-Serial-JTAG devices (USB ID 303a:1001) found, and every ESP32 on native USB has that ID; say which one with device= or a source name like esp32c5-ttyACM0) Kismet will attempt to re-open the source in 5 seconds.  (4 failures)
1790650021.336 ERROR: Data source 'bare-typed / esp32c5:name=bare-typed,type=esp32c5' ('esp32c5') encountered an error: 4 Espressif USB-Serial-JTAG devices (USB ID 303a:1001) found, and every ESP32 on native USB has that ID; say which one with device= or a source name like esp32c5-ttyACM0
1790650021.337 ALERT: SOURCEERROR Source bare-typed (00000000-0000-0000-0000-000000000000) has encountered an error (4 Espressif USB-Serial-JTAG devices (USB ID 303a:1001) found, and every ESP32 on native USB has that ID; say which one with device= or a source name like esp32c5-ttyACM0) Kismet will attempt to re-open the source in 5 seconds.  (4 failures)
1790650021.337 ERROR: Data source 'esp32c5-ttyACM9 / esp32c5-ttyACM9' ('esp32c5-ttyACM9') encountered an error: cannot open /dev/ttyACM9: No such file or directory
1790650021.337 ALERT: SOURCEERROR Source esp32c5-ttyACM9 (00000000-0000-0000-0000-000000000000) has encountered an error (cannot open /dev/ttyACM9: No such file or directory) Kismet will attempt to re-open the source in 5 seconds.  (4 failures)
1790650021.337 ERROR: Source esp32c5-ttyACM9 (00000000-0000-0000-0000-000000000000) has encountered an error (cannot open /dev/ttyACM9: No such file or directory) Kismet will attempt to re-open the source in 5 seconds.  (4 failures)
1790650021.337 ERROR: Source bare-typed (00000000-0000-0000-0000-000000000000) has encountered an error (4 Espressif USB-Serial-JTAG devices (USB ID 303a:1001) found, and every ESP32 on native USB has that ID; say which one with device= or a source name like esp32c5-ttyACM0) Kismet will attempt to re-open the source in 5 seconds.  (4 failures)
1790650021.343 ERROR: Data source 'badmode-typed / esp32c5-ttyACM1:mode=foo,name=badmode-typed,type=esp32c5' ('esp32c5-ttyACM1') encountered an error: esp32c5-ttyACM1: mode must be wifi, zigbee or btle
1790650021.344 ALERT: SOURCEERROR Source badmode-typed (00000000-0000-0000-0000-000000000000) has encountered an error (esp32c5-ttyACM1: mode must be wifi, zigbee or btle) Kismet will attempt to re-open the source in 5 seconds.  (4 failures)
1790650021.345 ERROR: Source badmode-typed (00000000-0000-0000-0000-000000000000) has encountered an error (esp32c5-ttyACM1: mode must be wifi, zigbee or btle) Kismet will attempt to re-open the source in 5 seconds.  (4 failures)
1790650021.345 ERROR: Data source 'badch-typed / esp32c5-ttyACM1:channel=15,name=badch-typed,type=esp32c5' ('esp32c5-ttyACM1') encountered an error: esp32c5-ttyACM1: channel=15 is not a channel the board can tune to in wifi mode
1790650021.345 ALERT: SOURCEERROR Source badch-typed (00000000-0000-0000-0000-000000000000) has encountered an error (esp32c5-ttyACM1: channel=15 is not a channel the board can tune to in wifi mode) Kismet will attempt to re-open the source in 5 seconds.  (4 failures)
1790650021.345 ERROR: Source badch-typed (00000000-0000-0000-0000-000000000000) has encountered an error (esp32c5-ttyACM1: channel=15 is not a channel the board can tune to in wifi mode) Kismet will attempt to re-open the source in 5 seconds.  (4 failures)
1790650021.345 ERROR: Data source 'badch200-typed / esp32c5zigbee-ttyACM1:channel=200,name=badch200-typed,type=esp32c5' ('esp32c5zigbee-ttyACM1') encountered an error: esp32c5zigbee-ttyACM1: channel=200 is not a channel the board can tune to in zigbee mode
1790650021.345 ALERT: SOURCEERROR Source badch200-typed (00000000-0000-0000-0000-000000000000) has encountered an error (esp32c5zigbee-ttyACM1: channel=200 is not a channel the board can tune to in zigbee mode) Kismet will attempt to re-open the source in 5 seconds.  (4 failures)
1790650021.345 ERROR: Source badch200-typed (00000000-0000-0000-0000-000000000000) has encountered an error (esp32c5zigbee-ttyACM1: channel=200 is not a channel the board can tune to in zigbee mode) Kismet will attempt to re-open the source in 5 seconds.  (4 failures)
1790650026.500 INFO: Attempting to re-open source esp32c5zigbee
1790650026.503 INFO: Attempting to re-open source esp32c5btle
1790650026.511 INFO: Attempting to re-open source esp32c5
1790650026.513 INFO: Attempting to re-open source esp32c5-ttyACM9
1790650026.518 INFO: Attempting to re-open source bare-typed
1790650026.523 ERROR: Data source 'esp32c5zigbee / esp32c5zigbee' ('esp32c5zigbee') encountered an error: 4 Espressif USB-Serial-JTAG devices (USB ID 303a:1001) found, and every ESP32 on native USB has that ID; say which one with device= or a source name like esp32c5-ttyACM0
1790650026.523 ALERT: SOURCEERROR Source esp32c5zigbee (00000000-0000-0000-0000-000000000000) has encountered an error (4 Espressif USB-Serial-JTAG devices (USB ID 303a:1001) found, and every ESP32 on native USB has that ID; say which one with device= or a source name like esp32c5-ttyACM0) Kismet will attempt to re-open the source in 5 seconds.  (5 failures)
1790650026.523 ERROR: Source esp32c5zigbee (00000000-0000-0000-0000-000000000000) has encountered an error (4 Espressif USB-Serial-JTAG devices (USB ID 303a:1001) found, and every ESP32 on native USB has that ID; say which one with device= or a source name like esp32c5-ttyACM0) Kismet will attempt to re-open the source in 5 seconds.  (5 failures)
1790650026.523 ERROR: Data source 'esp32c5btle / esp32c5btle' ('esp32c5btle') encountered an error: 4 Espressif USB-Serial-JTAG devices (USB ID 303a:1001) found, and every ESP32 on native USB has that ID; say which one with device= or a source name like esp32c5-ttyACM0
1790650026.528 INFO: Attempting to re-open source badmode-typed
1790650026.539 ALERT: SOURCEERROR Source esp32c5btle (00000000-0000-0000-0000-000000000000) has encountered an error (4 Espressif USB-Serial-JTAG devices (USB ID 303a:1001) found, and every ESP32 on native USB has that ID; say which one with device= or a source name like esp32c5-ttyACM0) Kismet will attempt to re-open the source in 5 seconds.  (5 failures)
1790650026.539 ERROR: Source esp32c5btle (00000000-0000-0000-0000-000000000000) has encountered an error (4 Espressif USB-Serial-JTAG devices (USB ID 303a:1001) found, and every ESP32 on native USB has that ID; say which one with device= or a source name like esp32c5-ttyACM0) Kismet will attempt to re-open the source in 5 seconds.  (5 failures)
1790650026.539 INFO: Attempting to re-open source badch-typed
1790650026.539 INFO: Attempting to re-open source badch200-typed
1790650026.539 ERROR: Data source 'esp32c5-ttyACM9 / esp32c5-ttyACM9' ('esp32c5-ttyACM9') encountered an error: cannot open /dev/ttyACM9: No such file or directory
1790650026.539 ALERT: SOURCEERROR Source esp32c5-ttyACM9 (00000000-0000-0000-0000-000000000000) has encountered an error (cannot open /dev/ttyACM9: No such file or directory) Kismet will attempt to re-open the source in 5 seconds.  (5 failures)
1790650026.539 ERROR: Source esp32c5-ttyACM9 (00000000-0000-0000-0000-000000000000) has encountered an error (cannot open /dev/ttyACM9: No such file or directory) Kismet will attempt to re-open the source in 5 seconds.  (5 failures)
1790650026.540 ERROR: Data source 'badmode-typed / esp32c5-ttyACM1:mode=foo,name=badmode-typed,type=esp32c5' ('esp32c5-ttyACM1') encountered an error: esp32c5-ttyACM1: mode must be wifi, zigbee or btle
1790650026.543 ALERT: SOURCEERROR Source badmode-typed (00000000-0000-0000-0000-000000000000) has encountered an error (esp32c5-ttyACM1: mode must be wifi, zigbee or btle) Kismet will attempt to re-open the source in 5 seconds.  (5 failures)
1790650026.543 ERROR: Data source 'esp32c5 / esp32c5' ('esp32c5') encountered an error: 4 Espressif USB-Serial-JTAG devices (USB ID 303a:1001) found, and every ESP32 on native USB has that ID; say which one with device= or a source name like esp32c5-ttyACM0
1790650026.543 ERROR: Source badmode-typed (00000000-0000-0000-0000-000000000000) has encountered an error (esp32c5-ttyACM1: mode must be wifi, zigbee or btle) Kismet will attempt to re-open the source in 5 seconds.  (5 failures)
1790650026.543 ALERT: SOURCEERROR Source esp32c5 (00000000-0000-0000-0000-000000000000) has encountered an error (4 Espressif USB-Serial-JTAG devices (USB ID 303a:1001) found, and every ESP32 on native USB has that ID; say which one with device= or a source name like esp32c5-ttyACM0) Kismet will attempt to re-open the source in 5 seconds.  (5 failures)
1790650026.543 ERROR: Source esp32c5 (00000000-0000-0000-0000-000000000000) has encountered an error (4 Espressif USB-Serial-JTAG devices (USB ID 303a:1001) found, and every ESP32 on native USB has that ID; say which one with device= or a source name like esp32c5-ttyACM0) Kismet will attempt to re-open the source in 5 seconds.  (5 failures)
1790650026.543 ERROR: Data source 'bare-typed / esp32c5:name=bare-typed,type=esp32c5' ('esp32c5') encountered an error: 4 Espressif USB-Serial-JTAG devices (USB ID 303a:1001) found, and every ESP32 on native USB has that ID; say which one with device= or a source name like esp32c5-ttyACM0
1790650026.544 ALERT: SOURCEERROR Source bare-typed (00000000-0000-0000-0000-000000000000) has encountered an error (4 Espressif USB-Serial-JTAG devices (USB ID 303a:1001) found, and every ESP32 on native USB has that ID; say which one with device= or a source name like esp32c5-ttyACM0) Kismet will attempt to re-open the source in 5 seconds.  (5 failures)
1790650026.544 ERROR: Source bare-typed (00000000-0000-0000-0000-000000000000) has encountered an error (4 Espressif USB-Serial-JTAG devices (USB ID 303a:1001) found, and every ESP32 on native USB has that ID; say which one with device= or a source name like esp32c5-ttyACM0) Kismet will attempt to re-open the source in 5 seconds.  (5 failures)
1790650026.545 ERROR: Data source 'badch-typed / esp32c5-ttyACM1:channel=15,name=badch-typed,type=esp32c5' ('esp32c5-ttyACM1') encountered an error: esp32c5-ttyACM1: channel=15 is not a channel the board can tune to in wifi mode
1790650026.546 ALERT: SOURCEERROR Source badch-typed (00000000-0000-0000-0000-000000000000) has encountered an error (esp32c5-ttyACM1: channel=15 is not a channel the board can tune to in wifi mode) Kismet will attempt to re-open the source in 5 seconds.  (5 failures)
1790650026.546 ERROR: Source badch-typed (00000000-0000-0000-0000-000000000000) has encountered an error (esp32c5-ttyACM1: channel=15 is not a channel the board can tune to in wifi mode) Kismet will attempt to re-open the source in 5 seconds.  (5 failures)
1790650026.550 ERROR: Data source 'badch200-typed / esp32c5zigbee-ttyACM1:channel=200,name=badch200-typed,type=esp32c5' ('esp32c5zigbee-ttyACM1') encountered an error: esp32c5zigbee-ttyACM1: channel=200 is not a channel the board can tune to in zigbee mode
1790650026.550 ALERT: SOURCEERROR Source badch200-typed (00000000-0000-0000-0000-000000000000) has encountered an error (esp32c5zigbee-ttyACM1: channel=200 is not a channel the board can tune to in zigbee mode) Kismet will attempt to re-open the source in 5 seconds.  (5 failures)
1790650026.550 ERROR: Source badch200-typed (00000000-0000-0000-0000-000000000000) has encountered an error (esp32c5zigbee-ttyACM1: channel=200 is not a channel the board can tune to in zigbee mode) Kismet will attempt to re-open the source in 5 seconds.  (5 failures)
1790650029.737 
1790650029.737 *** KISMET IS SHUTTING DOWN ***
1790650029.737 Shutting down plugins...
1790650029.737 WARNING: Kismet changes the configuration of network devices.
1790650029.737          In most cases you will need to restart networking for
1790650029.737          your interface (varies per distribution and OS), but 
1790650029.737          typically one of:
1790650029.737          sudo service networking restart
1790650029.737          sudo /etc/init.d/networking restart
1790650029.737          or
1790650029.737          nmcli device set [device] managed true
1790650029.737 
1790650029.737 Kismet exiting.
1790650029.738 EXITING: Signal service thread complete.
