1790649764.144 INFO: Including sub-config file: /home/osh/kismet-install/etc/kismet_httpd.conf
1790649764.144 INFO: Including sub-config file: /home/osh/kismet-install/etc/kismet_memory.conf
1790649764.144 INFO: Including sub-config file: /home/osh/kismet-install/etc/kismet_alerts.conf
1790649764.144 INFO: Including sub-config file: /home/osh/kismet-install/etc/kismet_80211.conf
1790649764.144 INFO: Including sub-config file: /home/osh/kismet-install/etc/kismet_logging.conf
1790649764.144 INFO: Including sub-config file: /home/osh/kismet-install/etc/kismet_filter.conf
1790649764.144 INFO: Including sub-config file: /home/osh/kismet-install/etc/kismet_uav.conf
1790649764.144 INFO: Loading config override file '/home/osh/kismet-install/etc/kismet_package.conf'
1790649764.144 INFO: Optional sub-config file not present: /home/osh/kismet-install/etc/kismet_package.conf
1790649764.144 INFO: Loading config override file '/home/osh/kismet-install/etc/kismet_site.conf'
1790649764.144 INFO: Optional sub-config file not present: /home/osh/kismet-install/etc/kismet_site.conf
1790649764.144 INFO: Generated server UUID 7294A9A0-BBAF-11F1-AE45-4B49534D4554 and storing in /tmp/hw2/g4/.kismet//kismet_server_id.conf
1790649764.144 INFO: Setting server UUID 7294A9A0-BBAF-11F1-AE45-4B49534D4554
1790649764.144 INFO: Starting Beast webserver on 0.0.0.0:2501
1790649764.144 INFO: Opened OUI file '/home/osh/kismet-install/share/kismet/kismet_manuf.txt.gz
1790649764.144 INFO: Indexing manufacturer db
1790649764.146 INFO: Completed indexing manufacturer db, 38959 lines and 780 indexes.
1790649764.152 INFO: Saving devices to the Kismet database log every 30 seconds
1790649764.157 INFO: Using default rates of 10/min, 1/sec for alert 'DEVICEFOUND'
1790649764.158 INFO: Using default rates of 10/min, 1/sec for alert 'DEVICELOST'
1790649764.158 INFO: Registering support for DLT_PPI packet header decoding
1790649764.158 INFO: Registering support for DLT_RADIOTAP packet header decoding
1790649764.158 INFO: Registering support for DLT_BTLE_RADIO packet header decoding
1790649764.161 INFO: Using default rates of 10/min, 1/sec for alert 'BADFIXLENIE'
1790649764.161 INFO: PHY80211 will only process AP signal levels from beacons
1790649764.161 INFO: Allowing Kismet clients to view WEP keys
1790649764.162 DEBUG: ssid canary FooCanary:ssid="FoobarCanary"
1790649764.162 DEBUG: ssid canary FooCanart2:ssid="(?i:foobarcanary)"
1790649764.162 INFO: Keeping EAPOL packets in memory for easy download and WIDS functionality; this can use more RAM.
1790649764.165 INFO: Registered PHY handler 'IEEE802.11' as ID 0
1790649764.166 INFO: Registered PHY handler 'RFSENSOR' as ID 1
1790649764.167 INFO: Registered PHY handler 'Z-Wave' as ID 2
1790649764.169 INFO: Registered PHY handler 'Bluetooth' as ID 3
1790649764.169 DEBUG: reserve_fields home id 538 app id 539
1790649764.171 INFO: Registered PHY handler 'UAV' as ID 4
1790649764.172 INFO: Registered PHY handler 'NrfMousejack' as ID 5
1790649764.172 ERROR: Tried to re-register duplicate alert FLIPPERZERO
1790649764.173 INFO: Registered PHY handler 'BTLE' as ID 6
1790649764.174 INFO: Registered PHY handler 'METER' as ID 7
1790649764.175 INFO: Indexing ADSB ICAO db
1790649764.439 INFO: Completed indexing ADSB ICAO db, 341068 lines 6822 indexes
1790649764.439 INFO: Registered PHY handler 'ADSB' as ID 8
1790649764.439 INFO: Registered PHY handler '802.15.4' as ID 9
1790649764.440 INFO: Registered PHY handler 'RADIATION' as ID 10
1790649764.446 INFO: (HTTPD) Could not read session data file, skipping loading saved sessions.
1790649764.446 INFO: Serving static file content from /home/osh/kismet-install/share/kismet/httpd/
1790649764.447 INFO: Enabling channel hopping by default on sources which support channel control.
1790649764.447 INFO: Setting default channel hop rate to 5/sec
1790649764.447 INFO: Enabling channel list splitting on sources which share the same list of channels
1790649764.447 INFO: Enabling channel list shuffling to optimize overlaps
1790649764.447 INFO: Sources will be re-opened if they encounter an error
1790649764.447 INFO: Saving datasources to the Kismet database log every 30 seconds
1790649764.447 INFO: Launching remote capture server on 127.0.0.1 3501
1790649764.449 INFO: Data sources passed on the command line (via -c source), ignoring source= definitions in the Kismet config file.
1790649764.450 INFO: Probing interface 'esp32c5-ttyACM0' to find datasource type
1790649764.451 ALERT: LOGDISABLED Logging has been disabled via the Kismet config files or the command line.  Pcap, database, and related logs will not be saved.
1790649764.451 INFO: Logging disabled, not enabling any log drivers.
1790649764.451 INFO: GPS track will be logged to the Kismet logfile
1790649764.452 INFO: Starting Kismet web server...
1790649764.452 INFO: HTTP server listening on 0.0.0.0:2501
1790649764.454 INFO: Could not open system plugin directory (/home/osh/kismet-install/lib/kismet/), skipping: No such file or directory
1790649764.454 INFO: Did not find a user plugin directory (/tmp/hw2/g4/.kismet//plugins/), skipping: No such file or directory
1790649764.539 INFO: Probing interface 'esp32c5-ttyACM1' to find datasource type
1790649764.542 interface: esp32c5-ttyACM0
1790649764.544 INFO: Found type 'esp32c5' for 'esp32c5-ttyACM0'
1790649764.570 INFO: Data source 'esp32c5-ttyACM0' launched successfully
1790649764.630 INFO: Probing interface 'esp32c5zigbee-ttyACM2' to find datasource type
1790649764.646 interface: esp32c5-ttyACM1
1790649764.654 INFO: Found type 'esp32c5' for 'esp32c5-ttyACM1'
1790649764.705 INFO: Splitting channels for interfaces using 'esp32c5' among 2 interfaces
1790649764.705 INFO: Data source 'esp32c5-ttyACM1' launched successfully
1790649764.753 INFO: Probing interface 'esp32c5btle-ttyACM3' to find datasource type
1790649764.757 INFO: Found type 'esp32c5' for 'esp32c5zigbee-ttyACM2'
1790649764.758 interface: esp32c5zigbee-ttyACM2
1790649764.787 INFO: Data source 'esp32c5zigbee-ttyACM2' launched successfully
1790649764.875 interface: esp32c5btle-ttyACM3
1790649764.888 INFO: Found type 'esp32c5' for 'esp32c5btle-ttyACM3'
1790649764.907 INFO: Data source 'esp32c5btle-ttyACM3' launched successfully
1790649765.907 INFO: esp32c5btle-ttyACM3 capturing (btle)
1790649765.913 INFO: Detected new BTLE device 20:F1:B2:B9:E5:33
1790649765.914 INFO: Detected new BTLE device 29:14:C8:1F:57:4B
1790649766.197 INFO: esp32c5-ttyACM1: port closed, reconnecting
1790649766.263 INFO: esp32c5-ttyACM0 capturing (wifi)
1790649766.264 INFO: Detected new 802.11 Wi-Fi access point B0:1F:47:0D:E9:B9
1790649766.265 INFO: 802.11 Wi-Fi device B0:1F:47:0D:E9:B9 advertising new SSID 'Mor'
1790649766.269 INFO: Detected new 802.11 Wi-Fi access point 00:B8:C2:B2:AE:57
1790649766.270 INFO: 802.11 Wi-Fi device 00:B8:C2:B2:AE:57 advertising new SSID 'Mor'
1790649766.287 INFO: esp32c5zigbee-ttyACM2 capturing (zigbee)
1790649766.411 INFO: Detected new BTLE device 48:9E:9D:9E:42:7C tcl_AC_t*ap_szkt
1790649766.800 INFO: Detected new 802.11 Wi-Fi access point C8:70:23:73:DA:93
1790649766.801 INFO: 802.11 Wi-Fi device C8:70:23:73:DA:93 advertising new SSID 'cohen'
1790649766.806 INFO: Detected new 802.11 Wi-Fi access point 26:39:F1:AB:05:B2
1790649766.807 INFO: 802.11 Wi-Fi device 26:39:F1:AB:05:B2 advertising new SSID 'osvc-2'
1790649766.812 INFO: Detected new 802.11 Wi-Fi access point A4:86:DB:85:0D:22
1790649766.812 INFO: 802.11 Wi-Fi device A4:86:DB:85:0D:22 advertising new SSID 'NVRa486db850d22'
1790649766.819 INFO: Detected new 802.11 Wi-Fi access point 46:AE:30:84:5A:16
1790649766.823 INFO: 802.11 Wi-Fi device 46:AE:30:84:5A:16 advertising a new cloaked SSID
1790649766.831 INFO: Detected new 802.11 Wi-Fi access point F4:5E:AB:98:45:A6
1790649766.832 INFO: 802.11 Wi-Fi device F4:5E:AB:98:45:A6 advertising new SSID 'WiFiER9845a6'
1790649766.870 INFO: Detected new 802.11 Wi-Fi device A6:9F:76:6D:54:67
1790649766.872 INFO: Detected new 802.11 Wi-Fi access point 20:F1:B2:B9:E5:33
1790649766.872 INFO: 802.11 Wi-Fi device 20:F1:B2:B9:E5:33 advertising new SSID 'SmartLife-E533'
1790649766.880 INFO: Detected new 802.11 Wi-Fi access point 40:AE:30:84:34:B6
1790649766.880 INFO: 802.11 Wi-Fi device 40:AE:30:84:34:B6 advertising new SSID 'cohen42'
1790649766.880 INFO: Detected new 802.11 Wi-Fi access point 40:AE:30:84:5A:16
1790649766.880 INFO: 802.11 Wi-Fi device 40:AE:30:84:5A:16 advertising new SSID 'cohen42'
1790649767.263 INFO: Detected new 802.11 Wi-Fi access point 6A:B8:C2:B2:AE:59
1790649767.264 INFO: 802.11 Wi-Fi device 6A:B8:C2:B2:AE:59 advertising a new cloaked SSID
1790649767.265 INFO: Detected new 802.11 Wi-Fi access point 00:B8:C2:B2:AE:58
1790649767.265 INFO: 802.11 Wi-Fi device 00:B8:C2:B2:AE:58 advertising new SSID 'Mor'
1790649767.416 INFO: Detected new BTLE device 59:BE:C6:2D:94:4A
1790649767.698 INFO: esp32c5-ttyACM1 capturing (wifi)
1790649767.712 INFO: Detected new 802.11 Wi-Fi access point CA:C9:A3:4D:96:E7
1790649767.717 INFO: 802.11 Wi-Fi device CA:C9:A3:4D:96:E7 advertising new SSID 'ESP-4D96E7'
1790649767.717 INFO: Detected new 802.11 Wi-Fi device A8:DB:03:42:DE:68
1790649767.719 INFO: Detected new 802.11 Wi-Fi access point 46:AE:30:84:36:22
1790649767.719 INFO: 802.11 Wi-Fi device 46:AE:30:84:36:22 advertising a new cloaked SSID
1790649767.720 INFO: Detected new 802.11 Wi-Fi access point 40:AE:30:84:36:22
1790649767.720 INFO: 802.11 Wi-Fi device 40:AE:30:84:36:22 advertising new SSID 'cohen42'
1790649767.721 INFO: Detected new 802.11 Wi-Fi access point 46:AE:30:84:34:B6
1790649767.722 INFO: 802.11 Wi-Fi device 46:AE:30:84:34:B6 advertising a new cloaked SSID
1790649768.202 INFO: Detected new 802.11 Wi-Fi device 24:9E:7D:38:9F:74
1790649768.417 INFO: Detected new BTLE device F5:08:46:CC:1E:B0
1790649768.428 INFO: Detected new BTLE device EB:3C:77:F7:6D:4A
1790649768.773 INFO: Detected new 802.11 Wi-Fi access point 80:AF:CA:75:C2:23
1790649768.773 INFO: 802.11 Wi-Fi device 80:AF:CA:75:C2:23 advertising new SSID 'Cudy-C223'
1790649768.773 INFO: Detected new 802.11 Wi-Fi device E4:AA:EC:69:CA:C6
1790649768.781 INFO: Detected new 802.11 Wi-Fi device 74:F8:DB:5D:D0:61
1790649768.785 INFO: Detected new 802.11 Wi-Fi access point D0:CF:0E:85:DC:54
1790649768.785 INFO: 802.11 Wi-Fi device D0:CF:0E:85:DC:54 advertising new SSID 'Kobi'
1790649769.302 INFO: Detected new 802.11 Wi-Fi access point AA:D8:A4:1D:31:37
1790649769.307 INFO: 802.11 Wi-Fi device AA:D8:A4:1D:31:37 advertising new SSID 'Michal'
1790649769.327 INFO: Detected new 802.11 Wi-Fi access point D2:D8:A4:DB:5E:A6
1790649769.328 INFO: 802.11 Wi-Fi device D2:D8:A4:DB:5E:A6 advertising a new cloaked SSID
1790649769.344 INFO: Detected new 802.11 Wi-Fi access point D2:D8:A4:DB:5E:A5
1790649769.344 INFO: 802.11 Wi-Fi device D2:D8:A4:DB:5E:A5 advertising new SSID 'Dayan'
1790649769.344 INFO: Detected new 802.11 Wi-Fi device 40:AE:30:84:34:B7
1790649769.344 INFO: Detected new 802.11 Wi-Fi device B0:1F:47:17:AF:4A
1790649769.362 INFO: Detected new 802.11 Wi-Fi access point 46:AE:30:84:34:B7
1790649769.362 INFO: 802.11 Wi-Fi device 46:AE:30:84:34:B7 advertising a new cloaked SSID
1790649769.362 INFO: 802.11 Wi-Fi device 40:AE:30:84:34:B7 advertising new SSID 'cohen42'
1790649769.362 INFO: Detected new 802.11 Wi-Fi access point AA:D8:A4:1D:31:38
1790649769.362 INFO: 802.11 Wi-Fi device AA:D8:A4:1D:31:38 advertising a new cloaked SSID
1790649769.701 INFO: 802.11 Wi-Fi device 80:AF:CA:75:C2:23 advertising new SSID 'Cudy-C223'
1790649769.706 INFO: Detected new 802.11 Wi-Fi access point 82:AF:CA:25:C2:23
1790649769.708 INFO: 802.11 Wi-Fi device 82:AF:CA:25:C2:23 advertising a new cloaked SSID
1790649770.408 INFO: Detected new BTLE device 61:0D:0C:A0:C4:F6
1790649770.609 INFO: Detected new 802.11 Wi-Fi device 4C:2E:5E:D5:FE:E9
1790649771.104 INFO: Detected new 802.11 Wi-Fi access point 82:AF:CA:85:C2:23
1790649771.105 INFO: 802.11 Wi-Fi device 82:AF:CA:85:C2:23 advertising a new cloaked SSID
1790649771.106 INFO: Detected new 802.11 Wi-Fi access point 82:AF:CA:65:C2:23
1790649771.106 INFO: 802.11 Wi-Fi device 82:AF:CA:65:C2:23 advertising new SSID 'Cudy-C223-5G'
1790649771.113 INFO: Detected new 802.11 Wi-Fi device FC:F5:C4:BE:0B:A5
1790649771.615 INFO: Detected new 802.11 Wi-Fi device D8:D8:E5:B0:E8:E6
1790649771.914 INFO: Detected new BTLE device D0:53:F0:20:E4:63
1790649772.614 INFO: Detected new 802.11 Wi-Fi access point B0:92:4A:F1:E3:95
1790649772.614 INFO: 802.11 Wi-Fi device B0:92:4A:F1:E3:95 advertising new SSID 'Avitan'
1790649772.623 INFO: Detected new 802.11 Wi-Fi access point 88:C3:97:F8:DE:CC
1790649772.623 INFO: 802.11 Wi-Fi device 88:C3:97:F8:DE:CC advertising new SSID 'Home-WiFi'
1790649772.631 INFO: Detected new 802.11 Wi-Fi access point 58:FC:20:1B:D9:D0
1790649772.631 INFO: 802.11 Wi-Fi device 58:FC:20:1B:D9:D0 advertising new SSID 'Sivan'
1790649772.632 INFO: Detected new 802.11 Wi-Fi access point C8:70:23:D1:26:A3
1790649772.633 INFO: 802.11 Wi-Fi device C8:70:23:D1:26:A3 advertising new SSID 'Sivan'
1790649772.688 INFO: Detected new 802.11 Wi-Fi access point A8:42:A1:B2:27:77
1790649772.688 INFO: 802.11 Wi-Fi device A8:42:A1:B2:27:77 advertising new SSID 'sudri_fm'
1790649772.688 INFO: Detected new 802.11 Wi-Fi device 8A:F8:CC:EE:87:D1
1790649772.688 INFO: Detected new 802.11 Wi-Fi device 92:F8:CC:EE:87:D9
1790649772.698 INFO: Detected new 802.11 Wi-Fi access point 62:D5:ED:42:0F:E2
1790649772.698 INFO: 802.11 Wi-Fi device 62:D5:ED:42:0F:E2 advertising a new cloaked SSID
1790649772.703 INFO: Detected new 802.11 Wi-Fi device 1C:F4:3F:57:42:AC
1790649772.708 INFO: Detected new 802.11 Wi-Fi access point FA:8F:CA:6C:D1:65
1790649772.708 INFO: 802.11 Wi-Fi device FA:8F:CA:6C:D1:65 advertising new SSID 'JBL Bar 5.1_0891.l025'
1790649772.709 INFO: 802.11 Wi-Fi device 8A:F8:CC:EE:87:D1 advertising new SSID 'Alon'
1790649772.709 INFO: Detected new 802.11 Wi-Fi access point 1C:57:3E:97:75:73
1790649772.709 INFO: 802.11 Wi-Fi device 1C:57:3E:97:75:73 advertising new SSID 'Sivan'
1790649772.709 INFO: Detected new 802.11 Wi-Fi access point 8E:C3:97:F8:DE:CC
1790649772.709 INFO: 802.11 Wi-Fi device 8E:C3:97:F8:DE:CC advertising a new cloaked SSID
1790649772.709 INFO: Detected new 802.11 Wi-Fi access point 8A:F8:CC:EE:87:D2
1790649772.709 INFO: 802.11 Wi-Fi device 8A:F8:CC:EE:87:D2 advertising a new cloaked SSID
1790649773.110 INFO: Detected new 802.11 Wi-Fi device 1C:4D:89:65:18:2A
1790649773.112 INFO: Detected new 802.11 Wi-Fi device FC:F5:C4:BD:9B:CD
1790649773.712 INFO: Detected new 802.11 Wi-Fi device D4:E8:53:00:37:6A
1790649773.712 INFO: 802.11 Wi-Fi device CA:C9:A3:4D:96:E7 advertising new SSID 'ESP-4D96E7'
1790649773.715 INFO: Detected new 802.11 Wi-Fi device 00:0A:F5:D5:4C:13
1790649773.716 INFO: Detected new 802.11 Wi-Fi device 58:FC:20:1B:D9:CF
1790649776.010 INFO: Detected new 802.11 Wi-Fi device 2C:E0:32:9D:BF:C5
1790649776.011 INFO: 802.11 Wi-Fi device 40:AE:30:84:36:22 advertising new SSID 'cohen42'
1790649776.508 INFO: Detected new 802.11 Wi-Fi device 70:F7:54:55:CB:00
1790649777.004 INFO: Detected new 802.11 Wi-Fi device D0:CF:0E:85:DC:57
1790649777.505 INFO: Detected new 802.11 Wi-Fi device 94:83:C4:25:9E:39
1790649777.507 INFO: Detected new 802.11 Wi-Fi device D8:D8:E5:CC:28:6B
1790649777.508 INFO: Detected new 802.11 Wi-Fi access point AA:D8:A4:1D:31:39
1790649777.509 INFO: 802.11 Wi-Fi device AA:D8:A4:1D:31:39 advertising new SSID 'Michal_SH'
1790649778.005 INFO: Detected new 802.11 Wi-Fi device 00:B8:C2:B2:AE:4E
1790649778.006 INFO: Detected new 802.11 Wi-Fi device B0:1F:47:10:E2:62
1790649780.533 INFO: Detected new 802.11 Wi-Fi device E4:5F:01:49:99:3F
1790649780.533 INFO: Detected new 802.11 Wi-Fi device 42:A2:BA:65:29:F3
1790649781.006 INFO: Detected new 802.11 Wi-Fi device 62:D5:ED:42:0F:E1
1790649781.006 INFO: Detected new 802.11 Wi-Fi device 80:BE:AF:D7:03:8F
1790649781.508 INFO: Detected new 802.11 Wi-Fi device 20:15:DE:A1:04:FB
1790649783.511 INFO: Detected new 802.11 Wi-Fi device BC:D5:ED:44:17:8F
1790649783.512 INFO: 802.11 Wi-Fi device 26:39:F1:AB:05:B2 advertising new SSID 'osvc-2'
1790649783.513 INFO: 802.11 Wi-Fi device 40:AE:30:84:5A:16 advertising new SSID 'cohen42'
1790649786.007 INFO: Detected new 802.11 Wi-Fi device DC:07:F8:9F:12:D8
1790649787.009 INFO: Detected new 802.11 Wi-Fi device DE:85:21:5C:A3:AE
1790649787.511 INFO: Detected new 802.11 Wi-Fi device 38:1F:8D:B5:01:4D
1790649788.508 INFO: Detected new 802.11 Wi-Fi device 62:D8:A4:1D:31:36
1790649789.508 INFO: 802.11 Wi-Fi device 62:D5:ED:42:0F:E1 advertising new SSID 'MEIRAV'
1790649789.512 INFO: Detected new 802.11 Wi-Fi device B0:BB:E5:7F:F6:E7
1790649789.522 INFO: Detected new 802.11 Wi-Fi access point AA:42:A1:A2:27:77
1790649789.522 INFO: 802.11 Wi-Fi device AA:42:A1:A2:27:77 advertising a new cloaked SSID
1790649789.531 INFO: 802.11 Wi-Fi device 8A:F8:CC:EE:87:D1 advertising new SSID 'Alon'
1790649789.531 INFO: Detected new 802.11 Wi-Fi device 62:F1:03:0F:EC:B1
1790649789.538 INFO: Detected new 802.11 Wi-Fi device 44:15:24:45:CF:4F
1790649790.507 INFO: Detected new 802.11 Wi-Fi device AA:42:A1:05:68:CE
1790649790.508 INFO: Detected new 802.11 Wi-Fi device 44:15:24:51:2C:9F
1790649790.512 INFO: Detected new 802.11 Wi-Fi device 64:64:4A:BB:59:65
1790649790.512 INFO: Detected new 802.11 Wi-Fi device 78:DF:72:D3:BB:92
1790649792.011 INFO: Detected new 802.11 Wi-Fi device 04:03:12:27:F2:76
1790649794.523 INFO: Detected new 802.11 Wi-Fi access point F4:3C:3B:8F:C5:27
1790649794.523 INFO: 802.11 Wi-Fi device F4:3C:3B:8F:C5:27 advertising new SSID 'HAP_AHZHIB'
1790649795.024 INFO: 802.11 Wi-Fi device 00:B8:C2:B2:AE:57 advertising new SSID 'Mor'
1790649795.025 INFO: Detected new 802.11 Wi-Fi device F6:26:87:4E:51:F1
1790649795.026 INFO: Detected new 802.11 Wi-Fi device B0:1F:47:0D:E9:B8
1790649798.031 INFO: Detected new 802.11 Wi-Fi device 6A:5E:DB:6A:31:17
1790649798.037 INFO: Detected new 802.11 Wi-Fi device 36:37:70:BA:D3:B8
1790649798.043 INFO: Detected new 802.11 Wi-Fi device 16:B1:B3:04:36:EC
1790649798.050 INFO: Detected new 802.11 Wi-Fi device CC:B1:1A:E4:81:90
1790649798.058 INFO: Detected new 802.11 Wi-Fi device 64:FA:2B:51:40:62
1790649799.030 INFO: Detected new 802.11 Wi-Fi device 92:F8:CC:EE:87:DA
1790649799.529 INFO: Detected new 802.11 Wi-Fi device 40:AE:30:84:36:20
1790649800.006 INFO: 802.11 Wi-Fi device C8:70:23:73:DA:93 advertising new SSID 'cohen'
1790649803.542 INFO: Detected new 802.11 Wi-Fi access point 30:E1:71:F0:62:A4
1790649803.542 INFO: 802.11 Wi-Fi device 30:E1:71:F0:62:A4 advertising new SSID 'DIRECT-A3-HP DeskJet 4670 series'
1790649803.542 INFO: Detected new 802.11 Wi-Fi device 24:18:C6:E2:94:6C
1790649805.571 INFO: Detected new 802.11 Wi-Fi device 60:D8:A4:20:6E:F0
1790649806.542 INFO: 802.11 Wi-Fi device FA:8F:CA:6C:D1:65 advertising new SSID 'JBL Bar 5.1_0891.l025'
1790649807.528 INFO: Detected new 802.11 Wi-Fi device B0:4A:39:03:87:62
1790649809.525 INFO: Detected new 802.11 Wi-Fi device D2:62:E6:3C:F3:CD
1790649815.008 INFO: 802.11 Wi-Fi device B0:92:4A:F1:E3:95 advertising new SSID 'Avitan'
1790649815.008 INFO: Detected new 802.11 Wi-Fi device B0:92:4A:F1:EB:B4
1790649815.009 INFO: Detected new 802.11 Wi-Fi device 04:03:12:27:F0:66
1790649819.012 INFO: Detected new 802.11 Wi-Fi device 4A:78:9B:A3:A7:D6
1790649820.006 INFO: Detected new 802.11 Wi-Fi device 50:8A:06:B4:2F:49
1790649820.010 INFO: Detected new 802.11 Wi-Fi device 84:D0:DB:04:9C:78
1790649820.012 INFO: Detected new 802.11 Wi-Fi device 9E:93:6F:BA:9E:6B
1790649823.505 INFO: Detected new 802.11 Wi-Fi device 40:AE:30:84:5A:14
1790649825.509 INFO: Detected new 802.11 Wi-Fi device C8:70:23:5D:E1:B3
1790649826.023 INFO: 802.11 Wi-Fi device 00:B8:C2:B2:AE:58 advertising new SSID 'Mor'
1790649827.512 INFO: Detected new 802.11 Wi-Fi access point 44:15:24:42:94:C5
1790649827.512 INFO: Detected new 802.11 Wi-Fi device 0A:32:F7:16:0C:D5
1790649829.530 INFO: Detected new 802.11 Wi-Fi device 2C:E0:32:D1:17:B1
1790649830.513 INFO: Detected new 802.11 Wi-Fi device 60:D8:A4:DB:B2:8A
1790649831.510 INFO: Detected new 802.11 Wi-Fi device 48:3F:DA:2A:CB:EC
1790649835.015 INFO: Detected new 802.11 Wi-Fi device 40:AE:30:84:34:B4
1790649840.013 INFO: Detected new 802.11 Wi-Fi access point DA:D8:E5:C7:6A:14
1790649840.013 INFO: 802.11 Wi-Fi device DA:D8:E5:C7:6A:14 advertising new SSID 'Dayan'
1790649840.512 INFO: Detected new 802.11 Wi-Fi device 28:C7:09:5E:C8:D6
1790649841.012 INFO: Detected new 802.11 Wi-Fi device A8:42:A1:F5:68:CE
1790649841.013 INFO: Detected new 802.11 Wi-Fi device 4C:60:BA:54:25:60
1790649841.510 INFO: 802.11 Wi-Fi device 40:AE:30:84:34:B6 advertising new SSID 'cohen42'
1790649843.207 INFO: Detected new 802.11 Wi-Fi device AC:1C:26:64:4C:C3
1790649843.208 INFO: Detected new 802.11 Wi-Fi device E4:AA:EC:99:04:53
1790649843.713 INFO: Detected new 802.11 Wi-Fi device 04:03:12:C0:A3:8E
1790649845.709 INFO: Detected new 802.11 Wi-Fi device C8:70:23:73:DA:8F
1790649849.806 INFO: Detected new 802.11 Wi-Fi device 04:03:12:C0:A2:98
1790649855.908 INFO: Detected new 802.11 Wi-Fi device FC:3C:D7:86:91:71
1790649855.909 INFO: Detected new 802.11 Wi-Fi device 04:03:12:C0:A3:67
1790649857.016 INFO: Detected new 802.11 Wi-Fi access point 54:AF:97:C1:15:5E
1790649857.016 INFO: Detected new 802.11 Wi-Fi device AA:5A:CA:0D:B2:BC
1790649857.506 INFO: Detected new 802.11 Wi-Fi device D2:07:E0:F4:51:39
1790649857.512 INFO: Detected new 802.11 Wi-Fi device 5E:94:ED:90:36:5B
1790649857.514 INFO: 802.11 Wi-Fi device 58:FC:20:1B:D9:D0 advertising new SSID 'Sivan'
1790649858.008 INFO: Detected new 802.11 Wi-Fi device DA:D8:E5:B0:E8:EE
1790649860.026 INFO: Detected new 802.11 Wi-Fi device 0E:E4:B0:5F:40:BF
1790649860.042 INFO: Detected new 802.11 Wi-Fi device EE:06:19:9A:8C:51
1790649861.006 INFO: 802.11 Wi-Fi device 42:A2:BA:65:29:F3 advertising new SSID 'osvc-52'
1790649861.511 INFO: Detected new 802.11 Wi-Fi device D8:D8:E5:C7:AA:0B
1790649864.016 INFO: Detected new 802.11 Wi-Fi device AC:F4:2C:40:93:0A
1790649865.017 INFO: Detected new 802.11 Wi-Fi access point 8A:D8:E5:C7:6A:16
1790649865.017 INFO: 802.11 Wi-Fi device 8A:D8:E5:C7:6A:16 advertising new SSID 'Dayan_SH'
1790649865.019 INFO: Detected new 802.11 Wi-Fi access point 8A:D8:E5:C7:6A:15
1790649865.020 INFO: 802.11 Wi-Fi device 8A:D8:E5:C7:6A:15 advertising a new cloaked SSID
1790649865.020 INFO: 802.11 Wi-Fi device 62:D5:ED:42:0F:E1 advertising new SSID 'MEIRAV'
1790649868.523 INFO: Detected new 802.11 Wi-Fi device 9C:95:61:17:8E:1C
1790649868.526 INFO: Detected new 802.11 Wi-Fi device D8:78:7F:14:D0:70
1790649873.411 INFO: Detected new 802.11 Wi-Fi device 4A:BB:30:A5:EF:93
1790649873.423 INFO: Detected new 802.11 Wi-Fi device 66:5A:7E:70:48:02
1790649875.908 INFO: Detected new 802.11 Wi-Fi device 9A:12:F4:FF:58:FA
1790649875.936 INFO: Detected new 802.11 Wi-Fi access point 94:E3:6D:81:A3:FF
1790649875.937 INFO: 802.11 Wi-Fi device 94:E3:6D:81:A3:FF advertising new SSID 'ELRSSID81A3FF'
1790649878.503 INFO: Detected new 802.11 Wi-Fi device D8:D8:E5:A5:1B:BD
1790649880.012 INFO: Detected new 802.11 Wi-Fi device C0:C9:E3:E5:96:D6
1790649880.012 INFO: Detected new 802.11 Wi-Fi device 40:AC:BF:1B:33:91
1790649880.014 INFO: Detected new 802.11 Wi-Fi device DA:D8:E5:B0:E8:E6
1790649882.002 INFO: Detected new 802.11 Wi-Fi device DA:D8:E5:C7:6A:0C
1790649882.008 INFO: Detected new 802.11 Wi-Fi device D4:9C:DD:6E:24:2A
1790649882.018 INFO: Detected new 802.11 Wi-Fi device B4:E2:65:5F:BA:9F
1790649882.044 INFO: Detected new 802.11 Wi-Fi device 70:F7:54:61:20:A6
1790649882.044 INFO: Detected new 802.11 Wi-Fi device 70:7D:A1:92:B5:74
1790649882.044 INFO: Detected new 802.11 Wi-Fi device B4:E2:65:29:E6:53
1790649882.046 INFO: Detected new 802.11 Wi-Fi device 60:D8:A4:DB:9E:9B
1790649893.763 INFO: Detected new 802.11 Wi-Fi device DA:C9:06:48:93:A5
1790649900.536 INFO: Detected new BTLE device D1:24:CE:B5:1B:4A
1790649903.508 INFO: Detected new 802.11 Wi-Fi device 60:D8:A4:1D:51:35
1790649904.016 INFO: Detected new BTLE device F8:58:57:CA:62:81
1790649908.035 INFO: Detected new 802.11 Wi-Fi device 96:C7:EE:6C:AF:38
1790649908.060 INFO: Detected new 802.11 Wi-Fi device 76:79:19:CF:CE:CE
1790649916.510 INFO: Detected new 802.11 Wi-Fi device 36:D1:92:DC:B7:AA
1790649918.007 INFO: Detected new 802.11 Wi-Fi device 64:FA:2B:10:EC:AF
1790649921.008 INFO: Detected new 802.11 Wi-Fi device D8:78:7F:14:D0:6F
1790649924.023 INFO: Detected new 802.11 Wi-Fi device 16:EB:D3:54:DE:DC
1790649924.039 INFO: Detected new 802.11 Wi-Fi device 9C:24:72:8F:A0:9B
1790649924.057 INFO: Detected new 802.11 Wi-Fi device 22:E4:AA:F9:82:CC
1790649926.037 INFO: Detected new 802.11 Wi-Fi device 76:AE:CE:8B:5A:B6
1790649926.037 INFO: Detected new 802.11 Wi-Fi device 94:B3:F7:20:2E:8D
1790649926.037 INFO: Detected new 802.11 Wi-Fi device 74:FE:CE:8B:5A:C8
1790649927.024 INFO: Detected new 802.11 Wi-Fi device 00:B8:C2:29:C2:54
1790649927.024 INFO: Detected new 802.11 Wi-Fi device 00:AE:F7:18:A2:2B
1790649927.024 INFO: Detected new 802.11 Wi-Fi device 00:B8:C2:29:C2:53
1790649928.014 INFO: 802.11 Wi-Fi device 42:A2:BA:65:29:F3 advertising new SSID 'osvc-52'
1790649929.014 INFO: Detected new 802.11 Wi-Fi device 68:25:DD:58:F4:9B
1790649933.536 INFO: Detected new 802.11 Wi-Fi access point F4:30:B9:22:85:00
1790649933.537 INFO: 802.11 Wi-Fi device F4:30:B9:22:85:00 advertising new SSID 'DIRECT-FF-HP DeskJet 4670 series'
1790649933.538 INFO: Detected new 802.11 Wi-Fi device 12:DA:C9:A1:B6:5B
1790649934.511 INFO: Detected new 802.11 Wi-Fi device 78:DF:72:44:14:1D
1790649942.025 INFO: Detected new 802.11 Wi-Fi device 12:7D:2A:B8:CE:C8
1790649943.013 INFO: Detected new 802.11 Wi-Fi device C8:70:23:D1:26:9F
1790649950.010 INFO: Detected new 802.11 Wi-Fi device 6E:74:AC:27:0B:66
1790649954.025 INFO: 802.11 Wi-Fi device F4:3C:3B:8F:C5:27 advertising new SSID 'HAP_AHZHIB'
1790649954.025 INFO: Detected new 802.11 Wi-Fi device F4:91:1E:48:5B:A9
1790649956.032 INFO: Detected new 802.11 Wi-Fi device 84:D6:C5:8D:37:A4
1790649957.530 INFO: Detected new 802.11 Wi-Fi device 44:DF:65:2C:1A:3B
1790649958.032 INFO: Detected new 802.11 Wi-Fi device 2C:D8:AE:31:59:25
1790649963.016 INFO: 802.11 Wi-Fi device D0:CF:0E:85:DC:54 advertising new SSID 'Kobi'
1790649966.017 INFO: Detected new 802.11 Wi-Fi access point 8A:15:24:76:AE:61
1790649966.017 INFO: Detected new 802.11 Wi-Fi device F8:4F:AD:A6:10:1D
1790649968.516 INFO: Detected new 802.11 Wi-Fi device 04:03:12:C0:A3:85
1790649974.524 INFO: Detected new 802.11 Wi-Fi device 70:F7:54:4B:FB:16
1790649982.935 INFO: Detected new 802.11 Wi-Fi device B4:61:E9:05:A3:BE
1790649983.433 INFO: Detected new 802.11 Wi-Fi device 38:E1:F4:E7:5F:35
1790649983.433 INFO: Detected new 802.11 Wi-Fi device 80:64:7C:98:79:B0
1790649983.433 INFO: Detected new 802.11 Wi-Fi device 38:E1:F4:E7:5F:32
1790649991.502 INFO: 802.11 Wi-Fi device 1C:57:3E:97:75:73 advertising new SSID 'Sivan'
1790649991.512 INFO: Detected new 802.11 Wi-Fi device 6A:D5:ED:42:0F:E9
1790649991.516 INFO: Detected new 802.11 Wi-Fi device B2:DB:1A:FA:68:77
1790649993.514 INFO: 802.11 Wi-Fi device 20:F1:B2:B9:E5:33 advertising new SSID 'SmartLife-E533'
1790649993.515 INFO: Detected new 802.11 Wi-Fi device FE:4C:FF:8A:39:D0
1790649994.515 INFO: 802.11 Wi-Fi device B0:1F:47:0D:E9:B9 advertising new SSID 'Mor'
1790650002.991 
1790650002.991 *** KISMET IS SHUTTING DOWN ***
1790650002.993 Shutting down plugins...
1790650002.993 WARNING: Kismet changes the configuration of network devices.
1790650002.993          In most cases you will need to restart networking for
1790650002.993          your interface (varies per distribution and OS), but 
1790650002.993          typically one of:
1790650002.993          sudo service networking restart
1790650002.993          sudo /etc/init.d/networking restart
1790650002.993          or
1790650002.993          nmcli device set [device] managed true
1790650002.993 
1790650002.993 Kismet exiting.
1790650002.994 EXITING: Signal service thread complete.
