1790650362.938 INFO: Including sub-config file: /home/osh/kismet-install/etc/kismet_httpd.conf
1790650362.938 INFO: Including sub-config file: /home/osh/kismet-install/etc/kismet_memory.conf
1790650362.938 INFO: Including sub-config file: /home/osh/kismet-install/etc/kismet_alerts.conf
1790650362.938 INFO: Including sub-config file: /home/osh/kismet-install/etc/kismet_80211.conf
1790650362.938 INFO: Including sub-config file: /home/osh/kismet-install/etc/kismet_logging.conf
1790650362.938 INFO: Including sub-config file: /home/osh/kismet-install/etc/kismet_filter.conf
1790650362.938 INFO: Including sub-config file: /home/osh/kismet-install/etc/kismet_uav.conf
1790650362.938 INFO: Loading config override file '/home/osh/kismet-install/etc/kismet_package.conf'
1790650362.938 INFO: Optional sub-config file not present: /home/osh/kismet-install/etc/kismet_package.conf
1790650362.938 INFO: Loading config override file '/home/osh/kismet-install/etc/kismet_site.conf'
1790650362.938 INFO: Optional sub-config file not present: /home/osh/kismet-install/etc/kismet_site.conf
1790650362.938 INFO: Generated server UUID D77EB404-BBB0-11F1-9A8D-4B49534D4554 and storing in /tmp/hw2/gcrash/.kismet//kismet_server_id.conf
1790650362.938 INFO: Setting server UUID D77EB404-BBB0-11F1-9A8D-4B49534D4554
1790650362.938 INFO: Starting Beast webserver on 0.0.0.0:2501
1790650362.938 INFO: Opened OUI file '/home/osh/kismet-install/share/kismet/kismet_manuf.txt.gz
1790650362.938 INFO: Indexing manufacturer db
1790650362.940 INFO: Completed indexing manufacturer db, 38959 lines and 780 indexes.
1790650362.947 INFO: Saving devices to the Kismet database log every 30 seconds
1790650362.952 INFO: Using default rates of 10/min, 1/sec for alert 'DEVICEFOUND'
1790650362.952 INFO: Using default rates of 10/min, 1/sec for alert 'DEVICELOST'
1790650362.952 INFO: Registering support for DLT_PPI packet header decoding
1790650362.952 INFO: Registering support for DLT_RADIOTAP packet header decoding
1790650362.952 INFO: Registering support for DLT_BTLE_RADIO packet header decoding
1790650362.956 INFO: Using default rates of 10/min, 1/sec for alert 'BADFIXLENIE'
1790650362.956 INFO: PHY80211 will only process AP signal levels from beacons
1790650362.956 INFO: Allowing Kismet clients to view WEP keys
1790650362.957 DEBUG: ssid canary FooCanary:ssid="FoobarCanary"
1790650362.957 DEBUG: ssid canary FooCanart2:ssid="(?i:foobarcanary)"
1790650362.957 INFO: Keeping EAPOL packets in memory for easy download and WIDS functionality; this can use more RAM.
1790650362.959 INFO: Registered PHY handler 'IEEE802.11' as ID 0
1790650362.961 INFO: Registered PHY handler 'RFSENSOR' as ID 1
1790650362.962 INFO: Registered PHY handler 'Z-Wave' as ID 2
1790650362.963 INFO: Registered PHY handler 'Bluetooth' as ID 3
1790650362.963 DEBUG: reserve_fields home id 538 app id 539
1790650362.966 INFO: Registered PHY handler 'UAV' as ID 4
1790650362.967 INFO: Registered PHY handler 'NrfMousejack' as ID 5
1790650362.967 ERROR: Tried to re-register duplicate alert FLIPPERZERO
1790650362.968 INFO: Registered PHY handler 'BTLE' as ID 6
1790650362.969 INFO: Registered PHY handler 'METER' as ID 7
1790650362.969 INFO: Indexing ADSB ICAO db
1790650363.230 INFO: Completed indexing ADSB ICAO db, 341068 lines 6822 indexes
1790650363.232 INFO: Registered PHY handler 'ADSB' as ID 8
1790650363.234 INFO: Registered PHY handler '802.15.4' as ID 9
1790650363.234 INFO: Registered PHY handler 'RADIATION' as ID 10
1790650363.240 INFO: (HTTPD) Could not read session data file, skipping loading saved sessions.
1790650363.240 INFO: Serving static file content from /home/osh/kismet-install/share/kismet/httpd/
1790650363.241 INFO: Enabling channel hopping by default on sources which support channel control.
1790650363.241 INFO: Setting default channel hop rate to 5/sec
1790650363.241 INFO: Enabling channel list splitting on sources which share the same list of channels
1790650363.241 INFO: Enabling channel list shuffling to optimize overlaps
1790650363.241 INFO: Sources will be re-opened if they encounter an error
1790650363.241 INFO: Saving datasources to the Kismet database log every 30 seconds
1790650363.241 INFO: Launching remote capture server on 127.0.0.1 3501
1790650363.244 INFO: Data sources passed on the command line (via -c source), ignoring source= definitions in the Kismet config file.
1790650363.245 INFO: Probing interface 'esp32c5-ttyACM0' to find datasource type
1790650363.246 ALERT: LOGDISABLED Logging has been disabled via the Kismet config files or the command line.  Pcap, database, and related logs will not be saved.
1790650363.246 INFO: Logging disabled, not enabling any log drivers.
1790650363.246 INFO: GPS track will be logged to the Kismet logfile
1790650363.247 INFO: Starting Kismet web server...
1790650363.248 INFO: HTTP server listening on 0.0.0.0:2501
1790650363.250 INFO: Could not open system plugin directory (/home/osh/kismet-install/lib/kismet/), skipping: No such file or directory
1790650363.250 INFO: Did not find a user plugin directory (/tmp/hw2/gcrash/.kismet//plugins/), skipping: No such file or directory
1790650363.345 interface: esp32c5-ttyACM0
1790650363.352 INFO: Found type 'esp32c5' for 'esp32c5-ttyACM0:name=wA'
1790650363.370 INFO: Data source 'esp32c5-ttyACM0:name=wA' launched successfully
1790650364.370 INFO: wA capturing (wifi)
1790650364.879 INFO: Detected new 802.11 Wi-Fi access point 00:B8:C2:B2:AE:57
1790650364.880 INFO: Detected new 802.11 Wi-Fi device 70:F7:54:55:CB:00
1790650364.880 INFO: Detected new 802.11 Wi-Fi device 00:B8:C2:B2:AE:58
1790650365.875 INFO: Detected new 802.11 Wi-Fi access point C8:70:23:D1:26:A3
1790650365.875 INFO: 802.11 Wi-Fi device C8:70:23:D1:26:A3 advertising new SSID 'Sivan'
1790650365.876 INFO: 802.11 Wi-Fi device 00:B8:C2:B2:AE:57 advertising new SSID 'Mor'
1790650366.377 INFO: Detected new 802.11 Wi-Fi access point F4:5E:AB:98:45:A6
1790650366.378 INFO: 802.11 Wi-Fi device F4:5E:AB:98:45:A6 advertising new SSID 'WiFiER9845a6'
1790650366.401 INFO: Detected new 802.11 Wi-Fi access point 26:39:F1:AB:05:B2
1790650366.401 INFO: 802.11 Wi-Fi device 26:39:F1:AB:05:B2 advertising new SSID 'osvc-2'
1790650366.401 INFO: Detected new 802.11 Wi-Fi access point C8:70:23:73:DA:93
1790650366.401 INFO: 802.11 Wi-Fi device C8:70:23:73:DA:93 advertising new SSID 'cohen'
1790650366.413 INFO: Detected new 802.11 Wi-Fi access point 40:AE:30:84:34:B6
1790650366.413 INFO: 802.11 Wi-Fi device 40:AE:30:84:34:B6 advertising new SSID 'cohen42'
1790650366.416 INFO: Detected new 802.11 Wi-Fi access point 46:AE:30:84:5A:16
1790650366.416 INFO: 802.11 Wi-Fi device 46:AE:30:84:5A:16 advertising a new cloaked SSID
1790650366.416 INFO: Detected new 802.11 Wi-Fi access point 40:AE:30:84:5A:16
1790650366.416 INFO: 802.11 Wi-Fi device 40:AE:30:84:5A:16 advertising new SSID 'cohen42'
1790650366.431 INFO: Detected new 802.11 Wi-Fi access point A4:86:DB:85:0D:22
1790650366.432 INFO: 802.11 Wi-Fi device A4:86:DB:85:0D:22 advertising new SSID 'NVRa486db850d22'
1790650366.454 INFO: Detected new 802.11 Wi-Fi access point 94:E3:6D:81:A3:FF
1790650366.455 INFO: 802.11 Wi-Fi device 94:E3:6D:81:A3:FF advertising new SSID 'ELRSSID81A3FF'
1790650366.875 INFO: 802.11 Wi-Fi device 00:B8:C2:B2:AE:58 advertising new SSID 'Mor'
1790650366.897 INFO: Detected new 802.11 Wi-Fi access point 6A:B8:C2:B2:AE:59
1790650366.898 INFO: 802.11 Wi-Fi device 6A:B8:C2:B2:AE:59 advertising a new cloaked SSID
1790650368.086 INFO: Source 'wA' (E5C50001-0000-0000-0000-10BDA3CF0540) setting channel 48
1790650368.408 INFO: Detected new 802.11 Wi-Fi access point 42:A2:BA:65:29:F3
1790650368.408 INFO: 802.11 Wi-Fi device 42:A2:BA:65:29:F3 advertising new SSID 'osvc-52'
1790650368.410 INFO: Detected new 802.11 Wi-Fi device 4A:78:9B:A3:A7:D6
1790650368.417 INFO: Detected new 802.11 Wi-Fi device E4:5F:01:49:99:3F
1790650368.423 INFO: Detected new 802.11 Wi-Fi device 24:9E:7D:38:9F:74
1790650368.906 INFO: Detected new 802.11 Wi-Fi device 00:B8:C2:B2:AE:4E
1790650369.407 INFO: Detected new 802.11 Wi-Fi device 94:83:C4:25:9E:39
1790650369.409 INFO: Detected new 802.11 Wi-Fi device B0:1F:47:10:E2:62
1790650369.417 INFO: Detected new 802.11 Wi-Fi device B0:1F:47:0D:E9:B8
1790650369.906 INFO: Detected new 802.11 Wi-Fi device EE:06:19:9A:8C:51
1790650370.406 INFO: 802.11 Wi-Fi device 00:B8:C2:B2:AE:58 advertising new SSID 'Mor'
1790650370.913 INFO: Detected new 802.11 Wi-Fi device 2C:E0:32:9D:BF:C5
1790650371.151 ERROR: Data source 'wA / esp32c5-ttyACM0:name=wA' ('esp32c5-ttyACM0') encountered an error: IPC connection closed
1790650371.151 ALERT: SOURCEERROR Source wA (E5C50001-0000-0000-0000-10BDA3CF0540) has encountered an error (IPC connection closed) Kismet will attempt to re-open the source in 5 seconds.  (1 failures)
1790650371.151 ERROR: Source wA (E5C50001-0000-0000-0000-10BDA3CF0540) has encountered an error (IPC connection closed) Kismet will attempt to re-open the source in 5 seconds.  (1 failures)
1790650376.701 INFO: Attempting to re-open source wA
1790650376.727 ALERT: SOURCEOPEN Source wA (E5C50001-0000-0000-0000-10BDA3CF0540) successfully re-opened
1790650377.729 INFO: wA capturing (wifi)
1790650377.747 INFO: Detected new 802.11 Wi-Fi access point 20:F1:B2:B9:E5:33
1790650377.748 INFO: 802.11 Wi-Fi device 20:F1:B2:B9:E5:33 advertising new SSID 'SmartLife-E533'
1790650377.769 INFO: Detected new 802.11 Wi-Fi device FC:F5:C4:BD:9B:CD
1790650378.754 INFO: Detected new 802.11 Wi-Fi device 38:1F:8D:B5:01:4D
1790650378.768 INFO: Detected new 802.11 Wi-Fi device A8:DB:03:42:DE:68
1790650378.773 INFO: Detected new 802.11 Wi-Fi device FC:F5:C4:BE:0B:A5
1790650379.256 INFO: Detected new 802.11 Wi-Fi device A6:9F:76:6D:54:67
1790650379.756 INFO: 802.11 Wi-Fi device 26:39:F1:AB:05:B2 advertising new SSID 'osvc-2'
1790650379.756 INFO: Detected new 802.11 Wi-Fi device 4C:2E:5E:D5:FE:E9
1790650379.799 INFO: Detected new 802.11 Wi-Fi device D8:78:7F:14:D0:70
1790650379.799 INFO: Detected new 802.11 Wi-Fi device AC:1C:26:64:4C:C3
1790650379.801 INFO: Detected new 802.11 Wi-Fi device C8:70:23:5D:E1:B3
1790650379.826 INFO: Detected new 802.11 Wi-Fi access point 82:AF:CA:25:C2:23
1790650379.830 INFO: 802.11 Wi-Fi device 82:AF:CA:25:C2:23 advertising a new cloaked SSID
1790650379.832 INFO: 802.11 Wi-Fi device C8:70:23:5D:E1:B3 advertising new SSID 'cohen'
1790650380.244 INFO: Detected new 802.11 Wi-Fi device D2:62:E6:3C:F3:CD
1790650380.734 INFO: 802.11 Wi-Fi device C8:70:23:73:DA:93 advertising new SSID 'cohen'
1790650381.242 INFO: Detected new 802.11 Wi-Fi device 84:D6:C5:8D:A7:08
1790650381.243 INFO: 802.11 Wi-Fi device F4:5E:AB:98:45:A6 advertising new SSID 'WiFiER9845a6'
1790650381.736 INFO: Detected new 802.11 Wi-Fi device B0:4A:39:03:87:62
1790650382.811 INFO: Detected new 802.11 Wi-Fi access point 80:AF:CA:75:C2:23
1790650382.811 INFO: 802.11 Wi-Fi device 80:AF:CA:75:C2:23 advertising new SSID 'Cudy-C223'
1790650383.804 INFO: Detected new 802.11 Wi-Fi device D8:78:7F:14:D0:6F
1790650384.308 INFO: Detected new 802.11 Wi-Fi device AC:15:18:77:9E:9C
1790650385.817 INFO: Detected new 802.11 Wi-Fi device F0:96:02:B0:B9:FE
1790650391.309 INFO: 802.11 Wi-Fi device 94:E3:6D:81:A3:FF advertising new SSID 'ELRSSID81A3FF'
1790650392.406 INFO: 802.11 Wi-Fi device C8:70:23:5D:E1:B3 advertising new SSID 'cohen'
1790650398.432 INFO: Detected new 802.11 Wi-Fi device 9C:95:61:17:8E:1C
1790650399.424 INFO: 802.11 Wi-Fi device 20:F1:B2:B9:E5:33 advertising new SSID 'SmartLife-E533'
1790650399.424 INFO: Detected new 802.11 Wi-Fi device 34:14:B5:BD:4C:7F
1790650404.908 INFO: Detected new 802.11 Wi-Fi device 84:D6:C5:8D:C7:15
1790650405.916 INFO: Detected new 802.11 Wi-Fi device 78:32:1B:D4:7E:02
1790650406.911 INFO: Detected new 802.11 Wi-Fi device B0:1F:81:39:8B:21
1790650409.409 INFO: Detected new 802.11 Wi-Fi device 00:0A:F5:DA:04:9F
1790650413.527 INFO: Detected new 802.11 Wi-Fi device AC:F4:2C:40:7C:CA
1790650414.025 INFO: Detected new 802.11 Wi-Fi device 64:FA:2B:10:EC:AF
1790650414.522 INFO: Detected new 802.11 Wi-Fi device 28:C6:3F:B3:9D:27
1790650415.021 INFO: Detected new 802.11 Wi-Fi device 9C:24:72:8F:A2:C0
1790650416.031 INFO: Detected new 802.11 Wi-Fi device 8E:A3:05:EA:EB:E4
1790650416.045 INFO: Detected new 802.11 Wi-Fi device 1E:B2:2D:E0:7F:B0
1790650418.508 INFO: Detected new 802.11 Wi-Fi device 80:AF:CA:F9:F7:3E
1790650423.019 INFO: Detected new 802.11 Wi-Fi device AE:F7:24:55:43:84
1790650424.022 INFO: Detected new 802.11 Wi-Fi device 12:A0:57:C3:2D:12
1790650427.016 INFO: Detected new 802.11 Wi-Fi device 9E:93:6F:BA:9E:6B
1790650428.013 INFO: Detected new 802.11 Wi-Fi device FA:B6:28:14:B3:90
1790650428.531 INFO: Detected new 802.11 Wi-Fi device 74:F8:DB:5D:D0:61
1790650429.521 INFO: Detected new 802.11 Wi-Fi device 16:A7:B2:BB:61:3D
1790650430.013 INFO: Detected new 802.11 Wi-Fi device 2A:2F:3D:9E:0D:4D
1790650435.512 INFO: Detected new 802.11 Wi-Fi device 78:72:64:41:E9:F6
1790650444.010 INFO: Detected new 802.11 Wi-Fi device 00:0A:F5:7F:C3:00
1790650447.541 INFO: Detected new 802.11 Wi-Fi access point DA:D8:E5:A1:C3:62
1790650447.541 INFO: Detected new 802.11 Wi-Fi device 44:27:45:E3:E2:CE
1790650450.012 INFO: Detected new 802.11 Wi-Fi device 60:3D:26:DA:AF:7D
1790650460.522 INFO: Detected new 802.11 Wi-Fi device A8:3B:76:05:A8:C7
1790650461.031 INFO: Detected new 802.11 Wi-Fi device 56:0F:49:33:2F:A8
1790650462.515 INFO: Detected new 802.11 Wi-Fi device C8:70:23:73:DA:8F
1790650464.209 INFO: Detected new 802.11 Wi-Fi device 12:67:4C:13:62:3E
1790650464.833 INFO: Closing source 'wA' (E5C50001-0000-0000-0000-10BDA3CF0540)
1790650466.414 INFO: Matching new remote source 'esp32c5-ttyACM0' with known source with UUID 'E5C50001-0000-0000-0000-10BDA3CF0540'
1790650466.430 INFO: Remote source wA (E5C50001-0000-0000-0000-10BDA3CF0540) reconnected
1790650466.431 INFO: wA - /dev/ttyACM0 opened
1790650467.424 INFO: wA - /dev/ttyACM0 capturing
1790650468.870 INFO: Detected new 802.11 Wi-Fi access point B0:1F:47:0D:E9:B9
1790650468.870 INFO: 802.11 Wi-Fi device B0:1F:47:0D:E9:B9 advertising new SSID 'Mor'
1790650468.927 INFO: Detected new 802.11 Wi-Fi access point CA:C9:A3:4D:96:E7
1790650468.932 INFO: 802.11 Wi-Fi device CA:C9:A3:4D:96:E7 advertising new SSID 'ESP-4D96E7'
1790650468.982 INFO: Detected new 802.11 Wi-Fi device AC:F4:2C:40:9C:B4
1790650469.012 INFO: Detected new 802.11 Wi-Fi device 8A:F8:CC:EE:87:D2
1790650469.012 INFO: Detected new 802.11 Wi-Fi device 1C:F4:3F:57:42:AC
1790650469.265 INFO: Detected new 802.11 Wi-Fi device 04:03:12:C0:A3:8E
1790650471.142 INFO: Detected new 802.11 Wi-Fi access point D0:CF:0E:85:DC:54
1790650471.143 INFO: 802.11 Wi-Fi device D0:CF:0E:85:DC:54 advertising new SSID 'Kobi'
1790650471.640 INFO: Detected new 802.11 Wi-Fi access point AA:D8:A4:1D:31:37
1790650471.647 INFO: 802.11 Wi-Fi device AA:D8:A4:1D:31:37 advertising new SSID 'Michal'
1790650471.670 INFO: Detected new 802.11 Wi-Fi access point 46:AE:30:84:34:B7
1790650471.675 INFO: 802.11 Wi-Fi device 46:AE:30:84:34:B7 advertising a new cloaked SSID
1790650471.705 INFO: Detected new 802.11 Wi-Fi access point D2:D8:A4:DB:5E:A5
1790650471.706 INFO: 802.11 Wi-Fi device D2:D8:A4:DB:5E:A5 advertising new SSID 'Dayan'
1790650471.707 INFO: Detected new 802.11 Wi-Fi access point D2:D8:A4:DB:5E:A6
1790650471.708 INFO: 802.11 Wi-Fi device D2:D8:A4:DB:5E:A6 advertising a new cloaked SSID
1790650471.720 INFO: Detected new 802.11 Wi-Fi access point 40:AE:30:84:34:B7
1790650471.721 INFO: 802.11 Wi-Fi device 40:AE:30:84:34:B7 advertising new SSID 'cohen42'
1790650471.722 INFO: Detected new 802.11 Wi-Fi device 40:AE:30:84:5A:14
1790650471.723 INFO: Detected new 802.11 Wi-Fi device 04:03:12:C0:A3:95
1790650473.429 INFO: Detected new 802.11 Wi-Fi access point 46:AE:30:84:36:22
1790650473.430 INFO: 802.11 Wi-Fi device 46:AE:30:84:36:22 advertising a new cloaked SSID
1790650473.699 INFO: Detected new 802.11 Wi-Fi access point 82:AF:CA:65:C2:23
1790650473.700 INFO: 802.11 Wi-Fi device 82:AF:CA:65:C2:23 advertising new SSID 'Cudy-C223-5G'
1790650473.742 INFO: 802.11 Wi-Fi device 82:AF:CA:65:C2:23 advertising new SSID 'Cudy-C223-5G'
1790650473.746 INFO: Detected new 802.11 Wi-Fi access point 82:AF:CA:85:C2:23
1790650473.747 INFO: 802.11 Wi-Fi device 82:AF:CA:85:C2:23 advertising a new cloaked SSID
1790650474.253 ERROR: Data source 'wA / esp32c5-ttyACM0:name=wA' ('esp32c5-ttyACM0') encountered an error: websocket connection closed
1790650523.781 
1790650523.781 *** KISMET IS SHUTTING DOWN ***
1790650523.781 Shutting down plugins...
1790650523.781 WARNING: Kismet changes the configuration of network devices.
1790650523.781          In most cases you will need to restart networking for
1790650523.781          your interface (varies per distribution and OS), but 
1790650523.781          typically one of:
1790650523.781          sudo service networking restart
1790650523.781          sudo /etc/init.d/networking restart
1790650523.781          or
1790650523.781          nmcli device set [device] managed true
1790650523.781 
1790650523.781 Kismet exiting.
1790650523.781 EXITING: Signal service thread complete.
1790650523.789 KISMET_EXIT=0
