1790650080.853 INFO: Including sub-config file: /tmp/hw2/etc-wrap/kismet_httpd.conf
1790650080.853 INFO: Including sub-config file: /tmp/hw2/etc-wrap/kismet_memory.conf
1790650080.853 INFO: Including sub-config file: /tmp/hw2/etc-wrap/kismet_alerts.conf
1790650080.853 INFO: Including sub-config file: /tmp/hw2/etc-wrap/kismet_80211.conf
1790650080.853 INFO: Including sub-config file: /tmp/hw2/etc-wrap/kismet_logging.conf
1790650080.853 INFO: Including sub-config file: /tmp/hw2/etc-wrap/kismet_filter.conf
1790650080.853 INFO: Including sub-config file: /tmp/hw2/etc-wrap/kismet_uav.conf
1790650080.853 INFO: Loading config override file '/tmp/hw2/etc-wrap/kismet_package.conf'
1790650080.853 INFO: Optional sub-config file not present: /tmp/hw2/etc-wrap/kismet_package.conf
1790650080.853 INFO: Loading config override file '/tmp/hw2/etc-wrap/kismet_site.conf'
1790650080.853 INFO: Loading optional sub-config file: /tmp/hw2/etc-wrap/kismet_site.conf
1790650080.853 INFO: Generated server UUID 2F5A6836-BBB0-11F1-8B96-4B49534D4554 and storing in /tmp/hw2/glock/.kismet//kismet_server_id.conf
1790650080.853 INFO: Setting server UUID 2F5A6836-BBB0-11F1-8B96-4B49534D4554
1790650080.853 INFO: Starting Beast webserver on 0.0.0.0:2501
1790650080.853 INFO: Opened OUI file '/home/osh/kismet-install/share/kismet/kismet_manuf.txt.gz
1790650080.853 INFO: Indexing manufacturer db
1790650080.858 INFO: Completed indexing manufacturer db, 38959 lines and 780 indexes.
1790650080.865 INFO: Saving devices to the Kismet database log every 30 seconds
1790650080.870 INFO: Using default rates of 10/min, 1/sec for alert 'DEVICEFOUND'
1790650080.871 INFO: Using default rates of 10/min, 1/sec for alert 'DEVICELOST'
1790650080.871 INFO: Registering support for DLT_PPI packet header decoding
1790650080.871 INFO: Registering support for DLT_RADIOTAP packet header decoding
1790650080.871 INFO: Registering support for DLT_BTLE_RADIO packet header decoding
1790650080.874 INFO: Using default rates of 10/min, 1/sec for alert 'BADFIXLENIE'
1790650080.874 INFO: PHY80211 will only process AP signal levels from beacons
1790650080.874 INFO: Allowing Kismet clients to view WEP keys
1790650080.875 DEBUG: ssid canary FooCanary:ssid="FoobarCanary"
1790650080.875 DEBUG: ssid canary FooCanart2:ssid="(?i:foobarcanary)"
1790650080.875 INFO: Keeping EAPOL packets in memory for easy download and WIDS functionality; this can use more RAM.
1790650080.878 INFO: Registered PHY handler 'IEEE802.11' as ID 0
1790650080.879 INFO: Registered PHY handler 'RFSENSOR' as ID 1
1790650080.880 INFO: Registered PHY handler 'Z-Wave' as ID 2
1790650080.882 INFO: Registered PHY handler 'Bluetooth' as ID 3
1790650080.882 DEBUG: reserve_fields home id 538 app id 539
1790650080.884 INFO: Registered PHY handler 'UAV' as ID 4
1790650080.885 INFO: Registered PHY handler 'NrfMousejack' as ID 5
1790650080.885 ERROR: Tried to re-register duplicate alert FLIPPERZERO
1790650080.886 INFO: Registered PHY handler 'BTLE' as ID 6
1790650080.887 INFO: Registered PHY handler 'METER' as ID 7
1790650080.888 INFO: Indexing ADSB ICAO db
1790650081.151 INFO: Completed indexing ADSB ICAO db, 341068 lines 6822 indexes
1790650081.153 INFO: Registered PHY handler 'ADSB' as ID 8
1790650081.154 INFO: Registered PHY handler '802.15.4' as ID 9
1790650081.155 INFO: Registered PHY handler 'RADIATION' as ID 10
1790650081.161 INFO: (HTTPD) Could not read session data file, skipping loading saved sessions.
1790650081.161 INFO: Serving static file content from /home/osh/kismet-install/share/kismet/httpd/
1790650081.162 INFO: Enabling channel hopping by default on sources which support channel control.
1790650081.162 INFO: Setting default channel hop rate to 5/sec
1790650081.162 INFO: Enabling channel list splitting on sources which share the same list of channels
1790650081.162 INFO: Enabling channel list shuffling to optimize overlaps
1790650081.162 INFO: Sources will be re-opened if they encounter an error
1790650081.162 INFO: Saving datasources to the Kismet database log every 30 seconds
1790650081.162 INFO: Launching remote capture server on 127.0.0.1 3501
1790650081.164 INFO: Data sources passed on the command line (via -c source), ignoring source= definitions in the Kismet config file.
1790650081.165 INFO: Probing interface 'esp32c5zigbee-ttyACM2' to find datasource type
1790650081.166 ALERT: LOGDISABLED Logging has been disabled via the Kismet config files or the command line.  Pcap, database, and related logs will not be saved.
1790650081.166 INFO: Logging disabled, not enabling any log drivers.
1790650081.166 INFO: GPS track will be logged to the Kismet logfile
1790650081.167 INFO: Starting Kismet web server...
1790650081.167 INFO: HTTP server listening on 0.0.0.0:2501
1790650081.169 INFO: Could not open system plugin directory (/home/osh/kismet-install/lib/kismet/), skipping: No such file or directory
1790650081.169 INFO: Did not find a user plugin directory (/tmp/hw2/glock/.kismet//plugins/), skipping: No such file or directory
1790650081.251 INFO: Probing interface 'esp32c5-ttyACM0' to find datasource type
1790650081.260 interface: esp32c5zigbee-ttyACM2
1790650081.330 INFO: Found type 'esp32c5' for 'esp32c5zigbee-ttyACM2:channel=20,channel_hop=false,name=zb20'
1790650081.359 INFO: Probing interface 'esp32c5btle-ttyACM1' to find datasource type
1790650081.369 interface: esp32c5-ttyACM0
1790650081.412 INFO: Data source 'esp32c5zigbee-ttyACM2:channel=20,channel_hop=false,name=zb20' launched successfully
1790650081.434 INFO: Found type 'esp32c5' for 'esp32c5-ttyACM0:channel=36,channel_hop=false,name=wifi36'
1790650081.489 interface: esp32c5btle-ttyACM1
1790650081.512 INFO: Data source 'esp32c5-ttyACM0:channel=36,channel_hop=false,name=wifi36' launched successfully
1790650081.520 INFO: Found type 'esp32c5' for 'esp32c5btle-ttyACM1:channel=38,name=btle38'
1790650081.556 INFO: Data source 'esp32c5btle-ttyACM1:channel=38,name=btle38' launched successfully
1790650082.405 INFO: zb20 capturing (zigbee)
1790650082.515 INFO: wifi36 capturing (wifi)
1790650083.019 INFO: Detected new 802.11 Wi-Fi access point 40:AE:30:84:34:B7
1790650083.020 INFO: 802.11 Wi-Fi device 40:AE:30:84:34:B7 advertising new SSID 'cohen42'
1790650083.024 INFO: Detected new 802.11 Wi-Fi device B0:1F:47:17:AF:4A
1790650083.033 INFO: Detected new 802.11 Wi-Fi device E4:5F:01:49:99:3F
1790650083.033 INFO: Detected new 802.11 Wi-Fi device 42:A2:BA:65:29:F3
1790650083.038 INFO: Detected new 802.11 Wi-Fi access point D2:D8:A4:DB:5E:A6
1790650083.041 INFO: 802.11 Wi-Fi device D2:D8:A4:DB:5E:A6 advertising a new cloaked SSID
1790650083.042 INFO: Detected new 802.11 Wi-Fi access point D2:D8:A4:DB:5E:A5
1790650083.043 INFO: 802.11 Wi-Fi device D2:D8:A4:DB:5E:A5 advertising new SSID 'Dayan'
1790650083.044 INFO: Detected new 802.11 Wi-Fi device 40:AE:30:84:5A:17
1790650083.049 INFO: Detected new 802.11 Wi-Fi access point 46:AE:30:84:34:B7
1790650083.053 INFO: 802.11 Wi-Fi device 46:AE:30:84:34:B7 advertising a new cloaked SSID
1790650083.063 INFO: btle38 capturing (btle)
1790650083.066 INFO: Detected new BTLE device 29:14:C8:1F:57:4B
1790650083.522 INFO: Detected new 802.11 Wi-Fi device DE:85:21:5C:A3:AE
1790650083.522 INFO: Detected new 802.11 Wi-Fi device 40:AE:30:84:5A:14
1790650083.523 INFO: Detected new 802.11 Wi-Fi device 46:AE:30:84:5A:17
1790650083.531 INFO: Detected new 802.11 Wi-Fi device 60:D8:A4:DB:9E:9B
1790650084.025 INFO: Detected new 802.11 Wi-Fi access point 00:B8:C2:B2:AE:57
1790650084.025 INFO: Detected new 802.11 Wi-Fi device 70:F7:54:55:CB:00
1790650084.025 INFO: Detected new 802.11 Wi-Fi device 00:B8:C2:B2:AE:58
1790650084.031 INFO: Detected new 802.11 Wi-Fi device 20:15:DE:A1:04:FB
1790650084.521 INFO: Detected new 802.11 Wi-Fi device D8:D8:E5:C7:AA:0B
1790650084.567 INFO: Detected new BTLE device F8:58:57:CA:62:81
1790650085.024 INFO: Detected new 802.11 Wi-Fi device 50:8A:06:B4:2F:49
1790650085.071 INFO: Detected new BTLE device D1:24:CE:B5:1B:4A
1790650085.098 INFO: Detected new BTLE device F5:08:46:CC:1E:B0
1790650085.524 INFO: Detected new 802.11 Wi-Fi device 60:3D:26:DA:AF:7D
1790650085.529 INFO: Detected new 802.11 Wi-Fi device DC:07:F8:9F:12:D8
1790650085.540 INFO: Detected new 802.11 Wi-Fi device A8:DB:03:42:DE:68
1790650085.574 INFO: Detected new BTLE device 61:0D:0C:A0:C4:F6
1790650086.518 INFO: Detected new 802.11 Wi-Fi device 1C:4D:89:65:18:2A
1790650087.605 INFO: Detected new BTLE device 50:E4:78:E1:39:44
1790650089.906 INFO: Detected new 802.15.4 device 00:01
1790650089.918 INFO: Detected new 802.15.4 device FF:FF
1790650091.510 INFO: Detected new 802.11 Wi-Fi device 04:03:12:27:F0:66
1790650092.513 INFO: Detected new 802.11 Wi-Fi device 08:54:11:00:55:F2
1790650092.513 INFO: Detected new 802.11 Wi-Fi device 04:03:12:C0:A3:67
1790650092.524 INFO: Detected new 802.11 Wi-Fi device 04:03:12:C0:A3:8E
1790650093.014 INFO: Detected new 802.11 Wi-Fi device 12:0C:A1:0C:D0:D4
1790650096.016 INFO: Detected new 802.11 Wi-Fi device 04:03:12:C0:A2:98
1790650096.515 INFO: Detected new 802.11 Wi-Fi device 04:03:12:27:F2:76
1790650096.713 INFO: Detected new BTLE device 00:4D:32:0F:D9:83
1790650097.109 INFO: Detected new 802.11 Wi-Fi device 4C:2E:5E:D5:FE:E9
1790650097.109 INFO: Detected new 802.11 Wi-Fi device 04:03:12:C0:A3:95
1790650097.613 INFO: Detected new 802.11 Wi-Fi device 10:C2:5A:CF:19:A3
1790650097.618 INFO: Detected new 802.11 Wi-Fi device 98:93:CC:AB:AD:67
1790650097.623 INFO: Detected new 802.11 Wi-Fi device F8:3B:1D:4C:A8:77
1790650097.624 INFO: Detected new 802.11 Wi-Fi device 98:93:CC:A9:5B:D9
1790650097.625 INFO: Detected new 802.11 Wi-Fi device 40:AE:30:84:5A:15
1790650098.109 INFO: Detected new 802.11 Wi-Fi device 04:03:12:C0:A3:85
1790650098.110 INFO: Detected new 802.11 Wi-Fi device 40:AE:30:84:34:B4
1790650098.612 INFO: Detected new 802.11 Wi-Fi device 68:25:DD:58:F4:9B
1790650099.611 INFO: Detected new 802.11 Wi-Fi device 04:03:12:C0:A3:70
1790650100.314 INFO: Detected new BTLE device 59:BE:C6:2D:94:4A
1790650100.610 INFO: Detected new 802.11 Wi-Fi device D8:D8:E5:CC:28:6B
1790650102.547 INFO: Detected new 802.11 Wi-Fi device 90:15:06:35:4F:84
1790650103.511 INFO: Detected new 802.11 Wi-Fi device 40:AE:30:84:36:20
1790650112.009 FATAL: Remote side closed read pipe
1790650112.017 FATAL: Remote side closed read pipe
1790650112.027 FATAL: Remote side closed read pipe
