devnums before set: 38:44:BE:BF:D8:0C=6 10:BD:A3:CF:05:40=9 38:44:BE:BF:C9:10=12 10:BD:A3:C8:7D:54=8 
1790657417.568 open /dev/ttyACM1
1790657419.131 MODE 802154 sent; boot marker seen: True
1790657419.197 open /dev/ttyACM2
1790657420.699 MODE WIFI sent; boot marker seen: True
1790657420.763 open /dev/ttyACM3
1790657422.264 MODE WIFI sent; boot marker seen: False
prior radio /dev/ttyACM0 linktype 127
prior radio /dev/ttyACM1 linktype 283
prior radio /dev/ttyACM2 linktype 127
prior radio /dev/ttyACM3 linktype 127
devnums before kismet: 38:44:BE:BF:D8:0C=6 10:BD:A3:CF:05:40=9 38:44:BE:BF:C9:10=12 10:BD:A3:C8:7D:54=8 
kismet up after 0.39 s pid 261820 home /tmp/hw2/n1
esp32c5-ttyACM0              run=1 err=0 rem=0 pkts=1466    ch=6    hop=1 rate=5 off=21 nch=42 pid=261893 uuid=E5C50001-0000-0000-0000-10BDA3CF0540 hw=Espressif USB-Serial-JTAG (10:BD:A3:CF:05:40) capif=esp32c5-ttyACM0 reason=
esp32c5-ttyACM1              run=1 err=0 rem=0 pkts=1336    ch=6    hop=1 rate=5 off=0 nch=42 pid=261915 uuid=E5C50001-0000-0000-0000-3844BEBFC910 hw=Espressif USB-Serial-JTAG (38:44:BE:BF:C9:10) capif=esp32c5-ttyACM1 reason=
esp32c5zigbee-ttyACM2        run=1 err=0 rem=0 pkts=0       ch=15   hop=1 rate=5 off=0 nch=16 pid=261950 uuid=E5C50002-0000-0000-0000-3844BEBFD80C hw=Espressif USB-Serial-JTAG (38:44:BE:BF:D8:0C) capif=esp32c5-ttyACM2 reason=
esp32c5btle-ttyACM3          run=0 err=1 rem=0 pkts=0       ch=37   hop=1 rate=5 off=0 nch=1 pid=263301 uuid=E5C50003-0000-0000-0000-10BDA3C87D54 hw=Espressif USB-Serial-JTAG (10:BD:A3:C8:7D:54) capif=esp32c5-ttyACM3 reason=IPC connection closed
{"IEEE802.11": 103}
--- log (t relative to kismet start)
  0.037 INFO: Generated server UUID 48FDB386-BBC1-11F1-B2F8-4B49534D4554 and storing in /tmp/hw2/n1/.kismet//kismet_server_id.conf
  0.037 INFO: Setting server UUID 48FDB386-BBC1-11F1-B2F8-4B49534D4554
  0.054 INFO: PHY80211 will only process AP signal levels from beacons
  0.055 DEBUG: ssid canary FooCanary:ssid="FoobarCanary"
  0.055 DEBUG: ssid canary FooCanart2:ssid="(?i:foobarcanary)"
  0.061 DEBUG: reserve_fields home id 538 app id 539
  0.065 ERROR: Tried to re-register duplicate alert FLIPPERZERO
  0.341 INFO: (HTTPD) Could not read session data file, skipping loading saved sessions.
  0.341 INFO: Serving static file content from /home/osh/kismet-install/share/kismet/httpd/
  0.342 INFO: Enabling channel hopping by default on sources which support channel control.
  0.342 INFO: Enabling channel list splitting on sources which share the same list of channels
  0.342 INFO: Sources will be re-opened if they encounter an error
  0.342 INFO: Saving datasources to the Kismet database log every 30 seconds
  0.345 INFO: Data sources passed on the command line (via -c source), ignoring source= definitions in the Kismet config file.
  0.345 INFO: Probing interface 'esp32c5-ttyACM0' to find datasource type
  0.449 INFO: Probing interface 'esp32c5-ttyACM1' to find datasource type
  0.457 interface: esp32c5-ttyACM0
  0.521 INFO: Found type 'esp32c5' for 'esp32c5-ttyACM0'
  0.562 INFO: Probing interface 'esp32c5zigbee-ttyACM2' to find datasource type
  0.576 interface: esp32c5-ttyACM1
  0.623 INFO: Found type 'esp32c5' for 'esp32c5-ttyACM1'
  0.683 INFO: Data source 'esp32c5-ttyACM0' launched successfully
  0.710 INFO: Probing interface 'esp32c5btle-ttyACM3' to find datasource type
  0.711 interface: esp32c5zigbee-ttyACM2
  0.724 INFO: Splitting channels for interfaces using 'esp32c5' among 2 interfaces
  0.725 INFO: Data source 'esp32c5-ttyACM1' launched successfully
  0.781 INFO: Found type 'esp32c5' for 'esp32c5zigbee-ttyACM2'
  0.847 interface: esp32c5btle-ttyACM3
  0.869 INFO: Found type 'esp32c5' for 'esp32c5btle-ttyACM3'
  0.873 INFO: Data source 'esp32c5zigbee-ttyACM2' launched successfully
  0.917 INFO: Data source 'esp32c5btle-ttyACM3' launched successfully
  1.732 INFO: esp32c5-ttyACM0 capturing (wifi)
  2.233 INFO: esp32c5-ttyACM1 capturing (wifi)
  2.374 INFO: esp32c5zigbee-ttyACM2 capturing (zigbee)
  2.419 INFO: esp32c5btle-ttyACM3: port closed, reconnecting
  2.741 INFO: Detected new 802.11 Wi-Fi access point 58:FC:20:1B:D9:D0
  2.742 INFO: 802.11 Wi-Fi device 58:FC:20:1B:D9:D0 advertising new SSID 'Sivan'
  2.746 INFO: Detected new 802.11 Wi-Fi access point C8:70:23:73:DA:93
  2.746 INFO: 802.11 Wi-Fi device C8:70:23:73:DA:93 advertising new SSID 'cohen'
  2.756 INFO: Detected new 802.11 Wi-Fi access point 94:E3:6D:81:A3:FF
  2.756 INFO: 802.11 Wi-Fi device 94:E3:6D:81:A3:FF advertising new SSID 'ELRSSID81A3FF'
  2.762 INFO: Detected new 802.11 Wi-Fi access point 26:39:F1:AB:05:B2
  2.762 INFO: 802.11 Wi-Fi device 26:39:F1:AB:05:B2 advertising new SSID 'osvc-2'
  2.764 INFO: Detected new 802.11 Wi-Fi access point 46:AE:30:84:34:B6
  2.768 INFO: 802.11 Wi-Fi device 46:AE:30:84:34:B6 advertising a new cloaked SSID
  2.772 INFO: Detected new 802.11 Wi-Fi device 46:AE:30:84:5A:16
  2.772 INFO: Detected new 802.11 Wi-Fi device 40:AE:30:84:5A:14
  2.773 INFO: Detected new 802.11 Wi-Fi access point 40:AE:30:84:34:B6
  2.773 INFO: 802.11 Wi-Fi device 40:AE:30:84:34:B6 advertising new SSID 'cohen42'
  2.774 INFO: 802.11 Wi-Fi device 46:AE:30:84:5A:16 advertising a new cloaked SSID
  2.774 INFO: Detected new 802.11 Wi-Fi access point 40:AE:30:84:5A:16
  2.775 INFO: 802.11 Wi-Fi device 40:AE:30:84:5A:16 advertising new SSID 'cohen42'
  3.244 INFO: Detected new 802.11 Wi-Fi access point CA:C9:A3:4D:96:E7
  3.251 INFO: 802.11 Wi-Fi device CA:C9:A3:4D:96:E7 advertising new SSID 'ESP-4D96E7'
  3.258 INFO: Detected new 802.11 Wi-Fi access point 00:B8:C2:B2:AE:57
  3.259 INFO: 802.11 Wi-Fi device 00:B8:C2:B2:AE:57 advertising new SSID 'Mor'
  3.266 INFO: Detected new 802.11 Wi-Fi access point 6A:B8:C2:B2:AE:59
  3.266 INFO: 802.11 Wi-Fi device 6A:B8:C2:B2:AE:59 advertising a new cloaked SSID
  3.267 INFO: Detected new 802.11 Wi-Fi access point 00:B8:C2:B2:AE:58
  3.267 INFO: 802.11 Wi-Fi device 00:B8:C2:B2:AE:58 advertising new SSID 'Mor'
  3.276 INFO: Detected new 802.11 Wi-Fi device 24:9E:7D:38:9F:74
  3.286 INFO: Detected new 802.11 Wi-Fi device EE:06:19:9A:8C:51
  3.304 INFO: Detected new 802.11 Wi-Fi access point B0:1F:47:0D:E9:B9
  3.304 INFO: 802.11 Wi-Fi device B0:1F:47:0D:E9:B9 advertising new SSID 'Mor'
  3.740 INFO: Detected new 802.11 Wi-Fi device 00:B8:C2:B2:AE:4E
  3.743 INFO: Detected new 802.11 Wi-Fi device FC:F5:C4:BD:9B:CD
  3.744 INFO: Detected new 802.11 Wi-Fi access point 40:AE:30:84:36:22
  3.745 INFO: 802.11 Wi-Fi device 40:AE:30:84:36:22 advertising new SSID 'cohen42'
  3.753 INFO: Detected new 802.11 Wi-Fi device 68:25:DD:58:F4:9B
  4.738 INFO: Detected new 802.11 Wi-Fi device FC:F5:C4:BE:0B:A5
  4.739 INFO: Detected new 802.11 Wi-Fi access point 80:AF:CA:75:C2:23
  4.740 INFO: 802.11 Wi-Fi device 80:AF:CA:75:C2:23 advertising new SSID 'Cudy-C223'
  4.743 INFO: Detected new 802.11 Wi-Fi access point D0:CF:0E:85:DC:54
  4.744 INFO: 802.11 Wi-Fi device D0:CF:0E:85:DC:54 advertising new SSID 'Kobi'
  5.244 INFO: Detected new 802.11 Wi-Fi access point 30:E1:71:F0:62:A4
  5.244 INFO: 802.11 Wi-Fi device 30:E1:71:F0:62:A4 advertising new SSID 'DIRECT-A3-HP DeskJet 4670 series'
  5.251 INFO: Detected new 802.11 Wi-Fi access point F4:3C:3B:8F:C5:27
  5.251 INFO: 802.11 Wi-Fi device F4:3C:3B:8F:C5:27 advertising new SSID 'HAP_AHZHIB'
  5.262 INFO: Detected new 802.11 Wi-Fi access point D2:D8:A4:DB:5E:A6
  5.264 INFO: 802.11 Wi-Fi device D2:D8:A4:DB:5E:A6 advertising a new cloaked SSID
  5.270 INFO: Detected new 802.11 Wi-Fi access point 40:AE:30:84:34:B7
  5.270 INFO: 802.11 Wi-Fi device 40:AE:30:84:34:B7 advertising new SSID 'cohen42'
  5.270 INFO: Detected new 802.11 Wi-Fi access point D2:D8:A4:DB:5E:A5
  5.270 INFO: 802.11 Wi-Fi device D2:D8:A4:DB:5E:A5 advertising new SSID 'Dayan'
  5.270 INFO: Detected new 802.11 Wi-Fi access point 46:AE:30:84:34:B7
  5.270 INFO: 802.11 Wi-Fi device 46:AE:30:84:34:B7 advertising a new cloaked SSID
  5.753 INFO: Detected new 802.11 Wi-Fi access point 82:AF:CA:25:C2:23
  5.754 INFO: 802.11 Wi-Fi device 82:AF:CA:25:C2:23 advertising a new cloaked SSID
  6.279 INFO: Detected new 802.11 Wi-Fi device A8:DB:03:42:DE:68
  6.287 INFO: Detected new 802.11 Wi-Fi device 4C:2E:5E:D5:FE:E9
  6.745 INFO: Detected new 802.11 Wi-Fi device 28:C7:09:5E:C8:D6
  6.748 INFO: Detected new 802.11 Wi-Fi access point 6A:D5:ED:42:0F:E9
  6.749 INFO: 802.11 Wi-Fi device 6A:D5:ED:42:0F:E9 advertising new SSID 'MEIRAV'
  6.749 INFO: Detected new 802.11 Wi-Fi access point 6A:D5:ED:42:0F:EA
  6.750 INFO: 802.11 Wi-Fi device 6A:D5:ED:42:0F:EA advertising a new cloaked SSID
  6.752 INFO: Detected new 802.11 Wi-Fi device 80:BE:AF:D7:03:8F
  7.248 INFO: Detected new 802.11 Wi-Fi access point 82:AF:CA:65:C2:23
  7.249 INFO: 802.11 Wi-Fi device 82:AF:CA:65:C2:23 advertising new SSID 'Cudy-C223-5G'
  7.250 INFO: Detected new 802.11 Wi-Fi access point 82:AF:CA:85:C2:23
  7.250 INFO: 802.11 Wi-Fi device 82:AF:CA:85:C2:23 advertising a new cloaked SSID
  7.750 INFO: Detected new 802.11 Wi-Fi device 74:F8:DB:5D:D0:61
  8.540 INFO: esp32c5btle-ttyACM3: no answer, reconnecting
  8.751 INFO: Detected new 802.11 Wi-Fi access point 1C:57:3E:97:75:73
  8.751 INFO: 802.11 Wi-Fi device 1C:57:3E:97:75:73 advertising new SSID 'Sivan'
  8.769 INFO: Detected new 802.11 Wi-Fi access point DA:D8:E5:C7:6A:14
  8.770 INFO: 802.11 Wi-Fi device DA:D8:E5:C7:6A:14 advertising new SSID 'Dayan'
  8.770 INFO: Detected new 802.11 Wi-Fi device A8:42:A1:B2:27:77
  8.770 INFO: Detected new 802.11 Wi-Fi device D4:E8:53:00:37:6A
  8.779 INFO: Detected new 802.11 Wi-Fi access point 8A:D8:E5:C7:6A:15
  8.779 INFO: 802.11 Wi-Fi device 8A:D8:E5:C7:6A:15 advertising a new cloaked SSID
  8.804 INFO: Detected new 802.11 Wi-Fi device 62:D5:ED:42:0F:E1
  8.804 INFO: Detected new 802.11 Wi-Fi device 70:F7:54:4B:FB:16
  8.806 INFO: Detected new 802.11 Wi-Fi device 8A:F8:CC:EE:87:D2
  8.806 INFO: Detected new 802.11 Wi-Fi device 1C:F4:3F:57:42:AC
  8.806 INFO: Detected new 802.11 Wi-Fi access point 62:D5:ED:42:0F:E2
  8.806 INFO: 802.11 Wi-Fi device 62:D5:ED:42:0F:E2 advertising a new cloaked SSID
  8.806 INFO: Detected new 802.11 Wi-Fi access point FA:8F:CA:6C:D1:65
  8.806 INFO: 802.11 Wi-Fi device FA:8F:CA:6C:D1:65 advertising new SSID 'JBL Bar 5.1_0891.l025'
  8.808 INFO: Detected new 802.11 Wi-Fi access point 8A:F8:CC:EE:87:D1
  8.808 INFO: 802.11 Wi-Fi device 8A:F8:CC:EE:87:D1 advertising new SSID 'Alon'
  8.808 INFO: Detected new 802.11 Wi-Fi access point 8A:D8:E5:C7:6A:16
  8.808 INFO: 802.11 Wi-Fi device 8A:D8:E5:C7:6A:16 advertising new SSID 'Dayan_SH'
  8.808 INFO: 802.11 Wi-Fi device 8A:F8:CC:EE:87:D2 advertising a new cloaked SSID
  8.809 INFO: 802.11 Wi-Fi device 62:D5:ED:42:0F:E1 advertising new SSID 'MEIRAV'
  9.253 INFO: Detected new 802.11 Wi-Fi device DC:07:F8:9F:12:D8
  9.255 INFO: Detected new 802.11 Wi-Fi access point 46:AE:30:84:36:22
  9.255 INFO: 802.11 Wi-Fi device 46:AE:30:84:36:22 advertising a new cloaked SSID
  9.756 INFO: 802.11 Wi-Fi device 00:B8:C2:B2:AE:57 advertising new SSID 'Mor'
  9.756 INFO: Detected new 802.11 Wi-Fi device 78:DF:72:44:14:1D
  9.758 INFO: Detected new 802.11 Wi-Fi device 92:F8:CC:EE:87:DA
 10.254 INFO: Detected new 802.11 Wi-Fi device B0:1F:47:17:AF:4A
 11.278 INFO: Detected new 802.11 Wi-Fi device 20:15:DE:A1:04:FB
 12.259 INFO: Detected new 802.11 Wi-Fi access point 20:F1:B2:B9:E5:33
 12.259 INFO: 802.11 Wi-Fi device 20:F1:B2:B9:E5:33 advertising new SSID 'SmartLife-E533'
 12.261 INFO: Detected new 802.11 Wi-Fi device 40:AE:30:84:36:20
 13.755 INFO: Detected new 802.11 Wi-Fi access point AA:D8:A4:1D:31:39
 13.756 INFO: 802.11 Wi-Fi device AA:D8:A4:1D:31:39 advertising new SSID 'Michal_SH'
 13.772 INFO: Detected new 802.11 Wi-Fi device 60:D8:A4:1D:51:35
 16.144 ERROR: Data source 'esp32c5btle-ttyACM3 / esp32c5btle-ttyACM3' ('esp32c5btle-ttyACM3') encountered an error: IPC connection closed
 16.144 ALERT: SOURCEERROR Source esp32c5btle-ttyACM3 (E5C50003-0000-0000-0000-10BDA3C87D54) has encountered an error (IPC connection closed) Kismet will attempt to re-open the source in 5 seconds.  (1 failures)
 16.144 ERROR: Source esp32c5btle-ttyACM3 (E5C50003-0000-0000-0000-10BDA3C87D54) has encountered an error (IPC connection closed) Kismet will attempt to re-open the source in 5 seconds.  (1 failures)
 17.248 INFO: Detected new 802.11 Wi-Fi device 50:8A:06:B4:2F:49
 17.252 INFO: Detected new 802.11 Wi-Fi device AA:42:A1:05:68:CE
 18.254 INFO: Detected new 802.11 Wi-Fi device 48:3F:DA:2A:CB:EC
 18.255 INFO: Detected new 802.11 Wi-Fi device B0:1F:47:10:E2:62
 19.283 INFO: Detected new 802.11 Wi-Fi access point A4:86:DB:85:0D:22
 19.284 INFO: 802.11 Wi-Fi device A4:86:DB:85:0D:22 advertising new SSID 'NVRa486db850d22'
 19.758 INFO: Detected new 802.11 Wi-Fi access point F4:5E:AB:98:45:A6
 19.758 INFO: 802.11 Wi-Fi device F4:5E:AB:98:45:A6 advertising new SSID 'WiFiER9845a6'
 20.258 INFO: Detected new 802.11 Wi-Fi access point 42:A2:BA:65:29:F3
 20.258 INFO: Detected new 802.11 Wi-Fi device E4:5F:01:49:99:3F
 21.236 INFO: Attempting to re-open source esp32c5btle-ttyACM3
 21.266 ALERT: SOURCEOPEN Source esp32c5btle-ttyACM3 (E5C50003-0000-0000-0000-10BDA3C87D54) successfully re-opened
 21.744 INFO: 802.11 Wi-Fi device D0:CF:0E:85:DC:54 advertising new SSID 'Kobi'
 21.756 INFO: Detected new 802.11 Wi-Fi device D8:D8:E5:A5:1B:BD
 22.248 INFO: Detected new 802.11 Wi-Fi device B0:1F:47:0D:E9:B8
 24.254 INFO: Detected new 802.11 Wi-Fi device 60:D8:A4:DB:B2:8A
 25.741 INFO: 802.11 Wi-Fi device A8:42:A1:B2:27:77 advertising new SSID 'sudri_fm'
 25.741 INFO: Detected new 802.11 Wi-Fi access point C8:70:23:D1:26:A3
 25.742 INFO: 802.11 Wi-Fi device C8:70:23:D1:26:A3 advertising new SSID 'Sivan'
 25.745 INFO: Detected new 802.11 Wi-Fi device D8:D8:E5:C7:AA:0B
 25.746 INFO: Detected new 802.11 Wi-Fi device C8:70:23:B2:C1:6F
 26.251 INFO: Detected new 802.11 Wi-Fi device A8:5B:B7:47:08:0F
 27.439 INFO: esp32c5btle-ttyACM3: no answer, reconnecting
 29.245 INFO: 802.11 Wi-Fi device 42:A2:BA:65:29:F3 advertising new SSID 'osvc-52'
 29.246 INFO: 802.11 Wi-Fi device 00:B8:C2:B2:AE:58 advertising new SSID 'Mor'
 31.248 INFO: Detected new 802.11 Wi-Fi device 94:83:C4:25:9E:39
 33.745 INFO: Detected new 802.11 Wi-Fi device B0:92:4A:F1:E3:95
 33.745 INFO: Detected new 802.11 Wi-Fi device B0:92:4A:CB:2D:52
 33.752 INFO: Detected new 802.11 Wi-Fi device 22:E4:AA:F9:82:CC
 33.757 INFO: Detected new 802.11 Wi-Fi device 16:EB:D3:54:DE:DC
 34.250 INFO: 802.11 Wi-Fi device 40:AE:30:84:36:22 advertising new SSID 'cohen42'
 34.250 INFO: Detected new 802.11 Wi-Fi device 94:E0:D6:FC:5E:6C
 34.745 INFO: Detected new 802.11 Wi-Fi device 9C:24:72:8F:A0:9B
 34.755 INFO: Detected new 802.11 Wi-Fi access point 88:C3:97:F8:DE:CC
 34.755 INFO: 802.11 Wi-Fi device 88:C3:97:F8:DE:CC advertising new SSID 'Home-WiFi'
 35.246 INFO: Detected new 802.11 Wi-Fi device 50:8A:06:DA:21:90
 36.544 ERROR: Data source 'esp32c5btle-ttyACM3 / esp32c5btle-ttyACM3' ('esp32c5btle-ttyACM3') encountered an error: IPC connection closed
 36.544 ALERT: SOURCEERROR Source esp32c5btle-ttyACM3 (E5C50003-0000-0000-0000-10BDA3C87D54) has encountered an error (IPC connection closed) Kismet will attempt to re-open the source in 5 seconds.  (2 failures)
 36.544 ERROR: Source esp32c5btle-ttyACM3 (E5C50003-0000-0000-0000-10BDA3C87D54) has encountered an error (IPC connection closed) Kismet will attempt to re-open the source in 5 seconds.  (2 failures)
 37.242 INFO: 802.11 Wi-Fi device 26:39:F1:AB:05:B2 advertising new SSID 'osvc-2'
 37.242 INFO: 802.11 Wi-Fi device C8:70:23:73:DA:93 advertising new SSID 'cohen'
 37.243 INFO: 802.11 Wi-Fi device 40:AE:30:84:34:B6 advertising new SSID 'cohen42'
 41.636 INFO: Attempting to re-open source esp32c5btle-ttyACM3
 41.665 ALERT: SOURCEOPEN Source esp32c5btle-ttyACM3 (E5C50003-0000-0000-0000-10BDA3C87D54) successfully re-opened
 42.242 INFO: Detected new 802.11 Wi-Fi device D8:D8:E5:CC:28:6B
 42.743 INFO: Detected new 802.11 Wi-Fi device D8:D8:E5:B0:E8:E6
 42.747 INFO: Detected new 802.11 Wi-Fi device DE:85:21:5C:A3:AE
 44.747 INFO: 802.11 Wi-Fi device FA:8F:CA:6C:D1:65 advertising new SSID 'JBL Bar 5.1_0891.l025'
 44.756 INFO: Detected new 802.11 Wi-Fi device A6:9F:76:6D:54:67
 45.251 INFO: Detected new 802.11 Wi-Fi device 04:03:12:27:F0:66
 45.748 INFO: Detected new 802.11 Wi-Fi device C8:70:23:73:DA:8F
 46.747 INFO: Detected new 802.11 Wi-Fi device B0:4A:39:03:87:62
 47.742 INFO: esp32c5btle-ttyACM3: no answer, reconnecting
 50.744 INFO: Detected new 802.11 Wi-Fi device 9C:24:72:8F:57:2B
 51.244 INFO: 802.11 Wi-Fi device 40:AE:30:84:5A:16 advertising new SSID 'cohen42'
 52.756 INFO: Detected new 802.11 Wi-Fi device 96:C7:EE:6C:AF:38
 53.250 INFO: Detected new 802.11 Wi-Fi device D4:CF:F9:B5:58:AE
 53.747 INFO: Detected new 802.11 Wi-Fi device D4:CF:F9:B5:5C:ED
 53.749 INFO: Detected new 802.11 Wi-Fi device 70:F7:54:55:CB:00
 54.774 INFO: Detected new 802.11 Wi-Fi device 20:50:E7:2A:0F:76
 54.779 INFO: Detected new 802.11 Wi-Fi device 9C:95:61:17:8E:1C
 56.740 ERROR: Data source 'esp32c5btle-ttyACM3 / esp32c5btle-ttyACM3' ('esp32c5btle-ttyACM3') encountered an error: IPC connection closed
 56.740 ALERT: SOURCEERROR Source esp32c5btle-ttyACM3 (E5C50003-0000-0000-0000-10BDA3C87D54) has encountered an error (IPC connection closed) Kismet will attempt to re-open the source in 5 seconds.  (3 failures)
 56.740 ERROR: Source esp32c5btle-ttyACM3 (E5C50003-0000-0000-0000-10BDA3C87D54) has encountered an error (IPC connection closed) Kismet will attempt to re-open the source in 5 seconds.  (3 failures)
 59.348 INFO: Detected new 802.11 Wi-Fi device 44:15:24:51:2C:9F
 59.350 INFO: Detected new 802.11 Wi-Fi access point AA:42:A1:A2:27:77
 59.350 INFO: 802.11 Wi-Fi device AA:42:A1:A2:27:77 advertising a new cloaked SSID
 59.367 INFO: Detected new 802.11 Wi-Fi access point 8E:C3:97:F8:DE:CC
 59.368 INFO: 802.11 Wi-Fi device 8E:C3:97:F8:DE:CC advertising a new cloaked SSID
 64.338 INFO: Attempting to re-open source esp32c5btle-ttyACM3
 64.350 INFO: 802.11 Wi-Fi device F4:3C:3B:8F:C5:27 advertising new SSID 'HAP_AHZHIB'
 64.350 INFO: Detected new 802.11 Wi-Fi device A4:AB:BB:25:B2:C2
 64.375 ALERT: SOURCEOPEN Source esp32c5btle-ttyACM3 (E5C50003-0000-0000-0000-10BDA3C87D54) successfully re-opened
--- poll: 599 samples
esp32c5-ttyACM0              first running 0.89, first packet 2.79, last pkts 1466, error samples 0, not-running samples 0, channel values {'6': 599}
esp32c5-ttyACM1              first running 0.89, first packet 3.29, last pkts 1336, error samples 0, not-running samples 0, channel values {'6': 599}
esp32c5zigbee-ttyACM2        first running 0.89, first packet None, last pkts 0, error samples 0, not-running samples 0, channel values {'15': 599}
esp32c5btle-ttyACM3          first running 0.89, first packet None, last pkts 0, error samples 145, not-running samples 145, channel values {'37': 599}
devnums after 60 s: 38:44:BE:BF:D8:0C=6 10:BD:A3:CF:05:40=9 38:44:BE:BF:C9:10=12 10:BD:A3:C8:7D:54=13 
