1790659111.572 INFO: Including sub-config file: /home/osh/kismet-install/etc/kismet_httpd.conf
1790659111.572 INFO: Including sub-config file: /home/osh/kismet-install/etc/kismet_memory.conf
1790659111.572 INFO: Including sub-config file: /home/osh/kismet-install/etc/kismet_alerts.conf
1790659111.572 INFO: Including sub-config file: /home/osh/kismet-install/etc/kismet_80211.conf
1790659111.572 INFO: Including sub-config file: /home/osh/kismet-install/etc/kismet_logging.conf
1790659111.572 INFO: Including sub-config file: /home/osh/kismet-install/etc/kismet_filter.conf
1790659111.572 INFO: Including sub-config file: /home/osh/kismet-install/etc/kismet_uav.conf
1790659111.572 INFO: Loading config override file '/home/osh/kismet-install/etc/kismet_package.conf'
1790659111.572 INFO: Optional sub-config file not present: /home/osh/kismet-install/etc/kismet_package.conf
1790659111.572 INFO: Loading config override file '/home/osh/kismet-install/etc/kismet_site.conf'
1790659111.572 INFO: Optional sub-config file not present: /home/osh/kismet-install/etc/kismet_site.conf
1790659111.572 INFO: Generated server UUID 36162920-BBC5-11F1-A8ED-4B49534D4554 and storing in /tmp/hw2/n10/.kismet//kismet_server_id.conf
1790659111.572 INFO: Setting server UUID 36162920-BBC5-11F1-A8ED-4B49534D4554
1790659111.572 INFO: Starting Beast webserver on 0.0.0.0:2501
1790659111.572 INFO: Opened OUI file '/home/osh/kismet-install/share/kismet/kismet_manuf.txt.gz
1790659111.572 INFO: Indexing manufacturer db
1790659111.573 INFO: Completed indexing manufacturer db, 38959 lines and 780 indexes.
1790659111.580 INFO: Saving devices to the Kismet database log every 30 seconds
1790659111.585 INFO: Using default rates of 10/min, 1/sec for alert 'DEVICEFOUND'
1790659111.585 INFO: Using default rates of 10/min, 1/sec for alert 'DEVICELOST'
1790659111.585 INFO: Registering support for DLT_PPI packet header decoding
1790659111.585 INFO: Registering support for DLT_RADIOTAP packet header decoding
1790659111.585 INFO: Registering support for DLT_BTLE_RADIO packet header decoding
1790659111.588 INFO: Using default rates of 10/min, 1/sec for alert 'BADFIXLENIE'
1790659111.589 INFO: PHY80211 will only process AP signal levels from beacons
1790659111.589 INFO: Allowing Kismet clients to view WEP keys
1790659111.589 DEBUG: ssid canary FooCanary:ssid="FoobarCanary"
1790659111.589 DEBUG: ssid canary FooCanart2:ssid="(?i:foobarcanary)"
1790659111.589 INFO: Keeping EAPOL packets in memory for easy download and WIDS functionality; this can use more RAM.
1790659111.592 INFO: Registered PHY handler 'IEEE802.11' as ID 0
1790659111.594 INFO: Registered PHY handler 'RFSENSOR' as ID 1
1790659111.595 INFO: Registered PHY handler 'Z-Wave' as ID 2
1790659111.596 INFO: Registered PHY handler 'Bluetooth' as ID 3
1790659111.596 DEBUG: reserve_fields home id 538 app id 539
1790659111.599 INFO: Registered PHY handler 'UAV' as ID 4
1790659111.600 INFO: Registered PHY handler 'NrfMousejack' as ID 5
1790659111.600 ERROR: Tried to re-register duplicate alert FLIPPERZERO
1790659111.601 INFO: Registered PHY handler 'BTLE' as ID 6
1790659111.602 INFO: Registered PHY handler 'METER' as ID 7
1790659111.602 INFO: Indexing ADSB ICAO db
1790659111.862 INFO: Completed indexing ADSB ICAO db, 341068 lines 6822 indexes
1790659111.863 INFO: Registered PHY handler 'ADSB' as ID 8
1790659111.864 INFO: Registered PHY handler '802.15.4' as ID 9
1790659111.866 INFO: Registered PHY handler 'RADIATION' as ID 10
1790659111.872 INFO: (HTTPD) Could not read session data file, skipping loading saved sessions.
1790659111.872 INFO: Serving static file content from /home/osh/kismet-install/share/kismet/httpd/
1790659111.873 INFO: Enabling channel hopping by default on sources which support channel control.
1790659111.873 INFO: Setting default channel hop rate to 5/sec
1790659111.873 INFO: Enabling channel list splitting on sources which share the same list of channels
1790659111.873 INFO: Enabling channel list shuffling to optimize overlaps
1790659111.873 INFO: Sources will be re-opened if they encounter an error
1790659111.873 INFO: Saving datasources to the Kismet database log every 30 seconds
1790659111.873 INFO: Launching remote capture server on 127.0.0.1 3501
1790659111.876 INFO: No data sources defined; Kismet will not capture anything until a source is added.
1790659111.877 ALERT: LOGDISABLED Logging has been disabled via the Kismet config files or the command line.  Pcap, database, and related logs will not be saved.
1790659111.877 INFO: Logging disabled, not enabling any log drivers.
1790659111.877 INFO: GPS track will be logged to the Kismet logfile
1790659111.878 INFO: Starting Kismet web server...
1790659111.878 INFO: HTTP server listening on 0.0.0.0:2501
1790659111.880 INFO: Could not open system plugin directory (/home/osh/kismet-install/lib/kismet/), skipping: No such file or directory
1790659111.880 INFO: Did not find a user plugin directory (/tmp/hw2/n10/.kismet//plugins/), skipping: No such file or directory
1790659112.163 INFO: Probing interface 'esp32c5-ttyACM0' to find datasource type
1790659112.258 interface: esp32c5-ttyACM0
1790659112.261 INFO: Found type 'esp32c5' for 'esp32c5-ttyACM0'
1790659113.776 INFO: esp32c5-ttyACM0 capturing (wifi)
1790659113.983 INFO: New remote source esp32c5btle-ttyACM2 (E5C50003-0000-0000-0000-3844BEBFD80C) connected
1790659114.238 INFO: New remote source esp32c5zigbee-ttyACM1 (E5C50002-0000-0000-0000-3844BEBFC910) connected
1790659114.239 INFO: esp32c5zigbee-ttyACM1 - /dev/ttyACM1 opened
1790659115.289 INFO: Detected new 802.11 Wi-Fi access point C8:70:23:73:DA:93
1790659115.289 INFO: 802.11 Wi-Fi device C8:70:23:73:DA:93 advertising new SSID 'cohen'
1790659115.295 INFO: Detected new 802.11 Wi-Fi access point 26:39:F1:AB:05:B2
1790659115.295 INFO: 802.11 Wi-Fi device 26:39:F1:AB:05:B2 advertising new SSID 'osvc-2'
1790659115.301 INFO: Detected new 802.11 Wi-Fi access point 20:F1:B2:B9:E5:33
1790659115.301 INFO: 802.11 Wi-Fi device 20:F1:B2:B9:E5:33 advertising new SSID 'SmartLife-E533'
1790659115.309 INFO: Detected new 802.11 Wi-Fi device 40:AE:30:84:5A:16
1790659115.309 INFO: Detected new 802.11 Wi-Fi device 20:15:DE:A1:04:FB
1790659115.322 INFO: Detected new 802.11 Wi-Fi device 46:AE:30:84:5A:16
1790659115.323 INFO: 802.11 Wi-Fi device 40:AE:30:84:5A:16 advertising new SSID 'cohen42'
1790659115.323 INFO: 802.11 Wi-Fi device 46:AE:30:84:5A:16 advertising a new cloaked SSID
1790659115.323 INFO: Detected new 802.11 Wi-Fi device A8:DB:03:42:DE:68
1790659115.323 INFO: Detected new 802.11 Wi-Fi access point 46:AE:30:84:34:B6
1790659115.323 INFO: 802.11 Wi-Fi device 46:AE:30:84:34:B6 advertising a new cloaked SSID
1790659115.467 INFO: esp32c5zigbee-ttyACM1 - /dev/ttyACM1 capturing
1790659117.292 INFO: Detected new 802.11 Wi-Fi device 80:AF:CA:75:C2:23
1790659117.292 INFO: Detected new 802.11 Wi-Fi device D8:D8:E5:B0:E8:E6
1790659117.293 INFO: Detected new 802.11 Wi-Fi device FC:F5:C4:BE:0B:A5
1790659117.294 INFO: 802.11 Wi-Fi device 80:AF:CA:75:C2:23 advertising new SSID 'Cudy-C223'
1790659117.328 INFO: Detected new 802.11 Wi-Fi device 76:AE:CE:8A:51:1A
1790659117.328 INFO: Detected new 802.11 Wi-Fi device EC:C1:AB:35:22:AD
1790659117.328 INFO: Detected new 802.11 Wi-Fi device 74:FE:CE:8A:52:90
1790659117.333 INFO: Detected new 802.11 Wi-Fi access point 00:B8:C2:B2:AE:57
1790659117.334 INFO: 802.11 Wi-Fi device 00:B8:C2:B2:AE:57 advertising new SSID 'Mor'
1790659117.339 INFO: Detected new 802.11 Wi-Fi access point 82:AF:CA:25:C2:23
1790659117.340 INFO: 802.11 Wi-Fi device 82:AF:CA:25:C2:23 advertising a new cloaked SSID
1790659117.350 INFO: Detected new 802.11 Wi-Fi access point D0:CF:0E:85:DC:54
1790659117.350 INFO: 802.11 Wi-Fi device D0:CF:0E:85:DC:54 advertising new SSID 'Kobi'
1790659117.811 INFO: Detected new 802.11 Wi-Fi access point AA:D8:A4:1D:31:39
1790659117.813 INFO: 802.11 Wi-Fi device AA:D8:A4:1D:31:39 advertising new SSID 'Michal_SH'
1790659117.814 INFO: Detected new 802.11 Wi-Fi access point AA:D8:A4:1D:31:37
1790659117.815 INFO: 802.11 Wi-Fi device AA:D8:A4:1D:31:37 advertising new SSID 'Michal'
1790659118.827 INFO: Detected new 802.11 Wi-Fi device 4C:2E:5E:D5:FE:E9
1790659119.001 INFO: esp32c5btle-ttyACM2 - esp32c5btle-ttyACM2 capturing (btle)
1790659119.007 INFO: Detected new BTLE device 28:1A:40:14:6D:3F
1790659119.011 INFO: Detected new BTLE device 20:F1:B2:B9:E5:33
1790659119.019 INFO: Detected new BTLE device 5D:0D:4D:53:1B:E3
1790659119.024 INFO: Detected new BTLE device F4:DD:06:5E:7E:19
1790659119.043 INFO: Detected new BTLE device 68:4E:2F:3F:27:FF
1790659119.043 INFO: Detected new BTLE device 12:34:50:13:07:FF
1790659119.043 INFO: Detected new BTLE device DC:23:4B:7E:F7:7F
1790659119.048 INFO: Detected new BTLE device 48:9E:9D:9E:42:7C tcl_AC_t*ap_szkt
1790659119.050 INFO: Detected new BTLE device 7D:57:FE:91:38:49
1790659119.050 INFO: Detected new BTLE device BC:04:35:F5:E5:85 net
1790659119.050 INFO: Detected new BTLE device E7:21:74:CF:0D:AF
1790659119.423 ERROR: Data source 'esp32c5btle-ttyACM2 / esp32c5btle-ttyACM2' ('esp32c5btle-ttyACM2') encountered an error: websocket connection closed
1790659119.481 ERROR: Data source 'esp32c5zigbee-ttyACM1 / esp32c5zigbee-ttyACM1' ('esp32c5zigbee-ttyACM1') encountered an error: websocket connection closed
1790659119.882 
1790659119.882 *** KISMET IS SHUTTING DOWN ***
1790659119.882 Shutting down plugins...
1790659119.882 WARNING: Kismet changes the configuration of network devices.
1790659119.882          In most cases you will need to restart networking for
1790659119.882          your interface (varies per distribution and OS), but 
1790659119.882          typically one of:
1790659119.882          sudo service networking restart
1790659119.882          sudo /etc/init.d/networking restart
1790659119.882          or
1790659119.882          nmcli device set [device] managed true
1790659119.882 
1790659119.882 Kismet exiting.
1790659119.882 EXITING: Signal service thread complete.
1790659119.888 KISMET_EXIT=0
1790659133.504 INFO: Including sub-config file: /home/osh/kismet-install/etc/kismet_httpd.conf
1790659133.505 INFO: Including sub-config file: /home/osh/kismet-install/etc/kismet_memory.conf
1790659133.505 INFO: Including sub-config file: /home/osh/kismet-install/etc/kismet_alerts.conf
1790659133.505 INFO: Including sub-config file: /home/osh/kismet-install/etc/kismet_80211.conf
1790659133.505 INFO: Including sub-config file: /home/osh/kismet-install/etc/kismet_logging.conf
1790659133.505 INFO: Including sub-config file: /home/osh/kismet-install/etc/kismet_filter.conf
1790659133.505 INFO: Including sub-config file: /home/osh/kismet-install/etc/kismet_uav.conf
1790659133.505 INFO: Loading config override file '/home/osh/kismet-install/etc/kismet_package.conf'
1790659133.505 INFO: Optional sub-config file not present: /home/osh/kismet-install/etc/kismet_package.conf
1790659133.505 INFO: Loading config override file '/home/osh/kismet-install/etc/kismet_site.conf'
1790659133.505 INFO: Optional sub-config file not present: /home/osh/kismet-install/etc/kismet_site.conf
1790659133.505 INFO: Generated server UUID 43290B46-BBC5-11F1-9187-4B49534D4554 and storing in /tmp/hw2/n10/.kismet//kismet_server_id.conf
1790659133.505 INFO: Setting server UUID 43290B46-BBC5-11F1-9187-4B49534D4554
1790659133.505 INFO: Starting Beast webserver on 0.0.0.0:2501
1790659133.505 INFO: Opened OUI file '/home/osh/kismet-install/share/kismet/kismet_manuf.txt.gz
1790659133.505 INFO: Indexing manufacturer db
1790659133.508 INFO: Completed indexing manufacturer db, 38959 lines and 780 indexes.
1790659133.515 INFO: Saving devices to the Kismet database log every 30 seconds
1790659133.520 INFO: Using default rates of 10/min, 1/sec for alert 'DEVICEFOUND'
1790659133.520 INFO: Using default rates of 10/min, 1/sec for alert 'DEVICELOST'
1790659133.520 INFO: Registering support for DLT_PPI packet header decoding
1790659133.520 INFO: Registering support for DLT_RADIOTAP packet header decoding
1790659133.520 INFO: Registering support for DLT_BTLE_RADIO packet header decoding
1790659133.523 INFO: Using default rates of 10/min, 1/sec for alert 'BADFIXLENIE'
1790659133.524 INFO: PHY80211 will only process AP signal levels from beacons
1790659133.524 INFO: Allowing Kismet clients to view WEP keys
1790659133.524 DEBUG: ssid canary FooCanary:ssid="FoobarCanary"
1790659133.524 DEBUG: ssid canary FooCanart2:ssid="(?i:foobarcanary)"
1790659133.524 INFO: Keeping EAPOL packets in memory for easy download and WIDS functionality; this can use more RAM.
1790659133.527 INFO: Registered PHY handler 'IEEE802.11' as ID 0
1790659133.529 INFO: Registered PHY handler 'RFSENSOR' as ID 1
1790659133.530 INFO: Registered PHY handler 'Z-Wave' as ID 2
1790659133.531 INFO: Registered PHY handler 'Bluetooth' as ID 3
1790659133.531 DEBUG: reserve_fields home id 538 app id 539
1790659133.534 INFO: Registered PHY handler 'UAV' as ID 4
1790659133.535 INFO: Registered PHY handler 'NrfMousejack' as ID 5
1790659133.535 ERROR: Tried to re-register duplicate alert FLIPPERZERO
1790659133.536 INFO: Registered PHY handler 'BTLE' as ID 6
1790659133.537 INFO: Registered PHY handler 'METER' as ID 7
1790659133.537 INFO: Indexing ADSB ICAO db
1790659133.798 INFO: Completed indexing ADSB ICAO db, 341068 lines 6822 indexes
1790659133.800 INFO: Registered PHY handler 'ADSB' as ID 8
1790659133.801 INFO: Registered PHY handler '802.15.4' as ID 9
1790659133.802 INFO: Registered PHY handler 'RADIATION' as ID 10
1790659133.808 INFO: (HTTPD) Could not read session data file, skipping loading saved sessions.
1790659133.808 INFO: Serving static file content from /home/osh/kismet-install/share/kismet/httpd/
1790659133.809 INFO: Enabling channel hopping by default on sources which support channel control.
1790659133.809 INFO: Setting default channel hop rate to 5/sec
1790659133.809 INFO: Enabling channel list splitting on sources which share the same list of channels
1790659133.809 INFO: Enabling channel list shuffling to optimize overlaps
1790659133.809 INFO: Sources will be re-opened if they encounter an error
1790659133.809 INFO: Saving datasources to the Kismet database log every 30 seconds
1790659133.809 INFO: Launching remote capture server on 127.0.0.1 3501
1790659133.812 INFO: No data sources defined; Kismet will not capture anything until a source is added.
1790659133.814 ALERT: LOGDISABLED Logging has been disabled via the Kismet config files or the command line.  Pcap, database, and related logs will not be saved.
1790659133.814 INFO: Logging disabled, not enabling any log drivers.
1790659133.814 INFO: GPS track will be logged to the Kismet logfile
1790659133.815 INFO: Starting Kismet web server...
1790659133.815 INFO: HTTP server listening on 0.0.0.0:2501
1790659133.817 INFO: Could not open system plugin directory (/home/osh/kismet-install/lib/kismet/), skipping: No such file or directory
1790659133.817 INFO: Did not find a user plugin directory (/tmp/hw2/n10/.kismet//plugins/), skipping: No such file or directory
1790659134.362 INFO: Probing interface 'esp32c5-ttyACM0' to find datasource type
1790659134.454 interface: esp32c5-ttyACM0
1790659134.462 INFO: Found type 'esp32c5' for 'esp32c5-ttyACM0'
1790659135.476 INFO: esp32c5-ttyACM0 capturing (wifi)
1790659135.988 INFO: Detected new 802.11 Wi-Fi device D2:62:E6:3C:F3:CD
1790659136.397 INFO: New remote source esp32c5btle-ttyACM2 (E5C50003-0000-0000-0000-3844BEBFD80C) connected
1790659136.669 INFO: New remote source esp32c5zigbee-ttyACM1 (E5C50002-0000-0000-0000-3844BEBFC910) connected
1790659136.670 INFO: esp32c5zigbee-ttyACM1 - /dev/ttyACM1 opened
1790659137.001 INFO: Detected new 802.11 Wi-Fi access point 00:B8:C2:B2:AE:57
1790659137.002 INFO: 802.11 Wi-Fi device 00:B8:C2:B2:AE:57 advertising new SSID 'Mor'
1790659137.010 INFO: Detected new 802.11 Wi-Fi device FC:F5:C4:BE:0B:A5
1790659137.490 INFO: Detected new 802.11 Wi-Fi access point F4:5E:AB:98:45:A6
1790659137.491 INFO: 802.11 Wi-Fi device F4:5E:AB:98:45:A6 advertising new SSID 'WiFiER9845a6'
1790659137.500 INFO: Detected new 802.11 Wi-Fi access point 94:E3:6D:81:A3:FF
1790659137.500 INFO: 802.11 Wi-Fi device 94:E3:6D:81:A3:FF advertising new SSID 'ELRSSID81A3FF'
1790659137.507 INFO: Detected new 802.11 Wi-Fi access point 40:AE:30:84:5A:16
1790659137.507 INFO: 802.11 Wi-Fi device 40:AE:30:84:5A:16 advertising new SSID 'cohen42'
1790659137.513 INFO: Detected new 802.11 Wi-Fi access point 20:F1:B2:B9:E5:33
1790659137.513 INFO: 802.11 Wi-Fi device 20:F1:B2:B9:E5:33 advertising new SSID 'SmartLife-E533'
1790659137.515 INFO: Detected new 802.11 Wi-Fi access point 26:39:F1:AB:05:B2
1790659137.516 INFO: 802.11 Wi-Fi device 26:39:F1:AB:05:B2 advertising new SSID 'osvc-2'
1790659137.521 INFO: Detected new 802.11 Wi-Fi access point 46:AE:30:84:34:B6
1790659137.521 INFO: 802.11 Wi-Fi device 46:AE:30:84:34:B6 advertising a new cloaked SSID
1790659137.523 INFO: Detected new 802.11 Wi-Fi access point 46:AE:30:84:5A:16
1790659137.523 INFO: 802.11 Wi-Fi device 46:AE:30:84:5A:16 advertising a new cloaked SSID
1790659137.667 INFO: esp32c5zigbee-ttyACM1 - /dev/ttyACM1 capturing
1790659137.986 INFO: Detected new 802.11 Wi-Fi device A8:DB:03:42:DE:68
1790659137.993 INFO: Detected new 802.11 Wi-Fi access point 42:A2:BA:65:29:F3
1790659137.993 INFO: 802.11 Wi-Fi device 42:A2:BA:65:29:F3 advertising new SSID 'osvc-52'
1790659139.483 INFO: Detected new 802.11 Wi-Fi access point 80:AF:CA:75:C2:23
1790659139.484 INFO: 802.11 Wi-Fi device 80:AF:CA:75:C2:23 advertising new SSID 'Cudy-C223'
1790659139.487 INFO: Detected new 802.11 Wi-Fi access point D0:CF:0E:85:DC:54
1790659139.487 INFO: 802.11 Wi-Fi device D0:CF:0E:85:DC:54 advertising new SSID 'Kobi'
1790659140.007 INFO: Detected new 802.11 Wi-Fi access point 30:E1:71:F0:62:A4
1790659140.008 INFO: 802.11 Wi-Fi device 30:E1:71:F0:62:A4 advertising new SSID 'DIRECT-A3-HP DeskJet 4670 series'
1790659141.004 INFO: Detected new 802.11 Wi-Fi device 4C:2E:5E:D5:FE:E9
1790659141.505 INFO: Detected new 802.11 Wi-Fi access point 82:AF:CA:25:C2:23
1790659141.507 INFO: 802.11 Wi-Fi device 82:AF:CA:25:C2:23 advertising a new cloaked SSID
1790659141.509 INFO: Detected new 802.11 Wi-Fi device FC:F5:C4:BD:9B:CD
1790659141.509 INFO: Detected new 802.11 Wi-Fi access point 40:AE:30:84:34:B6
1790659141.509 INFO: 802.11 Wi-Fi device 40:AE:30:84:34:B6 advertising new SSID 'cohen42'
1790659141.711 INFO: esp32c5btle-ttyACM2 - esp32c5btle-ttyACM2 capturing (btle)
1790659141.715 INFO: Detected new BTLE device 28:1A:40:14:6D:3F
1790659141.716 INFO: Detected new BTLE device 20:F1:B2:B9:E5:33
1790659141.723 INFO: Detected new BTLE device F4:DD:06:5E:7E:19
1790659141.731 INFO: Detected new BTLE device 68:4E:2F:3F:27:FF
1790659141.739 INFO: Detected new BTLE device 7D:57:FE:91:38:49
1790659141.747 INFO: Detected new BTLE device 5D:0D:4D:53:1B:E3
1790659141.747 INFO: Detected new BTLE device 12:34:50:13:07:FF
1790659141.747 INFO: Detected new BTLE device 48:9E:9D:9E:42:7C tcl_AC_t*ap_szkt
1790659141.752 INFO: Detected new BTLE device DC:23:4B:7E:F7:7F
1790659141.762 INFO: Detected new BTLE device BC:04:35:F5:E5:85 net
1790659141.764 INFO: Detected new BTLE device E7:21:74:CF:0D:AF
1790659142.411 ERROR: Data source 'esp32c5btle-ttyACM2 / esp32c5btle-ttyACM2' ('esp32c5btle-ttyACM2') encountered an error: websocket connection closed
1790659142.483 ERROR: Data source 'esp32c5zigbee-ttyACM1 / esp32c5zigbee-ttyACM1' ('esp32c5zigbee-ttyACM1') encountered an error: websocket connection closed
1790659142.819 
1790659142.819 *** KISMET IS SHUTTING DOWN ***
1790659142.819 Shutting down plugins...
1790659142.819 WARNING: Kismet changes the configuration of network devices.
1790659142.819          In most cases you will need to restart networking for
1790659142.819          your interface (varies per distribution and OS), but 
1790659142.819          typically one of:
1790659142.819          sudo service networking restart
1790659142.819          sudo /etc/init.d/networking restart
1790659142.819          or
1790659142.819          nmcli device set [device] managed true
1790659142.819 
1790659142.819 Kismet exiting.
1790659142.819 EXITING: Signal service thread complete.
1790659142.825 KISMET_EXIT=0
