1790659121.256 INFO: Including sub-config file: /tmp/hw2/etc-mask/kismet_httpd.conf
1790659121.256 INFO: Including sub-config file: /tmp/hw2/etc-mask/kismet_memory.conf
1790659121.256 INFO: Including sub-config file: /tmp/hw2/etc-mask/kismet_alerts.conf
1790659121.256 INFO: Including sub-config file: /tmp/hw2/etc-mask/kismet_80211.conf
1790659121.256 INFO: Including sub-config file: /tmp/hw2/etc-mask/kismet_logging.conf
1790659121.256 INFO: Including sub-config file: /tmp/hw2/etc-mask/kismet_filter.conf
1790659121.256 INFO: Including sub-config file: /tmp/hw2/etc-mask/kismet_uav.conf
1790659121.256 INFO: Loading config override file '/tmp/hw2/etc-mask/kismet_package.conf'
1790659121.256 INFO: Optional sub-config file not present: /tmp/hw2/etc-mask/kismet_package.conf
1790659121.256 INFO: Loading config override file '/tmp/hw2/etc-mask/kismet_site.conf'
1790659121.256 INFO: Loading optional sub-config file: /tmp/hw2/etc-mask/kismet_site.conf
1790659121.256 INFO: Generated server UUID 3BDBD7E2-BBC5-11F1-97D4-4B49534D4554 and storing in /tmp/hw2/n10m/.kismet//kismet_server_id.conf
1790659121.256 INFO: Setting server UUID 3BDBD7E2-BBC5-11F1-97D4-4B49534D4554
1790659121.256 INFO: Starting Beast webserver on 0.0.0.0:2501
1790659121.256 INFO: Opened OUI file '/home/osh/kismet-install/share/kismet/kismet_manuf.txt.gz
1790659121.256 INFO: Indexing manufacturer db
1790659121.257 INFO: Completed indexing manufacturer db, 38959 lines and 780 indexes.
1790659121.264 INFO: Saving devices to the Kismet database log every 30 seconds
1790659121.269 INFO: Using default rates of 10/min, 1/sec for alert 'DEVICEFOUND'
1790659121.269 INFO: Using default rates of 10/min, 1/sec for alert 'DEVICELOST'
1790659121.269 INFO: Registering support for DLT_PPI packet header decoding
1790659121.269 INFO: Registering support for DLT_RADIOTAP packet header decoding
1790659121.269 INFO: Registering support for DLT_BTLE_RADIO packet header decoding
1790659121.272 INFO: Using default rates of 10/min, 1/sec for alert 'BADFIXLENIE'
1790659121.273 INFO: PHY80211 will only process AP signal levels from beacons
1790659121.273 INFO: Allowing Kismet clients to view WEP keys
1790659121.273 DEBUG: ssid canary FooCanary:ssid="FoobarCanary"
1790659121.273 DEBUG: ssid canary FooCanart2:ssid="(?i:foobarcanary)"
1790659121.273 INFO: Keeping EAPOL packets in memory for easy download and WIDS functionality; this can use more RAM.
1790659121.276 INFO: Registered PHY handler 'IEEE802.11' as ID 0
1790659121.278 INFO: Registered PHY handler 'RFSENSOR' as ID 1
1790659121.279 INFO: Registered PHY handler 'Z-Wave' as ID 2
1790659121.280 INFO: Registered PHY handler 'Bluetooth' as ID 3
1790659121.280 DEBUG: reserve_fields home id 538 app id 539
1790659121.282 INFO: Registered PHY handler 'UAV' as ID 4
1790659121.283 INFO: Registered PHY handler 'NrfMousejack' as ID 5
1790659121.284 ERROR: Tried to re-register duplicate alert FLIPPERZERO
1790659121.285 INFO: Registered PHY handler 'BTLE' as ID 6
1790659121.286 INFO: Registered PHY handler 'METER' as ID 7
1790659121.286 INFO: Indexing ADSB ICAO db
1790659121.560 INFO: Completed indexing ADSB ICAO db, 341068 lines 6822 indexes
1790659121.563 INFO: Registered PHY handler 'ADSB' as ID 8
1790659121.565 INFO: Registered PHY handler '802.15.4' as ID 9
1790659121.569 INFO: Registered PHY handler 'RADIATION' as ID 10
1790659121.580 INFO: (HTTPD) Could not read session data file, skipping loading saved sessions.
1790659121.580 INFO: Serving static file content from /home/osh/kismet-install/share/kismet/httpd/
1790659121.582 INFO: Enabling channel hopping by default on sources which support channel control.
1790659121.582 INFO: Setting default channel hop rate to 5/sec
1790659121.582 INFO: Enabling channel list splitting on sources which share the same list of channels
1790659121.582 INFO: Enabling channel list shuffling to optimize overlaps
1790659121.582 INFO: Sources will be re-opened if they encounter an error
1790659121.582 INFO: Saving datasources to the Kismet database log every 30 seconds
1790659121.582 INFO: Launching remote capture server on 127.0.0.1 3501
1790659121.588 INFO: No data sources defined; Kismet will not capture anything until a source is added.
1790659121.591 ALERT: LOGDISABLED Logging has been disabled via the Kismet config files or the command line.  Pcap, database, and related logs will not be saved.
1790659121.591 INFO: Logging disabled, not enabling any log drivers.
1790659121.591 INFO: GPS track will be logged to the Kismet logfile
1790659121.594 INFO: Starting Kismet web server...
1790659121.594 INFO: HTTP server listening on 0.0.0.0:2501
1790659121.597 INFO: Could not open system plugin directory (/home/osh/kismet-install/lib/kismet/), skipping: No such file or directory
1790659121.597 INFO: Did not find a user plugin directory (/tmp/hw2/n10m/.kismet//plugins/), skipping: No such file or directory
1790659122.097 
1790659122.097 *** KISMET IS SHUTTING DOWN ***
1790659122.098 Shutting down plugins...
1790659122.098 WARNING: Kismet changes the configuration of network devices.
1790659122.098          In most cases you will need to restart networking for
1790659122.098          your interface (varies per distribution and OS), but 
1790659122.098          typically one of:
1790659122.098          sudo service networking restart
1790659122.098          sudo /etc/init.d/networking restart
1790659122.098          or
1790659122.098          nmcli device set [device] managed true
1790659122.098 
1790659122.098 Kismet exiting.
1790659122.098 EXITING: Signal service thread complete.
1790659122.102 KISMET_EXIT=0
1790659144.305 INFO: Including sub-config file: /tmp/hw2/etc-mask/kismet_httpd.conf
1790659144.305 INFO: Including sub-config file: /tmp/hw2/etc-mask/kismet_memory.conf
1790659144.305 INFO: Including sub-config file: /tmp/hw2/etc-mask/kismet_alerts.conf
1790659144.305 INFO: Including sub-config file: /tmp/hw2/etc-mask/kismet_80211.conf
1790659144.305 INFO: Including sub-config file: /tmp/hw2/etc-mask/kismet_logging.conf
1790659144.305 INFO: Including sub-config file: /tmp/hw2/etc-mask/kismet_filter.conf
1790659144.305 INFO: Including sub-config file: /tmp/hw2/etc-mask/kismet_uav.conf
1790659144.305 INFO: Loading config override file '/tmp/hw2/etc-mask/kismet_package.conf'
1790659144.305 INFO: Optional sub-config file not present: /tmp/hw2/etc-mask/kismet_package.conf
1790659144.305 INFO: Loading config override file '/tmp/hw2/etc-mask/kismet_site.conf'
1790659144.305 INFO: Loading optional sub-config file: /tmp/hw2/etc-mask/kismet_site.conf
1790659144.305 INFO: Generated server UUID 4998D9CA-BBC5-11F1-8BD9-4B49534D4554 and storing in /tmp/hw2/n10m/.kismet//kismet_server_id.conf
1790659144.305 INFO: Setting server UUID 4998D9CA-BBC5-11F1-8BD9-4B49534D4554
1790659144.305 INFO: Starting Beast webserver on 0.0.0.0:2501
1790659144.305 INFO: Opened OUI file '/home/osh/kismet-install/share/kismet/kismet_manuf.txt.gz
1790659144.305 INFO: Indexing manufacturer db
1790659144.308 INFO: Completed indexing manufacturer db, 38959 lines and 780 indexes.
1790659144.314 INFO: Saving devices to the Kismet database log every 30 seconds
1790659144.320 INFO: Using default rates of 10/min, 1/sec for alert 'DEVICEFOUND'
1790659144.320 INFO: Using default rates of 10/min, 1/sec for alert 'DEVICELOST'
1790659144.320 INFO: Registering support for DLT_PPI packet header decoding
1790659144.320 INFO: Registering support for DLT_RADIOTAP packet header decoding
1790659144.320 INFO: Registering support for DLT_BTLE_RADIO packet header decoding
1790659144.323 INFO: Using default rates of 10/min, 1/sec for alert 'BADFIXLENIE'
1790659144.323 INFO: PHY80211 will only process AP signal levels from beacons
1790659144.323 INFO: Allowing Kismet clients to view WEP keys
1790659144.324 DEBUG: ssid canary FooCanary:ssid="FoobarCanary"
1790659144.324 DEBUG: ssid canary FooCanart2:ssid="(?i:foobarcanary)"
1790659144.324 INFO: Keeping EAPOL packets in memory for easy download and WIDS functionality; this can use more RAM.
1790659144.327 INFO: Registered PHY handler 'IEEE802.11' as ID 0
1790659144.329 INFO: Registered PHY handler 'RFSENSOR' as ID 1
1790659144.330 INFO: Registered PHY handler 'Z-Wave' as ID 2
1790659144.331 INFO: Registered PHY handler 'Bluetooth' as ID 3
1790659144.331 DEBUG: reserve_fields home id 538 app id 539
1790659144.333 INFO: Registered PHY handler 'UAV' as ID 4
1790659144.334 INFO: Registered PHY handler 'NrfMousejack' as ID 5
1790659144.334 ERROR: Tried to re-register duplicate alert FLIPPERZERO
1790659144.335 INFO: Registered PHY handler 'BTLE' as ID 6
1790659144.336 INFO: Registered PHY handler 'METER' as ID 7
1790659144.337 INFO: Indexing ADSB ICAO db
1790659144.597 INFO: Completed indexing ADSB ICAO db, 341068 lines 6822 indexes
1790659144.599 INFO: Registered PHY handler 'ADSB' as ID 8
1790659144.600 INFO: Registered PHY handler '802.15.4' as ID 9
1790659144.601 INFO: Registered PHY handler 'RADIATION' as ID 10
1790659144.607 INFO: (HTTPD) Could not read session data file, skipping loading saved sessions.
1790659144.607 INFO: Serving static file content from /home/osh/kismet-install/share/kismet/httpd/
1790659144.608 INFO: Enabling channel hopping by default on sources which support channel control.
1790659144.608 INFO: Setting default channel hop rate to 5/sec
1790659144.608 INFO: Enabling channel list splitting on sources which share the same list of channels
1790659144.608 INFO: Enabling channel list shuffling to optimize overlaps
1790659144.608 INFO: Sources will be re-opened if they encounter an error
1790659144.608 INFO: Saving datasources to the Kismet database log every 30 seconds
1790659144.608 INFO: Launching remote capture server on 127.0.0.1 3501
1790659144.611 INFO: No data sources defined; Kismet will not capture anything until a source is added.
1790659144.613 ALERT: LOGDISABLED Logging has been disabled via the Kismet config files or the command line.  Pcap, database, and related logs will not be saved.
1790659144.613 INFO: Logging disabled, not enabling any log drivers.
1790659144.613 INFO: GPS track will be logged to the Kismet logfile
1790659144.614 INFO: Starting Kismet web server...
1790659144.614 INFO: HTTP server listening on 0.0.0.0:2501
1790659144.616 INFO: Could not open system plugin directory (/home/osh/kismet-install/lib/kismet/), skipping: No such file or directory
1790659144.616 INFO: Did not find a user plugin directory (/tmp/hw2/n10m/.kismet//plugins/), skipping: No such file or directory
1790659145.116 
1790659145.116 *** KISMET IS SHUTTING DOWN ***
1790659145.116 Shutting down plugins...
1790659145.116 WARNING: Kismet changes the configuration of network devices.
1790659145.116          In most cases you will need to restart networking for
1790659145.116          your interface (varies per distribution and OS), but 
1790659145.116          typically one of:
1790659145.116          sudo service networking restart
1790659145.116          sudo /etc/init.d/networking restart
1790659145.116          or
1790659145.116          nmcli device set [device] managed true
1790659145.116 
1790659145.116 Kismet exiting.
1790659145.117 EXITING: Signal service thread complete.
1790659145.121 KISMET_EXIT=0
