1790658742.000 INFO: Including sub-config file: /tmp/hw2/etc-wrap/kismet_httpd.conf
1790658742.000 INFO: Including sub-config file: /tmp/hw2/etc-wrap/kismet_memory.conf
1790658742.000 INFO: Including sub-config file: /tmp/hw2/etc-wrap/kismet_alerts.conf
1790658742.000 INFO: Including sub-config file: /tmp/hw2/etc-wrap/kismet_80211.conf
1790658742.000 INFO: Including sub-config file: /tmp/hw2/etc-wrap/kismet_logging.conf
1790658742.000 INFO: Including sub-config file: /tmp/hw2/etc-wrap/kismet_filter.conf
1790658742.000 INFO: Including sub-config file: /tmp/hw2/etc-wrap/kismet_uav.conf
1790658742.000 INFO: Loading config override file '/tmp/hw2/etc-wrap/kismet_package.conf'
1790658742.000 INFO: Optional sub-config file not present: /tmp/hw2/etc-wrap/kismet_package.conf
1790658742.000 INFO: Loading config override file '/tmp/hw2/etc-wrap/kismet_site.conf'
1790658742.000 INFO: Loading optional sub-config file: /tmp/hw2/etc-wrap/kismet_site.conf
1790658742.000 INFO: Generated server UUID 59CE02F8-BBC4-11F1-A3FD-4B49534D4554 and storing in /tmp/hw2/n15/.kismet//kismet_server_id.conf
1790658742.000 INFO: Setting server UUID 59CE02F8-BBC4-11F1-A3FD-4B49534D4554
1790658742.000 INFO: Starting Beast webserver on 0.0.0.0:2501
1790658742.000 INFO: Opened OUI file '/home/osh/kismet-install/share/kismet/kismet_manuf.txt.gz
1790658742.000 INFO: Indexing manufacturer db
1790658742.003 INFO: Completed indexing manufacturer db, 38959 lines and 780 indexes.
1790658742.009 INFO: Saving devices to the Kismet database log every 30 seconds
1790658742.015 INFO: Using default rates of 10/min, 1/sec for alert 'DEVICEFOUND'
1790658742.015 INFO: Using default rates of 10/min, 1/sec for alert 'DEVICELOST'
1790658742.015 INFO: Registering support for DLT_PPI packet header decoding
1790658742.015 INFO: Registering support for DLT_RADIOTAP packet header decoding
1790658742.015 INFO: Registering support for DLT_BTLE_RADIO packet header decoding
1790658742.018 INFO: Using default rates of 10/min, 1/sec for alert 'BADFIXLENIE'
1790658742.018 INFO: PHY80211 will only process AP signal levels from beacons
1790658742.018 INFO: Allowing Kismet clients to view WEP keys
1790658742.019 DEBUG: ssid canary FooCanary:ssid="FoobarCanary"
1790658742.019 DEBUG: ssid canary FooCanart2:ssid="(?i:foobarcanary)"
1790658742.019 INFO: Keeping EAPOL packets in memory for easy download and WIDS functionality; this can use more RAM.
1790658742.022 INFO: Registered PHY handler 'IEEE802.11' as ID 0
1790658742.024 INFO: Registered PHY handler 'RFSENSOR' as ID 1
1790658742.025 INFO: Registered PHY handler 'Z-Wave' as ID 2
1790658742.026 INFO: Registered PHY handler 'Bluetooth' as ID 3
1790658742.026 DEBUG: reserve_fields home id 538 app id 539
1790658742.028 INFO: Registered PHY handler 'UAV' as ID 4
1790658742.029 INFO: Registered PHY handler 'NrfMousejack' as ID 5
1790658742.029 ERROR: Tried to re-register duplicate alert FLIPPERZERO
1790658742.030 INFO: Registered PHY handler 'BTLE' as ID 6
1790658742.031 INFO: Registered PHY handler 'METER' as ID 7
1790658742.032 INFO: Indexing ADSB ICAO db
1790658742.294 INFO: Completed indexing ADSB ICAO db, 341068 lines 6822 indexes
1790658742.295 INFO: Registered PHY handler 'ADSB' as ID 8
1790658742.296 INFO: Registered PHY handler '802.15.4' as ID 9
1790658742.298 INFO: Registered PHY handler 'RADIATION' as ID 10
1790658742.304 INFO: (HTTPD) Could not read session data file, skipping loading saved sessions.
1790658742.304 INFO: Serving static file content from /home/osh/kismet-install/share/kismet/httpd/
1790658742.305 INFO: Enabling channel hopping by default on sources which support channel control.
1790658742.305 INFO: Setting default channel hop rate to 5/sec
1790658742.305 INFO: Enabling channel list splitting on sources which share the same list of channels
1790658742.305 INFO: Enabling channel list shuffling to optimize overlaps
1790658742.305 INFO: Sources will be re-opened if they encounter an error
1790658742.305 INFO: Saving datasources to the Kismet database log every 30 seconds
1790658742.305 INFO: Launching remote capture server on 127.0.0.1 3501
1790658742.308 INFO: Data sources passed on the command line (via -c source), ignoring source= definitions in the Kismet config file.
1790658742.311 ALERT: LOGDISABLED Logging has been disabled via the Kismet config files or the command line.  Pcap, database, and related logs will not be saved.
1790658742.311 INFO: Logging disabled, not enabling any log drivers.
1790658742.311 INFO: GPS track will be logged to the Kismet logfile
1790658742.312 INFO: Starting Kismet web server...
1790658742.312 INFO: HTTP server listening on 0.0.0.0:2501
1790658742.315 INFO: Could not open system plugin directory (/home/osh/kismet-install/lib/kismet/), skipping: No such file or directory
1790658742.315 INFO: Did not find a user plugin directory (/tmp/hw2/n15/.kismet//plugins/), skipping: No such file or directory
1790658742.335 INFO: Data source 'esp32c5:device=/dev/pts/1,type=esp32c5,name=silent' launched successfully
1790658748.403 INFO: silent: no answer, reconnecting
1790658757.405 ERROR: Data source 'silent / esp32c5:device=/dev/pts/1,name=silent,type=esp32c5' ('esp32c5') encountered an error: IPC connection closed
1790658757.405 ALERT: SOURCEERROR Source silent (E5C50001-0000-0000-0000-C9B0E658C827) has encountered an error (IPC connection closed) Kismet will attempt to re-open the source in 5 seconds.  (1 failures)
1790658757.405 ERROR: Source silent (E5C50001-0000-0000-0000-C9B0E658C827) has encountered an error (IPC connection closed) Kismet will attempt to re-open the source in 5 seconds.  (1 failures)
1790658762.501 INFO: Attempting to re-open source silent
1790658762.552 ALERT: SOURCEOPEN Source silent (E5C50001-0000-0000-0000-C9B0E658C827) successfully re-opened
1790658766.819 
1790658766.819 *** KISMET IS SHUTTING DOWN ***
1790658766.820 Shutting down plugins...
1790658766.820 FATAL: Remote side closed read pipe
1790658766.820 WARNING: Kismet changes the configuration of network devices.
1790658766.820          In most cases you will need to restart networking for
1790658766.820          your interface (varies per distribution and OS), but 
1790658766.820          typically one of:
1790658766.820          sudo service networking restart
1790658766.820          sudo /etc/init.d/networking restart
1790658766.820          or
1790658766.820          nmcli device set [device] managed true
1790658766.820 
1790658766.820 Kismet exiting.
1790658766.820 EXITING: Signal service thread complete.
1790658766.824 KISMET_EXIT=0
