1790657679.122 INFO: Including sub-config file: /tmp/hw2/etc-wrap/kismet_httpd.conf
1790657679.122 INFO: Including sub-config file: /tmp/hw2/etc-wrap/kismet_memory.conf
1790657679.122 INFO: Including sub-config file: /tmp/hw2/etc-wrap/kismet_alerts.conf
1790657679.122 INFO: Including sub-config file: /tmp/hw2/etc-wrap/kismet_80211.conf
1790657679.122 INFO: Including sub-config file: /tmp/hw2/etc-wrap/kismet_logging.conf
1790657679.122 INFO: Including sub-config file: /tmp/hw2/etc-wrap/kismet_filter.conf
1790657679.122 INFO: Including sub-config file: /tmp/hw2/etc-wrap/kismet_uav.conf
1790657679.122 INFO: Loading config override file '/tmp/hw2/etc-wrap/kismet_package.conf'
1790657679.122 INFO: Optional sub-config file not present: /tmp/hw2/etc-wrap/kismet_package.conf
1790657679.122 INFO: Loading config override file '/tmp/hw2/etc-wrap/kismet_site.conf'
1790657679.122 INFO: Loading optional sub-config file: /tmp/hw2/etc-wrap/kismet_site.conf
1790657679.122 INFO: Generated server UUID E047C024-BBC1-11F1-B498-4B49534D4554 and storing in /tmp/hw2/n1b/.kismet//kismet_server_id.conf
1790657679.122 INFO: Setting server UUID E047C024-BBC1-11F1-B498-4B49534D4554
1790657679.122 INFO: Starting Beast webserver on 0.0.0.0:2501
1790657679.122 INFO: Opened OUI file '/home/osh/kismet-install/share/kismet/kismet_manuf.txt.gz
1790657679.122 INFO: Indexing manufacturer db
1790657679.124 INFO: Completed indexing manufacturer db, 38959 lines and 780 indexes.
1790657679.130 INFO: Saving devices to the Kismet database log every 30 seconds
1790657679.135 INFO: Using default rates of 10/min, 1/sec for alert 'DEVICEFOUND'
1790657679.136 INFO: Using default rates of 10/min, 1/sec for alert 'DEVICELOST'
1790657679.136 INFO: Registering support for DLT_PPI packet header decoding
1790657679.136 INFO: Registering support for DLT_RADIOTAP packet header decoding
1790657679.136 INFO: Registering support for DLT_BTLE_RADIO packet header decoding
1790657679.139 INFO: Using default rates of 10/min, 1/sec for alert 'BADFIXLENIE'
1790657679.139 INFO: PHY80211 will only process AP signal levels from beacons
1790657679.139 INFO: Allowing Kismet clients to view WEP keys
1790657679.140 DEBUG: ssid canary FooCanary:ssid="FoobarCanary"
1790657679.140 DEBUG: ssid canary FooCanart2:ssid="(?i:foobarcanary)"
1790657679.140 INFO: Keeping EAPOL packets in memory for easy download and WIDS functionality; this can use more RAM.
1790657679.143 INFO: Registered PHY handler 'IEEE802.11' as ID 0
1790657679.144 INFO: Registered PHY handler 'RFSENSOR' as ID 1
1790657679.145 INFO: Registered PHY handler 'Z-Wave' as ID 2
1790657679.147 INFO: Registered PHY handler 'Bluetooth' as ID 3
1790657679.147 DEBUG: reserve_fields home id 538 app id 539
1790657679.149 INFO: Registered PHY handler 'UAV' as ID 4
1790657679.150 INFO: Registered PHY handler 'NrfMousejack' as ID 5
1790657679.150 ERROR: Tried to re-register duplicate alert FLIPPERZERO
1790657679.151 INFO: Registered PHY handler 'BTLE' as ID 6
1790657679.152 INFO: Registered PHY handler 'METER' as ID 7
1790657679.153 INFO: Indexing ADSB ICAO db
1790657679.412 INFO: Completed indexing ADSB ICAO db, 341068 lines 6822 indexes
1790657679.414 INFO: Registered PHY handler 'ADSB' as ID 8
1790657679.415 INFO: Registered PHY handler '802.15.4' as ID 9
1790657679.416 INFO: Registered PHY handler 'RADIATION' as ID 10
1790657679.422 INFO: (HTTPD) Could not read session data file, skipping loading saved sessions.
1790657679.422 INFO: Serving static file content from /home/osh/kismet-install/share/kismet/httpd/
1790657679.423 INFO: Enabling channel hopping by default on sources which support channel control.
1790657679.423 INFO: Setting default channel hop rate to 5/sec
1790657679.423 INFO: Enabling channel list splitting on sources which share the same list of channels
1790657679.423 INFO: Enabling channel list shuffling to optimize overlaps
1790657679.423 INFO: Sources will be re-opened if they encounter an error
1790657679.423 INFO: Saving datasources to the Kismet database log every 30 seconds
1790657679.423 INFO: Launching remote capture server on 127.0.0.1 3501
1790657679.426 INFO: Data sources passed on the command line (via -c source), ignoring source= definitions in the Kismet config file.
1790657679.426 INFO: Probing interface 'esp32c5btle-ttyACM3' to find datasource type
1790657679.428 ALERT: LOGDISABLED Logging has been disabled via the Kismet config files or the command line.  Pcap, database, and related logs will not be saved.
1790657679.428 INFO: Logging disabled, not enabling any log drivers.
1790657679.428 INFO: GPS track will be logged to the Kismet logfile
1790657679.429 INFO: Starting Kismet web server...
1790657679.429 INFO: HTTP server listening on 0.0.0.0:2501
1790657679.431 INFO: Could not open system plugin directory (/home/osh/kismet-install/lib/kismet/), skipping: No such file or directory
1790657679.431 INFO: Did not find a user plugin directory (/tmp/hw2/n1b/.kismet//plugins/), skipping: No such file or directory
1790657679.529 interface: esp32c5btle-ttyACM3
1790657679.549 INFO: Found type 'esp32c5' for 'esp32c5btle-ttyACM3'
1790657679.585 INFO: Data source 'esp32c5btle-ttyACM3' launched successfully
1790657681.087 INFO: esp32c5btle-ttyACM3 capturing (btle)
1790657681.093 INFO: Detected new BTLE device 03:7E:E3:48:22:BB
1790657681.096 INFO: Detected new BTLE device 48:9E:9D:9E:42:7C tcl_AC_t*ap_szkt
1790657681.101 INFO: Detected new BTLE device 20:F1:B2:B9:E5:33
1790657681.104 INFO: Detected new BTLE device 61:D0:92:1A:32:B1
1790657682.094 INFO: Detected new BTLE device 08:4A:5B:F6:11:12
1790657682.095 INFO: Detected new BTLE device 22:82:63:98:F6:BB
1790657683.592 INFO: Detected new BTLE device 2C:8E:9A:1A:F3:E0
1790657684.600 INFO: Detected new BTLE device 6D:43:E2:DE:82:70
1790657684.618 INFO: Detected new BTLE device 59:0C:C7:FD:F2:48
1790657685.116 INFO: Detected new BTLE device ED:C5:C4:84:C9:E8
1790657686.624 INFO: Detected new BTLE device 56:A8:E0:28:A3:A2
1790657688.626 INFO: Detected new BTLE device EC:65:E5:21:64:0C
1790657690.226 INFO: Detected new BTLE device 78:58:BA:33:F1:F8
1790657691.718 INFO: Detected new BTLE device C7:1D:33:BB:88:0D
1790657704.804 INFO: Detected new BTLE device D3:C3:E2:24:EF:A4
1790657705.936 
1790657705.936 *** KISMET IS SHUTTING DOWN ***
1790657705.936 Shutting down plugins...
1790657705.936 WARNING: Kismet changes the configuration of network devices.
1790657705.936          In most cases you will need to restart networking for
1790657705.936          your interface (varies per distribution and OS), but 
1790657705.936          typically one of:
1790657705.936          sudo service networking restart
1790657705.936          sudo /etc/init.d/networking restart
1790657705.936          or
1790657705.936          nmcli device set [device] managed true
1790657705.936 
1790657705.936 Kismet exiting.
1790657705.936 EXITING: Signal service thread complete.
1790657705.937 FATAL: Remote side closed read pipe
1790657705.941 KISMET_EXIT=0
