1790658911.345 INFO: Including sub-config file: /home/osh/kismet-install/etc/kismet_httpd.conf
1790658911.346 INFO: Including sub-config file: /home/osh/kismet-install/etc/kismet_memory.conf
1790658911.346 INFO: Including sub-config file: /home/osh/kismet-install/etc/kismet_alerts.conf
1790658911.346 INFO: Including sub-config file: /home/osh/kismet-install/etc/kismet_80211.conf
1790658911.346 INFO: Including sub-config file: /home/osh/kismet-install/etc/kismet_logging.conf
1790658911.346 INFO: Including sub-config file: /home/osh/kismet-install/etc/kismet_filter.conf
1790658911.346 INFO: Including sub-config file: /home/osh/kismet-install/etc/kismet_uav.conf
1790658911.346 INFO: Loading config override file '/home/osh/kismet-install/etc/kismet_package.conf'
1790658911.346 INFO: Optional sub-config file not present: /home/osh/kismet-install/etc/kismet_package.conf
1790658911.346 INFO: Loading config override file '/home/osh/kismet-install/etc/kismet_site.conf'
1790658911.346 INFO: Optional sub-config file not present: /home/osh/kismet-install/etc/kismet_site.conf
1790658911.346 INFO: Generated server UUID BEBDFBAA-BBC4-11F1-B58E-4B49534D4554 and storing in /tmp/hw2/n1d/.kismet//kismet_server_id.conf
1790658911.346 INFO: Setting server UUID BEBDFBAA-BBC4-11F1-B58E-4B49534D4554
1790658911.346 INFO: Starting Beast webserver on 0.0.0.0:2501
1790658911.346 INFO: Opened OUI file '/home/osh/kismet-install/share/kismet/kismet_manuf.txt.gz
1790658911.346 INFO: Indexing manufacturer db
1790658911.347 INFO: Completed indexing manufacturer db, 38959 lines and 780 indexes.
1790658911.353 INFO: Saving devices to the Kismet database log every 30 seconds
1790658911.358 INFO: Using default rates of 10/min, 1/sec for alert 'DEVICEFOUND'
1790658911.358 INFO: Using default rates of 10/min, 1/sec for alert 'DEVICELOST'
1790658911.359 INFO: Registering support for DLT_PPI packet header decoding
1790658911.359 INFO: Registering support for DLT_RADIOTAP packet header decoding
1790658911.359 INFO: Registering support for DLT_BTLE_RADIO packet header decoding
1790658911.362 INFO: Using default rates of 10/min, 1/sec for alert 'BADFIXLENIE'
1790658911.362 INFO: PHY80211 will only process AP signal levels from beacons
1790658911.362 INFO: Allowing Kismet clients to view WEP keys
1790658911.363 DEBUG: ssid canary FooCanary:ssid="FoobarCanary"
1790658911.363 DEBUG: ssid canary FooCanart2:ssid="(?i:foobarcanary)"
1790658911.363 INFO: Keeping EAPOL packets in memory for easy download and WIDS functionality; this can use more RAM.
1790658911.365 INFO: Registered PHY handler 'IEEE802.11' as ID 0
1790658911.367 INFO: Registered PHY handler 'RFSENSOR' as ID 1
1790658911.368 INFO: Registered PHY handler 'Z-Wave' as ID 2
1790658911.369 INFO: Registered PHY handler 'Bluetooth' as ID 3
1790658911.370 DEBUG: reserve_fields home id 538 app id 539
1790658911.372 INFO: Registered PHY handler 'UAV' as ID 4
1790658911.373 INFO: Registered PHY handler 'NrfMousejack' as ID 5
1790658911.373 ERROR: Tried to re-register duplicate alert FLIPPERZERO
1790658911.374 INFO: Registered PHY handler 'BTLE' as ID 6
1790658911.375 INFO: Registered PHY handler 'METER' as ID 7
1790658911.375 INFO: Indexing ADSB ICAO db
1790658911.637 INFO: Completed indexing ADSB ICAO db, 341068 lines 6822 indexes
1790658911.639 INFO: Registered PHY handler 'ADSB' as ID 8
1790658911.640 INFO: Registered PHY handler '802.15.4' as ID 9
1790658911.641 INFO: Registered PHY handler 'RADIATION' as ID 10
1790658911.647 INFO: (HTTPD) Could not read session data file, skipping loading saved sessions.
1790658911.647 INFO: Serving static file content from /home/osh/kismet-install/share/kismet/httpd/
1790658911.648 INFO: Enabling channel hopping by default on sources which support channel control.
1790658911.648 INFO: Setting default channel hop rate to 5/sec
1790658911.648 INFO: Enabling channel list splitting on sources which share the same list of channels
1790658911.648 INFO: Enabling channel list shuffling to optimize overlaps
1790658911.648 INFO: Sources will be re-opened if they encounter an error
1790658911.648 INFO: Saving datasources to the Kismet database log every 30 seconds
1790658911.648 INFO: Launching remote capture server on 127.0.0.1 3501
1790658911.651 INFO: No data sources defined; Kismet will not capture anything until a source is added.
1790658911.652 ALERT: LOGDISABLED Logging has been disabled via the Kismet config files or the command line.  Pcap, database, and related logs will not be saved.
1790658911.653 INFO: Logging disabled, not enabling any log drivers.
1790658911.653 INFO: GPS track will be logged to the Kismet logfile
1790658911.654 INFO: Starting Kismet web server...
1790658911.654 INFO: HTTP server listening on 0.0.0.0:2501
1790658911.656 INFO: Could not open system plugin directory (/home/osh/kismet-install/lib/kismet/), skipping: No such file or directory
1790658911.656 INFO: Did not find a user plugin directory (/tmp/hw2/n1d/.kismet//plugins/), skipping: No such file or directory
1790658911.956 INFO: New remote source esp32c5-ttyACM1 (E5C50001-0000-0000-0000-3844BEBFC910) connected
1790658911.958 INFO: esp32c5-ttyACM1 - /dev/ttyACM1 opened
1790658912.954 INFO: esp32c5-ttyACM1 - /dev/ttyACM1 capturing
1790658914.126 INFO: Detected new 802.11 Wi-Fi device 4C:2E:5E:D5:FE:E9
1790658914.390 INFO: Detected new 802.11 Wi-Fi access point 00:B8:C2:B2:AE:57
1790658914.390 INFO: 802.11 Wi-Fi device 00:B8:C2:B2:AE:57 advertising new SSID 'Mor'
1790658914.450 INFO: Detected new 802.11 Wi-Fi access point 58:FC:20:1B:D9:D0
1790658914.451 INFO: 802.11 Wi-Fi device 58:FC:20:1B:D9:D0 advertising new SSID 'Sivan'
1790658914.461 INFO: Detected new 802.11 Wi-Fi access point B0:1F:47:0D:E9:B9
1790658914.462 INFO: 802.11 Wi-Fi device B0:1F:47:0D:E9:B9 advertising new SSID 'Mor'
1790658914.619 INFO: Detected new 802.11 Wi-Fi access point 26:39:F1:AB:05:B2
1790658914.619 INFO: 802.11 Wi-Fi device 26:39:F1:AB:05:B2 advertising new SSID 'osvc-2'
1790658914.644 INFO: Detected new 802.11 Wi-Fi access point 20:F1:B2:B9:E5:33
1790658914.644 INFO: 802.11 Wi-Fi device 20:F1:B2:B9:E5:33 advertising new SSID 'SmartLife-E533'
1790658914.711 INFO: Detected new 802.11 Wi-Fi access point C8:70:23:73:DA:93
1790658914.711 INFO: 802.11 Wi-Fi device C8:70:23:73:DA:93 advertising new SSID 'cohen'
1790658914.911 INFO: Detected new 802.11 Wi-Fi access point 46:AE:30:84:36:22
1790658914.915 INFO: 802.11 Wi-Fi device 46:AE:30:84:36:22 advertising a new cloaked SSID
1790658914.959 INFO: Detected new 802.11 Wi-Fi access point 46:AE:30:84:34:B6
1790658914.959 INFO: 802.11 Wi-Fi device 46:AE:30:84:34:B6 advertising a new cloaked SSID
1790658915.214 INFO: Detected new 802.11 Wi-Fi access point 00:B8:C2:B2:AE:58
1790658915.214 INFO: 802.11 Wi-Fi device 00:B8:C2:B2:AE:58 advertising new SSID 'Mor'
1790658915.219 INFO: Detected new 802.11 Wi-Fi access point 6A:B8:C2:B2:AE:59
1790658915.219 INFO: 802.11 Wi-Fi device 6A:B8:C2:B2:AE:59 advertising a new cloaked SSID
1790658915.235 INFO: Detected new 802.11 Wi-Fi device FA:50:AF:58:56:C3
1790658916.690 INFO: Detected new 802.11 Wi-Fi access point 80:AF:CA:75:C2:23
1790658916.690 INFO: 802.11 Wi-Fi device 80:AF:CA:75:C2:23 advertising new SSID 'Cudy-C223'
1790658916.693 INFO: Detected new 802.11 Wi-Fi access point 82:AF:CA:25:C2:23
1790658916.696 INFO: 802.11 Wi-Fi device 82:AF:CA:25:C2:23 advertising a new cloaked SSID
1790658916.739 INFO: Detected new 802.11 Wi-Fi device D8:D8:E5:B0:E8:E6
1790658916.951 INFO: Detected new 802.11 Wi-Fi device 76:AE:CE:8A:51:1A
1790658916.951 INFO: Detected new 802.11 Wi-Fi device EC:C1:AB:35:22:AD
1790658916.951 INFO: Detected new 802.11 Wi-Fi device 74:FE:CE:8A:52:90
1790658917.227 INFO: Detected new 802.11 Wi-Fi access point 40:AE:30:84:34:B7
1790658917.228 INFO: 802.11 Wi-Fi device 40:AE:30:84:34:B7 advertising new SSID 'cohen42'
1790658917.230 INFO: Detected new 802.11 Wi-Fi device 40:AE:30:84:5A:14
1790658917.261 INFO: Detected new 802.11 Wi-Fi access point 46:AE:30:84:34:B7
1790658917.269 INFO: 802.11 Wi-Fi device 46:AE:30:84:34:B7 advertising a new cloaked SSID
1790658917.287 INFO: Detected new 802.11 Wi-Fi access point D2:D8:A4:DB:5E:A5
1790658917.292 INFO: 802.11 Wi-Fi device D2:D8:A4:DB:5E:A5 advertising new SSID 'Dayan'
1790658917.293 INFO: Detected new 802.11 Wi-Fi access point D2:D8:A4:DB:5E:A6
1790658917.294 INFO: 802.11 Wi-Fi device D2:D8:A4:DB:5E:A6 advertising a new cloaked SSID
1790658918.691 INFO: Detected new 802.11 Wi-Fi device FC:F5:C4:BE:0B:A5
1790658918.868 INFO: Detected new 802.11 Wi-Fi access point 40:AE:30:84:5A:16
1790658918.869 INFO: 802.11 Wi-Fi device 40:AE:30:84:5A:16 advertising new SSID 'cohen42'
1790658918.951 INFO: Detected new 802.11 Wi-Fi access point 40:AE:30:84:36:22
1790658918.952 INFO: 802.11 Wi-Fi device 40:AE:30:84:36:22 advertising new SSID 'cohen42'
1790658919.399 INFO: Detected new 802.11 Wi-Fi device 70:F7:54:55:CB:00
1790658920.616 INFO: Detected new 802.11 Wi-Fi access point CA:C9:A3:4D:96:E7
1790658920.631 INFO: 802.11 Wi-Fi device CA:C9:A3:4D:96:E7 advertising new SSID 'ESP-4D96E7'
1790658920.645 INFO: Detected new 802.11 Wi-Fi access point FA:8F:CA:6C:D1:65
1790658920.647 INFO: 802.11 Wi-Fi device FA:8F:CA:6C:D1:65 advertising new SSID 'JBL Bar 5.1_0891.l025'
1790658920.655 INFO: Detected new 802.11 Wi-Fi device 1C:57:3E:97:75:73
1790658921.026 INFO: Detected new 802.11 Wi-Fi device 46:AE:30:84:5A:16
1790658921.026 INFO: Detected new 802.11 Wi-Fi device 20:15:DE:A1:04:FB
1790658921.047 INFO: Detected new 802.11 Wi-Fi device B0:1F:47:17:AF:4A
1790658921.053 INFO: Detected new 802.11 Wi-Fi access point 40:AE:30:84:34:B6
1790658921.054 INFO: 802.11 Wi-Fi device 40:AE:30:84:34:B6 advertising new SSID 'cohen42'
1790658921.067 INFO: Detected new 802.11 Wi-Fi device A8:DB:03:42:DE:68
1790658921.072 INFO: 802.11 Wi-Fi device 40:AE:30:84:34:B6 advertising new SSID 'cohen42'
1790658921.072 INFO: 802.11 Wi-Fi device 40:AE:30:84:5A:16 advertising new SSID 'cohen42'
1790658921.072 INFO: 802.11 Wi-Fi device 46:AE:30:84:5A:16 advertising a new cloaked SSID
1790658923.006 INFO: Detected new 802.11 Wi-Fi device 4A:78:9B:A3:A7:D6
1790658929.067 INFO: 802.11 Wi-Fi device CA:C9:A3:4D:96:E7 advertising new SSID 'ESP-4D96E7'
1790658929.067 INFO: Detected new 802.11 Wi-Fi device 1E:A9:12:70:FF:39
1790658929.170 INFO: Detected new 802.11 Wi-Fi device A8:42:A1:B2:27:77
1790658929.170 INFO: Detected new 802.11 Wi-Fi device D4:E8:53:00:37:6A
1790658929.236 INFO: Detected new 802.11 Wi-Fi device 00:B8:C2:B2:AE:4E
1790658929.239 INFO: Detected new 802.11 Wi-Fi device B0:1F:47:10:E2:62
1790658933.525 ERROR: Data source 'esp32c5-ttyACM1 / esp32c5-ttyACM1' ('esp32c5-ttyACM1') encountered an error: websocket connection closed
1790658933.660 
1790658933.660 *** KISMET IS SHUTTING DOWN ***
1790658933.660 Shutting down plugins...
1790658933.660 WARNING: Kismet changes the configuration of network devices.
1790658933.660          In most cases you will need to restart networking for
1790658933.660          your interface (varies per distribution and OS), but 
1790658933.660          typically one of:
1790658933.660          sudo service networking restart
1790658933.660          sudo /etc/init.d/networking restart
1790658933.660          or
1790658933.660          nmcli device set [device] managed true
1790658933.660 
1790658933.660 Kismet exiting.
1790658933.660 EXITING: Signal service thread complete.
1790658933.665 KISMET_EXIT=0
