08:15:11 INFO: esp32c5-ttyACM1: connected, offering it to Kismet as E5C50001-0000-0000-0000-3844BEBFC910
08:15:11 DEBUG: -> KDS_NEWSOURCE, 86 bytes
08:15:11 DEBUG: <- KDS_OPENREQ seqno 1
08:15:11 INFO: esp32c5-ttyACM1: opening /dev/ttyACM1 for wifi
08:15:11 INFO: /dev/ttyACM1 opened
08:15:11 DEBUG: -> KDS_OPENREPORT, 294 bytes
08:15:11 DEBUG: -> CMD_MESSAGE, 44 bytes
08:15:11 DEBUG: <- KDS_CONFIGREQ seqno 2
08:15:11 DEBUG: -> KDS_CONFIGREPORT, 180 bytes
08:15:12 INFO: /dev/ttyACM1 capturing
08:15:12 DEBUG: -> CMD_MESSAGE, 47 bytes
08:15:17 DEBUG: -> CMD_PONG, 20 bytes
08:15:17 DEBUG: -> CMD_PONG, 20 bytes
08:15:22 DEBUG: -> CMD_PONG, 20 bytes
08:15:22 DEBUG: -> CMD_PONG, 20 bytes
08:15:27 DEBUG: -> CMD_PONG, 20 bytes
08:15:27 DEBUG: -> CMD_PONG, 20 bytes
08:15:32 DEBUG: -> CMD_PONG, 20 bytes
08:15:33 DEBUG: stop signal SIGTERM
08:15:33 INFO: stopping
08:15:33 INFO: esp32c5-ttyACM1: connection ended: stopped
