### C --version
2026.09.0-cfe427074
exit=0
### C --list idle
esp32c5 supported data sources:
    esp32c5-ttyACM0:mode=wifi (Espressif USB-Serial-JTAG (10:BD:A3:CF:05:40))
    esp32c5zigbee-ttyACM0:mode=zigbee (Espressif USB-Serial-JTAG (10:BD:A3:CF:05:40))
    esp32c5btle-ttyACM0:mode=btle (Espressif USB-Serial-JTAG (10:BD:A3:CF:05:40))
    esp32c5-ttyACM1:mode=wifi (Espressif USB-Serial-JTAG (38:44:BE:BF:C9:10))
    esp32c5zigbee-ttyACM1:mode=zigbee (Espressif USB-Serial-JTAG (38:44:BE:BF:C9:10))
    esp32c5btle-ttyACM1:mode=btle (Espressif USB-Serial-JTAG (38:44:BE:BF:C9:10))
    esp32c5-ttyACM2:mode=wifi (Espressif USB-Serial-JTAG (38:44:BE:BF:D8:0C))
    esp32c5zigbee-ttyACM2:mode=zigbee (Espressif USB-Serial-JTAG (38:44:BE:BF:D8:0C))
    esp32c5btle-ttyACM2:mode=btle (Espressif USB-Serial-JTAG (38:44:BE:BF:D8:0C))
    esp32c5-ttyACM3:mode=wifi (Espressif USB-Serial-JTAG (10:BD:A3:C8:7D:54))
    esp32c5zigbee-ttyACM3:mode=zigbee (Espressif USB-Serial-JTAG (10:BD:A3:C8:7D:54))
    esp32c5btle-ttyACM3:mode=btle (Espressif USB-Serial-JTAG (10:BD:A3:C8:7D:54))
exit=2
### C --list idle, stdout only
exit=2
### Python --list idle
/dev/ttyACM0  10:BD:A3:CF:05:40
    --source esp32c5-ttyACM0
    --source esp32c5zigbee-ttyACM0
    --source esp32c5btle-ttyACM0
/dev/ttyACM1  38:44:BE:BF:C9:10
    --source esp32c5-ttyACM1
    --source esp32c5zigbee-ttyACM1
    --source esp32c5btle-ttyACM1
/dev/ttyACM2  38:44:BE:BF:D8:0C
    --source esp32c5-ttyACM2
    --source esp32c5zigbee-ttyACM2
    --source esp32c5btle-ttyACM2
/dev/ttyACM3  10:BD:A3:C8:7D:54
    --source esp32c5-ttyACM3
    --source esp32c5zigbee-ttyACM3
    --source esp32c5btle-ttyACM3
One source per board: it captures with one radio at a time. Every ESP32 on its native USB port has this USB ID, so a board listed here need not be an ESP32-C5 sniffer.
exit=0
### Python --list idle stdout only
/dev/ttyACM0  10:BD:A3:CF:05:40
    --source esp32c5-ttyACM0
    --source esp32c5zigbee-ttyACM0
    --source esp32c5btle-ttyACM0
/dev/ttyACM1  38:44:BE:BF:C9:10
    --source esp32c5-ttyACM1
    --source esp32c5zigbee-ttyACM1
    --source esp32c5btle-ttyACM1
/dev/ttyACM2  38:44:BE:BF:D8:0C
    --source esp32c5-ttyACM2
    --source esp32c5zigbee-ttyACM2
    --source esp32c5btle-ttyACM2
/dev/ttyACM3  10:BD:A3:C8:7D:54
    --source esp32c5-ttyACM3
    --source esp32c5zigbee-ttyACM3
    --source esp32c5btle-ttyACM3
One source per board: it captures with one radio at a time. Every ESP32 on its native USB port has this USB ID, so a board listed here need not be an ESP32-C5 sniffer.
exit=0
### locks idle
2: FLOCK  ADVISORY  WRITE 6786 b3:02:397267 0 EOF
3: FLOCK  ADVISORY  WRITE 6786 b3:02:397266 0 EOF
4: FLOCK  ADVISORY  WRITE 6786 b3:02:397264 0 EOF
5: FLOCK  ADVISORY  WRITE 6786 b3:02:397263 0 EOF
6: FLOCK  ADVISORY  WRITE 6786 b3:02:397262 0 EOF
7: FLOCK  ADVISORY  WRITE 6516 b3:02:397140 0 EOF
8: FLOCK  ADVISORY  WRITE 6786 b3:02:397259 0 EOF
9: FLOCK  ADVISORY  WRITE 6786 b3:02:397243 0 EOF
cat: /home/osh/e2e/hw2/n2.out: input file is output file
