kismet up after 0.42 s pid 265728 home /tmp/hw2/n2b
0.87
### helper pid 265784: /home/osh/kismet-install/bin/kismet_cap_esp32c5 --in-fd=11 --out-fd=14 
pgrep: pattern that searches for process name longer than 15 characters will result in zero matches
Try `pgrep -f' option to match against the complete command line.
### pgrep: 
### check 6: /proc/265784/status
Uid:	1000	1000	1000	1000
Gid:	1000	1000	1000	1000
Groups:	4 20 24 27 29 44 46 60 100 102 986 988 989 992 996 1000 1001 
CapInh:	0000000000000000
CapPrm:	0000000000000000
CapEff:	0000000000000000
CapBnd:	000001ffffffffff
CapAmb:	0000000000000000
NoNewPrivs:	1
Seccomp:	0
Seccomp_filters:	0
### kismet pid 265728 status
CapInh:	0000000000000000
CapPrm:	0000000000000000
CapEff:	0000000000000000
CapBnd:	000001ffffffffff
CapAmb:	0000000000000000
NoNewPrivs:	0
### locks
  flock /dev/ttyACM0 by pid 265784 (/home/osh/kismet-install/bin/kismet_cap_esp32c5 --in-fd=11 --out-fd=14 )
### C --list while ttyACM0 held by C local source
esp32c5 supported data sources:
    esp32c5-ttyACM1:mode=wifi (Espressif USB-Serial-JTAG (38:44:BE:BF:C9:10))
    esp32c5zigbee-ttyACM1:mode=zigbee (Espressif USB-Serial-JTAG (38:44:BE:BF:C9:10))
    esp32c5btle-ttyACM1:mode=btle (Espressif USB-Serial-JTAG (38:44:BE:BF:C9:10))
    esp32c5-ttyACM2:mode=wifi (Espressif USB-Serial-JTAG (38:44:BE:BF:D8:0C))
    esp32c5zigbee-ttyACM2:mode=zigbee (Espressif USB-Serial-JTAG (38:44:BE:BF:D8:0C))
    esp32c5btle-ttyACM2:mode=btle (Espressif USB-Serial-JTAG (38:44:BE:BF:D8:0C))
    esp32c5-ttyACM3:mode=wifi (Espressif USB-Serial-JTAG (10:BD:A3:C8:7D:54))
    esp32c5zigbee-ttyACM3:mode=zigbee (Espressif USB-Serial-JTAG (10:BD:A3:C8:7D:54))
    esp32c5btle-ttyACM3:mode=btle (Espressif USB-Serial-JTAG (10:BD:A3:C8:7D:54))
exit=2
### Python --list while ttyACM0 held by C local source
/dev/ttyACM0  10:BD:A3:CF:05:40
    --source esp32c5-ttyACM0
    --source esp32c5zigbee-ttyACM0
    --source esp32c5btle-ttyACM0
/dev/ttyACM1  38:44:BE:BF:C9:10
    --source esp32c5-ttyACM1
    --source esp32c5zigbee-ttyACM1
    --source esp32c5btle-ttyACM1
/dev/ttyACM2  38:44:BE:BF:D8:0C
    --source esp32c5-ttyACM2
    --source esp32c5zigbee-ttyACM2
    --source esp32c5btle-ttyACM2
/dev/ttyACM3  10:BD:A3:C8:7D:54
    --source esp32c5-ttyACM3
    --source esp32c5zigbee-ttyACM3
    --source esp32c5btle-ttyACM3
One source per board: it captures with one radio at a time. Every ESP32 on its native USB port has this USB ID, so a board listed here need not be an ESP32-C5 sniffer.
exit=0
### check 5: openers on ttyACM0 (held by C local)
esp32c5-ttyACM0 run=1 err=0 pkts=105;
os.open O_RDWR|O_NOCTTY: errno 16 EBUSY (Device or resource busy)
pyserial open exclusive=False: [Errno 16] could not open port /dev/ttyACM0: [Errno 16] Device or resource busy: '/dev/ttyACM0'
pyserial open exclusive=True: [Errno 16] could not open port /dev/ttyACM0: [Errno 16] Device or resource busy: '/dev/ttyACM0'
os.open O_RDWR|O_NOCTTY: errno 16 EBUSY (Device or resource busy)
pyserial open exclusive=False: [Errno 16] could not open port /dev/serial/by-id/usb-Espressif_USB_JTAG_serial_debug_unit_10:BD:A3:CF:05:40-if00: [Errno 16] Device or resource busy: '/dev/serial/by-id/usb-Espressif_USB_JTAG_serial_debug_unit_10:BD:A3:CF:05:40-if00'
pyserial open exclusive=True: [Errno 16] could not open port /dev/serial/by-id/usb-Espressif_USB_JTAG_serial_debug_unit_10:BD:A3:CF:05:40-if00: [Errno 16] Device or resource busy: '/dev/serial/by-id/usb-Espressif_USB_JTAG_serial_debug_unit_10:BD:A3:CF:05:40-if00'
### esptool read-mac on by-id of ttyACM0
esptool v5.4.0
Serial port /dev/serial/by-id/usb-Espressif_USB_JTAG_serial_debug_unit_10:BD:A3:CF:05:40-if00:

ERROR: A fatal error occurred: Could not open /dev/serial/by-id/usb-Espressif_USB_JTAG_serial_debug_unit_10:BD:A3:CF:05:40-if00, the port is busy or doesn't exist.
([Errno 16] could not open port /dev/serial/by-id/usb-Espressif_USB_JTAG_serial_debug_unit_10:BD:A3:CF:05:40-if00: [Errno 16] Device or resource busy: '/dev/serial/by-id/usb-Espressif_USB_JTAG_serial_debug_unit_10:BD:A3:CF:05:40-if00')

esptool exit=2
### after esptool
esp32c5-ttyACM0 run=1 err=0 pkts=156;
esp32c5-ttyACM0              run=1 err=0 rem=0 pkts=156     ch=6    hop=1 rate=5 off=0 nch=42 pid=265784 uuid=E5C50001-0000-0000-0000-10BDA3CF0540 hw=Espressif USB-Serial-JTAG (10:BD:A3:CF:05:40) capi
### Python remote on ttyACM1 (second holder)
1.25
### locks
  flock /dev/ttyACM0 by pid 265784 (/home/osh/kismet-install/bin/kismet_cap_esp32c5 --in-fd=11 --out-fd=14 )
  flock /dev/ttyACM1 by pid 265929 (/home/osh/esp32c5-venv/bin/python -m esp32c5_kismet.remote --connect 127.0.0.1:2)
### C --list while ttyACM0 (C local) and ttyACM1 (Python remote) held
esp32c5 supported data sources:
    esp32c5-ttyACM2:mode=wifi (Espressif USB-Serial-JTAG (38:44:BE:BF:D8:0C))
    esp32c5zigbee-ttyACM2:mode=zigbee (Espressif USB-Serial-JTAG (38:44:BE:BF:D8:0C))
    esp32c5btle-ttyACM2:mode=btle (Espressif USB-Serial-JTAG (38:44:BE:BF:D8:0C))
    esp32c5-ttyACM3:mode=wifi (Espressif USB-Serial-JTAG (10:BD:A3:C8:7D:54))
    esp32c5zigbee-ttyACM3:mode=zigbee (Espressif USB-Serial-JTAG (10:BD:A3:C8:7D:54))
    esp32c5btle-ttyACM3:mode=btle (Espressif USB-Serial-JTAG (10:BD:A3:C8:7D:54))
exit=2
### Python --list, same
/dev/ttyACM0  10:BD:A3:CF:05:40
    --source esp32c5-ttyACM0
    --source esp32c5zigbee-ttyACM0
    --source esp32c5btle-ttyACM0
/dev/ttyACM1  38:44:BE:BF:C9:10
    --source esp32c5-ttyACM1
    --source esp32c5zigbee-ttyACM1
    --source esp32c5btle-ttyACM1
/dev/ttyACM2  38:44:BE:BF:D8:0C
    --source esp32c5-ttyACM2
    --source esp32c5zigbee-ttyACM2
    --source esp32c5btle-ttyACM2
/dev/ttyACM3  10:BD:A3:C8:7D:54
    --source esp32c5-ttyACM3
    --source esp32c5zigbee-ttyACM3
    --source esp32c5btle-ttyACM3
One source per board: it captures with one radio at a time. Every ESP32 on its native USB port has this USB ID, so a board listed here need not be an ESP32-C5 sniffer.
exit=0
### openers on ttyACM1 (held by Python remote)
os.open O_RDWR|O_NOCTTY: errno 16 EBUSY (Device or resource busy)
pyserial open exclusive=False: [Errno 16] could not open port /dev/ttyACM1: [Errno 16] Device or resource busy: '/dev/ttyACM1'
pyserial open exclusive=True: [Errno 16] could not open port /dev/ttyACM1: [Errno 16] Device or resource busy: '/dev/ttyACM1'
### esptool read-mac on by-id of ttyACM1
esptool v5.4.0
Serial port /dev/serial/by-id/usb-Espressif_USB_JTAG_serial_debug_unit_38:44:BE:BF:C9:10-if00:

ERROR: A fatal error occurred: Could not open /dev/serial/by-id/usb-Espressif_USB_JTAG_serial_debug_unit_38:44:BE:BF:C9:10-if00, the port is busy or doesn't exist.
([Errno 16] could not open port /dev/serial/by-id/usb-Espressif_USB_JTAG_serial_debug_unit_38:44:BE:BF:C9:10-if00: [Errno 16] Device or resource busy: '/dev/serial/by-id/usb-Espressif_USB_JTAG_serial_debug_unit_38:44:BE:BF:C9:10-if00')

esptool exit=2
esp32c5-ttyACM0 run=1 err=0 pkts=245;esp32c5-ttyACM1 run=1 err=0 pkts=33;
### Python remote --source esp32c5-ttyACM0 (board held by the C local source), 15 s
t+1 esp32c5-ttyACM0 run=0 err=0 pkts=245;esp32c5-ttyACM1 run=1 err=0 pkts=42;
t+2 esp32c5-ttyACM0 run=0 err=0 pkts=245;esp32c5-ttyACM1 run=1 err=0 pkts=85;
t+3 esp32c5-ttyACM0 run=0 err=0 pkts=245;esp32c5-ttyACM1 run=1 err=0 pkts=92;
t+4 esp32c5-ttyACM0 run=0 err=0 pkts=245;esp32c5-ttyACM1 run=1 err=0 pkts=104;
t+5 esp32c5-ttyACM0 run=1 err=0 pkts=264;esp32c5-ttyACM1 run=1 err=0 pkts=104;
t+6 esp32c5-ttyACM0 run=1 err=0 pkts=279;esp32c5-ttyACM1 run=1 err=0 pkts=138;
t+7 esp32c5-ttyACM0 run=1 err=0 pkts=345;esp32c5-ttyACM1 run=1 err=0 pkts=146;
t+8 esp32c5-ttyACM0 run=1 err=0 pkts=348;esp32c5-ttyACM1 run=1 err=0 pkts=265;
t+9 esp32c5-ttyACM0 run=1 err=0 pkts=392;esp32c5-ttyACM1 run=1 err=0 pkts=267;
t+10 esp32c5-ttyACM0 run=1 err=0 pkts=403;esp32c5-ttyACM1 run=1 err=0 pkts=276;
t+11 esp32c5-ttyACM0 run=1 err=0 pkts=408;esp32c5-ttyACM1 run=1 err=0 pkts=296;
t+12 esp32c5-ttyACM0 run=1 err=0 pkts=453;esp32c5-ttyACM1 run=1 err=0 pkts=299;
t+13 esp32c5-ttyACM0 run=1 err=0 pkts=477;esp32c5-ttyACM1 run=1 err=0 pkts=476;
t+14 esp32c5-ttyACM0 run=1 err=0 pkts=582;esp32c5-ttyACM1 run=1 err=0 pkts=478;
t+15 esp32c5-ttyACM0 run=1 err=0 pkts=589;esp32c5-ttyACM1 run=1 err=0 pkts=547;
python ttyACM0 helper exit=0
### its log
07:57:41 INFO: esp32c5-ttyACM0: connected, offering it to Kismet as E5C50001-0000-0000-0000-10BDA3CF0540
07:57:41 INFO: esp32c5-ttyACM0: connection ended: Connection to remote host was lost.
07:57:46 INFO: esp32c5-ttyACM0: connected, offering it to Kismet as E5C50001-0000-0000-0000-10BDA3CF0540
07:57:46 INFO: esp32c5-ttyACM0: opening /dev/ttyACM0 for wifi
07:57:46 INFO: /dev/ttyACM0 opened
07:57:47 INFO: /dev/ttyACM0 capturing
07:58:00 INFO: stopping
07:58:00 INFO: esp32c5-ttyACM0: connection ended: stopped
### sources after it stopped
esp32c5-ttyACM0              run=0 err=1 rem=1 pkts=597     ch=6    hop=1 rate=5 off=0 nch=42 pid=265784 uuid=E5C50001-0000-0000-0000-10BDA3CF0540 hw=Espressif USB-Serial-JTAG (10:BD:A3:CF:05:40) capif=/dev/ttyACM0 reaso
esp32c5-ttyACM1              run=1 err=0 rem=1 pkts=728     ch=6    hop=1 rate=5 off=21 nch=42 pid=0 uuid=E5C50001-0000-0000-0000-3844BEBFC910 hw=Espressif USB-Serial-JTAG (38:44:BE:BF:C9:10) capif=/dev/ttyACM1 reason=
### C local second source for another radio of ttyACM0 via add_source (esp32c5btle-ttyACM0)
HTTP 200
{"kismet.datasource.source_number": 3, "kismet.datasource.source_key": 2249656150, "kismet.datasource.cmd_pending": 0, "kismet.datasource.paused": 0, "kismet.datasource.ipc_binary": "kismet_cap_esp32c5", "kismet.datasource.ipc_pid": 266538, "kismet.datasource.running": 1, "kismet.datasource.datasource_version": "2026.09.0-cfe427074", "kismet.datasource.remote_ip": "", "kismet.datasource.remote": 0, "kismet.datasource.passive": 0, "kismet.datasource.name": "esp32c5btle-ttyACM0", "kismet.datasource.uuid": "E5C50003-0000-0000-0000-10BDA3CF0540", "kismet.datasource.definition": "esp32c5btle-ttyACM0", "kismet.datasource.interface": "esp32c5btle-ttyACM0", "kismet.datasource.capture_interface": "esp32c5-ttyACM0", "kismet.datasource.hardware": "Espressif USB-Serial-JTAG (10:BD:A3:CF:05:40)", "kismet.datasource.dlt": 256, "kismet.datasource.warning": "", "kismet.datasource.channels": ["37"], "kismet.datasource.hopping": 0, "kismet.datasource.channel": "37", "kismet.datasource.hop_rate": 0, "kismet.datasource.hop_channels": ["37"], "kismet.datasource.hop_split": 0, "kismet.datasource.hop_offset": 0, "kismet.datasource.hop_shuffle": 0, "kismet.datasource.hop_shuffle_skip": 0, "kismet.datasource.error": 0, "kismet.datasource.error_reason": "", "kismet.datasource.num_packets": 0, "kismet.datasource.num_error_packets": 0, "kismet.datasource.packets_rrd": {"kismet.common.rrd.last_time": 1790657887, "kismet.common.rrd.serial_time": 1790657887, "kismet.common.rrd.last_value": 0, "kismet.common.rrd.last_value_n1": 0, "kismet.common.rrd.minute_vec": [0, 0, 0, 0, 0, 0, 0, 0, 0, 0, 0, 0, 0, 0, 0, 0, 0, 0, 0, 0, 0, 0, 0, 0, 0, 0, 0, 0, 0, 0, 0, 0, 0, 0, 0, 0, 0, 0, 0, 0, 0, 0, 0, 0, 0, 0, 0, 0, 0, 0, 0, 0, 0, 0, 0, 0, 0, 0, 0, 0], "kismet.common.rrd.hour_vec": [0, 0, 0, 0, 0, 0, 0, 0, 0, 0, 0, 0, 0, 0, 0, 0, 0, 0, 0, 0, 0, 0, 0, 0, 0, 0, 0, 0, 0, 0, 0, 0, 0, 0, 0, 0, 0, 0, 0, 0, 0, 0, 0, 0, 0, 0, 0, 0, 0, 0, 0, 0, 0, 0, 0, 0, 0, 0, 0, 0], "kismet.common.rrd.day_vec": [0, 0, 0, 0, 0, 0, 0, 0, 0, 0, 0, 0, 0, 0, 0, 0, 0, 0, 0, 0, 0, 0, 0, 0], "kismet.common.rrd.blank_val": 0}, "kismet.datasource.packets_datasize_rrd": {"kismet.common.rrd.last_time": 1790657887, "kismet.common.rrd.serial_time": 1790657887, "kismet.common.rrd.last_value": 0, "kismet.common.rrd.last_value_n1": 0, "kismet.common.rrd.minute_vec": [0, 0, 0, 0, 0, 0, 0, 0, 0, 0, 0, 0, 0, 0, 0, 0, 0, 0, 0, 0, 0, 0, 0, 0, 0, 0, 0, 0, 0, 0, 0, 0, 0, 0, 0, 0, 0, 0, 0, 0, 0, 0, 0, 0, 0, 0, 0, 0, 0, 0, 0, 0, 0, 0, 0, 0, 0, 0, 0, 0], "kismet.common.rrd.hour_vec": [0, 0, 0, 0, 0, 0, 0, 0, 0, 0, 0, 0, 0, 0, 0, 0, 0, 0, 0, 0, 0, 0, 0, 0, 0, 0, 0, 0, 0, 0, 0, 0, 0, 0, 0, 0, 0, 0, 0, 0, 0, 0, 0, 0, 0, 0, 0, 0, 0, 0, 0, 0, 0, 0, 0, 0, 0, 0, 0, 0], "kismet.common.rrd.day_vec": [0, 0, 0, 0, 0, 0, 0, 0, 0, 0, 0, 0, 0, 0, 0, 0, 0, 0, 0, 0, 0, 0, 0, 0], "kismet.common.rrd.blank_val": 0}, "kismet.datasource.retry": 1, "kismet.datasource.retry_attempts": 0, "kismet.datasource.total_retry_attempts": 0, "kismet.datasource.info.antenna_type": "", "kismet.datasource.info.antenna_gain": 0, "kismet.datasource.info.antenna_orientation": 0, "kismet.datasource.info.antenna_beamwidth": 0, "kismet.datasource.info.amp_type": "", "kismet.datasource.info.amp_gain": 0, "kismet.datasource.linktype_override": 0, "kismet.datasource.type_driver": {"kismet.datasource.driver.type": "esp32c5", "kismet.datasource.driver.description": "ESP32-C5 sniffer board: Wi-Fi (2.4/5 GHz), 802.15.4, or BTLE advertising", "kismet.datasource.driver.probe_capable": 1, "kismet.datasource.driver.probe_ipc": 0, "kismet.datasource.driver.list_capable": 1, "kismet.datasource.driver.list_ipc": 0, "kismet.datasource.driver.local_capable": 1, "kismet.datasource.driver.local_ipc": 0, "kismet.datasource.driver.remote_capable": 1, "kismet.datasource.driver.passive_capable": 0, "kismet.datasource.driver.tuning_capable": 1, "kismet.datasource_driver.hop_capable": 1}}
esp32c5-ttyACM0              run=0 err=1 rem=1 pkts=597     ch=6    hop=1 rate=5 off=0 nch=42 pid=265784 uuid=E5C50001-0000-0000-0000-10BDA3CF0540 hw=Espressif USB-Serial-JTAG (10:BD:A3:CF:05:40) capif=/dev/ttyACM0 reason=websocket connection closed
esp32c5-ttyACM1              run=1 err=0 rem=1 pkts=761     ch=6    hop=1 rate=5 off=21 nch=42 pid=0 uuid=E5C50001-0000-0000-0000-3844BEBFC910 hw=Espressif USB-Serial-JTAG (38:44:BE:BF:C9:10) capif=/dev/ttyACM1 reason=
esp32c5btle-ttyACM0          run=1 err=0 rem=0 pkts=33      ch=37   hop=1 rate=5 off=0 nch=1 pid=266538 uuid=E5C50003-0000-0000-0000-10BDA3CF0540 hw=Espressif USB-Serial-JTAG (10:BD:A3:CF:05:40) capif=esp32c5-ttyACM0 reason=
### close_source E5C50001-0000-0000-0000-10BDA3CF0540
HTTP 200
{"kismet.datasource.source_number": 1, "kismet.datasource.source_key": 2245855060, "kismet.datasource.cmd_pending": 0, "kismet.datasource.paused": 0, "kismet.datasource.ipc_binary": "kismet_cap_esp32c5", "kismet.datasource.ipc_pid": 265784, "kismet.datasource.running": 0, "kismet.datasource.datasource_version": "esp32c5_kismet-0.1.0", "kismet.datasource.remote_ip": "WS 127.0.0.1", "kismet.datasource.remote": 1, "kismet.datasource.passive": 0, "kismet.datasource.name": "esp32c5-ttyACM0", "kismet.datasource.uuid": "E5C50001-0000-0000-0000-10BDA3CF0540", "kismet.datasource.definition": "esp32c5-ttyACM0", "kismet.datasource.interface": "esp32c5-ttyACM0", "kismet.datasource.capture_interface": "/dev/ttyACM0", "kismet.datasource.hardware": "Espressif USB-Serial-JTAG (10:BD:A3:CF:05:40)", "kismet.datasource.dlt": 127, "kismet.datasource.warning": "", "kismet.datasource.channels": ["1", "2", "3", "4", "5", "6", "7", "8", "9", "10", "11", "12", "13", "14", "36", "40", "44", "48", "52", "56", "60", "64", "100", "104", "108", "112", "116", "120", "124", "128", "132", "136", "140", "144", "149", "153", "157", "161", "165", "169", "173", "177"], "kismet.datasource.hopping": 1, "kismet.datasource.channel": "6", "kismet.datasource.hop_rate": 5, "kismet.datasource.hop_channels": ["1", "2", "3", "4", "5", "6", "7", "8", "9", "10", "11", "12", "13", "14", "36", "40", "44", "48", "52", "56", "60", "64", "100", "104", "108", "112", "116", "120", "124", "128", "132", "136", "140", "144", "149", "153", "157", "161", "165", "169", "173", "177"], "kismet.datasource.hop_split": 0, "kismet.datasource.hop_offset": 0, "kismet.datasource.hop_shuffle": 1, "kismet.datasource.hop_shuffle_skip": 4, "kismet.datasource.error": 1, "kismet.datasource.error_reason": "Source disabled", "kismet.datasource.num_packets": 597, "kismet.datasource.num_error_packets": 0, "kismet.datasource.packets_rrd": {"kismet.common.rrd.last_time": 1790657891, "kismet.common.rrd.serial_time": 1790657891, "kismet.common.rrd.last_value": 0, "kismet.common.rrd.last_value_n1": 0, "kismet.common.rrd.minute_vec": [15, 0, 0, 0, 0, 0, 0, 0, 0, 0, 0, 0, 0, 0, 0, 0, 0, 0, 0, 0, 0, 0, 0, 0, 0, 0, 0, 0, 0, 0, 0, 0, 0, 0, 105, 1, 50, 0, 76, 1, 12, 0, 0, 0, 0, 0, 0, 5, 29, 24, 42, 6, 41, 3, 13, 25, 20, 23, 106, 0], "kismet.common.rrd.hour_vec": [0, 0, 0, 0, 0, 0, 0, 0, 0, 0, 0, 0, 0, 0, 0, 0, 0, 0, 0, 0, 0, 0, 0, 0, 0, 0, 0, 0, 0, 0, 0, 0, 0, 0, 0, 0, 0, 0, 0, 0, 0, 0, 0, 0, 0, 0, 0, 0, 0, 0, 0, 0, 0, 0, 0, 0, 0, 9.7, 9.95, 0], "kismet.common.rrd.day_vec": [0, 0, 0, 0, 0.3275, 0, 0, 0, 0, 0, 0, 0, 0, 0, 0, 0, 0, 0, 0, 0, 0, 0, 0, 0], "kismet.common.rrd.blank_val": 0}, "kismet.datasource.packets_datasize_rrd": {"kismet.common.rrd.last_time": 1790657891, "kismet.common.rrd.serial_time": 1790657891, "kismet.common.rrd.last_value": 0, "kismet.common.rrd.last_value_n1": 0, "kismet.common.rrd.minute_vec": [2362, 0, 0, 0, 0, 0, 0, 0, 0, 0, 0, 0, 0, 0, 0, 0, 0, 0, 0, 0, 0, 0, 0, 0, 0, 0, 0, 0, 0, 0, 0, 0, 0, 0, 5212, 394, 7087, 0, 12881, 394, 3403, 0, 0, 0, 0, 0, 0, 200, 898, 2964, 3124, 1802, 4370, 867, 2300, 5999, 2392, 2192, 15406, 0], "kismet.common.rrd.hour_vec": [0, 0, 0, 0, 0, 0, 0, 0, 0, 0, 0, 0, 0, 0, 0, 0, 0, 0, 0, 0, 0, 0, 0, 0, 0, 0, 0, 0, 0, 0, 0, 0, 0, 0, 0, 0, 0, 0, 0, 0, 0, 0, 0, 0, 0, 0, 0, 0, 0, 0, 0, 0, 0, 0, 0, 0, 0, 1198.083333, 1237.45, 0], "kismet.common.rrd.day_vec": [0, 0, 0, 0, 40.592222, 0, 0, 0, 0, 0, 0, 0, 0, 0, 0, 0, 0, 0, 0, 0, 0, 0, 0, 0], "kismet.common.rrd.blank_val": 0}, "kismet.datasource.retry": 0, "kismet.datasource.retry_attempts": 0, "kismet.datasource.total_retry_attempts": 0, "kismet.datasource.info.antenna_type": "", "kismet.datasource.info.antenna_gain": 0, "kismet.datasource.info.antenna_orientation": 0, "kismet.datasource.info.antenna_beamwidth": 0, "kismet.datasource.info.amp_type": "", "kismet.datasource.info.amp_gain": 0, "kismet.datasource.linktype_override": 0, "kismet.datasource.type_driver": {"kismet.datasource.driver.type": "esp32c5", "kismet.datasource.driver.description": "ESP32-C5 sniffer board: Wi-Fi (2.4/5 GHz), 802.15.4, or BTLE advertising", "kismet.datasource.driver.probe_capable": 1, "kismet.datasource.driver.probe_ipc": 0, "kismet.datasource.driver.list_capable": 1, "kismet.datasource.driver.list_ipc": 0, "kismet.datasource.driver.local_capable": 1, "kismet.datasource.driver.local_ipc": 0, "kismet.datasource.driver.remote_capable": 1, "kismet.datasource.driver.passive_capable": 0, "kismet.datasource.driver.tuning_capable": 1, "kismet.datasource_driver.hop_capable": 1}}
### locks after close
  flock /dev/ttyACM0 by pid 266538 (/home/osh/kismet-install/bin/kismet_cap_esp32c5 --in-fd=13 --out-fd=16 )
  flock /dev/ttyACM1 by pid 265929 (/home/osh/esp32c5-venv/bin/python -m esp32c5_kismet.remote --connect 127.0.0.1:2)
esp32c5-ttyACM0              run=0 err=1 rem=1 pkts=597     ch=6    hop=1 rate=5 off=0 nch=42 pid=265784 uuid=E5C50001-0000-0000-0000-10BDA3CF0540 hw=Espressif USB-Serial-JTAG (10:BD:A3:CF:05:40) capi
esp32c5-ttyACM1              run=1 err=0 rem=1 pkts=782     ch=6    hop=1 rate=5 off=21 nch=42 pid=0 uuid=E5C50001-0000-0000-0000-3844BEBFC910 hw=Espressif USB-Serial-JTAG (38:44:BE:BF:C9:10) capif=/d
esp32c5btle-ttyACM0          run=1 err=0 rem=0 pkts=84      ch=37   hop=1 rate=5 off=0 nch=1 pid=266538 uuid=E5C50003-0000-0000-0000-10BDA3CF0540 hw=Espressif USB-Serial-JTAG (10:BD:A3:CF:05:40) capif
### openers on ttyACM0 after close
os.open O_RDWR|O_NOCTTY: errno 16 EBUSY (Device or resource busy)
pyserial open exclusive=False: [Errno 16] could not open port /dev/ttyACM0: [Errno 16] Device or resource busy: '/dev/ttyACM0'
pyserial open exclusive=True: [Errno 16] could not open port /dev/ttyACM0: [Errno 16] Device or resource busy: '/dev/ttyACM0'
python ttyACM1 helper exit=0
### py1 log
07:57:38 INFO: esp32c5-ttyACM1: connected, offering it to Kismet as E5C50001-0000-0000-0000-3844BEBFC910
07:57:38 INFO: esp32c5-ttyACM1: opening /dev/ttyACM1 for wifi
07:57:38 INFO: /dev/ttyACM1 opened
07:57:39 INFO: /dev/ttyACM1 capturing
07:58:13 INFO: stopping
07:58:13 INFO: esp32c5-ttyACM1: connection ended: stopped
stopped
### locks at end
