1790659034.831 INFO: Including sub-config file: /home/osh/kismet-install/etc/kismet_httpd.conf
1790659034.831 INFO: Including sub-config file: /home/osh/kismet-install/etc/kismet_memory.conf
1790659034.831 INFO: Including sub-config file: /home/osh/kismet-install/etc/kismet_alerts.conf
1790659034.831 INFO: Including sub-config file: /home/osh/kismet-install/etc/kismet_80211.conf
1790659034.831 INFO: Including sub-config file: /home/osh/kismet-install/etc/kismet_logging.conf
1790659034.831 INFO: Including sub-config file: /home/osh/kismet-install/etc/kismet_filter.conf
1790659034.831 INFO: Including sub-config file: /home/osh/kismet-install/etc/kismet_uav.conf
1790659034.831 INFO: Loading config override file '/home/osh/kismet-install/etc/kismet_package.conf'
1790659034.831 INFO: Optional sub-config file not present: /home/osh/kismet-install/etc/kismet_package.conf
1790659034.831 INFO: Loading config override file '/home/osh/kismet-install/etc/kismet_site.conf'
1790659034.831 INFO: Optional sub-config file not present: /home/osh/kismet-install/etc/kismet_site.conf
1790659034.831 INFO: Generated server UUID 085878D0-BBC5-11F1-9A13-4B49534D4554 and storing in /tmp/hw2/n2c/.kismet//kismet_server_id.conf
1790659034.831 INFO: Setting server UUID 085878D0-BBC5-11F1-9A13-4B49534D4554
1790659034.831 INFO: Starting Beast webserver on 0.0.0.0:2501
1790659034.831 INFO: Opened OUI file '/home/osh/kismet-install/share/kismet/kismet_manuf.txt.gz
1790659034.831 INFO: Indexing manufacturer db
1790659034.832 INFO: Completed indexing manufacturer db, 38959 lines and 780 indexes.
1790659034.839 INFO: Saving devices to the Kismet database log every 30 seconds
1790659034.844 INFO: Using default rates of 10/min, 1/sec for alert 'DEVICEFOUND'
1790659034.844 INFO: Using default rates of 10/min, 1/sec for alert 'DEVICELOST'
1790659034.845 INFO: Registering support for DLT_PPI packet header decoding
1790659034.845 INFO: Registering support for DLT_RADIOTAP packet header decoding
1790659034.845 INFO: Registering support for DLT_BTLE_RADIO packet header decoding
1790659034.848 INFO: Using default rates of 10/min, 1/sec for alert 'BADFIXLENIE'
1790659034.848 INFO: PHY80211 will only process AP signal levels from beacons
1790659034.848 INFO: Allowing Kismet clients to view WEP keys
1790659034.849 DEBUG: ssid canary FooCanary:ssid="FoobarCanary"
1790659034.849 DEBUG: ssid canary FooCanart2:ssid="(?i:foobarcanary)"
1790659034.849 INFO: Keeping EAPOL packets in memory for easy download and WIDS functionality; this can use more RAM.
1790659034.851 INFO: Registered PHY handler 'IEEE802.11' as ID 0
1790659034.853 INFO: Registered PHY handler 'RFSENSOR' as ID 1
1790659034.854 INFO: Registered PHY handler 'Z-Wave' as ID 2
1790659034.855 INFO: Registered PHY handler 'Bluetooth' as ID 3
1790659034.856 DEBUG: reserve_fields home id 538 app id 539
1790659034.858 INFO: Registered PHY handler 'UAV' as ID 4
1790659034.859 INFO: Registered PHY handler 'NrfMousejack' as ID 5
1790659034.859 ERROR: Tried to re-register duplicate alert FLIPPERZERO
1790659034.860 INFO: Registered PHY handler 'BTLE' as ID 6
1790659034.861 INFO: Registered PHY handler 'METER' as ID 7
1790659034.862 INFO: Indexing ADSB ICAO db
1790659035.122 INFO: Completed indexing ADSB ICAO db, 341068 lines 6822 indexes
1790659035.124 INFO: Registered PHY handler 'ADSB' as ID 8
1790659035.125 INFO: Registered PHY handler '802.15.4' as ID 9
1790659035.126 INFO: Registered PHY handler 'RADIATION' as ID 10
1790659035.132 INFO: (HTTPD) Could not read session data file, skipping loading saved sessions.
1790659035.132 INFO: Serving static file content from /home/osh/kismet-install/share/kismet/httpd/
1790659035.133 INFO: Enabling channel hopping by default on sources which support channel control.
1790659035.133 INFO: Setting default channel hop rate to 5/sec
1790659035.133 INFO: Enabling channel list splitting on sources which share the same list of channels
1790659035.133 INFO: Enabling channel list shuffling to optimize overlaps
1790659035.133 INFO: Sources will be re-opened if they encounter an error
1790659035.133 INFO: Saving datasources to the Kismet database log every 30 seconds
1790659035.133 INFO: Launching remote capture server on 127.0.0.1 3501
1790659035.136 INFO: Data sources passed on the command line (via -c source), ignoring source= definitions in the Kismet config file.
1790659035.136 INFO: Probing interface 'esp32c5-ttyACM0' to find datasource type
1790659035.138 ALERT: LOGDISABLED Logging has been disabled via the Kismet config files or the command line.  Pcap, database, and related logs will not be saved.
1790659035.138 INFO: Logging disabled, not enabling any log drivers.
1790659035.138 INFO: GPS track will be logged to the Kismet logfile
1790659035.139 INFO: Starting Kismet web server...
1790659035.139 INFO: HTTP server listening on 0.0.0.0:2501
1790659035.141 INFO: Could not open system plugin directory (/home/osh/kismet-install/lib/kismet/), skipping: No such file or directory
1790659035.141 INFO: Did not find a user plugin directory (/tmp/hw2/n2c/.kismet//plugins/), skipping: No such file or directory
1790659035.236 interface: esp32c5-ttyACM0
1790659035.239 INFO: Probing interface 'esp32c5-ttyACM1' to find datasource type
1790659035.247 INFO: Found type 'esp32c5' for 'esp32c5-ttyACM0'
1790659035.292 INFO: Data source 'esp32c5-ttyACM0' launched successfully
1790659035.340 INFO: Probing interface 'esp32c5-ttyACM2' to find datasource type
1790659035.352 interface: esp32c5-ttyACM1
1790659035.352 INFO: Found type 'esp32c5' for 'esp32c5-ttyACM1'
1790659035.386 INFO: Splitting channels for interfaces using 'esp32c5' among 2 interfaces
1790659035.386 INFO: Data source 'esp32c5-ttyACM1' launched successfully
1790659035.443 INFO: Probing interface 'esp32c5-ttyACM3' to find datasource type
1790659035.448 interface: esp32c5-ttyACM2
1790659035.451 INFO: Found type 'esp32c5' for 'esp32c5-ttyACM2'
1790659035.473 INFO: Splitting channels for interfaces using 'esp32c5' among 3 interfaces
1790659035.477 INFO: Data source 'esp32c5-ttyACM2' launched successfully
1790659035.547 interface: esp32c5-ttyACM3
1790659035.550 INFO: Found type 'esp32c5' for 'esp32c5-ttyACM3'
1790659035.569 INFO: Splitting channels for interfaces using 'esp32c5' among 4 interfaces
1790659035.569 INFO: Data source 'esp32c5-ttyACM3' launched successfully
1790659036.569 INFO: esp32c5-ttyACM1 capturing (wifi)
1790659036.569 INFO: esp32c5-ttyACM0 capturing (wifi)
1790659037.070 INFO: esp32c5-ttyACM2 capturing (wifi)
1790659037.071 INFO: esp32c5-ttyACM3 capturing (wifi)
1790659037.079 INFO: Detected new 802.11 Wi-Fi device A8:DB:03:42:DE:68
1790659037.088 INFO: Detected new 802.11 Wi-Fi access point 00:B8:C2:B2:AE:57
1790659037.089 INFO: 802.11 Wi-Fi device 00:B8:C2:B2:AE:57 advertising new SSID 'Mor'
1790659037.089 INFO: Detected new 802.11 Wi-Fi device 80:AF:CA:F9:F7:3E
1790659037.089 INFO: 802.11 Wi-Fi device 00:B8:C2:B2:AE:57 advertising new SSID 'Mor'
1790659037.097 INFO: Detected new 802.11 Wi-Fi access point 40:AE:30:84:36:22
1790659037.097 INFO: 802.11 Wi-Fi device 40:AE:30:84:36:22 advertising new SSID 'cohen42'
1790659037.574 INFO: Detected new 802.11 Wi-Fi access point B0:1F:47:0D:E9:B9
1790659037.574 INFO: 802.11 Wi-Fi device B0:1F:47:0D:E9:B9 advertising new SSID 'Mor'
1790659037.576 INFO: Detected new 802.11 Wi-Fi access point CA:C9:A3:4D:96:E7
1790659037.581 INFO: 802.11 Wi-Fi device CA:C9:A3:4D:96:E7 advertising new SSID 'ESP-4D96E7'
1790659037.601 INFO: Detected new 802.11 Wi-Fi access point 00:B8:C2:B2:AE:58
1790659037.601 INFO: 802.11 Wi-Fi device 00:B8:C2:B2:AE:58 advertising new SSID 'Mor'
1790659037.606 INFO: Detected new 802.11 Wi-Fi access point C8:70:23:73:DA:93
1790659037.606 INFO: 802.11 Wi-Fi device C8:70:23:73:DA:93 advertising new SSID 'cohen'
1790659037.606 INFO: Detected new 802.11 Wi-Fi access point 6A:B8:C2:B2:AE:59
1790659037.606 INFO: 802.11 Wi-Fi device 6A:B8:C2:B2:AE:59 advertising a new cloaked SSID
1790659037.606 INFO: Detected new 802.11 Wi-Fi access point 26:39:F1:AB:05:B2
1790659037.606 INFO: 802.11 Wi-Fi device 26:39:F1:AB:05:B2 advertising new SSID 'osvc-2'
1790659037.614 INFO: Detected new 802.11 Wi-Fi access point 46:AE:30:84:34:B6
1790659037.614 INFO: 802.11 Wi-Fi device 46:AE:30:84:34:B6 advertising a new cloaked SSID
1790659037.614 INFO: Detected new 802.11 Wi-Fi access point 40:AE:30:84:5A:16
1790659037.614 INFO: 802.11 Wi-Fi device 40:AE:30:84:5A:16 advertising new SSID 'cohen42'
1790659037.616 INFO: Detected new 802.11 Wi-Fi access point 20:F1:B2:B9:E5:33
1790659037.616 INFO: 802.11 Wi-Fi device 20:F1:B2:B9:E5:33 advertising new SSID 'SmartLife-E533'
1790659037.616 INFO: Detected new 802.11 Wi-Fi access point 46:AE:30:84:36:22
1790659037.616 INFO: 802.11 Wi-Fi device 46:AE:30:84:36:22 advertising a new cloaked SSID
1790659038.077 INFO: Detected new 802.11 Wi-Fi access point F4:5E:AB:98:45:A6
1790659038.078 INFO: 802.11 Wi-Fi device F4:5E:AB:98:45:A6 advertising new SSID 'WiFiER9845a6'
1790659038.087 INFO: Detected new 802.11 Wi-Fi access point 94:E3:6D:81:A3:FF
1790659038.088 INFO: 802.11 Wi-Fi device 94:E3:6D:81:A3:FF advertising new SSID 'ELRSSID81A3FF'
1790659038.092 INFO: Detected new 802.11 Wi-Fi device FA:50:AF:58:56:C3
1790659038.105 INFO: Detected new 802.11 Wi-Fi access point 40:AE:30:84:34:B6
1790659038.105 INFO: 802.11 Wi-Fi device 40:AE:30:84:34:B6 advertising new SSID 'cohen42'
1790659038.115 INFO: Detected new 802.11 Wi-Fi device D0:CF:0E:85:DC:54
1790659038.116 INFO: Detected new 802.11 Wi-Fi access point 62:D5:ED:42:0F:E2
1790659038.116 INFO: 802.11 Wi-Fi device 62:D5:ED:42:0F:E2 advertising a new cloaked SSID
1790659038.119 INFO: Detected new 802.11 Wi-Fi access point 46:AE:30:84:5A:16
1790659038.119 INFO: 802.11 Wi-Fi device 46:AE:30:84:5A:16 advertising a new cloaked SSID
1790659038.121 INFO: Detected new 802.11 Wi-Fi device 40:AE:30:84:5A:14
1790659038.575 INFO: Detected new 802.11 Wi-Fi device 02:0D:C5:8A:6D:5D
1790659038.576 INFO: Detected new 802.11 Wi-Fi access point C8:70:23:5D:E1:B3
1790659038.577 INFO: 802.11 Wi-Fi device C8:70:23:5D:E1:B3 advertising new SSID 'cohen'
1790659038.585 INFO: Detected new 802.11 Wi-Fi device E4:5F:01:49:99:3F
1790659038.591 INFO: Detected new 802.11 Wi-Fi device 20:15:DE:A1:04:FB
1790659038.592 INFO: Detected new 802.11 Wi-Fi device B0:1F:47:17:AF:4A
1790659039.075 INFO: Detected new 802.11 Wi-Fi device 4C:2E:5E:D5:FE:E9
1790659039.082 INFO: Detected new 802.11 Wi-Fi access point 42:A2:BA:65:29:F3
1790659039.082 INFO: 802.11 Wi-Fi device 42:A2:BA:65:29:F3 advertising new SSID 'osvc-52'
1790659039.089 INFO: Detected new 802.11 Wi-Fi device FC:F5:C4:BD:9B:CD
1790659039.090 INFO: 802.11 Wi-Fi device D0:CF:0E:85:DC:54 advertising new SSID 'Kobi'
1790659039.099 INFO: Detected new 802.11 Wi-Fi device 94:83:C4:25:9E:39
1790659039.107 INFO: Detected new 802.11 Wi-Fi device 80:AF:CA:75:C2:23
1790659039.107 INFO: Detected new 802.11 Wi-Fi device 74:F8:DB:5D:D0:61
1790659039.574 INFO: Detected new 802.11 Wi-Fi device 9E:8A:9B:BA:E6:4A
1790659039.575 INFO: 802.11 Wi-Fi device 80:AF:CA:75:C2:23 advertising new SSID 'Cudy-C223'
1790659039.576 INFO: Detected new 802.11 Wi-Fi access point 46:AE:30:84:34:B7
1790659039.579 INFO: 802.11 Wi-Fi device 46:AE:30:84:34:B7 advertising a new cloaked SSID
1790659039.581 INFO: Detected new 802.11 Wi-Fi access point 40:AE:30:84:34:B7
1790659039.581 INFO: 802.11 Wi-Fi device 40:AE:30:84:34:B7 advertising new SSID 'cohen42'
1790659040.078 INFO: Detected new 802.11 Wi-Fi device 02:F0:8A:BC:A6:8E
1790659040.089 INFO: Detected new 802.11 Wi-Fi device 60:D8:A4:20:6E:F0
1790659040.094 INFO: Detected new 802.11 Wi-Fi device 7A:99:E1:59:44:1C
1790659040.124 INFO: Detected new 802.11 Wi-Fi device DA:D8:E5:B0:E8:E6
1790659040.124 INFO: Detected new 802.11 Wi-Fi access point AA:D8:A4:1D:31:37
1790659040.124 INFO: 802.11 Wi-Fi device AA:D8:A4:1D:31:37 advertising new SSID 'Michal'
1790659040.128 INFO: Detected new 802.11 Wi-Fi access point D2:D8:A4:DB:5E:A6
1790659040.128 INFO: 802.11 Wi-Fi device D2:D8:A4:DB:5E:A6 advertising a new cloaked SSID
1790659040.129 INFO: Detected new 802.11 Wi-Fi access point D2:D8:A4:DB:5E:A5
1790659040.130 INFO: 802.11 Wi-Fi device D2:D8:A4:DB:5E:A5 advertising new SSID 'Dayan'
1790659040.132 INFO: Detected new 802.11 Wi-Fi access point AA:D8:A4:1D:31:38
1790659040.132 INFO: 802.11 Wi-Fi device AA:D8:A4:1D:31:38 advertising a new cloaked SSID
1790659040.304 INFO: Detected new 802.11 Wi-Fi device AA:D8:A4:1D:31:39
1790659040.304 INFO: Detected new 802.11 Wi-Fi device D8:D8:E5:A5:1B:BD
1790659040.575 INFO: 802.11 Wi-Fi device D0:CF:0E:85:DC:54 advertising new SSID 'Kobi'
1790659041.142 
1790659041.142 *** KISMET IS SHUTTING DOWN ***
1790659041.142 Shutting down plugins...
1790659041.142 WARNING: Kismet changes the configuration of network devices.
1790659041.142          In most cases you will need to restart networking for
1790659041.142          your interface (varies per distribution and OS), but 
1790659041.142          typically one of:
1790659041.142          sudo service networking restart
1790659041.142          sudo /etc/init.d/networking restart
1790659041.142          or
1790659041.142          nmcli device set [device] managed true
1790659041.142 
1790659041.142 Kismet exiting.
1790659041.143 EXITING: Signal service thread complete.
1790659041.149 KISMET_EXIT=0
