08:19:28 INFO: esp32c5zigbee-ttyACM2:channel=20,channel_hop=false: connected, offering it to Kismet as E5C50002-0000-0000-0000-3844BEBFD80C
08:19:28 DEBUG: -> KDS_NEWSOURCE, 122 bytes
08:19:28 DEBUG: <- KDS_OPENREQ seqno 1
08:19:28 INFO: esp32c5zigbee-ttyACM2:channel=20,channel_hop=false: opening /dev/ttyACM2 for zigbee
08:19:28 INFO: /dev/ttyACM2 opened
08:19:28 DEBUG: -> KDS_OPENREPORT, 211 bytes
08:19:28 DEBUG: -> CMD_MESSAGE, 44 bytes
08:19:30 INFO: /dev/ttyACM2 capturing
08:19:30 DEBUG: -> CMD_MESSAGE, 47 bytes
08:19:33 DEBUG: -> CMD_PONG, 20 bytes
08:19:39 DEBUG: -> CMD_PONG, 20 bytes
08:19:39 DEBUG: -> CMD_PONG, 20 bytes
08:19:44 DEBUG: -> CMD_PONG, 20 bytes
08:19:49 DEBUG: -> CMD_PONG, 20 bytes
08:19:49 DEBUG: -> CMD_PONG, 20 bytes
08:19:54 DEBUG: -> CMD_PONG, 20 bytes
08:19:54 DEBUG: -> CMD_PONG, 20 bytes
08:19:59 DEBUG: -> CMD_PONG, 20 bytes
08:19:59 DEBUG: stop signal SIGTERM
08:19:59 INFO: stopping
08:19:59 INFO: esp32c5zigbee-ttyACM2:channel=20,channel_hop=false: connection ended: stopped
