1790657942.956 INFO: Including sub-config file: /home/osh/kismet-install/etc/kismet_httpd.conf
1790657942.956 INFO: Including sub-config file: /home/osh/kismet-install/etc/kismet_memory.conf
1790657942.956 INFO: Including sub-config file: /home/osh/kismet-install/etc/kismet_alerts.conf
1790657942.956 INFO: Including sub-config file: /home/osh/kismet-install/etc/kismet_80211.conf
1790657942.956 INFO: Including sub-config file: /home/osh/kismet-install/etc/kismet_logging.conf
1790657942.956 INFO: Including sub-config file: /home/osh/kismet-install/etc/kismet_filter.conf
1790657942.956 INFO: Including sub-config file: /home/osh/kismet-install/etc/kismet_uav.conf
1790657942.956 INFO: Loading config override file '/home/osh/kismet-install/etc/kismet_package.conf'
1790657942.956 INFO: Optional sub-config file not present: /home/osh/kismet-install/etc/kismet_package.conf
1790657942.956 INFO: Loading config override file '/home/osh/kismet-install/etc/kismet_site.conf'
1790657942.956 INFO: Optional sub-config file not present: /home/osh/kismet-install/etc/kismet_site.conf
1790657942.956 INFO: Generated server UUID 7D897E0E-BBC2-11F1-A0B0-4B49534D4554 and storing in /tmp/hw2/n5b/.kismet//kismet_server_id.conf
1790657942.956 INFO: Setting server UUID 7D897E0E-BBC2-11F1-A0B0-4B49534D4554
1790657942.956 INFO: Starting Beast webserver on 0.0.0.0:2501
1790657942.956 INFO: Opened OUI file '/home/osh/kismet-install/share/kismet/kismet_manuf.txt.gz
1790657942.956 INFO: Indexing manufacturer db
1790657942.958 INFO: Completed indexing manufacturer db, 38959 lines and 780 indexes.
1790657942.964 INFO: Saving devices to the Kismet database log every 30 seconds
1790657942.970 INFO: Using default rates of 10/min, 1/sec for alert 'DEVICEFOUND'
1790657942.970 INFO: Using default rates of 10/min, 1/sec for alert 'DEVICELOST'
1790657942.970 INFO: Registering support for DLT_PPI packet header decoding
1790657942.970 INFO: Registering support for DLT_RADIOTAP packet header decoding
1790657942.970 INFO: Registering support for DLT_BTLE_RADIO packet header decoding
1790657942.973 INFO: Using default rates of 10/min, 1/sec for alert 'BADFIXLENIE'
1790657942.973 INFO: PHY80211 will only process AP signal levels from beacons
1790657942.973 INFO: Allowing Kismet clients to view WEP keys
1790657942.974 DEBUG: ssid canary FooCanary:ssid="FoobarCanary"
1790657942.974 DEBUG: ssid canary FooCanart2:ssid="(?i:foobarcanary)"
1790657942.974 INFO: Keeping EAPOL packets in memory for easy download and WIDS functionality; this can use more RAM.
1790657942.977 INFO: Registered PHY handler 'IEEE802.11' as ID 0
1790657942.978 INFO: Registered PHY handler 'RFSENSOR' as ID 1
1790657942.979 INFO: Registered PHY handler 'Z-Wave' as ID 2
1790657942.981 INFO: Registered PHY handler 'Bluetooth' as ID 3
1790657942.981 DEBUG: reserve_fields home id 538 app id 539
1790657942.983 INFO: Registered PHY handler 'UAV' as ID 4
1790657942.984 INFO: Registered PHY handler 'NrfMousejack' as ID 5
1790657942.984 ERROR: Tried to re-register duplicate alert FLIPPERZERO
1790657942.985 INFO: Registered PHY handler 'BTLE' as ID 6
1790657942.986 INFO: Registered PHY handler 'METER' as ID 7
1790657942.987 INFO: Indexing ADSB ICAO db
1790657943.246 INFO: Completed indexing ADSB ICAO db, 341068 lines 6822 indexes
1790657943.247 INFO: Registered PHY handler 'ADSB' as ID 8
1790657943.248 INFO: Registered PHY handler '802.15.4' as ID 9
1790657943.250 INFO: Registered PHY handler 'RADIATION' as ID 10
1790657943.256 INFO: (HTTPD) Could not read session data file, skipping loading saved sessions.
1790657943.256 INFO: Serving static file content from /home/osh/kismet-install/share/kismet/httpd/
1790657943.257 INFO: Enabling channel hopping by default on sources which support channel control.
1790657943.257 INFO: Setting default channel hop rate to 5/sec
1790657943.257 INFO: Enabling channel list splitting on sources which share the same list of channels
1790657943.257 INFO: Enabling channel list shuffling to optimize overlaps
1790657943.257 INFO: Sources will be re-opened if they encounter an error
1790657943.257 INFO: Saving datasources to the Kismet database log every 30 seconds
1790657943.257 INFO: Launching remote capture server on 127.0.0.1 3501
1790657943.260 INFO: Data sources passed on the command line (via -c source), ignoring source= definitions in the Kismet config file.
1790657943.260 INFO: Probing interface 'esp32c5-ttyACM0' to find datasource type
1790657943.261 ALERT: LOGDISABLED Logging has been disabled via the Kismet config files or the command line.  Pcap, database, and related logs will not be saved.
1790657943.261 INFO: Logging disabled, not enabling any log drivers.
1790657943.261 INFO: GPS track will be logged to the Kismet logfile
1790657943.263 INFO: Starting Kismet web server...
1790657943.263 INFO: HTTP server listening on 0.0.0.0:2501
1790657943.265 INFO: Could not open system plugin directory (/home/osh/kismet-install/lib/kismet/), skipping: No such file or directory
1790657943.265 INFO: Did not find a user plugin directory (/tmp/hw2/n5b/.kismet//plugins/), skipping: No such file or directory
1790657943.358 interface: esp32c5-ttyACM0
1790657943.369 INFO: Found type 'esp32c5' for 'esp32c5-ttyACM0'
1790657943.382 INFO: Data source 'esp32c5-ttyACM0' launched successfully
1790657944.883 INFO: esp32c5-ttyACM0 capturing (wifi)
1790657945.896 INFO: Detected new 802.11 Wi-Fi access point FA:8F:CA:6C:D1:65
1790657945.898 INFO: 802.11 Wi-Fi device FA:8F:CA:6C:D1:65 advertising new SSID 'JBL Bar 5.1_0891.l025'
1790657945.906 INFO: Detected new 802.11 Wi-Fi access point 8A:D8:E5:C7:6A:16
1790657945.908 INFO: 802.11 Wi-Fi device 8A:D8:E5:C7:6A:16 advertising new SSID 'Dayan_SH'
1790657946.395 INFO: Detected new 802.11 Wi-Fi device FC:F5:C4:BD:9B:CD
1790657946.416 INFO: Detected new 802.11 Wi-Fi device D8:78:7F:14:D0:70
1790657946.416 INFO: Detected new 802.11 Wi-Fi device AC:1C:26:64:4C:C3
1790657946.435 INFO: Detected new 802.11 Wi-Fi device 46:AE:30:84:5A:16
1790657946.435 INFO: Detected new 802.11 Wi-Fi device B0:1F:47:17:AF:4A
1790657946.435 INFO: Detected new 802.11 Wi-Fi device 40:AE:30:84:5A:16
1790657946.441 INFO: Detected new 802.11 Wi-Fi device 40:AE:30:84:34:B6
1790657946.441 INFO: Detected new 802.11 Wi-Fi access point D0:CF:0E:85:DC:54
1790657946.441 INFO: 802.11 Wi-Fi device D0:CF:0E:85:DC:54 advertising new SSID 'Kobi'
1790657946.451 INFO: Detected new 802.11 Wi-Fi device C8:70:23:5D:E1:B3
1790657946.452 INFO: 802.11 Wi-Fi device 40:AE:30:84:5A:16 advertising new SSID 'cohen42'
1790657946.459 INFO: Detected new 802.11 Wi-Fi access point 26:39:F1:AB:05:B2
1790657946.459 INFO: 802.11 Wi-Fi device 26:39:F1:AB:05:B2 advertising new SSID 'osvc-2'
1790657946.462 INFO: Detected new 802.11 Wi-Fi device C8:70:23:73:DA:93
1790657946.522 INFO: Closing source 'esp32c5-ttyACM0' (E5C50001-0000-0000-0000-10BDA3CF0540)
1790657948.084 INFO: New remote source esp32c5-ttyACM1 (E5C50001-0000-0000-0000-3844BEBFC910) connected
1790657953.302 INFO: esp32c5-ttyACM1 - esp32c5-ttyACM1 capturing (wifi)
1790657953.308 INFO: Detected new 802.11 Wi-Fi access point CA:C9:A3:4D:96:E7
1790657953.313 INFO: 802.11 Wi-Fi device CA:C9:A3:4D:96:E7 advertising new SSID 'ESP-4D96E7'
1790657953.314 INFO: Detected new 802.11 Wi-Fi access point B0:1F:47:0D:E9:B9
1790657953.314 INFO: 802.11 Wi-Fi device B0:1F:47:0D:E9:B9 advertising new SSID 'Mor'
1790657953.320 INFO: 802.11 Wi-Fi device C8:70:23:73:DA:93 advertising new SSID 'cohen'
1790657953.322 INFO: 802.11 Wi-Fi device 46:AE:30:84:5A:16 advertising a new cloaked SSID
1790657953.322 INFO: Detected new 802.11 Wi-Fi access point 00:B8:C2:B2:AE:58
1790657953.322 INFO: 802.11 Wi-Fi device 00:B8:C2:B2:AE:58 advertising new SSID 'Mor'
1790657953.326 INFO: Detected new 802.11 Wi-Fi access point 6A:B8:C2:B2:AE:59
1790657953.326 INFO: 802.11 Wi-Fi device 6A:B8:C2:B2:AE:59 advertising a new cloaked SSID
1790657953.327 INFO: Detected new 802.11 Wi-Fi access point 40:AE:30:84:36:22
1790657953.327 INFO: 802.11 Wi-Fi device 40:AE:30:84:36:22 advertising new SSID 'cohen42'
1790657953.329 INFO: Detected new 802.11 Wi-Fi access point 00:B8:C2:B2:AE:57
1790657953.329 INFO: 802.11 Wi-Fi device 00:B8:C2:B2:AE:57 advertising new SSID 'Mor'
1790657953.334 INFO: Detected new 802.11 Wi-Fi access point 20:F1:B2:B9:E5:33
1790657953.335 INFO: 802.11 Wi-Fi device 20:F1:B2:B9:E5:33 advertising new SSID 'SmartLife-E533'
1790657953.611 ERROR: Incoming remote connection for source 'E5C50001-0000-0000-0000-3844BEBFC910' matches existing source 'esp32c5-ttyACM1', which is still running.  The running instance will be closed; make sure that multiple remote captures are not running for the same source.  This may also indicate multiple remote sources with the same serial number or UUID, which may occur with rtlsdr and others.  You may need to set the uuid= parameter in your remote source definition.
1790657953.611 ERROR: Error reconnecting remote source esp32c5-ttyACM1 (E5C50001-0000-0000-0000-3844BEBFC910) - source closed
1790657958.617 INFO: Matching new remote source 'esp32c5-ttyACM1' with known source with UUID 'E5C50001-0000-0000-0000-3844BEBFC910'
1790657958.619 ERROR: Data source 'esp32c5-ttyACM1 / esp32c5-ttyACM1' ('esp32c5-ttyACM1') encountered an error: /dev/ttyACM1 is already in use by another capture (an esp32c5 source or another program holds it); a board captures with one radio at a time
1790657958.619 ERROR: Error reconnecting remote source esp32c5-ttyACM1 (E5C50001-0000-0000-0000-3844BEBFC910) - /dev/ttyACM1 is already in use by another capture (an esp32c5 source or another program holds it); a board captures with one radio at a time
1790657963.624 INFO: Matching new remote source 'esp32c5-ttyACM1' with known source with UUID 'E5C50001-0000-0000-0000-3844BEBFC910'
1790657963.626 ERROR: Data source 'esp32c5-ttyACM1 / esp32c5-ttyACM1' ('esp32c5-ttyACM1') encountered an error: /dev/ttyACM1 is already in use by another capture (an esp32c5 source or another program holds it); a board captures with one radio at a time
1790657963.626 ERROR: Error reconnecting remote source esp32c5-ttyACM1 (E5C50001-0000-0000-0000-3844BEBFC910) - /dev/ttyACM1 is already in use by another capture (an esp32c5 source or another program holds it); a board captures with one radio at a time
1790657968.632 INFO: Matching new remote source 'esp32c5-ttyACM1' with known source with UUID 'E5C50001-0000-0000-0000-3844BEBFC910'
1790657968.635 ERROR: Data source 'esp32c5-ttyACM1 / esp32c5-ttyACM1' ('esp32c5-ttyACM1') encountered an error: /dev/ttyACM1 is already in use by another capture (an esp32c5 source or another program holds it); a board captures with one radio at a time
1790657968.635 ERROR: Error reconnecting remote source esp32c5-ttyACM1 (E5C50001-0000-0000-0000-3844BEBFC910) - /dev/ttyACM1 is already in use by another capture (an esp32c5 source or another program holds it); a board captures with one radio at a time
1790657973.640 INFO: Matching new remote source 'esp32c5-ttyACM1' with known source with UUID 'E5C50001-0000-0000-0000-3844BEBFC910'
1790657973.641 ERROR: Data source 'esp32c5-ttyACM1 / esp32c5-ttyACM1' ('esp32c5-ttyACM1') encountered an error: /dev/ttyACM1 is already in use by another capture (an esp32c5 source or another program holds it); a board captures with one radio at a time
1790657973.641 ERROR: Error reconnecting remote source esp32c5-ttyACM1 (E5C50001-0000-0000-0000-3844BEBFC910) - /dev/ttyACM1 is already in use by another capture (an esp32c5 source or another program holds it); a board captures with one radio at a time
1790657978.645 INFO: Matching new remote source 'esp32c5-ttyACM1' with known source with UUID 'E5C50001-0000-0000-0000-3844BEBFC910'
1790657978.647 ERROR: Data source 'esp32c5-ttyACM1 / esp32c5-ttyACM1' ('esp32c5-ttyACM1') encountered an error: /dev/ttyACM1 is already in use by another capture (an esp32c5 source or another program holds it); a board captures with one radio at a time
1790657978.647 ERROR: Error reconnecting remote source esp32c5-ttyACM1 (E5C50001-0000-0000-0000-3844BEBFC910) - /dev/ttyACM1 is already in use by another capture (an esp32c5 source or another program holds it); a board captures with one radio at a time
1790657983.650 INFO: Matching new remote source 'esp32c5-ttyACM1' with known source with UUID 'E5C50001-0000-0000-0000-3844BEBFC910'
1790657983.652 ERROR: Data source 'esp32c5-ttyACM1 / esp32c5-ttyACM1' ('esp32c5-ttyACM1') encountered an error: /dev/ttyACM1 is already in use by another capture (an esp32c5 source or another program holds it); a board captures with one radio at a time
1790657983.652 ERROR: Error reconnecting remote source esp32c5-ttyACM1 (E5C50001-0000-0000-0000-3844BEBFC910) - /dev/ttyACM1 is already in use by another capture (an esp32c5 source or another program holds it); a board captures with one radio at a time
1790658004.774 
1790658004.774 *** KISMET IS SHUTTING DOWN ***
1790658004.774 Shutting down plugins...
1790658004.774 WARNING: Kismet changes the configuration of network devices.
1790658004.774          In most cases you will need to restart networking for
1790658004.774          your interface (varies per distribution and OS), but 
1790658004.774          typically one of:
1790658004.774          sudo service networking restart
1790658004.774          sudo /etc/init.d/networking restart
1790658004.774          or
1790658004.774          nmcli device set [device] managed true
1790658004.774 
1790658004.774 Kismet exiting.
1790658004.775 EXITING: Signal service thread complete.
1790658004.780 KISMET_EXIT=0
