kismet up after 0.43 s pid 266786 home /tmp/hw2/n5b
2.41
### (a) locks while local source runs
  flock /dev/ttyACM0 by pid 266842 (/home/osh/kismet-install/bin/kismet_cap_esp32c5 --in-fd=11 --out-fd=14 )
HTTP 200
{"kismet.datasource.source_number": 1, "kismet.datasource.source_key": 224585506
### locks after close_source
esp32c5-ttyACM0              run=0 err=1 rem=0 pkts=72      ch=6    hop=1 rate=5 off=0 nch=42 pid=266842 uuid=E5C50001-0000-0000-0000-10BDA3CF0540 hw=Espressif 
### openers after close_source
os.open O_RDWR|O_NOCTTY: OPENED (fd 3)
pyserial open exclusive=False: OPENED
pyserial open exclusive=True: OPENED
### (b) C remote helper A on ttyACM1
5.19
A pid 267032
  flock /dev/ttyACM1 by pid 267034 (/home/osh/kismet-install/bin/kismet_cap_esp32c5 --connect 127.0.0.1:2501 --source esp32c5-)
### start helper B, same source
t+1 esp32c5-ttyACM0 run=0 err=1 pkts=72;esp32c5-ttyACM1 run=0 err=0 pkts=45; A=alive B=alive
t+2 esp32c5-ttyACM0 run=0 err=1 pkts=72;esp32c5-ttyACM1 run=0 err=0 pkts=45; A=alive B=alive
t+3 esp32c5-ttyACM0 run=0 err=1 pkts=72;esp32c5-ttyACM1 run=0 err=0 pkts=45; A=alive B=alive
t+4 esp32c5-ttyACM0 run=0 err=1 pkts=72;esp32c5-ttyACM1 run=0 err=0 pkts=45; A=alive B=alive
t+5 esp32c5-ttyACM0 run=0 err=1 pkts=72;esp32c5-ttyACM1 run=0 err=1 pkts=45; A=alive B=alive
t+6 esp32c5-ttyACM0 run=0 err=1 pkts=72;esp32c5-ttyACM1 run=0 err=1 pkts=45; A=alive B=alive
t+7 esp32c5-ttyACM0 run=0 err=1 pkts=72;esp32c5-ttyACM1 run=0 err=1 pkts=45; A=alive B=alive
t+8 esp32c5-ttyACM0 run=0 err=1 pkts=72;esp32c5-ttyACM1 run=0 err=1 pkts=45; A=alive B=alive
t+9 esp32c5-ttyACM0 run=0 err=1 pkts=72;esp32c5-ttyACM1 run=0 err=1 pkts=45; A=alive B=alive
t+10 esp32c5-ttyACM0 run=0 err=1 pkts=72;esp32c5-ttyACM1 run=0 err=1 pkts=45; A=alive B=alive
t+11 esp32c5-ttyACM0 run=0 err=1 pkts=72;esp32c5-ttyACM1 run=0 err=1 pkts=45; A=alive B=alive
t+12 esp32c5-ttyACM0 run=0 err=1 pkts=72;esp32c5-ttyACM1 run=0 err=1 pkts=45; A=alive B=alive
t+13 esp32c5-ttyACM0 run=0 err=1 pkts=72;esp32c5-ttyACM1 run=0 err=1 pkts=45; A=alive B=alive
t+14 esp32c5-ttyACM0 run=0 err=1 pkts=72;esp32c5-ttyACM1 run=0 err=1 pkts=45; A=alive B=alive
t+15 esp32c5-ttyACM0 run=0 err=1 pkts=72;esp32c5-ttyACM1 run=0 err=1 pkts=45; A=alive B=alive
t+16 esp32c5-ttyACM0 run=0 err=1 pkts=72;esp32c5-ttyACM1 run=0 err=1 pkts=45; A=alive B=alive
t+17 esp32c5-ttyACM0 run=0 err=1 pkts=72;esp32c5-ttyACM1 run=0 err=1 pkts=45; A=alive B=alive
t+18 esp32c5-ttyACM0 run=0 err=1 pkts=72;esp32c5-ttyACM1 run=0 err=1 pkts=45; A=alive B=alive
t+19 esp32c5-ttyACM0 run=0 err=1 pkts=72;esp32c5-ttyACM1 run=0 err=1 pkts=45; A=alive B=alive
t+20 esp32c5-ttyACM0 run=0 err=1 pkts=72;esp32c5-ttyACM1 run=0 err=1 pkts=45; A=alive B=alive
t+21 esp32c5-ttyACM0 run=0 err=1 pkts=72;esp32c5-ttyACM1 run=0 err=1 pkts=45; A=alive B=alive
t+22 esp32c5-ttyACM0 run=0 err=1 pkts=72;esp32c5-ttyACM1 run=0 err=1 pkts=45; A=alive B=alive
t+23 esp32c5-ttyACM0 run=0 err=1 pkts=72;esp32c5-ttyACM1 run=0 err=1 pkts=45; A=alive B=alive
t+24 esp32c5-ttyACM0 run=0 err=1 pkts=72;esp32c5-ttyACM1 run=0 err=1 pkts=45; A=alive B=alive
t+25 esp32c5-ttyACM0 run=0 err=1 pkts=72;esp32c5-ttyACM1 run=0 err=1 pkts=45; A=alive B=alive
### locks
  flock /dev/ttyACM1 by pid 267034 (/home/osh/kismet-install/bin/kismet_cap_esp32c5 --connect 127.0.0.1:2501 --source esp32c5-)
### kill B
B exit=143
t+1 esp32c5-ttyACM0 run=0 err=1 pkts=72;esp32c5-ttyACM1 run=0 err=1 pkts=45; A=alive
t+2 esp32c5-ttyACM0 run=0 err=1 pkts=72;esp32c5-ttyACM1 run=0 err=1 pkts=45; A=alive
t+3 esp32c5-ttyACM0 run=0 err=1 pkts=72;esp32c5-ttyACM1 run=0 err=1 pkts=45; A=alive
t+4 esp32c5-ttyACM0 run=0 err=1 pkts=72;esp32c5-ttyACM1 run=0 err=1 pkts=45; A=alive
t+5 esp32c5-ttyACM0 run=0 err=1 pkts=72;esp32c5-ttyACM1 run=0 err=1 pkts=45; A=alive
t+6 esp32c5-ttyACM0 run=0 err=1 pkts=72;esp32c5-ttyACM1 run=0 err=1 pkts=45; A=alive
t+7 esp32c5-ttyACM0 run=0 err=1 pkts=72;esp32c5-ttyACM1 run=0 err=1 pkts=45; A=alive
t+8 esp32c5-ttyACM0 run=0 err=1 pkts=72;esp32c5-ttyACM1 run=0 err=1 pkts=45; A=alive
t+9 esp32c5-ttyACM0 run=0 err=1 pkts=72;esp32c5-ttyACM1 run=0 err=1 pkts=45; A=alive
t+10 esp32c5-ttyACM0 run=0 err=1 pkts=72;esp32c5-ttyACM1 run=0 err=1 pkts=45; A=alive
t+11 esp32c5-ttyACM0 run=0 err=1 pkts=72;esp32c5-ttyACM1 run=0 err=1 pkts=45; A=alive
t+12 esp32c5-ttyACM0 run=0 err=1 pkts=72;esp32c5-ttyACM1 run=0 err=1 pkts=45; A=alive
t+13 esp32c5-ttyACM0 run=0 err=1 pkts=72;esp32c5-ttyACM1 run=0 err=1 pkts=45; A=alive
t+14 esp32c5-ttyACM0 run=0 err=1 pkts=72;esp32c5-ttyACM1 run=0 err=1 pkts=45; A=alive
t+15 esp32c5-ttyACM0 run=0 err=1 pkts=72;esp32c5-ttyACM1 run=0 err=1 pkts=45; A=alive
### locks
  flock /dev/ttyACM1 by pid 267034 (/home/osh/kismet-install/bin/kismet_cap_esp32c5 --connect 127.0.0.1:2501 --source esp32c5-)
A exit=143
stopped
### A log
INFO: 127.0.0.1:2501 starting capture...
FATAL: Datasource websocket closed
FATAL:  Datasource exiting libwebsocket loop
### B log
FATAL: Datasource websocket closed
FATAL:  Datasource exiting libwebsocket loop
INFO: capture process exited 0 signal 0
INFO: Sleeping 5 seconds before attempting to reconnect to remote server
ERROR: /dev/ttyACM1 is already in use by another capture (an esp32c5 source or another program holds it); a board captures with one radio at a time
INFO: 127.0.0.1:2501 starting capture...
FATAL: Datasource websocket closed
FATAL:  Datasource exiting libwebsocket loop
INFO: capture process exited 0 signal 0
INFO: Sleeping 5 seconds before attempting to reconnect to remote server
ERROR: /dev/ttyACM1 is already in use by another capture (an esp32c5 source or another program holds it); a board captures with one radio at a time
INFO: 127.0.0.1:2501 starting capture...
FATAL: Datasource websocket closed
FATAL:  Datasource exiting libwebsocket loop
INFO: capture process exited 0 signal 0
INFO: Sleeping 5 seconds before attempting to reconnect to remote server
ERROR: /dev/ttyACM1 is already in use by another capture (an esp32c5 source or another program holds it); a board captures with one radio at a time
INFO: 127.0.0.1:2501 starting capture...
FATAL: Datasource websocket closed
FATAL:  Datasource exiting libwebsocket loop
INFO: capture process exited 0 signal 0
INFO: Sleeping 5 seconds before attempting to reconnect to remote server
ERROR: /dev/ttyACM1 is already in use by another capture (an esp32c5 source or another program holds it); a board captures with one radio at a time
INFO: 127.0.0.1:2501 starting capture...
FATAL: Datasource websocket closed
FATAL:  Datasource exiting libwebsocket loop
INFO: capture process exited 0 signal 0
INFO: Sleeping 5 seconds before attempting to reconnect to remote server
ERROR: /dev/ttyACM1 is already in use by another capture (an esp32c5 source or another program holds it); a board captures with one radio at a time
INFO: 127.0.0.1:2501 starting capture...
FATAL: Datasource websocket closed
FATAL:  Datasource exiting libwebsocket loop
INFO: capture process exited 0 signal 0
INFO: Sleeping 5 seconds before attempting to reconnect to remote server
ERROR: /dev/ttyACM1 is already in use by another capture (an esp32c5 source or another program holds it); a board captures with one radio at a time
INFO: 127.0.0.1:2501 starting capture...
FATAL: Datasource websocket closed
FATAL:  Datasource exiting libwebsocket loop
INFO: capture process exited 0 signal 0
INFO: Sleeping 5 seconds before attempting to reconnect to remote server
