[2026/09/29 07:59:13:6079] N: lws_create_context: LWS: 4.3.5-unknown, NET CLI SRV H1 H2 WS ConMon IPV6-on
[2026/09/29 07:59:13:6082] N: __lws_lc_tag:  ++ [wsi|0|pipe] (1)
[2026/09/29 07:59:13:6082] N: __lws_lc_tag:  ++ [vh|0|netlink] (1)
[2026/09/29 07:59:13:6083] N: __lws_lc_tag:  ++ [vh|1|default||-1] (2)
[2026/09/29 07:59:13:6088] N: __lws_lc_tag:  ++ [wsicli|0|WS/h1/default/127.0.0.1] (1)
[2026/09/29 07:59:13:6093] W: _lws_smd_msg_send: rejecting message on queue depth 40
[2026/09/29 07:59:13:6093] W: _lws_smd_msg_send: rejecting message on queue depth 40
[2026/09/29 07:59:13:6093] W: _lws_smd_msg_send: rejecting message on queue depth 40
[2026/09/29 07:59:13:6093] W: _lws_smd_msg_send: rejecting message on queue depth 40
[2026/09/29 07:59:13:6093] W: _lws_smd_msg_send: rejecting message on queue depth 40
[2026/09/29 07:59:13:6094] W: _lws_smd_msg_send: rejecting message on queue depth 40
FATAL: Datasource websocket closed
[2026/09/29 07:59:13:6110] N: __lws_lc_untag:  -- [wsicli|0|WS/h1/default/127.0.0.1] (0) 2.173ms
FATAL:  Datasource exiting libwebsocket loop
INFO: capture process exited 0 signal 0
INFO: Sleeping 5 seconds before attempting to reconnect to remote server
[2026/09/29 07:59:18:6123] N: lws_create_context: LWS: 4.3.5-unknown, NET CLI SRV H1 H2 WS ConMon IPV6-on
[2026/09/29 07:59:18:6126] N: __lws_lc_tag:  ++ [wsi|0|pipe] (1)
[2026/09/29 07:59:18:6127] N: __lws_lc_tag:  ++ [vh|0|netlink] (1)
[2026/09/29 07:59:18:6128] N: __lws_lc_tag:  ++ [vh|1|default||-1] (2)
[2026/09/29 07:59:18:6134] N: __lws_lc_tag:  ++ [wsicli|0|WS/h1/default/127.0.0.1] (1)
[2026/09/29 07:59:18:6139] W: _lws_smd_msg_send: rejecting message on queue depth 40
[2026/09/29 07:59:18:6139] W: _lws_smd_msg_send: rejecting message on queue depth 40
[2026/09/29 07:59:18:6139] W: _lws_smd_msg_send: rejecting message on queue depth 40
[2026/09/29 07:59:18:6139] W: _lws_smd_msg_send: rejecting message on queue depth 40
[2026/09/29 07:59:18:6139] W: _lws_smd_msg_send: rejecting message on queue depth 40
[2026/09/29 07:59:18:6139] W: _lws_smd_msg_send: rejecting message on queue depth 40
ERROR: /dev/ttyACM1 is already in use by another capture (an esp32c5 source or another program holds it); a board captures with one radio at a time
INFO: 127.0.0.1:2501 starting capture...
FATAL: Datasource websocket closed
[2026/09/29 07:59:18:6183] N: __lws_lc_untag:  -- [wsicli|0|WS/h1/default/127.0.0.1] (0) 4.956ms
FATAL:  Datasource exiting libwebsocket loop
INFO: capture process exited 0 signal 0
INFO: Sleeping 5 seconds before attempting to reconnect to remote server
[2026/09/29 07:59:23:6205] N: lws_create_context: LWS: 4.3.5-unknown, NET CLI SRV H1 H2 WS ConMon IPV6-on
[2026/09/29 07:59:23:6208] N: __lws_lc_tag:  ++ [wsi|0|pipe] (1)
[2026/09/29 07:59:23:6208] N: __lws_lc_tag:  ++ [vh|0|netlink] (1)
[2026/09/29 07:59:23:6210] N: __lws_lc_tag:  ++ [vh|1|default||-1] (2)
[2026/09/29 07:59:23:6214] N: __lws_lc_tag:  ++ [wsicli|0|WS/h1/default/127.0.0.1] (1)
[2026/09/29 07:59:23:6220] W: _lws_smd_msg_send: rejecting message on queue depth 40
[2026/09/29 07:59:23:6220] W: _lws_smd_msg_send: rejecting message on queue depth 40
[2026/09/29 07:59:23:6220] W: _lws_smd_msg_send: rejecting message on queue depth 40
[2026/09/29 07:59:23:6220] W: _lws_smd_msg_send: rejecting message on queue depth 40
[2026/09/29 07:59:23:6220] W: _lws_smd_msg_send: rejecting message on queue depth 40
[2026/09/29 07:59:23:6221] W: _lws_smd_msg_send: rejecting message on queue depth 40
ERROR: /dev/ttyACM1 is already in use by another capture (an esp32c5 source or another program holds it); a board captures with one radio at a time
INFO: 127.0.0.1:2501 starting capture...
FATAL: Datasource websocket closed
[2026/09/29 07:59:23:6246] N: __lws_lc_untag:  -- [wsicli|0|WS/h1/default/127.0.0.1] (0) 3.121ms
FATAL:  Datasource exiting libwebsocket loop
INFO: capture process exited 0 signal 0
INFO: Sleeping 5 seconds before attempting to reconnect to remote server
[2026/09/29 07:59:28:6268] N: lws_create_context: LWS: 4.3.5-unknown, NET CLI SRV H1 H2 WS ConMon IPV6-on
[2026/09/29 07:59:28:6273] N: __lws_lc_tag:  ++ [wsi|0|pipe] (1)
[2026/09/29 07:59:28:6275] N: __lws_lc_tag:  ++ [vh|0|netlink] (1)
[2026/09/29 07:59:28:6277] N: __lws_lc_tag:  ++ [vh|1|default||-1] (2)
[2026/09/29 07:59:28:6287] N: __lws_lc_tag:  ++ [wsicli|0|WS/h1/default/127.0.0.1] (1)
[2026/09/29 07:59:28:6297] W: _lws_smd_msg_send: rejecting message on queue depth 40
[2026/09/29 07:59:28:6297] W: _lws_smd_msg_send: rejecting message on queue depth 40
[2026/09/29 07:59:28:6297] W: _lws_smd_msg_send: rejecting message on queue depth 40
[2026/09/29 07:59:28:6298] W: _lws_smd_msg_send: rejecting message on queue depth 40
[2026/09/29 07:59:28:6298] W: _lws_smd_msg_send: rejecting message on queue depth 40
[2026/09/29 07:59:28:6298] W: _lws_smd_msg_send: rejecting message on queue depth 40
ERROR: /dev/ttyACM1 is already in use by another capture (an esp32c5 source or another program holds it); a board captures with one radio at a time
INFO: 127.0.0.1:2501 starting capture...
FATAL: Datasource websocket closed
[2026/09/29 07:59:28:6345] N: __lws_lc_untag:  -- [wsicli|0|WS/h1/default/127.0.0.1] (0) 5.860ms
FATAL:  Datasource exiting libwebsocket loop
INFO: capture process exited 0 signal 0
INFO: Sleeping 5 seconds before attempting to reconnect to remote server
[2026/09/29 07:59:33:6366] N: lws_create_context: LWS: 4.3.5-unknown, NET CLI SRV H1 H2 WS ConMon IPV6-on
[2026/09/29 07:59:33:6370] N: __lws_lc_tag:  ++ [wsi|0|pipe] (1)
[2026/09/29 07:59:33:6370] N: __lws_lc_tag:  ++ [vh|0|netlink] (1)
[2026/09/29 07:59:33:6372] N: __lws_lc_tag:  ++ [vh|1|default||-1] (2)
[2026/09/29 07:59:33:6377] N: __lws_lc_tag:  ++ [wsicli|0|WS/h1/default/127.0.0.1] (1)
[2026/09/29 07:59:33:6383] W: _lws_smd_msg_send: rejecting message on queue depth 40
[2026/09/29 07:59:33:6383] W: _lws_smd_msg_send: rejecting message on queue depth 40
[2026/09/29 07:59:33:6383] W: _lws_smd_msg_send: rejecting message on queue depth 40
[2026/09/29 07:59:33:6383] W: _lws_smd_msg_send: rejecting message on queue depth 40
[2026/09/29 07:59:33:6383] W: _lws_smd_msg_send: rejecting message on queue depth 40
[2026/09/29 07:59:33:6383] W: _lws_smd_msg_send: rejecting message on queue depth 40
ERROR: /dev/ttyACM1 is already in use by another capture (an esp32c5 source or another program holds it); a board captures with one radio at a time
INFO: 127.0.0.1:2501 starting capture...
FATAL: Datasource websocket closed
[2026/09/29 07:59:33:6409] N: __lws_lc_untag:  -- [wsicli|0|WS/h1/default/127.0.0.1] (0) 3.209ms
FATAL:  Datasource exiting libwebsocket loop
INFO: capture process exited 0 signal 0
INFO: Sleeping 5 seconds before attempting to reconnect to remote server
[2026/09/29 07:59:38:6424] N: lws_create_context: LWS: 4.3.5-unknown, NET CLI SRV H1 H2 WS ConMon IPV6-on
[2026/09/29 07:59:38:6427] N: __lws_lc_tag:  ++ [wsi|0|pipe] (1)
[2026/09/29 07:59:38:6428] N: __lws_lc_tag:  ++ [vh|0|netlink] (1)
[2026/09/29 07:59:38:6429] N: __lws_lc_tag:  ++ [vh|1|default||-1] (2)
[2026/09/29 07:59:38:6434] N: __lws_lc_tag:  ++ [wsicli|0|WS/h1/default/127.0.0.1] (1)
[2026/09/29 07:59:38:6439] W: _lws_smd_msg_send: rejecting message on queue depth 40
[2026/09/29 07:59:38:6439] W: _lws_smd_msg_send: rejecting message on queue depth 40
[2026/09/29 07:59:38:6439] W: _lws_smd_msg_send: rejecting message on queue depth 40
[2026/09/29 07:59:38:6439] W: _lws_smd_msg_send: rejecting message on queue depth 40
[2026/09/29 07:59:38:6439] W: _lws_smd_msg_send: rejecting message on queue depth 40
[2026/09/29 07:59:38:6439] W: _lws_smd_msg_send: rejecting message on queue depth 40
ERROR: /dev/ttyACM1 is already in use by another capture (an esp32c5 source or another program holds it); a board captures with one radio at a time
INFO: 127.0.0.1:2501 starting capture...
FATAL: Datasource websocket closed
[2026/09/29 07:59:38:6459] N: __lws_lc_untag:  -- [wsicli|0|WS/h1/default/127.0.0.1] (0) 2.531ms
FATAL:  Datasource exiting libwebsocket loop
INFO: capture process exited 0 signal 0
INFO: Sleeping 5 seconds before attempting to reconnect to remote server
[2026/09/29 07:59:43:6474] N: lws_create_context: LWS: 4.3.5-unknown, NET CLI SRV H1 H2 WS ConMon IPV6-on
[2026/09/29 07:59:43:6477] N: __lws_lc_tag:  ++ [wsi|0|pipe] (1)
[2026/09/29 07:59:43:6478] N: __lws_lc_tag:  ++ [vh|0|netlink] (1)
[2026/09/29 07:59:43:6479] N: __lws_lc_tag:  ++ [vh|1|default||-1] (2)
[2026/09/29 07:59:43:6484] N: __lws_lc_tag:  ++ [wsicli|0|WS/h1/default/127.0.0.1] (1)
[2026/09/29 07:59:43:6489] W: _lws_smd_msg_send: rejecting message on queue depth 40
[2026/09/29 07:59:43:6489] W: _lws_smd_msg_send: rejecting message on queue depth 40
[2026/09/29 07:59:43:6489] W: _lws_smd_msg_send: rejecting message on queue depth 40
[2026/09/29 07:59:43:6489] W: _lws_smd_msg_send: rejecting message on queue depth 40
[2026/09/29 07:59:43:6489] W: _lws_smd_msg_send: rejecting message on queue depth 40
[2026/09/29 07:59:43:6489] W: _lws_smd_msg_send: rejecting message on queue depth 40
ERROR: /dev/ttyACM1 is already in use by another capture (an esp32c5 source or another program holds it); a board captures with one radio at a time
INFO: 127.0.0.1:2501 starting capture...
FATAL: Datasource websocket closed
[2026/09/29 07:59:43:6515] N: __lws_lc_untag:  -- [wsicli|0|WS/h1/default/127.0.0.1] (0) 3.115ms
FATAL:  Datasource exiting libwebsocket loop
INFO: capture process exited 0 signal 0
INFO: Sleeping 5 seconds before attempting to reconnect to remote server
