1790658134.356 INFO: Including sub-config file: /home/osh/kismet-install/etc/kismet_httpd.conf
1790658134.356 INFO: Including sub-config file: /home/osh/kismet-install/etc/kismet_memory.conf
1790658134.356 INFO: Including sub-config file: /home/osh/kismet-install/etc/kismet_alerts.conf
1790658134.356 INFO: Including sub-config file: /home/osh/kismet-install/etc/kismet_80211.conf
1790658134.356 INFO: Including sub-config file: /home/osh/kismet-install/etc/kismet_logging.conf
1790658134.356 INFO: Including sub-config file: /home/osh/kismet-install/etc/kismet_filter.conf
1790658134.356 INFO: Including sub-config file: /home/osh/kismet-install/etc/kismet_uav.conf
1790658134.356 INFO: Loading config override file '/home/osh/kismet-install/etc/kismet_package.conf'
1790658134.356 INFO: Optional sub-config file not present: /home/osh/kismet-install/etc/kismet_package.conf
1790658134.356 INFO: Loading config override file '/home/osh/kismet-install/etc/kismet_site.conf'
1790658134.356 INFO: Optional sub-config file not present: /home/osh/kismet-install/etc/kismet_site.conf
1790658134.356 INFO: Generated server UUID EF9EE236-BBC2-11F1-819B-4B49534D4554 and storing in /tmp/hw2/n5c/.kismet//kismet_server_id.conf
1790658134.356 INFO: Setting server UUID EF9EE236-BBC2-11F1-819B-4B49534D4554
1790658134.356 INFO: Starting Beast webserver on 0.0.0.0:2501
1790658134.356 INFO: Opened OUI file '/home/osh/kismet-install/share/kismet/kismet_manuf.txt.gz
1790658134.356 INFO: Indexing manufacturer db
1790658134.358 INFO: Completed indexing manufacturer db, 38959 lines and 780 indexes.
1790658134.364 INFO: Saving devices to the Kismet database log every 30 seconds
1790658134.369 INFO: Using default rates of 10/min, 1/sec for alert 'DEVICEFOUND'
1790658134.369 INFO: Using default rates of 10/min, 1/sec for alert 'DEVICELOST'
1790658134.370 INFO: Registering support for DLT_PPI packet header decoding
1790658134.370 INFO: Registering support for DLT_RADIOTAP packet header decoding
1790658134.370 INFO: Registering support for DLT_BTLE_RADIO packet header decoding
1790658134.373 INFO: Using default rates of 10/min, 1/sec for alert 'BADFIXLENIE'
1790658134.373 INFO: PHY80211 will only process AP signal levels from beacons
1790658134.373 INFO: Allowing Kismet clients to view WEP keys
1790658134.374 DEBUG: ssid canary FooCanary:ssid="FoobarCanary"
1790658134.374 DEBUG: ssid canary FooCanart2:ssid="(?i:foobarcanary)"
1790658134.374 INFO: Keeping EAPOL packets in memory for easy download and WIDS functionality; this can use more RAM.
1790658134.376 INFO: Registered PHY handler 'IEEE802.11' as ID 0
1790658134.378 INFO: Registered PHY handler 'RFSENSOR' as ID 1
1790658134.379 INFO: Registered PHY handler 'Z-Wave' as ID 2
1790658134.380 INFO: Registered PHY handler 'Bluetooth' as ID 3
1790658134.380 DEBUG: reserve_fields home id 538 app id 539
1790658134.383 INFO: Registered PHY handler 'UAV' as ID 4
1790658134.384 INFO: Registered PHY handler 'NrfMousejack' as ID 5
1790658134.384 ERROR: Tried to re-register duplicate alert FLIPPERZERO
1790658134.385 INFO: Registered PHY handler 'BTLE' as ID 6
1790658134.386 INFO: Registered PHY handler 'METER' as ID 7
1790658134.386 INFO: Indexing ADSB ICAO db
1790658134.646 INFO: Completed indexing ADSB ICAO db, 341068 lines 6822 indexes
1790658134.648 INFO: Registered PHY handler 'ADSB' as ID 8
1790658134.649 INFO: Registered PHY handler '802.15.4' as ID 9
1790658134.650 INFO: Registered PHY handler 'RADIATION' as ID 10
1790658134.656 INFO: (HTTPD) Could not read session data file, skipping loading saved sessions.
1790658134.656 INFO: Serving static file content from /home/osh/kismet-install/share/kismet/httpd/
1790658134.657 INFO: Enabling channel hopping by default on sources which support channel control.
1790658134.657 INFO: Setting default channel hop rate to 5/sec
1790658134.657 INFO: Enabling channel list splitting on sources which share the same list of channels
1790658134.657 INFO: Enabling channel list shuffling to optimize overlaps
1790658134.657 INFO: Sources will be re-opened if they encounter an error
1790658134.657 INFO: Saving datasources to the Kismet database log every 30 seconds
1790658134.657 INFO: Launching remote capture server on 127.0.0.1 3501
1790658134.660 INFO: No data sources defined; Kismet will not capture anything until a source is added.
1790658134.661 ALERT: LOGDISABLED Logging has been disabled via the Kismet config files or the command line.  Pcap, database, and related logs will not be saved.
1790658134.661 INFO: Logging disabled, not enabling any log drivers.
1790658134.661 INFO: GPS track will be logged to the Kismet logfile
1790658134.663 INFO: Starting Kismet web server...
1790658134.663 INFO: HTTP server listening on 0.0.0.0:2501
1790658134.665 INFO: Could not open system plugin directory (/home/osh/kismet-install/lib/kismet/), skipping: No such file or directory
1790658134.665 INFO: Did not find a user plugin directory (/tmp/hw2/n5c/.kismet//plugins/), skipping: No such file or directory
1790658134.708 INFO: New remote source esp32c5-ttyACM1 (E5C50001-0000-0000-0000-3844BEBFC910) connected
1790658139.801 INFO: esp32c5-ttyACM1 - esp32c5-ttyACM1 capturing (wifi)
1790658139.832 INFO: Detected new 802.11 Wi-Fi access point B0:1F:47:0D:E9:B9
1790658139.833 INFO: 802.11 Wi-Fi device B0:1F:47:0D:E9:B9 advertising new SSID 'Mor'
1790658139.842 INFO: Detected new 802.11 Wi-Fi access point FA:8F:CA:6C:D1:65
1790658139.846 INFO: 802.11 Wi-Fi device FA:8F:CA:6C:D1:65 advertising new SSID 'JBL Bar 5.1_0891.l025'
1790658139.852 INFO: Detected new 802.11 Wi-Fi access point 00:B8:C2:B2:AE:57
1790658139.853 INFO: 802.11 Wi-Fi device 00:B8:C2:B2:AE:57 advertising new SSID 'Mor'
1790658139.898 INFO: Detected new 802.11 Wi-Fi access point 40:AE:30:84:5A:16
1790658139.898 INFO: 802.11 Wi-Fi device 40:AE:30:84:5A:16 advertising new SSID 'cohen42'
1790658139.898 INFO: Detected new 802.11 Wi-Fi device A8:DB:03:42:DE:68
1790658139.919 INFO: Detected new 802.11 Wi-Fi access point 46:AE:30:84:36:22
1790658139.919 INFO: 802.11 Wi-Fi device 46:AE:30:84:36:22 advertising a new cloaked SSID
1790658139.919 INFO: Detected new 802.11 Wi-Fi access point 40:AE:30:84:34:B6
1790658139.919 INFO: 802.11 Wi-Fi device 40:AE:30:84:34:B6 advertising new SSID 'cohen42'
1790658139.919 INFO: Detected new 802.11 Wi-Fi access point 46:AE:30:84:5A:16
1790658139.919 INFO: 802.11 Wi-Fi device 46:AE:30:84:5A:16 advertising a new cloaked SSID
1790658139.919 INFO: Detected new 802.11 Wi-Fi access point 00:B8:C2:B2:AE:58
1790658139.919 INFO: 802.11 Wi-Fi device 00:B8:C2:B2:AE:58 advertising new SSID 'Mor'
1790658139.919 INFO: Detected new 802.11 Wi-Fi access point 6A:B8:C2:B2:AE:59
1790658139.919 INFO: 802.11 Wi-Fi device 6A:B8:C2:B2:AE:59 advertising a new cloaked SSID
1790658139.919 INFO: Detected new 802.11 Wi-Fi access point 26:39:F1:AB:05:B2
1790658139.919 INFO: 802.11 Wi-Fi device 26:39:F1:AB:05:B2 advertising new SSID 'osvc-2'
1790658139.931 INFO: Detected new 802.11 Wi-Fi access point C8:70:23:73:DA:93
1790658139.931 INFO: 802.11 Wi-Fi device C8:70:23:73:DA:93 advertising new SSID 'cohen'
1790658139.940 INFO: Detected new 802.11 Wi-Fi access point 46:AE:30:84:34:B6
1790658139.940 INFO: 802.11 Wi-Fi device 46:AE:30:84:34:B6 advertising a new cloaked SSID
1790658139.940 INFO: Detected new 802.11 Wi-Fi access point 40:AE:30:84:36:22
1790658139.940 INFO: 802.11 Wi-Fi device 40:AE:30:84:36:22 advertising new SSID 'cohen42'
1790658139.950 INFO: Detected new 802.11 Wi-Fi device FC:F5:C4:BE:0B:A5
1790658139.951 INFO: Detected new 802.11 Wi-Fi access point 20:F1:B2:B9:E5:33
1790658139.951 INFO: 802.11 Wi-Fi device 20:F1:B2:B9:E5:33 advertising new SSID 'SmartLife-E533'
1790658139.952 INFO: 802.11 Wi-Fi device 40:AE:30:84:34:B6 advertising new SSID 'cohen42'
1790658139.952 INFO: Detected new 802.11 Wi-Fi device FC:F5:C4:BD:9B:CD
1790658139.953 INFO: 802.11 Wi-Fi device 40:AE:30:84:5A:16 advertising new SSID 'cohen42'
1790658139.959 INFO: Detected new 802.11 Wi-Fi access point CA:C9:A3:4D:96:E7
1790658139.964 INFO: 802.11 Wi-Fi device CA:C9:A3:4D:96:E7 advertising new SSID 'ESP-4D96E7'
1790658140.020 ERROR: Incoming remote connection for source 'E5C50001-0000-0000-0000-3844BEBFC910' matches existing source 'esp32c5-ttyACM1', which is still running.  The running instance will be closed; make sure that multiple remote captures are not running for the same source.  This may also indicate multiple remote sources with the same serial number or UUID, which may occur with rtlsdr and others.  You may need to set the uuid= parameter in your remote source definition.
1790658140.020 DEBUG: Attempt to send 12 on closed external interface
1790658140.020 ERROR: Error reconnecting remote source esp32c5-ttyACM1 (E5C50001-0000-0000-0000-3844BEBFC910) - failed to send v3 OPENREQ
1790658145.028 INFO: Matching new remote source 'esp32c5-ttyACM1' with known source with UUID 'E5C50001-0000-0000-0000-3844BEBFC910'
1790658145.030 ERROR: Data source 'esp32c5-ttyACM1 / esp32c5-ttyACM1' ('esp32c5-ttyACM1') encountered an error: /dev/ttyACM1 is already in use by another capture (an esp32c5 source or another program holds it); a board captures with one radio at a time
1790658145.030 ERROR: Error reconnecting remote source esp32c5-ttyACM1 (E5C50001-0000-0000-0000-3844BEBFC910) - /dev/ttyACM1 is already in use by another capture (an esp32c5 source or another program holds it); a board captures with one radio at a time
1790658150.037 INFO: Matching new remote source 'esp32c5-ttyACM1' with known source with UUID 'E5C50001-0000-0000-0000-3844BEBFC910'
1790658150.038 ERROR: Data source 'esp32c5-ttyACM1 / esp32c5-ttyACM1' ('esp32c5-ttyACM1') encountered an error: /dev/ttyACM1 is already in use by another capture (an esp32c5 source or another program holds it); a board captures with one radio at a time
1790658150.038 ERROR: Error reconnecting remote source esp32c5-ttyACM1 (E5C50001-0000-0000-0000-3844BEBFC910) - /dev/ttyACM1 is already in use by another capture (an esp32c5 source or another program holds it); a board captures with one radio at a time
1790658153.668 
1790658153.668 *** KISMET IS SHUTTING DOWN ***
1790658153.668 Shutting down plugins...
1790658153.668 WARNING: Kismet changes the configuration of network devices.
1790658153.668          In most cases you will need to restart networking for
1790658153.668          your interface (varies per distribution and OS), but 
1790658153.668          typically one of:
1790658153.668          sudo service networking restart
1790658153.668          sudo /etc/init.d/networking restart
1790658153.668          or
1790658153.668          nmcli device set [device] managed true
1790658153.668 
1790658153.668 Kismet exiting.
1790658153.668 EXITING: Signal service thread complete.
1790658153.673 KISMET_EXIT=0
