[2026/09/29 08:02:20:0172] N: lws_create_context: LWS: 4.3.5-unknown, NET CLI SRV H1 H2 WS ConMon IPV6-on
[2026/09/29 08:02:20:0175] N: __lws_lc_tag:  ++ [wsi|0|pipe] (1)
[2026/09/29 08:02:20:0175] N: __lws_lc_tag:  ++ [vh|0|netlink] (1)
[2026/09/29 08:02:20:0176] N: __lws_lc_tag:  ++ [vh|1|default||-1] (2)
[2026/09/29 08:02:20:0181] N: __lws_lc_tag:  ++ [wsicli|0|WS/h1/default/127.0.0.1] (1)
[2026/09/29 08:02:20:0186] W: _lws_smd_msg_send: rejecting message on queue depth 40
[2026/09/29 08:02:20:0187] W: _lws_smd_msg_send: rejecting message on queue depth 40
[2026/09/29 08:02:20:0187] W: _lws_smd_msg_send: rejecting message on queue depth 40
[2026/09/29 08:02:20:0187] W: _lws_smd_msg_send: rejecting message on queue depth 40
[2026/09/29 08:02:20:0187] W: _lws_smd_msg_send: rejecting message on queue depth 40
[2026/09/29 08:02:20:0187] W: _lws_smd_msg_send: rejecting message on queue depth 40
FATAL: Datasource websocket closed
[2026/09/29 08:02:20:0202] N: __lws_lc_untag:  -- [wsicli|0|WS/h1/default/127.0.0.1] (0) 2.086ms
FATAL:  Datasource exiting libwebsocket loop
INFO: capture process exited 0 signal 0
INFO: Sleeping 5 seconds before attempting to reconnect to remote server
[2026/09/29 08:02:25:0222] N: lws_create_context: LWS: 4.3.5-unknown, NET CLI SRV H1 H2 WS ConMon IPV6-on
[2026/09/29 08:02:25:0228] N: __lws_lc_tag:  ++ [wsi|0|pipe] (1)
[2026/09/29 08:02:25:0229] N: __lws_lc_tag:  ++ [vh|0|netlink] (1)
[2026/09/29 08:02:25:0231] N: __lws_lc_tag:  ++ [vh|1|default||-1] (2)
[2026/09/29 08:02:25:0243] N: __lws_lc_tag:  ++ [wsicli|0|WS/h1/default/127.0.0.1] (1)
[2026/09/29 08:02:25:0254] W: _lws_smd_msg_send: rejecting message on queue depth 40
[2026/09/29 08:02:25:0254] W: _lws_smd_msg_send: rejecting message on queue depth 40
[2026/09/29 08:02:25:0255] W: _lws_smd_msg_send: rejecting message on queue depth 40
[2026/09/29 08:02:25:0255] W: _lws_smd_msg_send: rejecting message on queue depth 40
[2026/09/29 08:02:25:0255] W: _lws_smd_msg_send: rejecting message on queue depth 40
[2026/09/29 08:02:25:0255] W: _lws_smd_msg_send: rejecting message on queue depth 40
ERROR: /dev/ttyACM1 is already in use by another capture (an esp32c5 source or another program holds it); a board captures with one radio at a time
INFO: 127.0.0.1:2501 starting capture...
FATAL: Datasource websocket closed
[2026/09/29 08:02:25:0300] N: __lws_lc_untag:  -- [wsicli|0|WS/h1/default/127.0.0.1] (0) 5.712ms
FATAL:  Datasource exiting libwebsocket loop
INFO: capture process exited 0 signal 0
INFO: Sleeping 5 seconds before attempting to reconnect to remote server
[2026/09/29 08:02:30:0325] N: lws_create_context: LWS: 4.3.5-unknown, NET CLI SRV H1 H2 WS ConMon IPV6-on
[2026/09/29 08:02:30:0329] N: __lws_lc_tag:  ++ [wsi|0|pipe] (1)
[2026/09/29 08:02:30:0330] N: __lws_lc_tag:  ++ [vh|0|netlink] (1)
[2026/09/29 08:02:30:0332] N: __lws_lc_tag:  ++ [vh|1|default||-1] (2)
[2026/09/29 08:02:30:0339] N: __lws_lc_tag:  ++ [wsicli|0|WS/h1/default/127.0.0.1] (1)
[2026/09/29 08:02:30:0347] W: _lws_smd_msg_send: rejecting message on queue depth 40
[2026/09/29 08:02:30:0347] W: _lws_smd_msg_send: rejecting message on queue depth 40
[2026/09/29 08:02:30:0348] W: _lws_smd_msg_send: rejecting message on queue depth 40
[2026/09/29 08:02:30:0348] W: _lws_smd_msg_send: rejecting message on queue depth 40
[2026/09/29 08:02:30:0348] W: _lws_smd_msg_send: rejecting message on queue depth 40
[2026/09/29 08:02:30:0348] W: _lws_smd_msg_send: rejecting message on queue depth 40
ERROR: /dev/ttyACM1 is already in use by another capture (an esp32c5 source or another program holds it); a board captures with one radio at a time
INFO: 127.0.0.1:2501 starting capture...
FATAL: Datasource websocket closed
[2026/09/29 08:02:30:0378] N: __lws_lc_untag:  -- [wsicli|0|WS/h1/default/127.0.0.1] (0) 3.887ms
FATAL:  Datasource exiting libwebsocket loop
INFO: capture process exited 0 signal 0
INFO: Sleeping 5 seconds before attempting to reconnect to remote server
