kismet up after 0.41 s pid 279991 home /tmp/hw2/n7
0.97
HTTP 200
{"kismet.datasource.source_number": 1, "kismet.datasource.so
kill 1 pid 280048 at 1790658615.541963081
new pid 280499 at 1790658620.773384138
      1 write(3, "CHANNELS 6\nSTART 179065862143527"
kill 2 pid 280499 at 1790658637.100451654
new pid 281331 at 1790658642.330447569
      1 write(3, "CHANNELS 6\nSTART 179065864302062"
kill 3 pid 281331 at 1790658658.657816130
new pid 282104 at 1790658663.881393645
      1 write(3, "CHANNELS 6\nSTART 179065866452484"
wA                           run=1 err=0 rem=0 pkts=4318    ch=6    hop=0 rate=5 off=0 nch=42 pid=282104 uuid=E5C50001-0000-0000-0000-10BDA3CF0540 hw=Espressif USB-Serial-JTAG (10:BD:A3:CF:05:40) capi
stopped
kill 1: error seen +0.01, running again +5.12, first new packet +6.12, (channel,hopping) after: [('6', 0)]
kill 2: error seen +0.08, running again +5.18, first new packet +6.18, (channel,hopping) after: [('6', 0)]
kill 3: error seen +0.04, running again +5.15, first new packet +6.15, (channel,hopping) after: [('6', 0)]
1790658608.529 INFO: Sources will be re-opened if they encounter an error
1790658609.654 INFO: wA capturing (wifi)
1790658612.198 INFO: Source 'wA' (E5C50001-0000-0000-0000-10BDA3CF0540) setting channel 48
1790658615.548 ERROR: Data source 'wA / esp32c5-ttyACM0:name=wA' ('esp32c5-ttyACM0') encountered an error: IPC connection closed
1790658615.548 ALERT: SOURCEERROR Source wA (E5C50001-0000-0000-0000-10BDA3CF0540) has encountered an error (IPC connection closed) Kismet will attempt to re-open the source in 5 seconds.  (1 failures
1790658615.549 ERROR: Source wA (E5C50001-0000-0000-0000-10BDA3CF0540) has encountered an error (IPC connection closed) Kismet will attempt to re-open the source in 5 seconds.  (1 failures)
1790658620.600 INFO: Attempting to re-open source wA
1790658620.616 ALERT: SOURCEOPEN Source wA (E5C50001-0000-0000-0000-10BDA3CF0540) successfully re-opened
1790658621.618 INFO: wA capturing (wifi)
1790658637.103 ERROR: Data source 'wA / esp32c5-ttyACM0:name=wA' ('esp32c5-ttyACM0') encountered an error: IPC connection closed
1790658637.103 ALERT: SOURCEERROR Source wA (E5C50001-0000-0000-0000-10BDA3CF0540) has encountered an error (IPC connection closed) Kismet will attempt to re-open the source in 5 seconds.  (2 failures
1790658637.103 ERROR: Source wA (E5C50001-0000-0000-0000-10BDA3CF0540) has encountered an error (IPC connection closed) Kismet will attempt to re-open the source in 5 seconds.  (2 failures)
1790658642.200 INFO: Attempting to re-open source wA
1790658642.216 ALERT: SOURCEOPEN Source wA (E5C50001-0000-0000-0000-10BDA3CF0540) successfully re-opened
1790658643.218 INFO: wA capturing (wifi)
1790658658.660 ERROR: Data source 'wA / esp32c5-ttyACM0:name=wA' ('esp32c5-ttyACM0') encountered an error: IPC connection closed
1790658658.660 ALERT: SOURCEERROR Source wA (E5C50001-0000-0000-0000-10BDA3CF0540) has encountered an error (IPC connection closed) Kismet will attempt to re-open the source in 5 seconds.  (3 failures
1790658658.660 ERROR: Source wA (E5C50001-0000-0000-0000-10BDA3CF0540) has encountered an error (IPC connection closed) Kismet will attempt to re-open the source in 5 seconds.  (3 failures)
1790658663.701 INFO: Attempting to re-open source wA
1790658663.718 ALERT: SOURCEOPEN Source wA (E5C50001-0000-0000-0000-10BDA3CF0540) successfully re-opened
1790658664.720 INFO: wA capturing (wifi)
