1790658704.197 INFO: Including sub-config file: /home/osh/kismet-install/etc/kismet_httpd.conf
1790658704.197 INFO: Including sub-config file: /home/osh/kismet-install/etc/kismet_memory.conf
1790658704.197 INFO: Including sub-config file: /home/osh/kismet-install/etc/kismet_alerts.conf
1790658704.197 INFO: Including sub-config file: /home/osh/kismet-install/etc/kismet_80211.conf
1790658704.197 INFO: Including sub-config file: /home/osh/kismet-install/etc/kismet_logging.conf
1790658704.197 INFO: Including sub-config file: /home/osh/kismet-install/etc/kismet_filter.conf
1790658704.197 INFO: Including sub-config file: /home/osh/kismet-install/etc/kismet_uav.conf
1790658704.197 INFO: Loading config override file '/home/osh/kismet-install/etc/kismet_package.conf'
1790658704.197 INFO: Optional sub-config file not present: /home/osh/kismet-install/etc/kismet_package.conf
1790658704.197 INFO: Loading config override file '/home/osh/kismet-install/etc/kismet_site.conf'
1790658704.197 INFO: Optional sub-config file not present: /home/osh/kismet-install/etc/kismet_site.conf
1790658704.197 INFO: Generated server UUID 434471CA-BBC4-11F1-9433-4B49534D4554 and storing in /tmp/hw2/n7b/.kismet//kismet_server_id.conf
1790658704.197 INFO: Setting server UUID 434471CA-BBC4-11F1-9433-4B49534D4554
1790658704.197 INFO: Starting Beast webserver on 0.0.0.0:2501
1790658704.197 INFO: Opened OUI file '/home/osh/kismet-install/share/kismet/kismet_manuf.txt.gz
1790658704.197 INFO: Indexing manufacturer db
1790658704.202 INFO: Completed indexing manufacturer db, 38959 lines and 780 indexes.
1790658704.213 INFO: Saving devices to the Kismet database log every 30 seconds
1790658704.218 INFO: Using default rates of 10/min, 1/sec for alert 'DEVICEFOUND'
1790658704.218 INFO: Using default rates of 10/min, 1/sec for alert 'DEVICELOST'
1790658704.218 INFO: Registering support for DLT_PPI packet header decoding
1790658704.218 INFO: Registering support for DLT_RADIOTAP packet header decoding
1790658704.218 INFO: Registering support for DLT_BTLE_RADIO packet header decoding
1790658704.221 INFO: Using default rates of 10/min, 1/sec for alert 'BADFIXLENIE'
1790658704.222 INFO: PHY80211 will only process AP signal levels from beacons
1790658704.222 INFO: Allowing Kismet clients to view WEP keys
1790658704.223 DEBUG: ssid canary FooCanary:ssid="FoobarCanary"
1790658704.223 DEBUG: ssid canary FooCanart2:ssid="(?i:foobarcanary)"
1790658704.223 INFO: Keeping EAPOL packets in memory for easy download and WIDS functionality; this can use more RAM.
1790658704.225 INFO: Registered PHY handler 'IEEE802.11' as ID 0
1790658704.227 INFO: Registered PHY handler 'RFSENSOR' as ID 1
1790658704.228 INFO: Registered PHY handler 'Z-Wave' as ID 2
1790658704.229 INFO: Registered PHY handler 'Bluetooth' as ID 3
1790658704.229 DEBUG: reserve_fields home id 538 app id 539
1790658704.232 INFO: Registered PHY handler 'UAV' as ID 4
1790658704.233 INFO: Registered PHY handler 'NrfMousejack' as ID 5
1790658704.233 ERROR: Tried to re-register duplicate alert FLIPPERZERO
1790658704.234 INFO: Registered PHY handler 'BTLE' as ID 6
1790658704.235 INFO: Registered PHY handler 'METER' as ID 7
1790658704.235 INFO: Indexing ADSB ICAO db
1790658704.495 INFO: Completed indexing ADSB ICAO db, 341068 lines 6822 indexes
1790658704.497 INFO: Registered PHY handler 'ADSB' as ID 8
1790658704.498 INFO: Registered PHY handler '802.15.4' as ID 9
1790658704.499 INFO: Registered PHY handler 'RADIATION' as ID 10
1790658704.504 INFO: (HTTPD) Could not read session data file, skipping loading saved sessions.
1790658704.505 INFO: Serving static file content from /home/osh/kismet-install/share/kismet/httpd/
1790658704.505 INFO: Enabling channel hopping by default on sources which support channel control.
1790658704.505 INFO: Setting default channel hop rate to 5/sec
1790658704.505 INFO: Enabling channel list splitting on sources which share the same list of channels
1790658704.505 INFO: Enabling channel list shuffling to optimize overlaps
1790658704.505 INFO: Sources will be re-opened if they encounter an error
1790658704.505 INFO: Saving datasources to the Kismet database log every 30 seconds
1790658704.506 INFO: Launching remote capture server on 127.0.0.1 3501
1790658704.508 INFO: Data sources passed on the command line (via -c source), ignoring source= definitions in the Kismet config file.
1790658704.508 INFO: Probing interface 'esp32c5-ttyACM0' to find datasource type
1790658704.510 ALERT: LOGDISABLED Logging has been disabled via the Kismet config files or the command line.  Pcap, database, and related logs will not be saved.
1790658704.510 INFO: Logging disabled, not enabling any log drivers.
1790658704.510 INFO: GPS track will be logged to the Kismet logfile
1790658704.511 INFO: Starting Kismet web server...
1790658704.511 INFO: HTTP server listening on 0.0.0.0:2501
1790658704.513 INFO: Could not open system plugin directory (/home/osh/kismet-install/lib/kismet/), skipping: No such file or directory
1790658704.513 INFO: Did not find a user plugin directory (/tmp/hw2/n7b/.kismet//plugins/), skipping: No such file or directory
1790658704.600 interface: esp32c5-ttyACM0
1790658704.604 INFO: Found type 'esp32c5' for 'esp32c5-ttyACM0:name=wB'
1790658704.618 INFO: Data source 'esp32c5-ttyACM0:name=wB' launched successfully
1790658705.618 INFO: wB capturing (wifi)
1790658706.128 INFO: Detected new 802.11 Wi-Fi access point 00:B8:C2:B2:AE:57
1790658706.128 INFO: Detected new 802.11 Wi-Fi device 70:F7:54:55:CB:00
1790658706.128 INFO: Detected new 802.11 Wi-Fi device 00:B8:C2:B2:AE:58
1790658707.127 INFO: Detected new 802.11 Wi-Fi access point 62:D5:ED:42:0F:E1
1790658707.130 INFO: 802.11 Wi-Fi device 62:D5:ED:42:0F:E1 advertising new SSID 'MEIRAV'
1790658707.131 INFO: Detected new 802.11 Wi-Fi access point 62:D5:ED:42:0F:E2
1790658707.131 INFO: 802.11 Wi-Fi device 62:D5:ED:42:0F:E2 advertising a new cloaked SSID
1790658707.621 INFO: 802.11 Wi-Fi device 00:B8:C2:B2:AE:57 advertising new SSID 'Mor'
1790658707.628 INFO: Detected new 802.11 Wi-Fi device 80:BE:AF:D7:03:8F
1790658707.629 INFO: Detected new 802.11 Wi-Fi access point 94:E3:6D:81:A3:FF
1790658707.630 INFO: 802.11 Wi-Fi device 94:E3:6D:81:A3:FF advertising new SSID 'ELRSSID81A3FF'
1790658707.632 INFO: Detected new 802.11 Wi-Fi access point B0:1F:47:0D:E9:B9
1790658707.632 INFO: 802.11 Wi-Fi device B0:1F:47:0D:E9:B9 advertising new SSID 'Mor'
1790658707.645 INFO: Detected new 802.11 Wi-Fi access point 20:F1:B2:B9:E5:33
1790658707.645 INFO: 802.11 Wi-Fi device 20:F1:B2:B9:E5:33 advertising new SSID 'SmartLife-E533'
1790658707.666 INFO: Detected new 802.11 Wi-Fi device FC:F5:C4:BE:0B:A5
1790658707.666 INFO: Detected new 802.11 Wi-Fi access point 26:39:F1:AB:05:B2
1790658707.666 INFO: 802.11 Wi-Fi device 26:39:F1:AB:05:B2 advertising new SSID 'osvc-2'
1790658707.674 INFO: Detected new 802.11 Wi-Fi access point 46:AE:30:84:5A:16
1790658707.674 INFO: 802.11 Wi-Fi device 46:AE:30:84:5A:16 advertising a new cloaked SSID
1790658707.675 INFO: Detected new 802.11 Wi-Fi access point F4:5E:AB:98:45:A6
1790658707.675 INFO: 802.11 Wi-Fi device F4:5E:AB:98:45:A6 advertising new SSID 'WiFiER9845a6'
1790658707.675 INFO: Detected new 802.11 Wi-Fi access point 46:AE:30:84:34:B6
1790658707.675 INFO: 802.11 Wi-Fi device 46:AE:30:84:34:B6 advertising a new cloaked SSID
1790658707.675 INFO: Detected new 802.11 Wi-Fi access point 40:AE:30:84:5A:16
1790658707.675 INFO: 802.11 Wi-Fi device 40:AE:30:84:5A:16 advertising new SSID 'cohen42'
1790658708.123 INFO: Detected new 802.11 Wi-Fi access point 6A:B8:C2:B2:AE:59
1790658708.124 INFO: 802.11 Wi-Fi device 6A:B8:C2:B2:AE:59 advertising a new cloaked SSID
1790658708.124 INFO: 802.11 Wi-Fi device 00:B8:C2:B2:AE:58 advertising new SSID 'Mor'
1790658709.628 INFO: Detected new 802.11 Wi-Fi access point 82:AF:CA:25:C2:23
1790658709.632 INFO: 802.11 Wi-Fi device 82:AF:CA:25:C2:23 advertising a new cloaked SSID
1790658709.661 INFO: Detected new 802.11 Wi-Fi access point D0:CF:0E:85:DC:54
1790658709.662 INFO: 802.11 Wi-Fi device D0:CF:0E:85:DC:54 advertising new SSID 'Kobi'
1790658709.719 INFO: Detected new 802.11 Wi-Fi access point 30:E1:71:F0:62:A4
1790658709.720 INFO: 802.11 Wi-Fi device 30:E1:71:F0:62:A4 advertising new SSID 'DIRECT-A3-HP DeskJet 4670 series'
1790658709.728 INFO: Detected new 802.11 Wi-Fi access point AA:D8:A4:1D:31:38
1790658709.729 INFO: 802.11 Wi-Fi device AA:D8:A4:1D:31:38 advertising a new cloaked SSID
1790658709.730 INFO: Detected new 802.11 Wi-Fi access point AA:D8:A4:1D:31:39
1790658709.730 INFO: 802.11 Wi-Fi device AA:D8:A4:1D:31:39 advertising new SSID 'Michal_SH'
1790658710.211 INFO: Detected new 802.11 Wi-Fi access point F4:3C:3B:8F:C5:27
1790658710.212 INFO: 802.11 Wi-Fi device F4:3C:3B:8F:C5:27 advertising new SSID 'HAP_AHZHIB'
1790658710.214 INFO: Detected new 802.11 Wi-Fi access point 46:AE:30:84:5A:17
1790658710.224 INFO: 802.11 Wi-Fi device 46:AE:30:84:5A:17 advertising a new cloaked SSID
1790658710.268 INFO: Detected new 802.11 Wi-Fi access point D2:D8:A4:DB:5E:A5
1790658710.268 INFO: 802.11 Wi-Fi device D2:D8:A4:DB:5E:A5 advertising new SSID 'Dayan'
1790658710.273 INFO: Detected new 802.11 Wi-Fi device 4C:2E:5E:D5:FE:E9
1790658710.295 INFO: Detected new 802.11 Wi-Fi access point 40:AE:30:84:34:B7
1790658710.295 INFO: 802.11 Wi-Fi device 40:AE:30:84:34:B7 advertising new SSID 'cohen42'
1790658710.295 INFO: Detected new 802.11 Wi-Fi device 40:AE:30:84:5A:14
1790658710.295 INFO: Detected new 802.11 Wi-Fi device E4:5F:01:49:99:3F
1790658710.295 INFO: Detected new 802.11 Wi-Fi device 42:A2:BA:65:29:F3
1790658710.295 INFO: Detected new 802.11 Wi-Fi access point 40:AE:30:84:5A:17
1790658710.295 INFO: 802.11 Wi-Fi device 40:AE:30:84:5A:17 advertising new SSID 'cohen42'
1790658710.296 INFO: Detected new 802.11 Wi-Fi access point 46:AE:30:84:34:B7
1790658710.297 INFO: 802.11 Wi-Fi device 46:AE:30:84:34:B7 advertising a new cloaked SSID
1790658710.298 INFO: Detected new 802.11 Wi-Fi access point D2:D8:A4:DB:5E:A6
1790658710.298 INFO: 802.11 Wi-Fi device D2:D8:A4:DB:5E:A6 advertising a new cloaked SSID
1790658711.717 INFO: Detected new 802.11 Wi-Fi device A8:DB:03:42:DE:68
1790658711.719 INFO: Detected new 802.11 Wi-Fi device B0:1F:47:17:AF:4A
1790658711.737 ERROR: Data source 'wB / esp32c5-ttyACM0:name=wB' ('esp32c5-ttyACM0') encountered an error: IPC connection closed
1790658711.737 ALERT: SOURCEERROR Source wB (E5C50001-0000-0000-0000-10BDA3CF0540) has encountered an error (IPC connection closed) Kismet will attempt to re-open the source in 5 seconds.  (1 failures)
1790658711.737 ERROR: Source wB (E5C50001-0000-0000-0000-10BDA3CF0540) has encountered an error (IPC connection closed) Kismet will attempt to re-open the source in 5 seconds.  (1 failures)
1790658711.737 INFO: Detected new 802.11 Wi-Fi device 20:15:DE:A1:04:FB
1790658711.740 INFO: Detected new 802.11 Wi-Fi access point 40:AE:30:84:34:B6
1790658711.740 INFO: 802.11 Wi-Fi device 40:AE:30:84:34:B6 advertising new SSID 'cohen42'
1790658716.801 INFO: Attempting to re-open source wB
1790658716.827 ALERT: SOURCEOPEN Source wB (E5C50001-0000-0000-0000-10BDA3CF0540) successfully re-opened
1790658717.829 INFO: wB capturing (wifi)
1790658719.339 INFO: Detected new 802.11 Wi-Fi access point FA:8F:CA:6C:D1:65
1790658719.341 INFO: 802.11 Wi-Fi device FA:8F:CA:6C:D1:65 advertising new SSID 'JBL Bar 5.1_0891.l025'
1790658719.349 INFO: Detected new 802.11 Wi-Fi access point 8A:D8:E5:C7:6A:16
1790658719.349 INFO: 802.11 Wi-Fi device 8A:D8:E5:C7:6A:16 advertising new SSID 'Dayan_SH'
1790658719.835 INFO: Detected new 802.11 Wi-Fi access point CA:C9:A3:4D:96:E7
1790658719.840 INFO: 802.11 Wi-Fi device CA:C9:A3:4D:96:E7 advertising new SSID 'ESP-4D96E7'
1790658719.843 INFO: Detected new 802.11 Wi-Fi device FC:F5:C4:BD:9B:CD
1790658719.844 INFO: 802.11 Wi-Fi device 40:AE:30:84:34:B6 advertising new SSID 'cohen42'
1790658721.837 INFO: 802.11 Wi-Fi device D0:CF:0E:85:DC:54 advertising new SSID 'Kobi'
1790658721.841 INFO: Detected new 802.11 Wi-Fi device 7A:BB:47:59:D8:2B
1790658722.404 INFO: 802.11 Wi-Fi device 30:E1:71:F0:62:A4 advertising new SSID 'DIRECT-A3-HP DeskJet 4670 series'
1790658722.408 INFO: Detected new 802.11 Wi-Fi access point AA:D8:A4:1D:31:37
1790658722.408 INFO: 802.11 Wi-Fi device AA:D8:A4:1D:31:37 advertising new SSID 'Michal'
1790658722.432 INFO: Detected new 802.11 Wi-Fi device 60:D8:A4:1D:51:35
1790658722.444 INFO: Detected new 802.11 Wi-Fi device 04:03:12:C0:A3:70
1790658722.914 INFO: Detected new 802.11 Wi-Fi access point 6A:D5:ED:42:0F:EA
1790658722.915 INFO: 802.11 Wi-Fi device 6A:D5:ED:42:0F:EA advertising a new cloaked SSID
1790658722.919 INFO: Detected new 802.11 Wi-Fi access point 6A:D5:ED:42:0F:E9
1790658722.919 INFO: 802.11 Wi-Fi device 6A:D5:ED:42:0F:E9 advertising new SSID 'MEIRAV'
1790658723.909 INFO: Detected new 802.11 Wi-Fi access point 80:AF:CA:75:C2:23
1790658723.910 INFO: 802.11 Wi-Fi device 80:AF:CA:75:C2:23 advertising new SSID 'Cudy-C223'
1790658723.935 INFO: Detected new 802.11 Wi-Fi device 74:F8:DB:5D:D0:61
1790658723.937 INFO: Detected new 802.11 Wi-Fi access point 40:AE:30:84:36:22
1790658723.938 INFO: 802.11 Wi-Fi device 40:AE:30:84:36:22 advertising new SSID 'cohen42'
1790658724.409 INFO: Detected new 802.11 Wi-Fi access point 82:AF:CA:65:C2:23
1790658724.410 INFO: 802.11 Wi-Fi device 82:AF:CA:65:C2:23 advertising new SSID 'Cudy-C223-5G'
1790658724.413 INFO: Detected new 802.11 Wi-Fi access point 82:AF:CA:85:C2:23
1790658724.414 INFO: 802.11 Wi-Fi device 82:AF:CA:85:C2:23 advertising a new cloaked SSID
1790658726.017 
1790658726.017 *** KISMET IS SHUTTING DOWN ***
1790658726.017 Shutting down plugins...
1790658726.017 WARNING: Kismet changes the configuration of network devices.
1790658726.017          In most cases you will need to restart networking for
1790658726.017          your interface (varies per distribution and OS), but 
1790658726.017          typically one of:
1790658726.017          sudo service networking restart
1790658726.017          sudo /etc/init.d/networking restart
1790658726.017          or
1790658726.017          nmcli device set [device] managed true
1790658726.017 
1790658726.017 Kismet exiting.
1790658726.018 EXITING: Signal service thread complete.
1790658726.023 KISMET_EXIT=0
