1790658532.338 INFO: Including sub-config file: /home/osh/kismet-install/etc/kismet_httpd.conf
1790658532.338 INFO: Including sub-config file: /home/osh/kismet-install/etc/kismet_memory.conf
1790658532.338 INFO: Including sub-config file: /home/osh/kismet-install/etc/kismet_alerts.conf
1790658532.338 INFO: Including sub-config file: /home/osh/kismet-install/etc/kismet_80211.conf
1790658532.338 INFO: Including sub-config file: /home/osh/kismet-install/etc/kismet_logging.conf
1790658532.338 INFO: Including sub-config file: /home/osh/kismet-install/etc/kismet_filter.conf
1790658532.339 INFO: Including sub-config file: /home/osh/kismet-install/etc/kismet_uav.conf
1790658532.339 INFO: Loading config override file '/home/osh/kismet-install/etc/kismet_package.conf'
1790658532.339 INFO: Optional sub-config file not present: /home/osh/kismet-install/etc/kismet_package.conf
1790658532.339 INFO: Loading config override file '/home/osh/kismet-install/etc/kismet_site.conf'
1790658532.339 INFO: Optional sub-config file not present: /home/osh/kismet-install/etc/kismet_site.conf
1790658532.339 INFO: Generated server UUID DCD64166-BBC3-11F1-B687-4B49534D4554 and storing in /tmp/hw2/n8b/.kismet//kismet_server_id.conf
1790658532.339 INFO: Setting server UUID DCD64166-BBC3-11F1-B687-4B49534D4554
1790658532.339 INFO: Starting Beast webserver on 0.0.0.0:2501
1790658532.339 INFO: Opened OUI file '/home/osh/kismet-install/share/kismet/kismet_manuf.txt.gz
1790658532.339 INFO: Indexing manufacturer db
1790658532.341 INFO: Completed indexing manufacturer db, 38959 lines and 780 indexes.
1790658532.348 INFO: Saving devices to the Kismet database log every 30 seconds
1790658532.353 INFO: Using default rates of 10/min, 1/sec for alert 'DEVICEFOUND'
1790658532.353 INFO: Using default rates of 10/min, 1/sec for alert 'DEVICELOST'
1790658532.353 INFO: Registering support for DLT_PPI packet header decoding
1790658532.353 INFO: Registering support for DLT_RADIOTAP packet header decoding
1790658532.353 INFO: Registering support for DLT_BTLE_RADIO packet header decoding
1790658532.356 INFO: Using default rates of 10/min, 1/sec for alert 'BADFIXLENIE'
1790658532.357 INFO: PHY80211 will only process AP signal levels from beacons
1790658532.357 INFO: Allowing Kismet clients to view WEP keys
1790658532.357 DEBUG: ssid canary FooCanary:ssid="FoobarCanary"
1790658532.357 DEBUG: ssid canary FooCanart2:ssid="(?i:foobarcanary)"
1790658532.357 INFO: Keeping EAPOL packets in memory for easy download and WIDS functionality; this can use more RAM.
1790658532.360 INFO: Registered PHY handler 'IEEE802.11' as ID 0
1790658532.362 INFO: Registered PHY handler 'RFSENSOR' as ID 1
1790658532.363 INFO: Registered PHY handler 'Z-Wave' as ID 2
1790658532.364 INFO: Registered PHY handler 'Bluetooth' as ID 3
1790658532.364 DEBUG: reserve_fields home id 538 app id 539
1790658532.367 INFO: Registered PHY handler 'UAV' as ID 4
1790658532.368 INFO: Registered PHY handler 'NrfMousejack' as ID 5
1790658532.368 ERROR: Tried to re-register duplicate alert FLIPPERZERO
1790658532.369 INFO: Registered PHY handler 'BTLE' as ID 6
1790658532.370 INFO: Registered PHY handler 'METER' as ID 7
1790658532.370 INFO: Indexing ADSB ICAO db
1790658532.631 INFO: Completed indexing ADSB ICAO db, 341068 lines 6822 indexes
1790658532.633 INFO: Registered PHY handler 'ADSB' as ID 8
1790658532.634 INFO: Registered PHY handler '802.15.4' as ID 9
1790658532.635 INFO: Registered PHY handler 'RADIATION' as ID 10
1790658532.641 INFO: (HTTPD) Could not read session data file, skipping loading saved sessions.
1790658532.641 INFO: Serving static file content from /home/osh/kismet-install/share/kismet/httpd/
1790658532.642 INFO: Enabling channel hopping by default on sources which support channel control.
1790658532.642 INFO: Setting default channel hop rate to 5/sec
1790658532.642 INFO: Enabling channel list splitting on sources which share the same list of channels
1790658532.642 INFO: Enabling channel list shuffling to optimize overlaps
1790658532.642 INFO: Sources will be re-opened if they encounter an error
1790658532.642 INFO: Saving datasources to the Kismet database log every 30 seconds
1790658532.642 INFO: Launching remote capture server on 127.0.0.1 3501
1790658532.645 INFO: No data sources defined; Kismet will not capture anything until a source is added.
1790658532.646 ALERT: LOGDISABLED Logging has been disabled via the Kismet config files or the command line.  Pcap, database, and related logs will not be saved.
1790658532.646 INFO: Logging disabled, not enabling any log drivers.
1790658532.646 INFO: GPS track will be logged to the Kismet logfile
1790658532.648 INFO: Starting Kismet web server...
1790658532.648 INFO: HTTP server listening on 0.0.0.0:2501
1790658532.650 INFO: Could not open system plugin directory (/home/osh/kismet-install/lib/kismet/), skipping: No such file or directory
1790658532.650 INFO: Did not find a user plugin directory (/tmp/hw2/n8b/.kismet//plugins/), skipping: No such file or directory
1790658532.930 INFO: New remote source esp32c5-ttyACM1 (E5C50001-0000-0000-0000-3844BEBFC910) connected
1790658538.002 INFO: esp32c5-ttyACM1 - esp32c5-ttyACM1 capturing (wifi)
1790658538.037 INFO: Detected new 802.11 Wi-Fi access point B0:1F:47:0D:E9:B9
1790658538.038 INFO: 802.11 Wi-Fi device B0:1F:47:0D:E9:B9 advertising new SSID 'Mor'
1790658538.048 INFO: Detected new 802.11 Wi-Fi access point 00:B8:C2:B2:AE:57
1790658538.048 INFO: 802.11 Wi-Fi device 00:B8:C2:B2:AE:57 advertising new SSID 'Mor'
1790658538.063 INFO: Detected new 802.11 Wi-Fi device 6A:B8:C2:B2:AE:59
1790658538.063 INFO: Detected new 802.11 Wi-Fi device EE:06:19:9A:8C:51
1790658538.065 INFO: Detected new 802.11 Wi-Fi access point FA:8F:CA:6C:D1:65
1790658538.067 INFO: 802.11 Wi-Fi device FA:8F:CA:6C:D1:65 advertising new SSID 'JBL Bar 5.1_0891.l025'
1790658538.069 INFO: Detected new 802.11 Wi-Fi access point 00:B8:C2:B2:AE:58
1790658538.070 INFO: 802.11 Wi-Fi device 00:B8:C2:B2:AE:58 advertising new SSID 'Mor'
1790658538.088 INFO: Detected new 802.11 Wi-Fi access point 40:AE:30:84:5A:16
1790658538.088 INFO: 802.11 Wi-Fi device 40:AE:30:84:5A:16 advertising new SSID 'cohen42'
1790658538.098 INFO: Detected new 802.11 Wi-Fi access point 46:AE:30:84:34:B6
1790658538.098 INFO: 802.11 Wi-Fi device 46:AE:30:84:34:B6 advertising a new cloaked SSID
1790658538.098 INFO: 802.11 Wi-Fi device 00:B8:C2:B2:AE:58 advertising new SSID 'Mor'
1790658538.098 INFO: Detected new 802.11 Wi-Fi device 7A:99:E1:59:44:1C
1790658538.099 INFO: Detected new 802.11 Wi-Fi device 00:B8:C2:B2:AE:4E
1790658538.109 INFO: Detected new 802.11 Wi-Fi access point D0:CF:0E:85:DC:54
1790658538.109 INFO: 802.11 Wi-Fi device D0:CF:0E:85:DC:54 advertising new SSID 'Kobi'
1790658538.109 INFO: Detected new 802.11 Wi-Fi device FC:F5:C4:BD:9B:CD
1790658538.110 INFO: Detected new 802.11 Wi-Fi device D0:CF:0E:85:DC:57
1790658538.122 INFO: Detected new 802.11 Wi-Fi access point 46:AE:30:84:5A:16
1790658538.122 INFO: 802.11 Wi-Fi device 46:AE:30:84:5A:16 advertising a new cloaked SSID
1790658538.123 INFO: Detected new 802.11 Wi-Fi access point 26:39:F1:AB:05:B2
1790658538.123 INFO: 802.11 Wi-Fi device 26:39:F1:AB:05:B2 advertising new SSID 'osvc-2'
1790658538.125 INFO: 802.11 Wi-Fi device 6A:B8:C2:B2:AE:59 advertising a new cloaked SSID
1790658538.125 INFO: Detected new 802.11 Wi-Fi device FC:F5:C4:BE:0B:A5
1790658538.127 INFO: 802.11 Wi-Fi device D0:CF:0E:85:DC:54 advertising new SSID 'Kobi'
1790658538.127 INFO: Detected new 802.11 Wi-Fi device 40:AE:30:84:5A:14
1790658538.133 INFO: Detected new 802.11 Wi-Fi access point 82:AF:CA:25:C2:23
1790658538.135 INFO: 802.11 Wi-Fi device 82:AF:CA:25:C2:23 advertising a new cloaked SSID
1790658538.156 INFO: Detected new 802.11 Wi-Fi device A8:DB:03:42:DE:68
1790658538.156 INFO: Detected new 802.11 Wi-Fi device 94:83:C4:25:9E:39
1790658538.160 INFO: Detected new 802.11 Wi-Fi access point C8:70:23:73:DA:93
1790658538.160 INFO: 802.11 Wi-Fi device C8:70:23:73:DA:93 advertising new SSID 'cohen'
1790658538.166 INFO: Detected new 802.11 Wi-Fi access point 20:F1:B2:B9:E5:33
1790658538.166 INFO: 802.11 Wi-Fi device 20:F1:B2:B9:E5:33 advertising new SSID 'SmartLife-E533'
1790658538.167 INFO: Detected new 802.11 Wi-Fi access point 46:AE:30:84:36:22
1790658538.168 INFO: 802.11 Wi-Fi device 46:AE:30:84:36:22 advertising a new cloaked SSID
1790658538.170 INFO: Detected new 802.11 Wi-Fi device 24:9E:7D:38:9F:74
1790658543.003 INFO: Detected new 802.11 Wi-Fi access point 46:AE:30:84:34:B7
1790658543.006 INFO: 802.11 Wi-Fi device 46:AE:30:84:34:B7 advertising a new cloaked SSID
1790658543.007 INFO: Detected new 802.11 Wi-Fi access point 40:AE:30:84:34:B7
1790658543.008 INFO: 802.11 Wi-Fi device 40:AE:30:84:34:B7 advertising new SSID 'cohen42'
1790658543.013 INFO: Detected new 802.11 Wi-Fi access point 6A:D5:ED:42:0F:EA
1790658543.016 INFO: 802.11 Wi-Fi device 6A:D5:ED:42:0F:EA advertising a new cloaked SSID
1790658543.027 INFO: Detected new 802.11 Wi-Fi device F0:35:75:F4:3E:C5
1790658543.028 INFO: Detected new 802.11 Wi-Fi access point 40:AE:30:84:36:22
1790658543.028 INFO: 802.11 Wi-Fi device 40:AE:30:84:36:22 advertising new SSID 'cohen42'
1790658543.038 INFO: Detected new 802.11 Wi-Fi device B0:92:4A:CB:2D:55
1790658543.046 INFO: Detected new 802.11 Wi-Fi access point 58:FC:20:1B:D9:D0
1790658543.046 INFO: 802.11 Wi-Fi device 58:FC:20:1B:D9:D0 advertising new SSID 'Sivan'
1790658543.049 INFO: Detected new 802.11 Wi-Fi access point 80:AF:CA:75:C2:23
1790658543.049 INFO: 802.11 Wi-Fi device 80:AF:CA:75:C2:23 advertising new SSID 'Cudy-C223'
1790658543.050 INFO: Detected new 802.11 Wi-Fi access point 6A:D5:ED:42:0F:E9
1790658543.050 INFO: 802.11 Wi-Fi device 6A:D5:ED:42:0F:E9 advertising new SSID 'MEIRAV'
1790658543.052 INFO: Detected new 802.11 Wi-Fi access point 40:AE:30:84:34:B6
1790658543.052 INFO: 802.11 Wi-Fi device 40:AE:30:84:34:B6 advertising new SSID 'cohen42'
1790658543.056 INFO: Detected new 802.11 Wi-Fi access point CA:C9:A3:4D:96:E7
1790658543.061 INFO: 802.11 Wi-Fi device CA:C9:A3:4D:96:E7 advertising new SSID 'ESP-4D96E7'
1790658543.068 INFO: Detected new 802.11 Wi-Fi access point D2:D8:A4:DB:5E:A6
1790658543.068 INFO: 802.11 Wi-Fi device D2:D8:A4:DB:5E:A6 advertising a new cloaked SSID
1790658548.038 INFO: Detected new 802.11 Wi-Fi device A6:9F:76:6D:54:67
1790658548.070 INFO: Detected new 802.11 Wi-Fi device 70:F7:54:55:CB:00
1790658548.075 INFO: Detected new 802.11 Wi-Fi device 04:7E:4A:3C:7F:DB
1790658548.082 INFO: Detected new 802.11 Wi-Fi device 60:D8:A4:DB:9E:9B
1790658548.083 INFO: Detected new 802.11 Wi-Fi device B0:1F:47:17:AF:4A
1790658548.127 INFO: Detected new 802.11 Wi-Fi device 20:15:DE:A1:04:FB
1790658548.130 INFO: Detected new 802.11 Wi-Fi device 44:15:24:45:CF:4F
1790658553.016 INFO: Detected new 802.11 Wi-Fi device CA:61:10:29:3F:1B
1790658553.018 INFO: 802.11 Wi-Fi device 58:FC:20:1B:D9:D0 advertising new SSID 'Sivan'
1790658553.020 INFO: Detected new 802.11 Wi-Fi device 58:FC:20:1B:D9:CF
1790658553.037 INFO: Detected new 802.11 Wi-Fi device 2C:E0:32:9D:BF:C5
1790658553.038 INFO: 802.11 Wi-Fi device 40:AE:30:84:5A:16 advertising new SSID 'cohen42'
1790658553.040 INFO: Detected new 802.11 Wi-Fi device B0:1F:47:10:E2:62
1790658558.098 INFO: Detected new 802.11 Wi-Fi device 80:BE:AF:D7:03:8F
1790658558.110 INFO: 802.11 Wi-Fi device 80:AF:CA:75:C2:23 advertising new SSID 'Cudy-C223'
1790658558.110 INFO: Detected new 802.11 Wi-Fi device 4C:2E:5E:D5:FE:E9
1790658558.115 INFO: Detected new 802.11 Wi-Fi device 74:F8:DB:5D:D0:61
1790658558.116 INFO: 802.11 Wi-Fi device 40:AE:30:84:36:22 advertising new SSID 'cohen42'
1790658562.822 INFO: Detected new 802.11 Wi-Fi device AC:1C:26:64:4C:C3
1790658562.828 INFO: Detected new 802.11 Wi-Fi device DC:07:F8:9F:12:D8
1790658562.860 INFO: Detected new 802.11 Wi-Fi access point 64:64:4A:BB:59:65
1790658562.860 INFO: Detected new 802.11 Wi-Fi device E4:AA:EC:99:04:53
1790658562.868 INFO: Detected new 802.11 Wi-Fi device 50:8A:06:DA:21:90
1790658562.878 INFO: Detected new 802.11 Wi-Fi device 38:1F:8D:B5:01:4D
1790658564.148 ERROR: Data source 'esp32c5-ttyACM1 / esp32c5-ttyACM1' ('esp32c5-ttyACM1') encountered an error: websocket connection closed
1790658564.655 
1790658564.655 *** KISMET IS SHUTTING DOWN ***
1790658564.655 Shutting down plugins...
1790658564.655 WARNING: Kismet changes the configuration of network devices.
1790658564.655          In most cases you will need to restart networking for
1790658564.655          your interface (varies per distribution and OS), but 
1790658564.655          typically one of:
1790658564.655          sudo service networking restart
1790658564.655          sudo /etc/init.d/networking restart
1790658564.655          or
1790658564.655          nmcli device set [device] managed true
1790658564.655 
1790658564.655 Kismet exiting.
1790658564.655 EXITING: Signal service thread complete.
1790658564.661 KISMET_EXIT=0
