[2026/09/29 08:00:34:5743] N: lws_create_context: LWS: 4.3.5-unknown, NET CLI SRV H1 H2 WS ConMon IPV6-on
[2026/09/29 08:00:34:5748] N: __lws_lc_tag:  ++ [wsi|0|pipe] (1)
[2026/09/29 08:00:34:5749] N: __lws_lc_tag:  ++ [vh|0|netlink] (1)
[2026/09/29 08:00:34:5750] N: __lws_lc_tag:  ++ [vh|1|default||-1] (2)
[2026/09/29 08:00:34:5755] N: __lws_lc_tag:  ++ [wsicli|0|WS/h1/default/127.0.0.1] (1)
[2026/09/29 08:00:34:5761] W: _lws_smd_msg_send: rejecting message on queue depth 40
[2026/09/29 08:00:34:5762] W: _lws_smd_msg_send: rejecting message on queue depth 40
[2026/09/29 08:00:34:5762] W: _lws_smd_msg_send: rejecting message on queue depth 40
[2026/09/29 08:00:34:5762] W: _lws_smd_msg_send: rejecting message on queue depth 40
[2026/09/29 08:00:34:5762] W: _lws_smd_msg_send: rejecting message on queue depth 40
[2026/09/29 08:00:34:5762] W: _lws_smd_msg_send: rejecting message on queue depth 40
INFO: 127.0.0.1:2501 starting capture...
FATAL: Datasource websocket closed
[2026/09/29 08:00:40:5456] N: __lws_lc_untag:  -- [wsicli|0|WS/h1/default/127.0.0.1] (0) 5.970s
FATAL:  Datasource exiting libwebsocket loop
INFO: capture process exited 0 signal 0
INFO: Sleeping 5 seconds before attempting to reconnect to remote server
[2026/09/29 08:00:45:5525] N: lws_create_context: LWS: 4.3.5-unknown, NET CLI SRV H1 H2 WS ConMon IPV6-on
[2026/09/29 08:00:45:5530] N: __lws_lc_tag:  ++ [wsi|0|pipe] (1)
[2026/09/29 08:00:45:5532] N: __lws_lc_tag:  ++ [vh|0|netlink] (1)
[2026/09/29 08:00:45:5534] N: __lws_lc_tag:  ++ [vh|1|default||-1] (2)
[2026/09/29 08:00:45:5547] N: __lws_lc_tag:  ++ [wsicli|0|WS/h1/default/127.0.0.1] (1)
[2026/09/29 08:00:45:5581] W: _lws_smd_msg_send: rejecting message on queue depth 40
[2026/09/29 08:00:45:5581] W: _lws_smd_msg_send: rejecting message on queue depth 40
[2026/09/29 08:00:45:5582] W: _lws_smd_msg_send: rejecting message on queue depth 40
[2026/09/29 08:00:45:5582] W: _lws_smd_msg_send: rejecting message on queue depth 40
[2026/09/29 08:00:45:5582] W: _lws_smd_msg_send: rejecting message on queue depth 40
[2026/09/29 08:00:45:5582] W: _lws_smd_msg_send: rejecting message on queue depth 40
[2026/09/29 08:00:45:5584] N: [wsicli|0|WS/h1/default/127.0.0.1]: lws_client_connect_check: getsockopt fd 6 says e 111
FATAL: Datasource could not connect websocket client
[2026/09/29 08:00:45:5586] N: __lws_lc_untag:  -- [wsicli|0|WS/h1/default/127.0.0.1] (0) 3.882ms
FATAL:  Datasource exiting libwebsocket loop
INFO: capture process exited 0 signal 0
INFO: Sleeping 5 seconds before attempting to reconnect to remote server
[2026/09/29 08:00:50:5607] N: lws_create_context: LWS: 4.3.5-unknown, NET CLI SRV H1 H2 WS ConMon IPV6-on
[2026/09/29 08:00:50:5610] N: __lws_lc_tag:  ++ [wsi|0|pipe] (1)
[2026/09/29 08:00:50:5610] N: __lws_lc_tag:  ++ [vh|0|netlink] (1)
[2026/09/29 08:00:50:5612] N: __lws_lc_tag:  ++ [vh|1|default||-1] (2)
[2026/09/29 08:00:50:5616] N: __lws_lc_tag:  ++ [wsicli|0|WS/h1/default/127.0.0.1] (1)
[2026/09/29 08:00:50:5621] W: _lws_smd_msg_send: rejecting message on queue depth 40
[2026/09/29 08:00:50:5622] W: _lws_smd_msg_send: rejecting message on queue depth 40
[2026/09/29 08:00:50:5622] W: _lws_smd_msg_send: rejecting message on queue depth 40
[2026/09/29 08:00:50:5622] W: _lws_smd_msg_send: rejecting message on queue depth 40
[2026/09/29 08:00:50:5622] W: _lws_smd_msg_send: rejecting message on queue depth 40
[2026/09/29 08:00:50:5622] W: _lws_smd_msg_send: rejecting message on queue depth 40
INFO: 127.0.0.1:2501 starting capture...
FATAL: Datasource websocket closed
[2026/09/29 08:01:12:7910] N: __lws_lc_untag:  -- [wsicli|0|WS/h1/default/127.0.0.1] (0) 22.229s
FATAL:  Datasource exiting libwebsocket loop
INFO: capture process exited 0 signal 0
INFO: Sleeping 5 seconds before attempting to reconnect to remote server
[2026/09/29 08:01:17:7974] N: lws_create_context: LWS: 4.3.5-unknown, NET CLI SRV H1 H2 WS ConMon IPV6-on
[2026/09/29 08:01:17:7977] N: __lws_lc_tag:  ++ [wsi|0|pipe] (1)
[2026/09/29 08:01:17:7977] N: __lws_lc_tag:  ++ [vh|0|netlink] (1)
[2026/09/29 08:01:17:7979] N: __lws_lc_tag:  ++ [vh|1|default||-1] (2)
[2026/09/29 08:01:17:7984] N: __lws_lc_tag:  ++ [wsicli|0|WS/h1/default/127.0.0.1] (1)
[2026/09/29 08:01:17:7989] W: _lws_smd_msg_send: rejecting message on queue depth 40
[2026/09/29 08:01:17:7990] W: _lws_smd_msg_send: rejecting message on queue depth 40
[2026/09/29 08:01:17:7990] W: _lws_smd_msg_send: rejecting message on queue depth 40
[2026/09/29 08:01:17:7990] W: _lws_smd_msg_send: rejecting message on queue depth 40
[2026/09/29 08:01:17:7990] W: _lws_smd_msg_send: rejecting message on queue depth 40
[2026/09/29 08:01:17:7990] W: _lws_smd_msg_send: rejecting message on queue depth 40
INFO: 127.0.0.1:2501 starting capture...
