kismet up after 0.36 s pid 268387 home /tmp/hw2/n8r
5.14
### running
  pid 268375 ppid 268374 state S threads: 268375:do_wait 
  pid 268423 ppid 268378 state S threads: 268423:do_wait 
  pid 268425 ppid 268423 state S threads: 268425:poll_schedule_timeout.constprop.0 268427:do_sigtimedwait.isra.0 268428:poll_schedule_timeout.constprop.0 268429:hrtimer_nanosleep 
  flock /dev/ttyACM1 by pid 268425 (/home/osh/kismet-install/bin/kismet_cap_esp32c5 --connect 127.0.0.1:2501 --source esp32c5-)
### stop kismet (SIGTERM), restart after 5 s
268423 /home/osh/kismet-install/bin/kismet_cap_esp32c5 --connect 127.0.0.1:2501 --source esp32c5-ttyACM1
^^ leftover helpers
stopped
### while kismet is down
  pid 268375 ppid 268374 state S threads: 268375:do_wait 
  pid 268423 ppid 268378 state S threads: 268423:hrtimer_nanosleep 
kismet up after 0.36 s pid 268721 home /tmp/hw2/n8r2
t+1 
t+2 
t+3 esp32c5-ttyACM1 run=1 err=0 pkts=0;
t+4 esp32c5-ttyACM1 run=1 err=0 pkts=0;
t+5 esp32c5-ttyACM1 run=1 err=0 pkts=0;
t+6 esp32c5-ttyACM1 run=1 err=0 pkts=74;
t+7 esp32c5-ttyACM1 run=1 err=0 pkts=84;
t+8 esp32c5-ttyACM1 run=1 err=0 pkts=84;
t+9 esp32c5-ttyACM1 run=1 err=0 pkts=84;
t+10 esp32c5-ttyACM1 run=1 err=0 pkts=84;
t+11 esp32c5-ttyACM1 run=1 err=0 pkts=204;
t+12 esp32c5-ttyACM1 run=1 err=0 pkts=204;
t+13 esp32c5-ttyACM1 run=1 err=0 pkts=204;
t+14 esp32c5-ttyACM1 run=1 err=0 pkts=204;
t+15 esp32c5-ttyACM1 run=1 err=0 pkts=204;
t+16 esp32c5-ttyACM1 run=1 err=0 pkts=306;
t+17 esp32c5-ttyACM1 run=1 err=0 pkts=306;
t+18 esp32c5-ttyACM1 run=1 err=0 pkts=306;
t+19 esp32c5-ttyACM1 run=1 err=0 pkts=306;
t+20 esp32c5-ttyACM1 run=1 err=0 pkts=408;
### after restart
  pid 268375 ppid 268374 state S threads: 268375:do_wait 
  pid 268423 ppid 268378 state S threads: 268423:do_wait 
  pid 268789 ppid 268423 state S threads: 268789:poll_schedule_timeout.constprop.0 268791:do_sigtimedwait.isra.0 268792:poll_schedule_timeout.constprop.0 268793:hrtimer_nanosleep 
  flock /dev/ttyACM1 by pid 268789 (/home/osh/kismet-install/bin/kismet_cap_esp32c5 --connect 127.0.0.1:2501 --source esp32c5-)
### close_source E5C50001-0000-0000-0000-3844BEBFC910
HTTP 200
{"kismet.datasource.source_number": 1, "kismet.datasource.so
t+1 esp32c5-ttyACM1 run=0 err=1 pkts=408;
t+2 esp32c5-ttyACM1 run=0 err=1 pkts=408;
t+3 esp32c5-ttyACM1 run=0 err=1 pkts=408;
t+4 esp32c5-ttyACM1 run=0 err=1 pkts=408;
t+5 esp32c5-ttyACM1 run=1 err=0 pkts=408;
t+6 esp32c5-ttyACM1 run=1 err=0 pkts=408;
t+7 esp32c5-ttyACM1 run=1 err=0 pkts=408;
t+8 esp32c5-ttyACM1 run=1 err=0 pkts=408;
t+9 esp32c5-ttyACM1 run=1 err=0 pkts=557;
t+10 esp32c5-ttyACM1 run=1 err=0 pkts=557;
t+11 esp32c5-ttyACM1 run=1 err=0 pkts=613;
t+12 esp32c5-ttyACM1 run=1 err=0 pkts=613;
  pid 268375 ppid 268374 state S threads: 268375:do_wait 
  pid 268423 ppid 268378 state S threads: 268423:do_wait 
  pid 269397 ppid 268423 state S threads: 269397:poll_schedule_timeout.constprop.0 269399:do_sigtimedwait.isra.0 269400:poll_schedule_timeout.constprop.0 269401:hrtimer_nanosleep 
  flock /dev/ttyACM1 by pid 269397 (/home/osh/kismet-install/bin/kismet_cap_esp32c5 --connect 127.0.0.1:2501 --source esp32c5-)
  pid 268375 ppid 268374 state S threads: 268375:do_wait 
  pid 269397 ppid 1 state S threads: 269397:poll_schedule_timeout.constprop.0 269399:do_sigtimedwait.isra.0 269400:poll_schedule_timeout.constprop.0 269401:hrtimer_nanosleep 
  flock /dev/ttyACM1 by pid 269397 (/home/osh/kismet-install/bin/kismet_cap_esp32c5 --connect 127.0.0.1:2501 --source esp32c5-)
stopped
### A log
INFO: 127.0.0.1:2501 starting capture...
FATAL: Datasource websocket closed
FATAL:  Datasource exiting libwebsocket loop
INFO: capture process exited 0 signal 0
INFO: Sleeping 5 seconds before attempting to reconnect to remote server
FATAL: Datasource could not connect websocket client
FATAL:  Datasource exiting libwebsocket loop
INFO: capture process exited 0 signal 0
INFO: Sleeping 5 seconds before attempting to reconnect to remote server
INFO: 127.0.0.1:2501 starting capture...
FATAL: Datasource websocket closed
FATAL:  Datasource exiting libwebsocket loop
INFO: capture process exited 0 signal 0
INFO: Sleeping 5 seconds before attempting to reconnect to remote server
INFO: 127.0.0.1:2501 starting capture...
