1790658034.233 INFO: Including sub-config file: /home/osh/kismet-install/etc/kismet_httpd.conf
1790658034.233 INFO: Including sub-config file: /home/osh/kismet-install/etc/kismet_memory.conf
1790658034.233 INFO: Including sub-config file: /home/osh/kismet-install/etc/kismet_alerts.conf
1790658034.233 INFO: Including sub-config file: /home/osh/kismet-install/etc/kismet_80211.conf
1790658034.233 INFO: Including sub-config file: /home/osh/kismet-install/etc/kismet_logging.conf
1790658034.233 INFO: Including sub-config file: /home/osh/kismet-install/etc/kismet_filter.conf
1790658034.233 INFO: Including sub-config file: /home/osh/kismet-install/etc/kismet_uav.conf
1790658034.233 INFO: Loading config override file '/home/osh/kismet-install/etc/kismet_package.conf'
1790658034.233 INFO: Optional sub-config file not present: /home/osh/kismet-install/etc/kismet_package.conf
1790658034.233 INFO: Loading config override file '/home/osh/kismet-install/etc/kismet_site.conf'
1790658034.233 INFO: Optional sub-config file not present: /home/osh/kismet-install/etc/kismet_site.conf
1790658034.233 INFO: Generated server UUID B3F15CAA-BBC2-11F1-A6D8-4B49534D4554 and storing in /tmp/hw2/n8r/.kismet//kismet_server_id.conf
1790658034.233 INFO: Setting server UUID B3F15CAA-BBC2-11F1-A6D8-4B49534D4554
1790658034.233 INFO: Starting Beast webserver on 0.0.0.0:2501
1790658034.233 INFO: Opened OUI file '/home/osh/kismet-install/share/kismet/kismet_manuf.txt.gz
1790658034.233 INFO: Indexing manufacturer db
1790658034.235 INFO: Completed indexing manufacturer db, 38959 lines and 780 indexes.
1790658034.242 INFO: Saving devices to the Kismet database log every 30 seconds
1790658034.247 INFO: Using default rates of 10/min, 1/sec for alert 'DEVICEFOUND'
1790658034.247 INFO: Using default rates of 10/min, 1/sec for alert 'DEVICELOST'
1790658034.247 INFO: Registering support for DLT_PPI packet header decoding
1790658034.247 INFO: Registering support for DLT_RADIOTAP packet header decoding
1790658034.247 INFO: Registering support for DLT_BTLE_RADIO packet header decoding
1790658034.250 INFO: Using default rates of 10/min, 1/sec for alert 'BADFIXLENIE'
1790658034.251 INFO: PHY80211 will only process AP signal levels from beacons
1790658034.251 INFO: Allowing Kismet clients to view WEP keys
1790658034.251 DEBUG: ssid canary FooCanary:ssid="FoobarCanary"
1790658034.251 DEBUG: ssid canary FooCanart2:ssid="(?i:foobarcanary)"
1790658034.251 INFO: Keeping EAPOL packets in memory for easy download and WIDS functionality; this can use more RAM.
1790658034.254 INFO: Registered PHY handler 'IEEE802.11' as ID 0
1790658034.256 INFO: Registered PHY handler 'RFSENSOR' as ID 1
1790658034.257 INFO: Registered PHY handler 'Z-Wave' as ID 2
1790658034.258 INFO: Registered PHY handler 'Bluetooth' as ID 3
1790658034.258 DEBUG: reserve_fields home id 538 app id 539
1790658034.261 INFO: Registered PHY handler 'UAV' as ID 4
1790658034.262 INFO: Registered PHY handler 'NrfMousejack' as ID 5
1790658034.262 ERROR: Tried to re-register duplicate alert FLIPPERZERO
1790658034.263 INFO: Registered PHY handler 'BTLE' as ID 6
1790658034.264 INFO: Registered PHY handler 'METER' as ID 7
1790658034.264 INFO: Indexing ADSB ICAO db
1790658034.525 INFO: Completed indexing ADSB ICAO db, 341068 lines 6822 indexes
1790658034.527 INFO: Registered PHY handler 'ADSB' as ID 8
1790658034.528 INFO: Registered PHY handler '802.15.4' as ID 9
1790658034.529 INFO: Registered PHY handler 'RADIATION' as ID 10
1790658034.535 INFO: (HTTPD) Could not read session data file, skipping loading saved sessions.
1790658034.535 INFO: Serving static file content from /home/osh/kismet-install/share/kismet/httpd/
1790658034.536 INFO: Enabling channel hopping by default on sources which support channel control.
1790658034.536 INFO: Setting default channel hop rate to 5/sec
1790658034.536 INFO: Enabling channel list splitting on sources which share the same list of channels
1790658034.536 INFO: Enabling channel list shuffling to optimize overlaps
1790658034.536 INFO: Sources will be re-opened if they encounter an error
1790658034.536 INFO: Saving datasources to the Kismet database log every 30 seconds
1790658034.536 INFO: Launching remote capture server on 127.0.0.1 3501
1790658034.539 INFO: No data sources defined; Kismet will not capture anything until a source is added.
1790658034.541 ALERT: LOGDISABLED Logging has been disabled via the Kismet config files or the command line.  Pcap, database, and related logs will not be saved.
1790658034.541 INFO: Logging disabled, not enabling any log drivers.
1790658034.541 INFO: GPS track will be logged to the Kismet logfile
1790658034.542 INFO: Starting Kismet web server...
1790658034.542 INFO: HTTP server listening on 0.0.0.0:2501
1790658034.544 INFO: Could not open system plugin directory (/home/osh/kismet-install/lib/kismet/), skipping: No such file or directory
1790658034.544 INFO: Did not find a user plugin directory (/tmp/hw2/n8r/.kismet//plugins/), skipping: No such file or directory
1790658034.584 INFO: New remote source esp32c5-ttyACM1 (E5C50001-0000-0000-0000-3844BEBFC910) connected
1790658039.801 INFO: esp32c5-ttyACM1 - esp32c5-ttyACM1 capturing (wifi)
1790658039.826 INFO: Detected new 802.11 Wi-Fi device 38:E1:F4:E7:5F:35
1790658039.826 INFO: Detected new 802.11 Wi-Fi device 80:64:7C:98:79:B0
1790658039.826 INFO: Detected new 802.11 Wi-Fi device 38:E1:F4:E7:5F:32
1790658039.854 INFO: Detected new 802.11 Wi-Fi access point 00:B8:C2:B2:AE:58
1790658039.854 INFO: Detected new 802.11 Wi-Fi device FA:50:AF:58:56:C3
1790658039.872 INFO: Detected new 802.11 Wi-Fi access point 80:AF:CA:75:C2:23
1790658039.873 INFO: 802.11 Wi-Fi device 80:AF:CA:75:C2:23 advertising new SSID 'Cudy-C223'
1790658039.875 INFO: Detected new 802.11 Wi-Fi access point 82:AF:CA:25:C2:23
1790658039.878 INFO: 802.11 Wi-Fi device 82:AF:CA:25:C2:23 advertising a new cloaked SSID
1790658039.880 INFO: 802.11 Wi-Fi device 00:B8:C2:B2:AE:58 advertising new SSID 'Mor'
1790658039.900 INFO: Detected new 802.11 Wi-Fi access point C8:70:23:73:DA:93
1790658039.900 INFO: 802.11 Wi-Fi device C8:70:23:73:DA:93 advertising new SSID 'cohen'
1790658039.902 INFO: Detected new 802.11 Wi-Fi access point D0:CF:0E:85:DC:54
1790658039.903 INFO: 802.11 Wi-Fi device D0:CF:0E:85:DC:54 advertising new SSID 'Kobi'
1790658039.914 INFO: Detected new 802.11 Wi-Fi access point 26:39:F1:AB:05:B2
1790658039.915 INFO: 802.11 Wi-Fi device 26:39:F1:AB:05:B2 advertising new SSID 'osvc-2'
1790658039.918 INFO: Detected new 802.11 Wi-Fi access point 42:A2:BA:65:29:F3
1790658039.919 INFO: 802.11 Wi-Fi device 42:A2:BA:65:29:F3 advertising new SSID 'osvc-52'
1790658039.930 INFO: Detected new 802.11 Wi-Fi device FC:F5:C4:BD:9B:CD
1790658039.932 INFO: Detected new 802.11 Wi-Fi access point 00:B8:C2:B2:AE:57
1790658039.933 INFO: 802.11 Wi-Fi device 00:B8:C2:B2:AE:57 advertising new SSID 'Mor'
1790658039.944 INFO: Detected new 802.11 Wi-Fi access point 6A:B8:C2:B2:AE:59
1790658039.948 INFO: 802.11 Wi-Fi device 6A:B8:C2:B2:AE:59 advertising a new cloaked SSID
1790658039.957 INFO: Detected new 802.11 Wi-Fi access point FA:8F:CA:6C:D1:65
1790658039.959 INFO: 802.11 Wi-Fi device FA:8F:CA:6C:D1:65 advertising new SSID 'JBL Bar 5.1_0891.l025'
1790658039.968 INFO: Detected new 802.11 Wi-Fi device 94:83:C4:25:9E:39
1790658039.976 INFO: Detected new 802.11 Wi-Fi access point 20:F1:B2:B9:E5:33
1790658039.976 INFO: 802.11 Wi-Fi device 20:F1:B2:B9:E5:33 advertising new SSID 'SmartLife-E533'
1790658039.980 INFO: Detected new 802.11 Wi-Fi access point 40:AE:30:84:34:B6
1790658039.980 INFO: 802.11 Wi-Fi device 40:AE:30:84:34:B6 advertising new SSID 'cohen42'
1790658039.991 INFO: Detected new 802.11 Wi-Fi access point B0:1F:47:0D:E9:B9
1790658039.991 INFO: 802.11 Wi-Fi device B0:1F:47:0D:E9:B9 advertising new SSID 'Mor'
1790658039.991 INFO: Detected new 802.11 Wi-Fi device 2A:5E:32:84:65:A3
1790658039.997 INFO: Detected new 802.11 Wi-Fi access point CA:C9:A3:4D:96:E7
1790658040.003 INFO: 802.11 Wi-Fi device CA:C9:A3:4D:96:E7 advertising new SSID 'ESP-4D96E7'
1790658040.009 INFO: Detected new 802.11 Wi-Fi device A8:DB:03:42:DE:68
1790658040.016 INFO: Detected new 802.11 Wi-Fi device 38:8A:06:37:8E:2A
1790658040.022 INFO: Detected new 802.11 Wi-Fi device 64:64:4A:BB:59:65
1790658040.022 INFO: Detected new 802.11 Wi-Fi device 78:DF:72:44:14:1D
1790658040.022 INFO: Detected new 802.11 Wi-Fi device B0:BB:E5:7F:F6:E7
1790658040.025 INFO: Detected new 802.11 Wi-Fi access point D2:D8:A4:DB:5E:A6
1790658040.028 INFO: 802.11 Wi-Fi device D2:D8:A4:DB:5E:A6 advertising a new cloaked SSID
1790658040.545 
1790658040.545 *** KISMET IS SHUTTING DOWN ***
1790658040.545 Shutting down plugins...
1790658040.545 WARNING: Kismet changes the configuration of network devices.
1790658040.545          In most cases you will need to restart networking for
1790658040.545          your interface (varies per distribution and OS), but 
1790658040.545          typically one of:
1790658040.545          sudo service networking restart
1790658040.545          sudo /etc/init.d/networking restart
1790658040.545          or
1790658040.545          nmcli device set [device] managed true
1790658040.545 
1790658040.545 Kismet exiting.
1790658040.546 EXITING: Signal service thread complete.
1790658040.551 KISMET_EXIT=0
