1790658191.143 INFO: Including sub-config file: /home/osh/kismet-install/etc/kismet_httpd.conf
1790658191.143 INFO: Including sub-config file: /home/osh/kismet-install/etc/kismet_memory.conf
1790658191.143 INFO: Including sub-config file: /home/osh/kismet-install/etc/kismet_alerts.conf
1790658191.143 INFO: Including sub-config file: /home/osh/kismet-install/etc/kismet_80211.conf
1790658191.143 INFO: Including sub-config file: /home/osh/kismet-install/etc/kismet_logging.conf
1790658191.143 INFO: Including sub-config file: /home/osh/kismet-install/etc/kismet_filter.conf
1790658191.143 INFO: Including sub-config file: /home/osh/kismet-install/etc/kismet_uav.conf
1790658191.143 INFO: Loading config override file '/home/osh/kismet-install/etc/kismet_package.conf'
1790658191.143 INFO: Optional sub-config file not present: /home/osh/kismet-install/etc/kismet_package.conf
1790658191.143 INFO: Loading config override file '/home/osh/kismet-install/etc/kismet_site.conf'
1790658191.143 INFO: Optional sub-config file not present: /home/osh/kismet-install/etc/kismet_site.conf
1790658191.143 INFO: Generated server UUID 11780090-BBC3-11F1-BA58-4B49534D4554 and storing in /tmp/hw2/n8t/.kismet//kismet_server_id.conf
1790658191.143 INFO: Setting server UUID 11780090-BBC3-11F1-BA58-4B49534D4554
1790658191.143 INFO: Starting Beast webserver on 0.0.0.0:2501
1790658191.143 INFO: Opened OUI file '/home/osh/kismet-install/share/kismet/kismet_manuf.txt.gz
1790658191.143 INFO: Indexing manufacturer db
1790658191.145 INFO: Completed indexing manufacturer db, 38959 lines and 780 indexes.
1790658191.152 INFO: Saving devices to the Kismet database log every 30 seconds
1790658191.157 INFO: Using default rates of 10/min, 1/sec for alert 'DEVICEFOUND'
1790658191.157 INFO: Using default rates of 10/min, 1/sec for alert 'DEVICELOST'
1790658191.157 INFO: Registering support for DLT_PPI packet header decoding
1790658191.157 INFO: Registering support for DLT_RADIOTAP packet header decoding
1790658191.157 INFO: Registering support for DLT_BTLE_RADIO packet header decoding
1790658191.160 INFO: Using default rates of 10/min, 1/sec for alert 'BADFIXLENIE'
1790658191.161 INFO: PHY80211 will only process AP signal levels from beacons
1790658191.161 INFO: Allowing Kismet clients to view WEP keys
1790658191.162 DEBUG: ssid canary FooCanary:ssid="FoobarCanary"
1790658191.162 DEBUG: ssid canary FooCanart2:ssid="(?i:foobarcanary)"
1790658191.162 INFO: Keeping EAPOL packets in memory for easy download and WIDS functionality; this can use more RAM.
1790658191.164 INFO: Registered PHY handler 'IEEE802.11' as ID 0
1790658191.166 INFO: Registered PHY handler 'RFSENSOR' as ID 1
1790658191.167 INFO: Registered PHY handler 'Z-Wave' as ID 2
1790658191.168 INFO: Registered PHY handler 'Bluetooth' as ID 3
1790658191.168 DEBUG: reserve_fields home id 538 app id 539
1790658191.171 INFO: Registered PHY handler 'UAV' as ID 4
1790658191.172 INFO: Registered PHY handler 'NrfMousejack' as ID 5
1790658191.172 ERROR: Tried to re-register duplicate alert FLIPPERZERO
1790658191.173 INFO: Registered PHY handler 'BTLE' as ID 6
1790658191.174 INFO: Registered PHY handler 'METER' as ID 7
1790658191.174 INFO: Indexing ADSB ICAO db
1790658191.435 INFO: Completed indexing ADSB ICAO db, 341068 lines 6822 indexes
1790658191.436 INFO: Registered PHY handler 'ADSB' as ID 8
1790658191.438 INFO: Registered PHY handler '802.15.4' as ID 9
1790658191.439 INFO: Registered PHY handler 'RADIATION' as ID 10
1790658191.445 INFO: (HTTPD) Could not read session data file, skipping loading saved sessions.
1790658191.445 INFO: Serving static file content from /home/osh/kismet-install/share/kismet/httpd/
1790658191.446 INFO: Enabling channel hopping by default on sources which support channel control.
1790658191.446 INFO: Setting default channel hop rate to 5/sec
1790658191.446 INFO: Enabling channel list splitting on sources which share the same list of channels
1790658191.446 INFO: Enabling channel list shuffling to optimize overlaps
1790658191.446 INFO: Sources will be re-opened if they encounter an error
1790658191.446 INFO: Saving datasources to the Kismet database log every 30 seconds
1790658191.446 INFO: Launching remote capture server on 127.0.0.1 3501
1790658191.449 INFO: No data sources defined; Kismet will not capture anything until a source is added.
1790658191.450 ALERT: LOGDISABLED Logging has been disabled via the Kismet config files or the command line.  Pcap, database, and related logs will not be saved.
1790658191.450 INFO: Logging disabled, not enabling any log drivers.
1790658191.450 INFO: GPS track will be logged to the Kismet logfile
1790658191.452 INFO: Starting Kismet web server...
1790658191.452 INFO: HTTP server listening on 0.0.0.0:2501
1790658191.454 INFO: Could not open system plugin directory (/home/osh/kismet-install/lib/kismet/), skipping: No such file or directory
1790658191.454 INFO: Did not find a user plugin directory (/tmp/hw2/n8t/.kismet//plugins/), skipping: No such file or directory
1790658191.913 INFO: New remote source esp32c5-ttyACM1 (E5C50001-0000-0000-0000-3844BEBFC910) connected
1790658197.003 INFO: esp32c5-ttyACM1 - esp32c5-ttyACM1 capturing (wifi)
1790658197.043 INFO: Detected new 802.11 Wi-Fi access point FA:8F:CA:6C:D1:65
1790658197.047 INFO: 802.11 Wi-Fi device FA:8F:CA:6C:D1:65 advertising new SSID 'JBL Bar 5.1_0891.l025'
1790658197.064 INFO: Detected new 802.11 Wi-Fi access point 46:AE:30:84:5A:16
1790658197.075 INFO: 802.11 Wi-Fi device 46:AE:30:84:5A:16 advertising a new cloaked SSID
1790658197.083 INFO: Detected new 802.11 Wi-Fi access point 26:39:F1:AB:05:B2
1790658197.083 INFO: 802.11 Wi-Fi device 26:39:F1:AB:05:B2 advertising new SSID 'osvc-2'
1790658197.105 INFO: Detected new 802.11 Wi-Fi access point 00:B8:C2:B2:AE:58
1790658197.105 INFO: 802.11 Wi-Fi device 00:B8:C2:B2:AE:58 advertising new SSID 'Mor'
1790658197.119 INFO: Detected new 802.11 Wi-Fi access point 40:AE:30:84:34:B6
1790658197.119 INFO: 802.11 Wi-Fi device 40:AE:30:84:34:B6 advertising new SSID 'cohen42'
1790658197.122 INFO: Detected new 802.11 Wi-Fi device CE:59:74:BD:60:CC
1790658197.122 INFO: Detected new 802.11 Wi-Fi access point 6A:B8:C2:B2:AE:59
1790658197.122 INFO: 802.11 Wi-Fi device 6A:B8:C2:B2:AE:59 advertising a new cloaked SSID
1790658197.122 INFO: Detected new 802.11 Wi-Fi device 40:AE:30:84:5A:16
1790658197.122 INFO: Detected new 802.11 Wi-Fi device A8:5B:B7:47:08:0F
1790658197.123 INFO: Detected new 802.11 Wi-Fi access point 00:B8:C2:B2:AE:57
1790658197.123 INFO: 802.11 Wi-Fi device 00:B8:C2:B2:AE:57 advertising new SSID 'Mor'
1790658197.137 INFO: Detected new 802.11 Wi-Fi access point 80:AF:CA:75:C2:23
1790658197.138 INFO: 802.11 Wi-Fi device 80:AF:CA:75:C2:23 advertising new SSID 'Cudy-C223'
1790658197.138 INFO: Detected new 802.11 Wi-Fi device 2C:E0:32:D1:17:B1
1790658197.143 INFO: Detected new 802.11 Wi-Fi access point B0:1F:47:0D:E9:B9
1790658197.143 INFO: 802.11 Wi-Fi device B0:1F:47:0D:E9:B9 advertising new SSID 'Mor'
1790658197.145 INFO: Detected new 802.11 Wi-Fi access point C8:70:23:73:DA:93
1790658197.145 INFO: 802.11 Wi-Fi device C8:70:23:73:DA:93 advertising new SSID 'cohen'
1790658197.154 INFO: Detected new 802.11 Wi-Fi access point 82:AF:CA:25:C2:23
1790658197.155 INFO: 802.11 Wi-Fi device 82:AF:CA:25:C2:23 advertising a new cloaked SSID
1790658197.165 INFO: Detected new 802.11 Wi-Fi access point D0:CF:0E:85:DC:54
1790658197.165 INFO: 802.11 Wi-Fi device D0:CF:0E:85:DC:54 advertising new SSID 'Kobi'
1790658197.167 INFO: Detected new 802.11 Wi-Fi access point 46:AE:30:84:34:B6
1790658197.167 INFO: 802.11 Wi-Fi device 46:AE:30:84:34:B6 advertising a new cloaked SSID
1790658197.168 INFO: Detected new 802.11 Wi-Fi access point 40:AE:30:84:36:22
1790658197.169 INFO: 802.11 Wi-Fi device 40:AE:30:84:36:22 advertising new SSID 'cohen42'
1790658202.002 INFO: Detected new 802.11 Wi-Fi access point 40:AE:30:84:34:B7
1790658202.003 INFO: 802.11 Wi-Fi device 40:AE:30:84:34:B7 advertising new SSID 'cohen42'
1790658202.005 INFO: Detected new 802.11 Wi-Fi device 46:AE:30:84:5A:17
1790658202.005 INFO: Detected new 802.11 Wi-Fi device DC:07:F8:9F:12:D8
1790658202.006 INFO: Detected new 802.11 Wi-Fi access point 46:AE:30:84:34:B7
1790658202.010 INFO: 802.11 Wi-Fi device 46:AE:30:84:34:B7 advertising a new cloaked SSID
1790658202.022 INFO: Detected new 802.11 Wi-Fi device 40:AE:30:84:5A:14
1790658202.022 INFO: Detected new 802.11 Wi-Fi access point D2:D8:A4:DB:5E:A6
1790658202.022 INFO: 802.11 Wi-Fi device D2:D8:A4:DB:5E:A6 advertising a new cloaked SSID
1790658202.023 INFO: Detected new 802.11 Wi-Fi device B0:1F:47:17:AF:4A
1790658202.035 INFO: Detected new 802.11 Wi-Fi device 8A:F8:CC:EE:87:D1
1790658202.035 INFO: Detected new 802.11 Wi-Fi device 1C:F4:3F:57:42:AC
1790658202.048 INFO: Detected new 802.11 Wi-Fi access point 6A:D5:ED:42:0F:E9
1790658202.048 INFO: 802.11 Wi-Fi device 6A:D5:ED:42:0F:E9 advertising new SSID 'MEIRAV'
1790658202.058 INFO: Detected new 802.11 Wi-Fi access point 58:FC:20:1B:D9:D0
1790658202.058 INFO: 802.11 Wi-Fi device 58:FC:20:1B:D9:D0 advertising new SSID 'Sivan'
1790658202.061 INFO: 802.11 Wi-Fi device 40:AE:30:84:5A:16 advertising new SSID 'cohen42'
1790658202.061 INFO: Detected new 802.11 Wi-Fi access point CA:C9:A3:4D:96:E7
1790658202.061 INFO: 802.11 Wi-Fi device CA:C9:A3:4D:96:E7 advertising new SSID 'ESP-4D96E7'
1790658202.063 INFO: Detected new 802.11 Wi-Fi access point 6A:D5:ED:42:0F:EA
1790658202.063 INFO: 802.11 Wi-Fi device 6A:D5:ED:42:0F:EA advertising a new cloaked SSID
1790658202.063 INFO: Detected new 802.11 Wi-Fi access point D2:D8:A4:DB:5E:A5
1790658202.063 INFO: 802.11 Wi-Fi device D2:D8:A4:DB:5E:A5 advertising new SSID 'Dayan'
1790658202.063 INFO: 802.11 Wi-Fi device 80:AF:CA:75:C2:23 advertising new SSID 'Cudy-C223'
1790658202.071 INFO: Detected new 802.11 Wi-Fi device FC:F5:C4:BE:0B:A5
1790658202.081 INFO: Detected new 802.11 Wi-Fi device 92:F8:CC:EE:87:D9
1790658202.082 INFO: 802.11 Wi-Fi device 8A:F8:CC:EE:87:D1 advertising new SSID 'Alon'
1790658202.084 INFO: Detected new 802.11 Wi-Fi device B0:4A:39:03:87:62
1790658202.084 INFO: Detected new 802.11 Wi-Fi access point 46:AE:30:84:36:22
1790658202.085 INFO: 802.11 Wi-Fi device 46:AE:30:84:36:22 advertising a new cloaked SSID
1790658203.987 ERROR: Data source 'esp32c5-ttyACM1 / esp32c5-ttyACM1' ('esp32c5-ttyACM1') encountered an error: websocket connection closed
1790658207.519 INFO: Matching new remote source 'esp32c5-ttyACM1' with known source with UUID 'E5C50001-0000-0000-0000-3844BEBFC910'
1790658207.527 INFO: Remote source esp32c5-ttyACM1 (E5C50001-0000-0000-0000-3844BEBFC910) reconnected
1790658212.701 INFO: esp32c5-ttyACM1 - esp32c5-ttyACM1 capturing (wifi)
1790658212.727 INFO: Detected new 802.11 Wi-Fi device 70:F7:54:55:CB:00
1790658212.741 INFO: Detected new 802.11 Wi-Fi device E4:5F:01:49:99:3F
1790658212.756 INFO: Detected new 802.11 Wi-Fi device 46:F0:7B:69:71:2E
1790658212.758 INFO: Detected new 802.11 Wi-Fi device FC:F5:C4:BD:9B:CD
1790658212.770 INFO: Detected new 802.11 Wi-Fi device 20:15:DE:A1:04:FB
1790658212.772 INFO: Detected new 802.11 Wi-Fi access point 20:F1:B2:B9:E5:33
1790658212.773 INFO: 802.11 Wi-Fi device 20:F1:B2:B9:E5:33 advertising new SSID 'SmartLife-E533'
1790658212.780 INFO: Detected new 802.11 Wi-Fi device 78:EE:4C:85:50:35
1790658213.434 INFO: Detected new 802.11 Wi-Fi device 50:8A:06:B4:2F:49
1790658217.807 INFO: Detected new 802.11 Wi-Fi device 74:F8:DB:5D:D0:61
1790658217.827 INFO: Detected new 802.11 Wi-Fi device EE:06:19:9A:8C:51
1790658217.840 INFO: Detected new 802.11 Wi-Fi device B0:1F:47:10:E2:62
1790658219.585 ERROR: Data source 'esp32c5-ttyACM1 / esp32c5-ttyACM1' ('esp32c5-ttyACM1') encountered an error: websocket connection closed
1790658223.111 INFO: Matching new remote source 'esp32c5-ttyACM1' with known source with UUID 'E5C50001-0000-0000-0000-3844BEBFC910'
1790658223.116 INFO: Remote source esp32c5-ttyACM1 (E5C50001-0000-0000-0000-3844BEBFC910) reconnected
1790658229.002 INFO: esp32c5-ttyACM1 - esp32c5-ttyACM1 capturing (wifi)
1790658229.066 INFO: Detected new 802.11 Wi-Fi device D8:78:7F:14:D0:70
1790658229.066 INFO: Detected new 802.11 Wi-Fi device AC:1C:26:64:4C:C3
1790658229.069 INFO: Detected new 802.11 Wi-Fi device D4:CF:F9:B5:58:AE
1790658229.078 INFO: Detected new 802.11 Wi-Fi device 94:83:C4:25:9E:39
1790658229.086 INFO: Detected new 802.11 Wi-Fi device 44:15:24:45:CF:4F
1790658234.005 INFO: Detected new 802.11 Wi-Fi access point 8A:F8:CC:EE:87:D2
1790658234.006 INFO: 802.11 Wi-Fi device 8A:F8:CC:EE:87:D2 advertising a new cloaked SSID
1790658234.013 INFO: Detected new 802.11 Wi-Fi access point 1C:57:3E:97:75:73
1790658234.013 INFO: 802.11 Wi-Fi device 1C:57:3E:97:75:73 advertising new SSID 'Sivan'
1790658234.016 INFO: Detected new 802.11 Wi-Fi device 42:A2:BA:65:29:F3
1790658235.101 ERROR: Data source 'esp32c5-ttyACM1 / esp32c5-ttyACM1' ('esp32c5-ttyACM1') encountered an error: websocket connection closed
1790658238.630 INFO: Matching new remote source 'esp32c5-ttyACM1' with known source with UUID 'E5C50001-0000-0000-0000-3844BEBFC910'
1790658238.636 INFO: Remote source esp32c5-ttyACM1 (E5C50001-0000-0000-0000-3844BEBFC910) reconnected
1790658243.902 INFO: esp32c5-ttyACM1 - esp32c5-ttyACM1 capturing (wifi)
1790658243.923 INFO: Detected new 802.11 Wi-Fi device 04:7E:4A:3C:7F:DB
1790658243.938 INFO: 802.11 Wi-Fi device 20:F1:B2:B9:E5:33 advertising new SSID 'SmartLife-E533'
1790658243.938 INFO: Detected new 802.11 Wi-Fi device 78:32:1B:D4:7E:02
1790658243.954 INFO: Detected new 802.11 Wi-Fi device 4C:2E:5E:D5:FE:E9
1790658243.967 INFO: Detected new 802.11 Wi-Fi device 24:9E:7D:38:9F:74
1790658245.185 INFO: Detected new 802.11 Wi-Fi device 98:93:CC:AB:AD:67
1790658245.211 INFO: Detected new 802.11 Wi-Fi device 80:BE:AF:D7:03:8F
1790658250.644 ERROR: Data source 'esp32c5-ttyACM1 / esp32c5-ttyACM1' ('esp32c5-ttyACM1') encountered an error: websocket connection closed
1790658254.172 INFO: Matching new remote source 'esp32c5-ttyACM1' with known source with UUID 'E5C50001-0000-0000-0000-3844BEBFC910'
1790658254.178 INFO: Remote source esp32c5-ttyACM1 (E5C50001-0000-0000-0000-3844BEBFC910) reconnected
1790658259.302 INFO: esp32c5-ttyACM1 - esp32c5-ttyACM1 capturing (wifi)
1790658259.306 INFO: Detected new 802.11 Wi-Fi device 00:B8:C2:B2:AE:4E
1790658264.435 INFO: Detected new 802.11 Wi-Fi device 60:D8:A4:20:6E:F0
1790658264.456 INFO: Detected new 802.11 Wi-Fi device 48:3F:DA:2A:CB:EC
1790658264.460 INFO: Detected new 802.11 Wi-Fi device 58:FC:20:1B:D9:CF
1790658266.220 ERROR: Data source 'esp32c5-ttyACM1 / esp32c5-ttyACM1' ('esp32c5-ttyACM1') encountered an error: websocket connection closed
1790658270.011 INFO: Matching new remote source 'esp32c5-ttyACM1' with known source with UUID 'E5C50001-0000-0000-0000-3844BEBFC910'
1790658270.016 INFO: Remote source esp32c5-ttyACM1 (E5C50001-0000-0000-0000-3844BEBFC910) reconnected
1790658275.101 INFO: esp32c5-ttyACM1 - esp32c5-ttyACM1 capturing (wifi)
1790658275.112 INFO: 802.11 Wi-Fi device 42:A2:BA:65:29:F3 advertising new SSID 'osvc-52'
1790658275.130 INFO: Detected new 802.11 Wi-Fi device FA:50:AF:58:56:C3
1790658275.150 INFO: Detected new 802.11 Wi-Fi device 00:0A:F5:D5:4C:13
1790658276.942 INFO: Detected new 802.11 Wi-Fi device 60:D8:A4:DB:9E:9B
1790658276.974 INFO: Detected new 802.11 Wi-Fi device A8:DB:03:42:DE:68
1790658280.632 INFO: Detected new 802.11 Wi-Fi access point 88:C3:97:F8:DE:CC
1790658280.633 INFO: 802.11 Wi-Fi device 88:C3:97:F8:DE:CC advertising new SSID 'Home-WiFi'
1790658282.089 ERROR: Data source 'esp32c5-ttyACM1 / esp32c5-ttyACM1' ('esp32c5-ttyACM1') encountered an error: websocket connection closed
1790658285.614 INFO: Matching new remote source 'esp32c5-ttyACM1' with known source with UUID 'E5C50001-0000-0000-0000-3844BEBFC910'
1790658285.618 INFO: Remote source esp32c5-ttyACM1 (E5C50001-0000-0000-0000-3844BEBFC910) reconnected
1790658290.901 INFO: esp32c5-ttyACM1 - esp32c5-ttyACM1 capturing (wifi)
1790658290.939 INFO: 802.11 Wi-Fi device 00:B8:C2:B2:AE:58 advertising new SSID 'Mor'
1790658290.939 INFO: Detected new 802.11 Wi-Fi device 2C:E0:32:9D:BF:C5
1790658295.912 INFO: Detected new 802.11 Wi-Fi device 44:15:24:51:2C:9F
1790658297.671 ERROR: Data source 'esp32c5-ttyACM1 / esp32c5-ttyACM1' ('esp32c5-ttyACM1') encountered an error: websocket connection closed
1790658301.199 INFO: Matching new remote source 'esp32c5-ttyACM1' with known source with UUID 'E5C50001-0000-0000-0000-3844BEBFC910'
1790658301.204 INFO: Remote source esp32c5-ttyACM1 (E5C50001-0000-0000-0000-3844BEBFC910) reconnected
1790658306.402 INFO: esp32c5-ttyACM1 - esp32c5-ttyACM1 capturing (wifi)
1790658306.421 INFO: Detected new 802.11 Wi-Fi device B0:1F:47:0D:E9:B8
1790658308.733 INFO: Detected new 802.11 Wi-Fi device DA:D8:E5:B0:E8:E6
1790658308.765 INFO: Detected new 802.11 Wi-Fi device D8:D8:E5:B0:E8:E6
1790658308.768 INFO: Detected new 802.11 Wi-Fi device 04:7E:4A:3C:7E:D7
1790658308.770 INFO: 802.11 Wi-Fi device 40:AE:30:84:34:B6 advertising new SSID 'cohen42'
1790658308.772 INFO: Detected new 802.11 Wi-Fi device DA:D8:E5:B0:E8:EE
1790658311.711 INFO: Detected new 802.11 Wi-Fi access point 8E:C3:97:F8:DE:CC
1790658311.712 INFO: 802.11 Wi-Fi device 8E:C3:97:F8:DE:CC advertising a new cloaked SSID
1790658313.183 ERROR: Data source 'esp32c5-ttyACM1 / esp32c5-ttyACM1' ('esp32c5-ttyACM1') encountered an error: websocket connection closed
1790658316.710 INFO: Matching new remote source 'esp32c5-ttyACM1' with known source with UUID 'E5C50001-0000-0000-0000-3844BEBFC910'
1790658316.716 INFO: Remote source esp32c5-ttyACM1 (E5C50001-0000-0000-0000-3844BEBFC910) reconnected
1790658321.801 INFO: esp32c5-ttyACM1 - esp32c5-ttyACM1 capturing (wifi)
1790658326.918 INFO: Detected new 802.11 Wi-Fi device AA:42:A1:05:68:CE
1790658328.777 ERROR: Data source 'esp32c5-ttyACM1 / esp32c5-ttyACM1' ('esp32c5-ttyACM1') encountered an error: websocket connection closed
1790658332.305 INFO: Matching new remote source 'esp32c5-ttyACM1' with known source with UUID 'E5C50001-0000-0000-0000-3844BEBFC910'
1790658332.311 INFO: Remote source esp32c5-ttyACM1 (E5C50001-0000-0000-0000-3844BEBFC910) reconnected
1790658337.401 INFO: esp32c5-ttyACM1 - esp32c5-ttyACM1 capturing (wifi)
1790658337.428 INFO: 802.11 Wi-Fi device 00:B8:C2:B2:AE:57 advertising new SSID 'Mor'
1790658337.428 INFO: Detected new 802.11 Wi-Fi device 78:DF:72:44:14:1D
1790658337.432 INFO: Detected new 802.11 Wi-Fi device D0:CF:0E:85:DC:57
1790658337.436 INFO: 802.11 Wi-Fi device 40:AE:30:84:5A:16 advertising new SSID 'cohen42'
1790658337.438 INFO: 802.11 Wi-Fi device 40:AE:30:84:36:22 advertising new SSID 'cohen42'
1790658342.429 INFO: Detected new 802.11 Wi-Fi device A8:42:A1:F5:68:CE
1790658342.430 INFO: Detected new 802.11 Wi-Fi device 4C:60:BA:54:25:60
1790658344.365 ERROR: Data source 'esp32c5-ttyACM1 / esp32c5-ttyACM1' ('esp32c5-ttyACM1') encountered an error: websocket connection closed
1790658348.173 INFO: Matching new remote source 'esp32c5-ttyACM1' with known source with UUID 'E5C50001-0000-0000-0000-3844BEBFC910'
1790658348.176 INFO: Remote source esp32c5-ttyACM1 (E5C50001-0000-0000-0000-3844BEBFC910) reconnected
1790658349.678 INFO: esp32c5-ttyACM1 - esp32c5-ttyACM1 capturing (wifi)
1790658357.311 INFO: Detected new 802.11 Wi-Fi device D8:78:7F:14:D0:6F
1790658359.905 INFO: Detected new 802.11 Wi-Fi device 40:AE:30:84:34:B4
1790658360.270 ERROR: Data source 'esp32c5-ttyACM1 / esp32c5-ttyACM1' ('esp32c5-ttyACM1') encountered an error: IPC connection closed
1790658363.798 INFO: Matching new remote source 'esp32c5-ttyACM1' with known source with UUID 'E5C50001-0000-0000-0000-3844BEBFC910'
1790658363.804 INFO: Remote source esp32c5-ttyACM1 (E5C50001-0000-0000-0000-3844BEBFC910) reconnected
1790658364.807 INFO: esp32c5-ttyACM1 - esp32c5-ttyACM1 capturing (wifi)
1790658366.820 INFO: Detected new 802.11 Wi-Fi device 78:72:64:41:E9:F6
1790658366.832 INFO: Detected new 802.11 Wi-Fi device 1C:4D:89:65:18:2A
1790658369.516 INFO: Detected new 802.11 Wi-Fi device 92:32:29:B0:FA:1F
1790658370.005 INFO: Detected new 802.11 Wi-Fi device 70:F7:54:61:20:A6
1790658375.507 INFO: Detected new 802.11 Wi-Fi device 04:7E:4A:3C:78:E3
1790658375.795 ERROR: Data source 'esp32c5-ttyACM1 / esp32c5-ttyACM1' ('esp32c5-ttyACM1') encountered an error: IPC connection closed
1790658379.319 INFO: Matching new remote source 'esp32c5-ttyACM1' with known source with UUID 'E5C50001-0000-0000-0000-3844BEBFC910'
1790658379.324 INFO: Remote source esp32c5-ttyACM1 (E5C50001-0000-0000-0000-3844BEBFC910) reconnected
1790658380.827 INFO: esp32c5-ttyACM1 - esp32c5-ttyACM1 capturing (wifi)
1790658381.845 INFO: Detected new 802.11 Wi-Fi device 20:50:E7:2A:0F:76
1790658381.848 INFO: Detected new 802.11 Wi-Fi device D4:CF:F9:B5:5C:ED
1790658388.419 INFO: Detected new 802.11 Wi-Fi device 9C:95:61:17:8E:1C
1790658388.422 INFO: 802.11 Wi-Fi device CA:C9:A3:4D:96:E7 advertising new SSID 'ESP-4D96E7'
1790658388.431 INFO: Detected new 802.11 Wi-Fi device A8:42:A1:B2:27:77
1790658388.432 INFO: Detected new 802.11 Wi-Fi device D4:E8:53:00:37:6A
1790658391.343 ERROR: Data source 'esp32c5-ttyACM1 / esp32c5-ttyACM1' ('esp32c5-ttyACM1') encountered an error: IPC connection closed
1790658394.869 INFO: Matching new remote source 'esp32c5-ttyACM1' with known source with UUID 'E5C50001-0000-0000-0000-3844BEBFC910'
1790658394.875 INFO: Remote source esp32c5-ttyACM1 (E5C50001-0000-0000-0000-3844BEBFC910) reconnected
1790658395.878 INFO: esp32c5-ttyACM1 - esp32c5-ttyACM1 capturing (wifi)
1790658399.909 INFO: Detected new 802.11 Wi-Fi device A6:9F:76:6D:54:67
1790658406.899 ERROR: Data source 'esp32c5-ttyACM1 / esp32c5-ttyACM1' ('esp32c5-ttyACM1') encountered an error: IPC connection closed
1790658410.427 INFO: Matching new remote source 'esp32c5-ttyACM1' with known source with UUID 'E5C50001-0000-0000-0000-3844BEBFC910'
1790658410.435 INFO: Remote source esp32c5-ttyACM1 (E5C50001-0000-0000-0000-3844BEBFC910) reconnected
1790658411.437 INFO: esp32c5-ttyACM1 - esp32c5-ttyACM1 capturing (wifi)
1790658417.515 INFO: Detected new 802.11 Wi-Fi device FC:3C:D7:86:91:71
1790658422.465 ERROR: Data source 'esp32c5-ttyACM1 / esp32c5-ttyACM1' ('esp32c5-ttyACM1') encountered an error: IPC connection closed
1790658426.507 INFO: Matching new remote source 'esp32c5-ttyACM1' with known source with UUID 'E5C50001-0000-0000-0000-3844BEBFC910'
1790658426.514 INFO: Remote source esp32c5-ttyACM1 (E5C50001-0000-0000-0000-3844BEBFC910) reconnected
1790658426.515 INFO: esp32c5-ttyACM1 - /dev/ttyACM1 opened
1790658427.530 INFO: esp32c5-ttyACM1 - /dev/ttyACM1 capturing
1790658433.386 INFO: Detected new 802.11 Wi-Fi device 08:54:11:00:55:F2
1790658438.335 ERROR: Data source 'esp32c5-ttyACM1 / esp32c5-ttyACM1' ('esp32c5-ttyACM1') encountered an error: websocket connection closed
1790658442.182 INFO: Matching new remote source 'esp32c5-ttyACM1' with known source with UUID 'E5C50001-0000-0000-0000-3844BEBFC910'
1790658442.190 INFO: Remote source esp32c5-ttyACM1 (E5C50001-0000-0000-0000-3844BEBFC910) reconnected
1790658442.190 INFO: esp32c5-ttyACM1 - /dev/ttyACM1 opened
1790658443.089 INFO: esp32c5-ttyACM1 - /dev/ttyACM1 capturing
1790658447.475 INFO: Detected new 802.11 Wi-Fi device D8:D8:E5:C7:AA:0B
1790658448.991 INFO: Detected new 802.11 Wi-Fi device 60:D8:A4:DB:B2:8A
1790658454.117 ERROR: Data source 'esp32c5-ttyACM1 / esp32c5-ttyACM1' ('esp32c5-ttyACM1') encountered an error: websocket connection closed
1790658458.003 INFO: Matching new remote source 'esp32c5-ttyACM1' with known source with UUID 'E5C50001-0000-0000-0000-3844BEBFC910'
1790658458.011 INFO: Remote source esp32c5-ttyACM1 (E5C50001-0000-0000-0000-3844BEBFC910) reconnected
1790658458.011 INFO: esp32c5-ttyACM1 - /dev/ttyACM1 opened
1790658459.008 INFO: esp32c5-ttyACM1 - /dev/ttyACM1 capturing
1790658460.611 INFO: Detected new 802.11 Wi-Fi device 50:8A:06:DA:21:90
1790658460.755 INFO: 802.11 Wi-Fi device 26:39:F1:AB:05:B2 advertising new SSID 'osvc-2'
1790658460.765 INFO: 802.11 Wi-Fi device C8:70:23:73:DA:93 advertising new SSID 'cohen'
1790658469.864 ERROR: Data source 'esp32c5-ttyACM1 / esp32c5-ttyACM1' ('esp32c5-ttyACM1') encountered an error: websocket connection closed
1790658473.766 INFO: Matching new remote source 'esp32c5-ttyACM1' with known source with UUID 'E5C50001-0000-0000-0000-3844BEBFC910'
1790658473.775 INFO: Remote source esp32c5-ttyACM1 (E5C50001-0000-0000-0000-3844BEBFC910) reconnected
1790658473.775 INFO: esp32c5-ttyACM1 - /dev/ttyACM1 opened
1790658474.768 INFO: esp32c5-ttyACM1 - /dev/ttyACM1 capturing
1790658476.726 INFO: Detected new 802.11 Wi-Fi device 04:03:12:27:F0:66
1790658485.648 ERROR: Data source 'esp32c5-ttyACM1 / esp32c5-ttyACM1' ('esp32c5-ttyACM1') encountered an error: websocket connection closed
1790658489.511 INFO: Matching new remote source 'esp32c5-ttyACM1' with known source with UUID 'E5C50001-0000-0000-0000-3844BEBFC910'
1790658489.518 INFO: Remote source esp32c5-ttyACM1 (E5C50001-0000-0000-0000-3844BEBFC910) reconnected
1790658489.519 INFO: esp32c5-ttyACM1 - /dev/ttyACM1 opened
1790658490.508 INFO: esp32c5-ttyACM1 - /dev/ttyACM1 capturing
1790658491.960 INFO: Detected new 802.11 Wi-Fi device 9C:24:72:8F:A0:9B
1790658491.965 INFO: Detected new 802.11 Wi-Fi device 9C:24:72:8F:A9:24
1790658492.003 INFO: Detected new 802.11 Wi-Fi device 22:E4:AA:F9:82:CC
1790658492.017 INFO: Detected new 802.11 Wi-Fi device 9C:24:72:8F:57:2B
1790658492.139 INFO: Detected new 802.11 Wi-Fi device 16:EB:D3:54:DE:DC
1790658500.418 INFO: 802.11 Wi-Fi device FA:8F:CA:6C:D1:65 advertising new SSID 'JBL Bar 5.1_0891.l025'
1790658501.316 ERROR: Data source 'esp32c5-ttyACM1 / esp32c5-ttyACM1' ('esp32c5-ttyACM1') encountered an error: websocket connection closed
1790658505.510 
1790658505.510 *** KISMET IS SHUTTING DOWN ***
1790658505.510 Shutting down plugins...
1790658505.510 WARNING: Kismet changes the configuration of network devices.
1790658505.510          In most cases you will need to restart networking for
1790658505.510          your interface (varies per distribution and OS), but 
1790658505.510          typically one of:
1790658505.510          sudo service networking restart
1790658505.510          sudo /etc/init.d/networking restart
1790658505.510          or
1790658505.510          nmcli device set [device] managed true
1790658505.510 
1790658505.510 Kismet exiting.
1790658505.511 EXITING: Signal service thread complete.
1790658505.517 KISMET_EXIT=0
