kismet up after 0.36 s pid 270328 home /tmp/hw2/n8t
generate.cmd HTTP 200 len 32
list.json 200 [{"kismet.httpd.auth.name": "hw2-ds", "kismet.httpd.auth.role": "datasource", "kismet.httpd.auth.expiration": 0, "kismet.httpd.auth.token": "BB78A36E3EE9D7965CD6CB9DB6A21F7B"}]
##### ws-env
{"i": 0, "rc": -15, "connect_s": 0.014, "connected_to_capturing_s": 5.09, "start_to_capturing_s": 5.104, "start_to_first_packet_s": 5.11, "pkts_at": {"2": 0, "4": 0, "6": 72, "8": 72, "10": 72}, "secret_in_cmdline": false}
{"i": 1, "rc": -15, "connect_s": 0.03, "connected_to_capturing_s": 5.174, "start_to_capturing_s": 5.204, "start_to_first_packet_s": 5.24, "pkts_at": {"2": 0, "4": 0, "6": 143, "8": 143, "10": 143}, "secret_in_cmdline": false}
{"i": 2, "rc": -15, "connect_s": 0.027, "connected_to_capturing_s": 5.886, "start_to_capturing_s": 5.913, "start_to_first_packet_s": 5.99, "pkts_at": {"2": 0, "4": 0, "6": 116, "8": 116, "10": 116}, "secret_in_cmdline": false}
{"i": 3, "rc": -15, "connect_s": 0.028, "connected_to_capturing_s": 5.266, "start_to_capturing_s": 5.294, "start_to_first_packet_s": 5.36, "pkts_at": {"2": 0, "4": 0, "6": 71, "8": 89, "10": 89}, "secret_in_cmdline": false}
{"i": 4, "rc": -15, "connect_s": 0.028, "connected_to_capturing_s": 5.124, "start_to_capturing_s": 5.152, "start_to_first_packet_s": 5.18, "pkts_at": {"2": 0, "4": 0, "6": 57, "8": 57, "10": 57}, "secret_in_cmdline": false}
connected_to_capturing_s: min 5.09 median 5.17 max 5.89 (n=5)
start_to_capturing_s: min 5.10 median 5.20 max 5.91 (n=5)
start_to_first_packet_s: min 5.11 median 5.24 max 5.99 (n=5)
##### ws-key
{"i": 0, "rc": -15, "connect_s": 0.014, "connected_to_capturing_s": 5.085, "start_to_capturing_s": 5.099, "start_to_first_packet_s": 5.19, "pkts_at": {"2": 0, "4": 0, "6": 203, "8": 242, "10": 242}, "secret_in_cmdline": false}
{"i": 1, "rc": -15, "connect_s": 0.023, "connected_to_capturing_s": 5.283, "start_to_capturing_s": 5.306, "start_to_first_packet_s": 5.4, "pkts_at": {"2": 0, "4": 0, "6": 206, "8": 206, "10": 206}, "secret_in_cmdline": false}
{"i": 2, "rc": -15, "connect_s": 0.027, "connected_to_capturing_s": 5.198, "start_to_capturing_s": 5.225, "start_to_first_packet_s": 5.29, "pkts_at": {"2": 0, "4": 0, "6": 78, "8": 160, "10": 160}, "secret_in_cmdline": false}
{"i": 3, "rc": -15, "connect_s": 0.027, "connected_to_capturing_s": 5.085, "start_to_capturing_s": 5.112, "start_to_first_packet_s": 5.19, "pkts_at": {"2": 0, "4": 0, "6": 54, "8": 54, "10": 54}, "secret_in_cmdline": false}
{"i": 4, "rc": -15, "connect_s": 0.025, "connected_to_capturing_s": 5.09, "start_to_capturing_s": 5.115, "start_to_first_packet_s": 5.18, "pkts_at": {"2": 0, "4": 0, "6": 108, "8": 108, "10": 173}, "secret_in_cmdline": false}
connected_to_capturing_s: min 5.08 median 5.09 max 5.28 (n=5)
start_to_capturing_s: min 5.10 median 5.12 max 5.31 (n=5)
start_to_first_packet_s: min 5.18 median 5.19 max 5.40 (n=5)
##### tcp
{"i": 0, "rc": -15, "connect_s": 0.012, "connected_to_capturing_s": 1.502, "start_to_capturing_s": 1.514, "start_to_first_packet_s": 1.56, "pkts_at": {"2": 10, "4": 60, "6": 92, "8": 125, "10": 188}, "secret_in_cmdline": false}
{"i": 1, "rc": -15, "connect_s": 0.025, "connected_to_capturing_s": 1.003, "start_to_capturing_s": 1.028, "start_to_first_packet_s": 1.63, "pkts_at": {"2": 2, "4": 92, "6": 124, "8": 146, "10": 201}, "secret_in_cmdline": false}
{"i": 2, "rc": -15, "connect_s": 0.021, "connected_to_capturing_s": 1.503, "start_to_capturing_s": 1.524, "start_to_first_packet_s": 1.63, "pkts_at": {"2": 42, "4": 97, "6": 116, "8": 142, "10": 209}, "secret_in_cmdline": false}
{"i": 3, "rc": -15, "connect_s": 0.025, "connected_to_capturing_s": 1.003, "start_to_capturing_s": 1.028, "start_to_first_packet_s": 1.64, "pkts_at": {"2": 10, "4": 39, "6": 65, "8": 80, "10": 158}, "secret_in_cmdline": false}
{"i": 4, "rc": -15, "connect_s": 0.026, "connected_to_capturing_s": 1.002, "start_to_capturing_s": 1.028, "start_to_first_packet_s": 1.64, "pkts_at": {"2": 11, "4": 66, "6": 79, "8": 116, "10": 232}, "secret_in_cmdline": false}
connected_to_capturing_s: min 1.00 median 1.00 max 1.50 (n=5)
start_to_capturing_s: min 1.03 median 1.03 max 1.52 (n=5)
start_to_first_packet_s: min 1.56 median 1.63 max 1.64 (n=5)
##### py
{"i": 0, "rc": 0, "connect_s": 0.245, "connected_to_capturing_s": 1.016, "start_to_capturing_s": 1.261, "start_to_first_packet_s": 1.36, "pkts_at": {"2": 6, "4": 71, "6": 89, "8": 123, "10": 215}, "secret_in_cmdline": true}
{"i": 1, "rc": 0, "connect_s": 0.247, "connected_to_capturing_s": 0.899, "start_to_capturing_s": 1.146, "start_to_first_packet_s": 1.46, "pkts_at": {"2": 14, "4": 77, "6": 101, "8": 120, "10": 194}, "secret_in_cmdline": true}
{"i": 2, "rc": 0, "connect_s": 0.247, "connected_to_capturing_s": 0.997, "start_to_capturing_s": 1.244, "start_to_first_packet_s": 1.36, "pkts_at": {"2": 6, "4": 68, "6": 106, "8": 192, "10": 265}, "secret_in_cmdline": true}
{"i": 3, "rc": 0, "connect_s": 0.292, "connected_to_capturing_s": 0.993, "start_to_capturing_s": 1.285, "start_to_first_packet_s": 1.47, "pkts_at": {"2": 3, "4": 34, "6": 76, "8": 121, "10": 158}, "secret_in_cmdline": true}
{"i": 4, "rc": 0, "connect_s": 0.244, "connected_to_capturing_s": 0.99, "start_to_capturing_s": 1.234, "start_to_first_packet_s": 1.25, "pkts_at": {"2": 14, "4": 75, "6": 120, "8": 143, "10": 180}, "secret_in_cmdline": true}
connected_to_capturing_s: min 0.90 median 0.99 max 1.02 (n=5)
start_to_capturing_s: min 1.15 median 1.24 max 1.28 (n=5)
start_to_first_packet_s: min 1.25 median 1.36 max 1.47 (n=5)
esp32c5-ttyACM1              run=0 err=1 rem=1 pkts=4647    ch=6    hop=1 rate=5 off=0 nch=42 pid=0 uuid=E5C50001-0000-0000-0000-3844BEBFC910 hw=Espressif USB-Serial-JTAG (38:44:BE:BF:C9:10) capif=/de
stopped
