1790658965.313 INFO: Including sub-config file: /home/osh/kismet-install/etc/kismet_httpd.conf
1790658965.313 INFO: Including sub-config file: /home/osh/kismet-install/etc/kismet_memory.conf
1790658965.313 INFO: Including sub-config file: /home/osh/kismet-install/etc/kismet_alerts.conf
1790658965.313 INFO: Including sub-config file: /home/osh/kismet-install/etc/kismet_80211.conf
1790658965.313 INFO: Including sub-config file: /home/osh/kismet-install/etc/kismet_logging.conf
1790658965.313 INFO: Including sub-config file: /home/osh/kismet-install/etc/kismet_filter.conf
1790658965.313 INFO: Including sub-config file: /home/osh/kismet-install/etc/kismet_uav.conf
1790658965.313 INFO: Loading config override file '/home/osh/kismet-install/etc/kismet_package.conf'
1790658965.313 INFO: Optional sub-config file not present: /home/osh/kismet-install/etc/kismet_package.conf
1790658965.313 INFO: Loading config override file '/home/osh/kismet-install/etc/kismet_site.conf'
1790658965.313 INFO: Optional sub-config file not present: /home/osh/kismet-install/etc/kismet_site.conf
1790658965.313 INFO: Generated server UUID DEE8E91C-BBC4-11F1-A114-4B49534D4554 and storing in /tmp/hw2/n9/.kismet//kismet_server_id.conf
1790658965.313 INFO: Setting server UUID DEE8E91C-BBC4-11F1-A114-4B49534D4554
1790658965.314 INFO: Starting Beast webserver on 0.0.0.0:2501
1790658965.314 INFO: Opened OUI file '/home/osh/kismet-install/share/kismet/kismet_manuf.txt.gz
1790658965.314 INFO: Indexing manufacturer db
1790658965.315 INFO: Completed indexing manufacturer db, 38959 lines and 780 indexes.
1790658965.321 INFO: Saving devices to the Kismet database log every 30 seconds
1790658965.326 INFO: Using default rates of 10/min, 1/sec for alert 'DEVICEFOUND'
1790658965.326 INFO: Using default rates of 10/min, 1/sec for alert 'DEVICELOST'
1790658965.327 INFO: Registering support for DLT_PPI packet header decoding
1790658965.327 INFO: Registering support for DLT_RADIOTAP packet header decoding
1790658965.327 INFO: Registering support for DLT_BTLE_RADIO packet header decoding
1790658965.330 INFO: Using default rates of 10/min, 1/sec for alert 'BADFIXLENIE'
1790658965.330 INFO: PHY80211 will only process AP signal levels from beacons
1790658965.330 INFO: Allowing Kismet clients to view WEP keys
1790658965.331 DEBUG: ssid canary FooCanary:ssid="FoobarCanary"
1790658965.331 DEBUG: ssid canary FooCanart2:ssid="(?i:foobarcanary)"
1790658965.331 INFO: Keeping EAPOL packets in memory for easy download and WIDS functionality; this can use more RAM.
1790658965.333 INFO: Registered PHY handler 'IEEE802.11' as ID 0
1790658965.335 INFO: Registered PHY handler 'RFSENSOR' as ID 1
1790658965.336 INFO: Registered PHY handler 'Z-Wave' as ID 2
1790658965.337 INFO: Registered PHY handler 'Bluetooth' as ID 3
1790658965.337 DEBUG: reserve_fields home id 538 app id 539
1790658965.340 INFO: Registered PHY handler 'UAV' as ID 4
1790658965.341 INFO: Registered PHY handler 'NrfMousejack' as ID 5
1790658965.341 ERROR: Tried to re-register duplicate alert FLIPPERZERO
1790658965.342 INFO: Registered PHY handler 'BTLE' as ID 6
1790658965.343 INFO: Registered PHY handler 'METER' as ID 7
1790658965.343 INFO: Indexing ADSB ICAO db
1790658965.603 INFO: Completed indexing ADSB ICAO db, 341068 lines 6822 indexes
1790658965.604 INFO: Registered PHY handler 'ADSB' as ID 8
1790658965.605 INFO: Registered PHY handler '802.15.4' as ID 9
1790658965.607 INFO: Registered PHY handler 'RADIATION' as ID 10
1790658965.612 INFO: (HTTPD) Could not read session data file, skipping loading saved sessions.
1790658965.612 INFO: Serving static file content from /home/osh/kismet-install/share/kismet/httpd/
1790658965.613 INFO: Enabling channel hopping by default on sources which support channel control.
1790658965.613 INFO: Setting default channel hop rate to 5/sec
1790658965.613 INFO: Enabling channel list splitting on sources which share the same list of channels
1790658965.613 INFO: Enabling channel list shuffling to optimize overlaps
1790658965.613 INFO: Sources will be re-opened if they encounter an error
1790658965.613 INFO: Saving datasources to the Kismet database log every 30 seconds
1790658965.614 INFO: Launching remote capture server on 127.0.0.1 3501
1790658965.617 INFO: Data sources passed on the command line (via -c source), ignoring source= definitions in the Kismet config file.
1790658965.617 INFO: Probing interface 'esp32c5' to find datasource type
1790658965.618 ALERT: LOGDISABLED Logging has been disabled via the Kismet config files or the command line.  Pcap, database, and related logs will not be saved.
1790658965.618 INFO: Logging disabled, not enabling any log drivers.
1790658965.618 INFO: GPS track will be logged to the Kismet logfile
1790658965.620 INFO: Starting Kismet web server...
1790658965.620 INFO: HTTP server listening on 0.0.0.0:2501
1790658965.622 INFO: Could not open system plugin directory (/home/osh/kismet-install/lib/kismet/), skipping: No such file or directory
1790658965.622 INFO: Did not find a user plugin directory (/tmp/hw2/n9/.kismet//plugins/), skipping: No such file or directory
1790658965.722 interface: esp32c5
1790658965.731 INFO: Found type 'esp32c5' for 'esp32c5:device=/dev/serial/by-id/usb-Espressif_USB_JTAG_serial_debug_unit_10:BD:A3:CF:05:40-if00'
1790658965.750 INFO: New remote source esp32c5zigbee-ttyACM2 (E5C50002-0000-0000-0000-3844BEBFD80C) connected
1790658965.756 INFO: Data source 'esp32c5:device=/dev/serial/by-id/usb-Espressif_USB_JTAG_serial_debug_unit_10:BD:A3:CF:05:40-if00' launched successfully
1790658966.032 INFO: New remote source esp32c5 (E5C50001-0000-0000-0000-3844BEBFC910) connected
1790658966.033 INFO: Splitting channels for interfaces using 'esp32c5' among 2 interfaces
1790658966.034 INFO: esp32c5 - /dev/serial/by-id/usb-Espressif_USB_JTAG_serial_debug_unit_38:44:BE:BF:C9:10-if00 opened
1790658966.037 INFO: New remote source esp32c5btle-ttyACM3 (E5C50003-0000-0000-0000-10BDA3C87D54) connected
1790658966.039 INFO: esp32c5btle-ttyACM3 - /dev/ttyACM3 opened
1790658966.891 INFO: esp32c5btle-ttyACM3 - /dev/ttyACM3 capturing
1790658966.948 INFO: Detected new BTLE device 28:1A:40:14:6D:3F
1790658967.004 INFO: Detected new BTLE device 20:F1:B2:B9:E5:33
1790658967.034 INFO: esp32c5 - /dev/serial/by-id/usb-Espressif_USB_JTAG_serial_debug_unit_38:44:BE:BF:C9:10-if00 capturing
1790658967.034 INFO: esp32c5 capturing (wifi)
1790658967.066 INFO: Detected new BTLE device F4:DD:06:5E:7E:19
1790658967.098 INFO: Detected new 802.11 Wi-Fi device A8:DB:03:42:DE:68
1790658967.139 INFO: Detected new BTLE device 5D:0D:4D:53:1B:E3
1790658967.157 INFO: Detected new BTLE device 48:9E:9D:9E:42:7C tcl_AC_t*ap_szkt
1790658967.539 INFO: Detected new 802.11 Wi-Fi access point CA:C9:A3:4D:96:E7
1790658967.544 INFO: 802.11 Wi-Fi device CA:C9:A3:4D:96:E7 advertising new SSID 'ESP-4D96E7'
1790658967.549 INFO: Detected new 802.11 Wi-Fi access point 00:B8:C2:B2:AE:57
1790658967.549 INFO: 802.11 Wi-Fi device 00:B8:C2:B2:AE:57 advertising new SSID 'Mor'
1790658967.887 INFO: Detected new BTLE device 7D:57:FE:91:38:49
1790658968.038 INFO: Detected new 802.11 Wi-Fi access point C8:70:23:73:DA:93
1790658968.039 INFO: 802.11 Wi-Fi device C8:70:23:73:DA:93 advertising new SSID 'cohen'
1790658968.040 INFO: Detected new 802.11 Wi-Fi access point 20:F1:B2:B9:E5:33
1790658968.040 INFO: 802.11 Wi-Fi device 20:F1:B2:B9:E5:33 advertising new SSID 'SmartLife-E533'
1790658968.047 INFO: Detected new 802.11 Wi-Fi device 40:AE:30:84:5A:16
1790658968.047 INFO: Detected new 802.11 Wi-Fi device 40:AE:30:84:5A:14
1790658968.053 INFO: Detected new 802.11 Wi-Fi access point 26:39:F1:AB:05:B2
1790658968.053 INFO: 802.11 Wi-Fi device 26:39:F1:AB:05:B2 advertising new SSID 'osvc-2'
1790658968.057 INFO: Detected new 802.11 Wi-Fi access point 94:E3:6D:81:A3:FF
1790658968.058 INFO: 802.11 Wi-Fi device 94:E3:6D:81:A3:FF advertising new SSID 'ELRSSID81A3FF'
1790658968.064 INFO: Detected new 802.11 Wi-Fi access point 46:AE:30:84:34:B6
1790658968.068 INFO: 802.11 Wi-Fi device 46:AE:30:84:34:B6 advertising a new cloaked SSID
1790658968.069 INFO: Detected new 802.11 Wi-Fi device 46:AE:30:84:5A:16
1790658968.070 INFO: 802.11 Wi-Fi device 46:AE:30:84:5A:16 advertising a new cloaked SSID
1790658968.078 INFO: Detected new 802.11 Wi-Fi access point F4:5E:AB:98:45:A6
1790658968.078 INFO: 802.11 Wi-Fi device F4:5E:AB:98:45:A6 advertising new SSID 'WiFiER9845a6'
1790658968.079 INFO: Detected new 802.11 Wi-Fi access point 40:AE:30:84:34:B6
1790658968.080 INFO: 802.11 Wi-Fi device 40:AE:30:84:34:B6 advertising new SSID 'cohen42'
1790658968.081 INFO: 802.11 Wi-Fi device 40:AE:30:84:5A:16 advertising new SSID 'cohen42'
1790658968.456 INFO: Detected new BTLE device DC:23:4B:7E:F7:7F
1790658968.462 INFO: Detected new 802.11 Wi-Fi device 24:9E:7D:38:9F:74
1790658968.548 INFO: Detected new 802.11 Wi-Fi access point FA:8F:CA:6C:D1:65
1790658968.550 INFO: 802.11 Wi-Fi device FA:8F:CA:6C:D1:65 advertising new SSID 'JBL Bar 5.1_0891.l025'
1790658968.636 INFO: Detected new 802.11 Wi-Fi access point B0:1F:47:0D:E9:B9
1790658968.637 INFO: 802.11 Wi-Fi device B0:1F:47:0D:E9:B9 advertising new SSID 'Mor'
1790658968.870 INFO: Detected new 802.11 Wi-Fi access point 46:AE:30:84:36:22
1790658968.871 INFO: 802.11 Wi-Fi device 46:AE:30:84:36:22 advertising a new cloaked SSID
1790658968.926 INFO: Detected new 802.11 Wi-Fi access point 40:AE:30:84:36:22
1790658968.926 INFO: 802.11 Wi-Fi device 40:AE:30:84:36:22 advertising new SSID 'cohen42'
1790658969.281 INFO: Detected new 802.11 Wi-Fi access point 00:B8:C2:B2:AE:58
1790658969.282 INFO: 802.11 Wi-Fi device 00:B8:C2:B2:AE:58 advertising new SSID 'Mor'
1790658969.289 INFO: Detected new 802.11 Wi-Fi access point 6A:B8:C2:B2:AE:59
1790658969.290 INFO: 802.11 Wi-Fi device 6A:B8:C2:B2:AE:59 advertising a new cloaked SSID
1790658969.304 INFO: Detected new 802.11 Wi-Fi access point 42:A2:BA:65:29:F3
1790658969.304 INFO: Detected new 802.11 Wi-Fi device E4:5F:01:49:99:3F
1790658969.334 INFO: Detected new 802.11 Wi-Fi device 70:F7:54:55:CB:00
1790658970.042 INFO: Detected new 802.11 Wi-Fi device FC:F5:C4:BD:9B:CD
1790658970.043 INFO: Detected new 802.11 Wi-Fi device B0:1F:47:10:E2:62
1790658970.052 INFO: Detected new 802.11 Wi-Fi access point 82:AF:CA:25:C2:23
1790658970.053 INFO: 802.11 Wi-Fi device 82:AF:CA:25:C2:23 advertising a new cloaked SSID
1790658970.063 INFO: Detected new 802.11 Wi-Fi access point D0:CF:0E:85:DC:54
1790658970.063 INFO: 802.11 Wi-Fi device D0:CF:0E:85:DC:54 advertising new SSID 'Kobi'
1790658970.065 INFO: Detected new 802.11 Wi-Fi device B0:1F:47:0D:E9:B8
1790658970.548 INFO: Detected new 802.11 Wi-Fi access point AA:D8:A4:1D:31:38
1790658970.550 INFO: 802.11 Wi-Fi device AA:D8:A4:1D:31:38 advertising a new cloaked SSID
1790658970.560 INFO: Detected new 802.11 Wi-Fi access point 30:E1:71:F0:62:A4
1790658970.560 INFO: 802.11 Wi-Fi device 30:E1:71:F0:62:A4 advertising new SSID 'DIRECT-A3-HP DeskJet 4670 series'
1790658970.560 INFO: Detected new 802.11 Wi-Fi device 2C:E0:32:9D:BF:C5
1790658970.563 INFO: Detected new 802.11 Wi-Fi device 4C:2E:5E:D5:FE:E9
1790658970.648 INFO: Detected new 802.11 Wi-Fi device FC:F5:C4:BE:0B:A5
1790658970.901 INFO: esp32c5zigbee-ttyACM2 - esp32c5zigbee-ttyACM2 capturing (zigbee)
1790658971.276 INFO: Detected new 802.11 Wi-Fi access point 40:AE:30:84:34:B7
1790658971.277 INFO: 802.11 Wi-Fi device 40:AE:30:84:34:B7 advertising new SSID 'cohen42'
1790658971.430 INFO: Detected new 802.11 Wi-Fi access point 46:AE:30:84:34:B7
1790658971.433 INFO: 802.11 Wi-Fi device 46:AE:30:84:34:B7 advertising a new cloaked SSID
1790658971.908 INFO: Detected new 802.11 Wi-Fi access point 80:AF:CA:75:C2:23
1790658971.908 INFO: 802.11 Wi-Fi device 80:AF:CA:75:C2:23 advertising new SSID 'Cudy-C223'
1790658971.937 INFO: Detected new 802.11 Wi-Fi device 74:F8:DB:5D:D0:61
1790658972.226 INFO: Detected new BTLE device E7:21:74:CF:0D:AF
1790658973.938 INFO: Detected new 802.11 Wi-Fi access point 8A:D8:E5:C7:6A:15
1790658973.939 INFO: 802.11 Wi-Fi device 8A:D8:E5:C7:6A:15 advertising a new cloaked SSID
1790658973.942 INFO: Detected new 802.11 Wi-Fi access point DA:D8:E5:C7:6A:14
1790658973.943 INFO: 802.11 Wi-Fi device DA:D8:E5:C7:6A:14 advertising new SSID 'Dayan'
1790658973.950 INFO: Detected new 802.11 Wi-Fi device 50:8A:06:B4:2F:49
1790658973.952 INFO: Detected new 802.11 Wi-Fi access point 88:C3:97:F8:DE:CC
1790658973.953 INFO: 802.11 Wi-Fi device 88:C3:97:F8:DE:CC advertising new SSID 'Home-WiFi'
1790658973.960 INFO: Detected new 802.11 Wi-Fi access point 58:FC:20:1B:D9:D0
1790658973.961 INFO: 802.11 Wi-Fi device 58:FC:20:1B:D9:D0 advertising new SSID 'Sivan'
1790658973.964 INFO: Detected new 802.11 Wi-Fi access point 8A:F8:CC:EE:87:D1
1790658973.964 INFO: 802.11 Wi-Fi device 8A:F8:CC:EE:87:D1 advertising new SSID 'Alon'
1790658973.992 INFO: Detected new 802.11 Wi-Fi device A8:42:A1:B2:27:77
1790658973.992 INFO: Detected new 802.11 Wi-Fi device D4:E8:53:00:37:6A
1790658973.992 INFO: Detected new 802.11 Wi-Fi access point 62:D5:ED:42:0F:E1
1790658973.992 INFO: 802.11 Wi-Fi device 62:D5:ED:42:0F:E1 advertising new SSID 'MEIRAV'
1790658973.992 INFO: Detected new 802.11 Wi-Fi access point 1C:57:3E:97:75:73
1790658973.992 INFO: 802.11 Wi-Fi device 1C:57:3E:97:75:73 advertising new SSID 'Sivan'
1790658973.994 INFO: Detected new 802.11 Wi-Fi device B0:92:4A:F1:E3:95
1790658973.994 INFO: Detected new 802.11 Wi-Fi device 00:E9:3A:09:CB:D7
1790658973.995 INFO: Detected new 802.11 Wi-Fi access point 62:D5:ED:42:0F:E2
1790658973.995 INFO: 802.11 Wi-Fi device 62:D5:ED:42:0F:E2 advertising a new cloaked SSID
1790658973.995 INFO: Detected new 802.11 Wi-Fi access point 8A:F8:CC:EE:87:D2
1790658973.995 INFO: 802.11 Wi-Fi device 8A:F8:CC:EE:87:D2 advertising a new cloaked SSID
1790658974.001 INFO: Detected new 802.11 Wi-Fi access point AA:42:A1:A2:27:77
1790658974.001 INFO: 802.11 Wi-Fi device AA:42:A1:A2:27:77 advertising a new cloaked SSID
1790658974.406 INFO: Detected new 802.11 Wi-Fi device B0:4A:39:03:87:62
1790658974.412 INFO: Detected new 802.11 Wi-Fi device 20:15:DE:A1:04:FB
1790658974.660 INFO: 802.11 Wi-Fi device FA:8F:CA:6C:D1:65 advertising new SSID 'JBL Bar 5.1_0891.l025'
1790658974.681 INFO: 802.11 Wi-Fi device CA:C9:A3:4D:96:E7 advertising new SSID 'ESP-4D96E7'
1790658974.698 INFO: Detected new 802.11 Wi-Fi device 7A:99:E1:59:44:1C
1790658974.762 INFO: Detected new 802.11 Wi-Fi device 58:FC:20:1B:D9:CF
1790658975.191 INFO: Detected new 802.11 Wi-Fi device DC:07:F8:9F:12:D8
1790658975.228 INFO: 802.11 Wi-Fi device 40:AE:30:84:5A:16 advertising new SSID 'cohen42'
1790658975.232 INFO: 802.11 Wi-Fi device 40:AE:30:84:34:B6 advertising new SSID 'cohen42'
1790658976.555 INFO: Detected new 802.11 Wi-Fi device 94:83:C4:25:9E:39
1790658977.405 INFO: Detected new 802.11 Wi-Fi device 08:54:11:00:55:F2
1790658977.672 INFO: Detected new 802.11 Wi-Fi device 00:B8:C2:B2:AE:4E
1790658979.005 INFO: 802.11 Wi-Fi device 30:E1:71:F0:62:A4 advertising new SSID 'DIRECT-A3-HP DeskJet 4670 series'
1790658979.076 INFO: 802.11 Wi-Fi device 80:AF:CA:75:C2:23 advertising new SSID 'Cudy-C223'
1790658979.076 INFO: Detected new 802.11 Wi-Fi device 2C:E0:32:D1:17:B1
1790658979.151 INFO: 802.11 Wi-Fi device 00:B8:C2:B2:AE:57 advertising new SSID 'Mor'
1790658979.151 INFO: Detected new 802.11 Wi-Fi device 4A:78:9B:A3:A7:D6
1790658979.780 INFO: Detected new 802.11 Wi-Fi device 04:03:12:27:F0:66
1790658979.780 INFO: Detected new 802.11 Wi-Fi device B0:1F:47:17:AF:4A
1790658982.509 INFO: Detected new 802.11 Wi-Fi device B0:BB:E5:7F:F6:E7
1790658982.510 INFO: Detected new 802.11 Wi-Fi device AA:42:A1:05:68:CE
1790658982.543 INFO: Detected new 802.11 Wi-Fi device 38:7A:CC:CF:1A:C1
1790658983.194 INFO: Detected new BTLE device 23:62:A5:39:CB:35
1790658983.222 INFO: Detected new 802.11 Wi-Fi access point F4:30:B9:22:85:00
1790658983.222 INFO: 802.11 Wi-Fi device F4:30:B9:22:85:00 advertising new SSID 'DIRECT-FF-HP DeskJet 4670 series'
1790658983.223 INFO: Detected new 802.11 Wi-Fi device 84:D6:C5:8D:A7:08
1790658983.388 INFO: Detected new 802.11 Wi-Fi device 78:72:64:41:E9:F6
1790658983.552 INFO: Detected new 802.11 Wi-Fi device 1C:4D:89:65:18:2A
1790658987.016 INFO: Detected new 802.11 Wi-Fi device AA:D8:A4:1D:31:39
1790658987.016 INFO: Detected new 802.11 Wi-Fi device D8:D8:E5:A5:1B:BD
1790658988.698 INFO: Detected new BTLE device 48:68:63:60:88:FC
1790658991.017 INFO: Detected new 802.11 Wi-Fi device C0:C9:E3:E5:BF:6E
1790658991.017 INFO: Detected new 802.11 Wi-Fi device 40:AC:BF:1B:33:91
1790658991.025 INFO: Detected new 802.11 Wi-Fi access point 8E:C3:97:F8:DE:CC
1790658991.025 INFO: 802.11 Wi-Fi device 8E:C3:97:F8:DE:CC advertising a new cloaked SSID
1790658993.008 INFO: 802.11 Wi-Fi device 26:39:F1:AB:05:B2 advertising new SSID 'osvc-2'
1790658993.009 INFO: 802.11 Wi-Fi device C8:70:23:73:DA:93 advertising new SSID 'cohen'
1790658993.074 ERROR: Data source 'esp32c5 / esp32c5:device=/dev/serial/by-id/usb-Espressif_USB_JTAG_serial_debug_unit_38:44:BE:BF:C9:10-if00' ('esp32c5') encountered an error: websocket connection closed
1790658993.082 ERROR: Data source 'esp32c5btle-ttyACM3 / esp32c5btle-ttyACM3' ('esp32c5btle-ttyACM3') encountered an error: websocket connection closed
1790658994.627 
1790658994.627 *** KISMET IS SHUTTING DOWN ***
1790658994.627 Shutting down plugins...
1790658994.627 WARNING: Kismet changes the configuration of network devices.
1790658994.627          In most cases you will need to restart networking for
1790658994.627          your interface (varies per distribution and OS), but 
1790658994.627          typically one of:
1790658994.627          sudo service networking restart
1790658994.627          sudo /etc/init.d/networking restart
1790658994.627          or
1790658994.627          nmcli device set [device] managed true
1790658994.627 
1790658994.627 Kismet exiting.
1790658994.628 EXITING: Signal service thread complete.
1790658994.634 KISMET_EXIT=0
