kismet up after 0.42 s pid 286638 home /tmp/hw2/n9
{"name": "esp32c5zigbee-ttyACM2", "definition": "esp32c5zigbee-ttyACM2", "interface": "esp32c5zigbee-ttyACM2", "capture_interface": "esp32c5-ttyACM2", "hardware": "Espressif USB-Serial-JTAG (38:44:BE:BF:D8:0C)", "uuid": "E5C50002-0000-0000-0000-3844BEBFD80C", "remote": 1, "running": 1, "num_packets": 0, "dlt": 230, "channel": "15", "hopping": 1}
   hop_channels: 16 ['11', '12', '13']
{"name": "esp32c5", "definition": "esp32c5:device=/dev/serial/by-id/usb-Espressif_USB_JTAG_serial_debug_unit_10:BD:A3:CF:05:40-if00", "interface": "esp32c5", "capture_interface": "esp32c5-ttyACM0", "hardware": "Espressif USB-Serial-JTAG (10:BD:A3:CF:05:40)", "uuid": "E5C50001-0000-0000-0000-10BDA3CF0540", "remote": 0, "running": 1, "num_packets": 348, "dlt": 127, "channel": "6", "hopping": 1}
   hop_channels: 42 ['1', '2', '3']
{"name": "esp32c5", "definition": "esp32c5:device=/dev/serial/by-id/usb-Espressif_USB_JTAG_serial_debug_unit_38:44:BE:BF:C9:10-if00", "interface": "esp32c5", "capture_interface": "/dev/serial/by-id/usb-Espressif_USB_JTAG_serial_debug_unit_38:44:BE:BF:C9:10-if00", "hardware": "Espressif USB-Serial-JTAG (38:44:BE:BF:C9:10)", "uuid": "E5C50001-0000-0000-0000-3844BEBFC910", "remote": 1, "running": 1, "num_packets": 380, "dlt": 127, "channel": "6", "hopping": 1}
   hop_channels: 42 ['1', '2', '3']
{"name": "esp32c5btle-ttyACM3", "definition": "esp32c5btle-ttyACM3", "interface": "esp32c5btle-ttyACM3", "capture_interface": "/dev/ttyACM3", "hardware": "Espressif USB-Serial-JTAG (10:BD:A3:C8:7D:54)", "uuid": "E5C50003-0000-0000-0000-10BDA3C87D54", "remote": 1, "running": 1, "num_packets": 769, "dlt": 256, "channel": "37", "hopping": 1}
   hop_channels: 1 ['37']
{"BTLE": 10, "IEEE802.11": 76}
stopped
1790658965.613 INFO: Sources will be re-opened if they encounter an error
1790658965.750 INFO: New remote source esp32c5zigbee-ttyACM2 (E5C50002-0000-0000-0000-3844BEBFD80C) connected
1790658966.032 INFO: New remote source esp32c5 (E5C50001-0000-0000-0000-3844BEBFC910) connected
1790658966.034 INFO: esp32c5 - /dev/serial/by-id/usb-Espressif_USB_JTAG_serial_debug_unit_38:44:BE:BF:C9:10-if00 opened
1790658966.037 INFO: New remote source esp32c5btle-ttyACM3 (E5C50003-0000-0000-0000-10BDA3C87D54) connected
1790658966.039 INFO: esp32c5btle-ttyACM3 - /dev/ttyACM3 opened
1790658966.891 INFO: esp32c5btle-ttyACM3 - /dev/ttyACM3 capturing
1790658967.034 INFO: esp32c5 - /dev/serial/by-id/usb-Espressif_USB_JTAG_serial_debug_unit_38:44:BE:BF:C9:10-if00 capturing
1790658967.034 INFO: esp32c5 capturing (wifi)
1790658970.901 INFO: esp32c5zigbee-ttyACM2 - esp32c5zigbee-ttyACM2 capturing (zigbee)
### py log
08:16:06 INFO: esp32c5:device=/dev/serial/by-id/usb-Espressif_USB_JTAG_serial_debug_unit_38:44:BE:BF:C9:10-if00: connected, offering it to Kismet as E5C50001-0000-0000-0000-3844BEBFC910
08:16:06 INFO: esp32c5:device=/dev/serial/by-id/usb-Espressif_USB_JTAG_serial_debug_unit_38:44:BE:BF:C9:10-if00: opening /dev/serial/by-id/usb-Espressif_USB_JTAG_serial_debug_unit_38:44:BE:BF:C9:10-if
08:16:06 INFO: esp32c5btle-ttyACM3: connected, offering it to Kismet as E5C50003-0000-0000-0000-10BDA3C87D54
08:16:06 INFO: esp32c5btle-ttyACM3: opening /dev/ttyACM3 for btle
08:16:06 INFO: /dev/serial/by-id/usb-Espressif_USB_JTAG_serial_debug_unit_38:44:BE:BF:C9:10-if00 opened
08:16:06 INFO: /dev/ttyACM3 opened
08:16:06 INFO: /dev/ttyACM3 capturing
08:16:07 INFO: /dev/serial/by-id/usb-Espressif_USB_JTAG_serial_debug_unit_38:44:BE:BF:C9:10-if00 capturing
08:16:33 INFO: stopping
08:16:33 INFO: esp32c5:device=/dev/serial/by-id/usb-Espressif_USB_JTAG_serial_debug_unit_38:44:BE:BF:C9:10-if00: connection ended: stopped
08:16:33 INFO: esp32c5btle-ttyACM3: connection ended: stopped
### c log
INFO: 127.0.0.1:2501 starting capture...
FATAL: Datasource websocket closed
FATAL:  Datasource exiting libwebsocket loop
