1790659849.845 INFO: Including sub-config file: /home/osh/kismet-install/etc/kismet_httpd.conf
1790659849.845 INFO: Including sub-config file: /home/osh/kismet-install/etc/kismet_memory.conf
1790659849.845 INFO: Including sub-config file: /home/osh/kismet-install/etc/kismet_alerts.conf
1790659849.845 INFO: Including sub-config file: /home/osh/kismet-install/etc/kismet_80211.conf
1790659849.845 INFO: Including sub-config file: /home/osh/kismet-install/etc/kismet_logging.conf
1790659849.845 INFO: Including sub-config file: /home/osh/kismet-install/etc/kismet_filter.conf
1790659849.845 INFO: Including sub-config file: /home/osh/kismet-install/etc/kismet_uav.conf
1790659849.845 INFO: Loading config override file '/home/osh/kismet-install/etc/kismet_package.conf'
1790659849.845 INFO: Optional sub-config file not present: /home/osh/kismet-install/etc/kismet_package.conf
1790659849.845 INFO: Loading config override file '/home/osh/kismet-install/etc/kismet_site.conf'
1790659849.845 INFO: Optional sub-config file not present: /home/osh/kismet-install/etc/kismet_site.conf
1790659849.845 INFO: Generated server UUID EE21E35A-BBC6-11F1-A0F8-4B49534D4554 and storing in /tmp/hw2/b9k/.kismet//kismet_server_id.conf
1790659849.845 INFO: Setting server UUID EE21E35A-BBC6-11F1-A0F8-4B49534D4554
1790659849.845 INFO: Starting Beast webserver on 0.0.0.0:2501
1790659849.845 INFO: Opened OUI file '/home/osh/kismet-install/share/kismet/kismet_manuf.txt.gz
1790659849.845 INFO: Indexing manufacturer db
1790659849.848 INFO: Completed indexing manufacturer db, 38959 lines and 780 indexes.
1790659849.854 INFO: Saving devices to the Kismet database log every 30 seconds
1790659849.859 INFO: Using default rates of 10/min, 1/sec for alert 'DEVICEFOUND'
1790659849.860 INFO: Using default rates of 10/min, 1/sec for alert 'DEVICELOST'
1790659849.860 INFO: Registering support for DLT_PPI packet header decoding
1790659849.860 INFO: Registering support for DLT_RADIOTAP packet header decoding
1790659849.860 INFO: Registering support for DLT_BTLE_RADIO packet header decoding
1790659849.863 INFO: Using default rates of 10/min, 1/sec for alert 'BADFIXLENIE'
1790659849.863 INFO: PHY80211 will only process AP signal levels from beacons
1790659849.863 INFO: Allowing Kismet clients to view WEP keys
1790659849.864 DEBUG: ssid canary FooCanary:ssid="FoobarCanary"
1790659849.864 DEBUG: ssid canary FooCanart2:ssid="(?i:foobarcanary)"
1790659849.864 INFO: Keeping EAPOL packets in memory for easy download and WIDS functionality; this can use more RAM.
1790659849.867 INFO: Registered PHY handler 'IEEE802.11' as ID 0
1790659849.868 INFO: Registered PHY handler 'RFSENSOR' as ID 1
1790659849.869 INFO: Registered PHY handler 'Z-Wave' as ID 2
1790659849.871 INFO: Registered PHY handler 'Bluetooth' as ID 3
1790659849.871 DEBUG: reserve_fields home id 538 app id 539
1790659849.873 INFO: Registered PHY handler 'UAV' as ID 4
1790659849.874 INFO: Registered PHY handler 'NrfMousejack' as ID 5
1790659849.874 ERROR: Tried to re-register duplicate alert FLIPPERZERO
1790659849.875 INFO: Registered PHY handler 'BTLE' as ID 6
1790659849.877 INFO: Registered PHY handler 'METER' as ID 7
1790659849.877 INFO: Indexing ADSB ICAO db
1790659850.136 INFO: Completed indexing ADSB ICAO db, 341068 lines 6822 indexes
1790659850.138 INFO: Registered PHY handler 'ADSB' as ID 8
1790659850.139 INFO: Registered PHY handler '802.15.4' as ID 9
1790659850.140 INFO: Registered PHY handler 'RADIATION' as ID 10
1790659850.146 INFO: (HTTPD) Could not read session data file, skipping loading saved sessions.
1790659850.146 INFO: Serving static file content from /home/osh/kismet-install/share/kismet/httpd/
1790659850.150 INFO: Enabling channel hopping by default on sources which support channel control.
1790659850.150 INFO: Setting default channel hop rate to 5/sec
1790659850.150 INFO: Enabling channel list splitting on sources which share the same list of channels
1790659850.150 INFO: Enabling channel list shuffling to optimize overlaps
1790659850.150 INFO: Sources will be re-opened if they encounter an error
1790659850.150 INFO: Saving datasources to the Kismet database log every 30 seconds
1790659850.150 INFO: Launching remote capture server on 127.0.0.1 3501
1790659850.150 INFO: Data sources passed on the command line (via -c source), ignoring source= definitions in the Kismet config file.
1790659850.150 INFO: Probing interface 'esp32c5btle-ttyACM0' to find datasource type
1790659850.152 ALERT: LOGDISABLED Logging has been disabled via the Kismet config files or the command line.  Pcap, database, and related logs will not be saved.
1790659850.152 INFO: Logging disabled, not enabling any log drivers.
1790659850.152 INFO: GPS track will be logged to the Kismet logfile
1790659850.153 INFO: Starting Kismet web server...
1790659850.153 INFO: HTTP server listening on 0.0.0.0:2501
1790659850.155 INFO: Could not open system plugin directory (/home/osh/kismet-install/lib/kismet/), skipping: No such file or directory
1790659850.155 INFO: Did not find a user plugin directory (/tmp/hw2/b9k/.kismet//plugins/), skipping: No such file or directory
1790659850.253 INFO: Found type 'esp32c5' for 'esp32c5btle-ttyACM0'
1790659850.255 interface: esp32c5btle-ttyACM0
1790659850.271 INFO: Data source 'esp32c5btle-ttyACM0' launched successfully
1790659851.771 INFO: esp32c5btle-ttyACM0 capturing (btle)
1790659851.778 INFO: Detected new BTLE device 45:B5:16:79:64:24
1790659851.783 INFO: Detected new BTLE device 0E:0A:43:01:2A:DD
1790659852.280 INFO: Detected new BTLE device F4:DD:06:5E:7E:19
1790659852.286 INFO: Detected new BTLE device 48:9E:9D:9E:42:7C tcl_AC_t*ap_szkt
1790659852.287 INFO: Detected new BTLE device 49:21:CB:7B:40:DE
1790659852.778 INFO: Detected new BTLE device E4:65:7C:21:20:32
1790659853.280 INFO: Detected new BTLE device 51:1E:D0:E4:26:4A
1790659853.775 INFO: Detected new BTLE device 5B:33:F4:16:B0:AB
1790659856.316 INFO: Detected new BTLE device E3:10:E7:47:AB:E6
1790659864.929 INFO: Detected new BTLE device 69:6C:7E:BC:42:EA
1790659865.418 INFO: Detected new BTLE device CE:08:C1:DD:04:81
1790659905.522 INFO: Detected new BTLE device 22:F0:55:F2:82:F8
1790659922.909 INFO: Detected new BTLE device 46:B8:B8:58:87:07
1790659970.022 INFO: Detected new BTLE device FC:10:B8:E8:FC:45
1790659974.037 INFO: Detected new BTLE device EB:E9:1E:FE:1F:B8
1790660030.320 INFO: Detected new BTLE device 40:EB:6D:F6:C6:EE
1790660031.691 
1790660031.691 *** KISMET IS SHUTTING DOWN ***
1790660031.691 Shutting down plugins...
1790660031.691 WARNING: Kismet changes the configuration of network devices.
1790660031.691          In most cases you will need to restart networking for
1790660031.691          your interface (varies per distribution and OS), but 
1790660031.691          typically one of:
1790660031.691          sudo service networking restart
1790660031.691          sudo /etc/init.d/networking restart
1790660031.691          or
1790660031.691          nmcli device set [device] managed true
1790660031.691 
1790660031.691 Kismet exiting.
1790660031.691 EXITING: Signal service thread complete.
1790660031.696 KISMET_EXIT=0
