1790661300.230 INFO: Including sub-config file: /home/osh/kismet-install/etc/kismet_httpd.conf
1790661300.230 INFO: Including sub-config file: /home/osh/kismet-install/etc/kismet_memory.conf
1790661300.230 INFO: Including sub-config file: /home/osh/kismet-install/etc/kismet_alerts.conf
1790661300.230 INFO: Including sub-config file: /home/osh/kismet-install/etc/kismet_80211.conf
1790661300.230 INFO: Including sub-config file: /home/osh/kismet-install/etc/kismet_logging.conf
1790661300.230 INFO: Including sub-config file: /home/osh/kismet-install/etc/kismet_filter.conf
1790661300.230 INFO: Including sub-config file: /home/osh/kismet-install/etc/kismet_uav.conf
1790661300.230 INFO: Loading config override file '/home/osh/kismet-install/etc/kismet_package.conf'
1790661300.230 INFO: Optional sub-config file not present: /home/osh/kismet-install/etc/kismet_package.conf
1790661300.230 INFO: Loading config override file '/home/osh/kismet-install/etc/kismet_site.conf'
1790661300.230 INFO: Optional sub-config file not present: /home/osh/kismet-install/etc/kismet_site.conf
1790661300.230 INFO: Generated server UUID 4EA095E8-BBCA-11F1-9B2D-4B49534D4554 and storing in /tmp/hw2/cr1/.kismet//kismet_server_id.conf
1790661300.230 INFO: Setting server UUID 4EA095E8-BBCA-11F1-9B2D-4B49534D4554
1790661300.230 INFO: Starting Beast webserver on 0.0.0.0:2501
1790661300.230 INFO: Opened OUI file '/home/osh/kismet-install/share/kismet/kismet_manuf.txt.gz
1790661300.230 INFO: Indexing manufacturer db
1790661300.230 INFO: Completed indexing manufacturer db, 38959 lines and 780 indexes.
1790661300.237 INFO: Saving devices to the Kismet database log every 30 seconds
1790661300.242 INFO: Using default rates of 10/min, 1/sec for alert 'DEVICEFOUND'
1790661300.242 INFO: Using default rates of 10/min, 1/sec for alert 'DEVICELOST'
1790661300.242 INFO: Registering support for DLT_PPI packet header decoding
1790661300.242 INFO: Registering support for DLT_RADIOTAP packet header decoding
1790661300.242 INFO: Registering support for DLT_BTLE_RADIO packet header decoding
1790661300.245 INFO: Using default rates of 10/min, 1/sec for alert 'BADFIXLENIE'
1790661300.245 INFO: PHY80211 will only process AP signal levels from beacons
1790661300.245 INFO: Allowing Kismet clients to view WEP keys
1790661300.246 DEBUG: ssid canary FooCanary:ssid="FoobarCanary"
1790661300.246 DEBUG: ssid canary FooCanart2:ssid="(?i:foobarcanary)"
1790661300.246 INFO: Keeping EAPOL packets in memory for easy download and WIDS functionality; this can use more RAM.
1790661300.249 INFO: Registered PHY handler 'IEEE802.11' as ID 0
1790661300.251 INFO: Registered PHY handler 'RFSENSOR' as ID 1
1790661300.252 INFO: Registered PHY handler 'Z-Wave' as ID 2
1790661300.253 INFO: Registered PHY handler 'Bluetooth' as ID 3
1790661300.253 DEBUG: reserve_fields home id 538 app id 539
1790661300.255 INFO: Registered PHY handler 'UAV' as ID 4
1790661300.256 INFO: Registered PHY handler 'NrfMousejack' as ID 5
1790661300.257 ERROR: Tried to re-register duplicate alert FLIPPERZERO
1790661300.258 INFO: Registered PHY handler 'BTLE' as ID 6
1790661300.259 INFO: Registered PHY handler 'METER' as ID 7
1790661300.259 INFO: Indexing ADSB ICAO db
1790661300.518 INFO: Completed indexing ADSB ICAO db, 341068 lines 6822 indexes
1790661300.520 INFO: Registered PHY handler 'ADSB' as ID 8
1790661300.521 INFO: Registered PHY handler '802.15.4' as ID 9
1790661300.522 INFO: Registered PHY handler 'RADIATION' as ID 10
1790661300.527 INFO: (HTTPD) Could not read session data file, skipping loading saved sessions.
1790661300.528 INFO: Serving static file content from /home/osh/kismet-install/share/kismet/httpd/
1790661300.528 INFO: Enabling channel hopping by default on sources which support channel control.
1790661300.528 INFO: Setting default channel hop rate to 5/sec
1790661300.528 INFO: Enabling channel list splitting on sources which share the same list of channels
1790661300.528 INFO: Enabling channel list shuffling to optimize overlaps
1790661300.528 INFO: Sources will be re-opened if they encounter an error
1790661300.528 INFO: Saving datasources to the Kismet database log every 30 seconds
1790661300.529 INFO: Launching remote capture server on 127.0.0.1 3501
1790661300.531 INFO: No data sources defined; Kismet will not capture anything until a source is added.
1790661300.532 ALERT: LOGDISABLED Logging has been disabled via the Kismet config files or the command line.  Pcap, database, and related logs will not be saved.
1790661300.532 INFO: Logging disabled, not enabling any log drivers.
1790661300.532 INFO: GPS track will be logged to the Kismet logfile
1790661300.534 INFO: Starting Kismet web server...
1790661300.534 INFO: HTTP server listening on 0.0.0.0:2501
1790661300.536 INFO: Could not open system plugin directory (/home/osh/kismet-install/lib/kismet/), skipping: No such file or directory
1790661300.536 INFO: Did not find a user plugin directory (/tmp/hw2/cr1/.kismet//plugins/), skipping: No such file or directory
1790661301.014 INFO: New remote source esp32c5-ttyACM2 (E5C50001-0000-0000-0000-3844BEBFD80C) connected
1790661301.016 INFO: esp32c5-ttyACM2 - /dev/ttyACM2 opened
1790661301.907 INFO: esp32c5-ttyACM2 - /dev/ttyACM2 capturing
1790661301.973 INFO: Detected new 802.11 Wi-Fi device A8:DB:03:42:DE:68
1790661303.496 INFO: Detected new 802.11 Wi-Fi access point 00:B8:C2:B2:AE:57
1790661303.496 INFO: 802.11 Wi-Fi device 00:B8:C2:B2:AE:57 advertising new SSID 'Mor'
1790661303.597 INFO: Detected new 802.11 Wi-Fi device 24:9E:7D:38:9F:74
1790661306.272 INFO: Detected new 802.11 Wi-Fi access point 46:AE:30:84:34:B7
1790661306.280 INFO: 802.11 Wi-Fi device 46:AE:30:84:34:B7 advertising a new cloaked SSID
1790661306.428 INFO: Detected new 802.11 Wi-Fi access point 40:AE:30:84:34:B7
1790661306.428 INFO: 802.11 Wi-Fi device 40:AE:30:84:34:B7 advertising new SSID 'cohen42'
1790661307.706 INFO: Detected new 802.11 Wi-Fi device 80:AF:CA:75:C2:23
1790661307.706 INFO: Detected new 802.11 Wi-Fi device 74:F8:DB:5D:D0:61
1790661307.708 INFO: 802.11 Wi-Fi device 80:AF:CA:75:C2:23 advertising new SSID 'Cudy-C223'
1790661307.712 INFO: Detected new 802.11 Wi-Fi access point 82:AF:CA:25:C2:23
1790661307.716 INFO: 802.11 Wi-Fi device 82:AF:CA:25:C2:23 advertising a new cloaked SSID
1790661307.860 INFO: Detected new 802.11 Wi-Fi access point 46:AE:30:84:34:B6
1790661307.869 INFO: 802.11 Wi-Fi device 46:AE:30:84:34:B6 advertising a new cloaked SSID
1790661307.911 INFO: Detected new 802.11 Wi-Fi access point 40:AE:30:84:34:B6
1790661307.912 INFO: 802.11 Wi-Fi device 40:AE:30:84:34:B6 advertising new SSID 'cohen42'
1790661309.721 INFO: Detected new 802.11 Wi-Fi access point CA:C9:A3:4D:96:E7
1790661309.735 INFO: 802.11 Wi-Fi device CA:C9:A3:4D:96:E7 advertising new SSID 'ESP-4D96E7'
1790661310.102 INFO: Detected new 802.11 Wi-Fi access point 40:AE:30:84:36:22
1790661310.104 INFO: 802.11 Wi-Fi device 40:AE:30:84:36:22 advertising new SSID 'cohen42'
1790661310.134 INFO: Detected new 802.11 Wi-Fi access point 40:AE:30:84:5A:16
1790661310.135 INFO: 802.11 Wi-Fi device 40:AE:30:84:5A:16 advertising new SSID 'cohen42'
1790661310.154 INFO: Detected new 802.11 Wi-Fi access point 46:AE:30:84:36:22
1790661310.155 INFO: 802.11 Wi-Fi device 46:AE:30:84:36:22 advertising a new cloaked SSID
1790661310.186 INFO: Detected new 802.11 Wi-Fi access point 46:AE:30:84:5A:16
1790661310.187 INFO: 802.11 Wi-Fi device 46:AE:30:84:5A:16 advertising a new cloaked SSID
1790661310.197 INFO: Detected new 802.11 Wi-Fi device 20:15:DE:A1:04:FB
1790661310.211 INFO: Detected new 802.11 Wi-Fi device 1C:4D:89:65:18:2A
1790661311.885 INFO: Detected new 802.11 Wi-Fi access point FA:8F:CA:6C:D1:65
1790661311.889 INFO: 802.11 Wi-Fi device FA:8F:CA:6C:D1:65 advertising new SSID 'JBL Bar 5.1_0891.l025'
1790661311.905 INFO: Detected new 802.11 Wi-Fi device 4A:78:9B:A3:A7:D6
1790661311.957 INFO: Detected new 802.11 Wi-Fi device FC:F5:C4:BE:0B:A5
1790661312.117 INFO: Detected new 802.11 Wi-Fi access point 26:39:F1:AB:05:B2
1790661312.118 INFO: 802.11 Wi-Fi device 26:39:F1:AB:05:B2 advertising new SSID 'osvc-2'
1790661314.820 INFO: Detected new 802.11 Wi-Fi device E4:5F:01:49:99:3F
1790661314.821 INFO: Detected new 802.11 Wi-Fi device 42:A2:BA:65:29:F3
1790661316.128 ERROR: Data source 'esp32c5-ttyACM2 / esp32c5-ttyACM2' ('esp32c5-ttyACM2') encountered an error: websocket connection closed
1790661319.371 INFO: Probing interface 'esp32c5-ttyACM2' to find datasource type
1790661319.474 INFO: Found type 'esp32c5' for 'esp32c5-ttyACM2'
1790661319.487 ERROR: Conflict of new datasource esp32c5-ttyACM2/E5C50001-0000-0000-0000-3844BEBFD80C and existing datasource esp32c5-ttyACM2 with the same UUID.  Datasource UUIDs must be unique, check the Kismet documentation for the datasources you are using, and ensure that any manually defined UUIDs are unique.
1790661325.072 INFO: Matching new remote source 'esp32c5-ttyACM2' with known source with UUID 'E5C50001-0000-0000-0000-3844BEBFD80C'
1790661325.079 INFO: Remote source esp32c5-ttyACM2 (E5C50001-0000-0000-0000-3844BEBFD80C) reconnected
1790661325.079 INFO: esp32c5-ttyACM2 - /dev/ttyACM2 opened
1790661326.077 INFO: esp32c5-ttyACM2 - /dev/ttyACM2 capturing
1790661326.222 INFO: Detected new 802.11 Wi-Fi device 4C:2E:5E:D5:FE:E9
1790661327.558 INFO: Detected new 802.11 Wi-Fi device 00:B8:C2:B2:AE:4E
1790661327.663 INFO: Detected new 802.11 Wi-Fi device B0:1F:47:10:E2:62
1790661330.278 INFO: Detected new 802.11 Wi-Fi access point 30:E1:71:F0:62:A4
1790661330.279 INFO: 802.11 Wi-Fi device 30:E1:71:F0:62:A4 advertising new SSID 'DIRECT-A3-HP DeskJet 4670 series'
1790661330.282 INFO: Detected new 802.11 Wi-Fi device 2C:E0:32:9D:BF:C5
1790661333.856 INFO: Detected new 802.11 Wi-Fi access point 58:FC:20:1B:D9:D0
1790661333.857 INFO: 802.11 Wi-Fi device 58:FC:20:1B:D9:D0 advertising new SSID 'Sivan'
1790661335.990 INFO: 802.11 Wi-Fi device 00:B8:C2:B2:AE:57 advertising new SSID 'Mor'
1790661335.990 INFO: Detected new 802.11 Wi-Fi device FA:50:AF:58:56:C3
1790661338.531 INFO: Detected new 802.11 Wi-Fi access point D0:CF:0E:85:DC:54
1790661338.532 INFO: 802.11 Wi-Fi device D0:CF:0E:85:DC:54 advertising new SSID 'Kobi'
1790661340.191 ERROR: Data source 'esp32c5-ttyACM2 / esp32c5-ttyACM2' ('esp32c5-ttyACM2') encountered an error: websocket connection closed
1790661341.544 
1790661341.544 *** KISMET IS SHUTTING DOWN ***
1790661341.544 Shutting down plugins...
1790661341.544 WARNING: Kismet changes the configuration of network devices.
1790661341.544          In most cases you will need to restart networking for
1790661341.544          your interface (varies per distribution and OS), but 
1790661341.544          typically one of:
1790661341.544          sudo service networking restart
1790661341.544          sudo /etc/init.d/networking restart
1790661341.544          or
1790661341.544          nmcli device set [device] managed true
1790661341.544 
1790661341.544 Kismet exiting.
1790661341.544 EXITING: Signal service thread complete.
1790661341.550 KISMET_EXIT=0
