kismet up
esp32c5btle-ttyACM2          run=1 err=0 rem=1 pkts=159     ch=37   hop=1 rate=5 off=0 nch=1 pid=0 uuid=E5C50003-0000-0000-0000-3844BEBFD80C hw=Espressif USB-Se
### add_source.cmd esp32c5btle-ttyACM2
HTTP 200
{"kismet.datasource.source_number": 1, "kismet.datasource.source_key": 2253326202, "kismet.datasource.cmd_pending": 0, "kismet.datasource.paused": 0, "kismet.datasource.ipc_binary": "kismet_cap_esp32c5", "kismet.datasource.ipc_pid": 303321, "kismet.datasource.running": 0, "kismet.datasource.datasour
esp32c5btle-ttyACM2          run=0 err=1 rem=1 pkts=159     ch=37   hop=1 rate=5 off=0 nch=1 pid=0 uuid=E5C50003-0000-0000-0000-3844BEBFD80C hw=Espressif USB-Serial-JTAG (38:44:BE:BF:D8:0C) capif=/dev
esp32c5btle-ttyACM2          run=0 err=0 rem=0 pkts=0       ch=37   hop=0 rate=0 off=0 nch=1 pid=303321 uuid=E5C50003-0000-0000-0000-3844BEBFD80C hw=Espressif USB-Serial-JTAG (38:44:BE:BF:D8:0C) capif
### second helper py
esp32c5btle-ttyACM2          run=1 err=0 rem=1 pkts=331     ch=37   hop=1 rate=5 off=0 nch=1 pid=0 uuid=E5C50003-0000-0000-0000-3844BEBFD80C hw=Espressif USB-Serial-JTAG (38:44:BE:BF:D8:0C) capif=/dev
esp32c5btle-ttyACM2          run=0 err=0 rem=0 pkts=0       ch=37   hop=0 rate=0 off=0 nch=1 pid=303321 uuid=E5C50003-0000-0000-0000-3844BEBFD80C hw=Espressif USB-Serial-JTAG (38:44:BE:BF:D8:0C) capif
1790661374.907 [Thread debugging using libthread_db enabled]
1790661374.907 Using host libthread_db library "/lib/aarch64-linux-gnu/libthread_db.so.1".
1790661374.937 [New Thread 0x7ff6b8ece0 (LWP 303107)]
1790661374.938 [New Thread 0x7ff637ece0 (LWP 303108)]
1790661374.939 [Thread 0x7ff637ece0 (LWP 303108) exited]
1790661374.939 [New Thread 0x7fedb6ece0 (LWP 303109)]
1790661374.939 [Thread 0x7fedb6ece0 (LWP 303109) exited]
1790661374.939 [New Thread 0x7ff5b6ece0 (LWP 303110)]
1790661374.939 [Thread 0x7ff5b6ece0 (LWP 303110) exited]
1790661374.939 [New Thread 0x7ff535ece0 (LWP 303111)]
1790661374.940 [Thread 0x7ff535ece0 (LWP 303111) exited]
1790661374.940 [New Thread 0x7ff4b4ece0 (LWP 303112)]
1790661374.973 INFO: PHY80211 will only process AP signal levels from beacons
1790661374.984 ERROR: Tried to re-register duplicate alert FLIPPERZERO
1790661375.256 INFO: Sources will be re-opened if they encounter an error
1790661375.262 [New Thread 0x7fefffece0 (LWP 303115)]
1790661375.262 [New Thread 0x7fef7eece0 (LWP 303116)]
1790661375.263 [New Thread 0x7feefdece0 (LWP 303117)]
1790661375.263 [New Thread 0x7fee7cece0 (LWP 303118)]
1790661375.263 [New Thread 0x7fed35ece0 (LWP 303119)]
1790661375.264 [New Thread 0x7fecb4ece0 (LWP 303120)]
1790661375.264 [New Thread 0x7fec33ece0 (LWP 303121)]
1790661375.265 [New Thread 0x7febb2ece0 (LWP 303122)]
1790661375.265 [New Thread 0x7feb31ece0 (LWP 303123)]
1790661375.265 [New Thread 0x7feab0ece0 (LWP 303124)]
1790661375.266 [New Thread 0x7fea2fece0 (LWP 303125)]
1790661375.266 [New Thread 0x7fe9aeece0 (LWP 303126)]
1790661375.266 [New Thread 0x7fe92dece0 (LWP 303127)]
1790661375.267 [New Thread 0x7fe8acece0 (LWP 303128)]
1790661375.267 [New Thread 0x7fe82bece0 (LWP 303129)]
1790661375.268 [New Thread 0x7fe7aaece0 (LWP 303130)]
1790661375.268 [New Thread 0x7fe729ece0 (LWP 303131)]
1790661375.268 [New Thread 0x7fe6a8ece0 (LWP 303132)]
1790661375.269 [New Thread 0x7fe627ece0 (LWP 303133)]
1790661375.269 [New Thread 0x7fe5a6ece0 (LWP 303134)]
1790661375.416 [New Thread 0x7fe525ece0 (LWP 303136)]
1790661375.421 [New Thread 0x7fe4a4ece0 (LWP 303137)]
1790661375.422 [Thread 0x7fe4a4ece0 (LWP 303137) exited]
1790661375.423 [Thread 0x7fe525ece0 (LWP 303136) exited]
1790661375.656 [New Thread 0x7fe525ece0 (LWP 303141)]
1790661375.668 INFO: New remote source esp32c5btle-ttyACM2 (E5C50003-0000-0000-0000-3844BEBFD80C) connected
1790661375.670 INFO: esp32c5btle-ttyACM2 - /dev/ttyACM2 opened
1790661376.001 [New Thread 0x7ff637ece0 (LWP 303145)]
1790661376.002 [Thread 0x7ff637ece0 (LWP 303145) exited]
1790661376.002 [New Thread 0x7ff637ece0 (LWP 303146)]
1790661376.002 [Thread 0x7ff637ece0 (LWP 303146) exited]
1790661376.002 [New Thread 0x7ff637ece0 (LWP 303147)]
1790661376.002 [Thread 0x7ff637ece0 (LWP 303147) exited]
1790661376.002 [New Thread 0x7ff637ece0 (LWP 303148)]
1790661376.003 [Thread 0x7ff637ece0 (LWP 303148) exited]
1790661376.801 [New Thread 0x7ff637ece0 (LWP 303149)]
1790661376.802 [Thread 0x7ff637ece0 (LWP 303149) exited]
1790661376.802 [New Thread 0x7ff637ece0 (LWP 303150)]
1790661376.802 [Thread 0x7ff637ece0 (LWP 303150) exited]
1790661376.802 [New Thread 0x7ff637ece0 (LWP 303151)]
1790661376.802 [Thread 0x7ff637ece0 (LWP 303151) exited]
1790661376.903 INFO: esp32c5btle-ttyACM2 - /dev/ttyACM2 capturing
1790661377.001 [New Thread 0x7ff637ece0 (LWP 303152)]
1790661377.001 [Thread 0x7ff637ece0 (LWP 303152) exited]
1790661377.001 [New Thread 0x7ff637ece0 (LWP 303153)]
1790661377.002 [Thread 0x7ff637ece0 (LWP 303153) exited]
1790661377.002 [New Thread 0x7ff637ece0 (LWP 303154)]
1790661377.002 [Thread 0x7ff637ece0 (LWP 303154) exited]
1790661377.002 [New Thread 0x7ff637ece0 (LWP 303155)]
1790661377.002 [Thread 0x7ff637ece0 (LWP 303155) exited]
1790661377.901 [New Thread 0x7ff637ece0 (LWP 303156)]
1790661377.902 [Thread 0x7ff637ece0 (LWP 303156) exited]
1790661377.902 [New Thread 0x7ff637ece0 (LWP 303157)]
1790661377.902 [Thread 0x7ff637ece0 (LWP 303157) exited]
1790661377.902 [New Thread 0x7ff637ece0 (LWP 303158)]
1790661377.902 [Thread 0x7ff637ece0 (LWP 303158) exited]
1790661378.001 [New Thread 0x7ff637ece0 (LWP 303159)]
1790661378.001 [Thread 0x7ff637ece0 (LWP 303159) exited]
1790661378.001 [New Thread 0x7ff637ece0 (LWP 303160)]
1790661378.002 [Thread 0x7ff637ece0 (LWP 303160) exited]
1790661378.002 [New Thread 0x7ff637ece0 (LWP 303161)]
1790661378.002 [Thread 0x7ff637ece0 (LWP 303161) exited]
1790661378.002 [New Thread 0x7ff637ece0 (LWP 303162)]
1790661378.002 [Thread 0x7ff637ece0 (LWP 303162) exited]
1790661378.301 [New Thread 0x7ff637ece0 (LWP 303163)]
303027 bash -c cd ~/e2e/hw2; sed -i "s/^  sleep 5$/  sleep \${WAIT:-5}/" crash.sh; grep -n "WAIT" crash.sh; WAIT=40 ./crash.sh cr2 esp32c5btle-ttyACM2 py add py gdb 2>&1 | tee cr2.out
303030 /bin/bash ./crash.sh cr2 esp32c5btle-ttyACM2 py add py gdb
