1790661374.396 SIGINT is used by the debugger.
1790661374.397 Are you sure you want to change it? (y or n) [answered Y; input not from terminal]
1790661374.907 [Thread debugging using libthread_db enabled]
1790661374.907 Using host libthread_db library "/lib/aarch64-linux-gnu/libthread_db.so.1".
1790661374.937 [New Thread 0x7ff6b8ece0 (LWP 303107)]
1790661374.938 [New Thread 0x7ff637ece0 (LWP 303108)]
1790661374.939 [Thread 0x7ff637ece0 (LWP 303108) exited]
1790661374.939 [New Thread 0x7fedb6ece0 (LWP 303109)]
1790661374.939 [Thread 0x7fedb6ece0 (LWP 303109) exited]
1790661374.939 [New Thread 0x7ff5b6ece0 (LWP 303110)]
1790661374.939 [Thread 0x7ff5b6ece0 (LWP 303110) exited]
1790661374.939 [New Thread 0x7ff535ece0 (LWP 303111)]
1790661374.940 [Thread 0x7ff535ece0 (LWP 303111) exited]
1790661374.940 [New Thread 0x7ff4b4ece0 (LWP 303112)]
1790661374.940 INFO: Including sub-config file: /home/osh/kismet-install/etc/kismet_httpd.conf
1790661374.940 INFO: Including sub-config file: /home/osh/kismet-install/etc/kismet_memory.conf
1790661374.941 INFO: Including sub-config file: /home/osh/kismet-install/etc/kismet_alerts.conf
1790661374.941 INFO: Including sub-config file: /home/osh/kismet-install/etc/kismet_80211.conf
1790661374.941 INFO: Including sub-config file: /home/osh/kismet-install/etc/kismet_logging.conf
1790661374.941 INFO: Including sub-config file: /home/osh/kismet-install/etc/kismet_filter.conf
1790661374.941 INFO: Including sub-config file: /home/osh/kismet-install/etc/kismet_uav.conf
1790661374.941 INFO: Loading config override file '/home/osh/kismet-install/etc/kismet_package.conf'
1790661374.942 INFO: Optional sub-config file not present: /home/osh/kismet-install/etc/kismet_package.conf
1790661374.942 INFO: Loading config override file '/home/osh/kismet-install/etc/kismet_site.conf'
1790661374.942 INFO: Optional sub-config file not present: /home/osh/kismet-install/etc/kismet_site.conf
1790661374.942 INFO: Generated server UUID 7B2B40C2-BBCA-11F1-8793-4B49534D4554 and storing in /tmp/hw2/cr2/.kismet//kismet_server_id.conf
1790661374.942 INFO: Setting server UUID 7B2B40C2-BBCA-11F1-8793-4B49534D4554
1790661374.942 INFO: Starting Beast webserver on 0.0.0.0:2501
1790661374.942 INFO: Opened OUI file '/home/osh/kismet-install/share/kismet/kismet_manuf.txt.gz
1790661374.942 INFO: Indexing manufacturer db
1790661374.958 INFO: Completed indexing manufacturer db, 38959 lines and 780 indexes.
1790661374.965 INFO: Saving devices to the Kismet database log every 30 seconds
1790661374.970 INFO: Using default rates of 10/min, 1/sec for alert 'DEVICEFOUND'
1790661374.970 INFO: Using default rates of 10/min, 1/sec for alert 'DEVICELOST'
1790661374.970 INFO: Registering support for DLT_PPI packet header decoding
1790661374.970 INFO: Registering support for DLT_RADIOTAP packet header decoding
1790661374.970 INFO: Registering support for DLT_BTLE_RADIO packet header decoding
1790661374.973 INFO: Using default rates of 10/min, 1/sec for alert 'BADFIXLENIE'
1790661374.973 INFO: PHY80211 will only process AP signal levels from beacons
1790661374.973 INFO: Allowing Kismet clients to view WEP keys
1790661374.974 DEBUG: ssid canary FooCanary:ssid="FoobarCanary"
1790661374.974 DEBUG: ssid canary FooCanart2:ssid="(?i:foobarcanary)"
1790661374.974 INFO: Keeping EAPOL packets in memory for easy download and WIDS functionality; this can use more RAM.
1790661374.977 INFO: Registered PHY handler 'IEEE802.11' as ID 0
1790661374.978 INFO: Registered PHY handler 'RFSENSOR' as ID 1
1790661374.980 INFO: Registered PHY handler 'Z-Wave' as ID 2
1790661374.981 INFO: Registered PHY handler 'Bluetooth' as ID 3
1790661374.981 DEBUG: reserve_fields home id 538 app id 539
1790661374.983 INFO: Registered PHY handler 'UAV' as ID 4
1790661374.984 INFO: Registered PHY handler 'NrfMousejack' as ID 5
1790661374.984 ERROR: Tried to re-register duplicate alert FLIPPERZERO
1790661374.985 INFO: Registered PHY handler 'BTLE' as ID 6
1790661374.986 INFO: Registered PHY handler 'METER' as ID 7
1790661374.987 INFO: Indexing ADSB ICAO db
1790661375.246 INFO: Completed indexing ADSB ICAO db, 341068 lines 6822 indexes
1790661375.247 INFO: Registered PHY handler 'ADSB' as ID 8
1790661375.248 INFO: Registered PHY handler '802.15.4' as ID 9
1790661375.249 INFO: Registered PHY handler 'RADIATION' as ID 10
1790661375.254 INFO: (HTTPD) Could not read session data file, skipping loading saved sessions.
1790661375.255 INFO: Serving static file content from /home/osh/kismet-install/share/kismet/httpd/
1790661375.255 INFO: Enabling channel hopping by default on sources which support channel control.
1790661375.255 INFO: Setting default channel hop rate to 5/sec
1790661375.255 INFO: Enabling channel list splitting on sources which share the same list of channels
1790661375.256 INFO: Enabling channel list shuffling to optimize overlaps
1790661375.256 INFO: Sources will be re-opened if they encounter an error
1790661375.256 INFO: Saving datasources to the Kismet database log every 30 seconds
1790661375.256 INFO: Launching remote capture server on 127.0.0.1 3501
1790661375.258 INFO: No data sources defined; Kismet will not capture anything until a source is added.
1790661375.259 ALERT: LOGDISABLED Logging has been disabled via the Kismet config files or the command line.  Pcap, database, and related logs will not be saved.
1790661375.260 INFO: Logging disabled, not enabling any log drivers.
1790661375.260 INFO: GPS track will be logged to the Kismet logfile
1790661375.261 INFO: Starting Kismet web server...
1790661375.261 INFO: HTTP server listening on 0.0.0.0:2501
1790661375.262 [New Thread 0x7fefffece0 (LWP 303115)]
1790661375.262 [New Thread 0x7fef7eece0 (LWP 303116)]
1790661375.263 [New Thread 0x7feefdece0 (LWP 303117)]
1790661375.263 [New Thread 0x7fee7cece0 (LWP 303118)]
1790661375.263 [New Thread 0x7fed35ece0 (LWP 303119)]
1790661375.264 [New Thread 0x7fecb4ece0 (LWP 303120)]
1790661375.264 [New Thread 0x7fec33ece0 (LWP 303121)]
1790661375.265 [New Thread 0x7febb2ece0 (LWP 303122)]
1790661375.265 [New Thread 0x7feb31ece0 (LWP 303123)]
1790661375.265 [New Thread 0x7feab0ece0 (LWP 303124)]
1790661375.266 [New Thread 0x7fea2fece0 (LWP 303125)]
1790661375.266 [New Thread 0x7fe9aeece0 (LWP 303126)]
1790661375.266 [New Thread 0x7fe92dece0 (LWP 303127)]
1790661375.267 [New Thread 0x7fe8acece0 (LWP 303128)]
1790661375.267 [New Thread 0x7fe82bece0 (LWP 303129)]
1790661375.268 [New Thread 0x7fe7aaece0 (LWP 303130)]
1790661375.268 [New Thread 0x7fe729ece0 (LWP 303131)]
1790661375.268 [New Thread 0x7fe6a8ece0 (LWP 303132)]
1790661375.269 [New Thread 0x7fe627ece0 (LWP 303133)]
1790661375.269 [New Thread 0x7fe5a6ece0 (LWP 303134)]
1790661375.269 INFO: Could not open system plugin directory (/home/osh/kismet-install/lib/kismet/), skipping: No such file or directory
1790661375.269 INFO: Did not find a user plugin directory (/tmp/hw2/cr2/.kismet//plugins/), skipping: No such file or directory
1790661375.416 [New Thread 0x7fe525ece0 (LWP 303136)]
1790661375.421 [New Thread 0x7fe4a4ece0 (LWP 303137)]
1790661375.422 [Thread 0x7fe4a4ece0 (LWP 303137) exited]
1790661375.423 [Thread 0x7fe525ece0 (LWP 303136) exited]
1790661375.656 [New Thread 0x7fe525ece0 (LWP 303141)]
1790661375.668 INFO: New remote source esp32c5btle-ttyACM2 (E5C50003-0000-0000-0000-3844BEBFD80C) connected
1790661375.670 INFO: esp32c5btle-ttyACM2 - /dev/ttyACM2 opened
1790661376.001 [New Thread 0x7ff637ece0 (LWP 303145)]
1790661376.002 [Thread 0x7ff637ece0 (LWP 303145) exited]
1790661376.002 [New Thread 0x7ff637ece0 (LWP 303146)]
1790661376.002 [Thread 0x7ff637ece0 (LWP 303146) exited]
1790661376.002 [New Thread 0x7ff637ece0 (LWP 303147)]
1790661376.002 [Thread 0x7ff637ece0 (LWP 303147) exited]
1790661376.002 [New Thread 0x7ff637ece0 (LWP 303148)]
1790661376.003 [Thread 0x7ff637ece0 (LWP 303148) exited]
1790661376.801 [New Thread 0x7ff637ece0 (LWP 303149)]
1790661376.802 [Thread 0x7ff637ece0 (LWP 303149) exited]
1790661376.802 [New Thread 0x7ff637ece0 (LWP 303150)]
1790661376.802 [Thread 0x7ff637ece0 (LWP 303150) exited]
1790661376.802 [New Thread 0x7ff637ece0 (LWP 303151)]
1790661376.802 [Thread 0x7ff637ece0 (LWP 303151) exited]
1790661376.903 INFO: esp32c5btle-ttyACM2 - /dev/ttyACM2 capturing
1790661376.942 INFO: Detected new BTLE device 0E:0C:B1:C0:62:E5
1790661377.001 [New Thread 0x7ff637ece0 (LWP 303152)]
1790661377.001 [Thread 0x7ff637ece0 (LWP 303152) exited]
1790661377.001 [New Thread 0x7ff637ece0 (LWP 303153)]
1790661377.002 [Thread 0x7ff637ece0 (LWP 303153) exited]
1790661377.002 [New Thread 0x7ff637ece0 (LWP 303154)]
1790661377.002 [Thread 0x7ff637ece0 (LWP 303154) exited]
1790661377.002 [New Thread 0x7ff637ece0 (LWP 303155)]
1790661377.002 [Thread 0x7ff637ece0 (LWP 303155) exited]
1790661377.016 INFO: Detected new BTLE device 48:65:C4:62:20:A6
1790661377.689 INFO: Detected new BTLE device C9:DD:AA:AC:0F:01
1790661377.901 [New Thread 0x7ff637ece0 (LWP 303156)]
1790661377.902 [Thread 0x7ff637ece0 (LWP 303156) exited]
1790661377.902 [New Thread 0x7ff637ece0 (LWP 303157)]
1790661377.902 [Thread 0x7ff637ece0 (LWP 303157) exited]
1790661377.902 [New Thread 0x7ff637ece0 (LWP 303158)]
1790661377.902 [Thread 0x7ff637ece0 (LWP 303158) exited]
1790661378.001 [New Thread 0x7ff637ece0 (LWP 303159)]
1790661378.001 [Thread 0x7ff637ece0 (LWP 303159) exited]
1790661378.001 [New Thread 0x7ff637ece0 (LWP 303160)]
1790661378.002 [Thread 0x7ff637ece0 (LWP 303160) exited]
1790661378.002 [New Thread 0x7ff637ece0 (LWP 303161)]
1790661378.002 [Thread 0x7ff637ece0 (LWP 303161) exited]
1790661378.002 [New Thread 0x7ff637ece0 (LWP 303162)]
1790661378.002 [Thread 0x7ff637ece0 (LWP 303162) exited]
1790661378.301 [New Thread 0x7ff637ece0 (LWP 303163)]
1790661378.301 [Thread 0x7ff637ece0 (LWP 303163) exited]
1790661378.901 [New Thread 0x7ff637ece0 (LWP 303164)]
1790661378.902 [Thread 0x7ff637ece0 (LWP 303164) exited]
1790661378.902 [New Thread 0x7ff637ece0 (LWP 303165)]
1790661378.902 [Thread 0x7ff637ece0 (LWP 303165) exited]
1790661378.902 [New Thread 0x7ff637ece0 (LWP 303166)]
1790661378.902 [Thread 0x7ff637ece0 (LWP 303166) exited]
1790661379.001 [New Thread 0x7ff637ece0 (LWP 303167)]
1790661379.001 [Thread 0x7ff637ece0 (LWP 303167) exited]
1790661379.001 [New Thread 0x7ff637ece0 (LWP 303168)]
1790661379.001 [Thread 0x7ff637ece0 (LWP 303168) exited]
1790661379.002 [New Thread 0x7ff637ece0 (LWP 303169)]
1790661379.002 [Thread 0x7ff637ece0 (LWP 303169) exited]
1790661379.002 [New Thread 0x7ff637ece0 (LWP 303170)]
1790661379.003 [Thread 0x7ff637ece0 (LWP 303170) exited]
1790661379.003 [New Thread 0x7ff637ece0 (LWP 303171)]
1790661379.003 [Thread 0x7ff637ece0 (LWP 303171) exited]
1790661379.901 [New Thread 0x7ff637ece0 (LWP 303172)]
1790661379.902 [Thread 0x7ff637ece0 (LWP 303172) exited]
1790661379.902 [New Thread 0x7ff637ece0 (LWP 303173)]
1790661379.902 [Thread 0x7ff637ece0 (LWP 303173) exited]
1790661379.902 [New Thread 0x7ff637ece0 (LWP 303174)]
1790661379.902 [Thread 0x7ff637ece0 (LWP 303174) exited]
1790661380.001 [New Thread 0x7ff637ece0 (LWP 303175)]
1790661380.001 [Thread 0x7ff637ece0 (LWP 303175) exited]
1790661380.001 [New Thread 0x7ff637ece0 (LWP 303176)]
1790661380.001 [Thread 0x7ff637ece0 (LWP 303176) exited]
1790661380.002 [New Thread 0x7ff637ece0 (LWP 303177)]
1790661380.002 [Thread 0x7ff637ece0 (LWP 303177) exited]
1790661380.002 [New Thread 0x7ff637ece0 (LWP 303178)]
1790661380.003 [Thread 0x7ff637ece0 (LWP 303178) exited]
1790661380.003 [New Thread 0x7ff637ece0 (LWP 303179)]
1790661380.003 [Thread 0x7ff637ece0 (LWP 303179) exited]
1790661380.801 [New Thread 0x7ff637ece0 (LWP 303180)]
1790661380.801 [Thread 0x7ff637ece0 (LWP 303180) exited]
1790661380.901 [New Thread 0x7ff637ece0 (LWP 303181)]
1790661380.902 [Thread 0x7ff637ece0 (LWP 303181) exited]
1790661380.902 [New Thread 0x7ff637ece0 (LWP 303182)]
1790661380.902 [Thread 0x7ff637ece0 (LWP 303182) exited]
1790661380.902 [New Thread 0x7ff637ece0 (LWP 303183)]
1790661380.902 [Thread 0x7ff637ece0 (LWP 303183) exited]
1790661381.002 [New Thread 0x7ff637ece0 (LWP 303184)]
1790661381.003 [Thread 0x7ff637ece0 (LWP 303184) exited]
1790661381.003 [New Thread 0x7ff637ece0 (LWP 303185)]
1790661381.004 [Thread 0x7ff637ece0 (LWP 303185) exited]
1790661381.004 [New Thread 0x7ff637ece0 (LWP 303186)]
1790661381.005 [Thread 0x7ff637ece0 (LWP 303186) exited]
1790661381.005 [New Thread 0x7ff637ece0 (LWP 303187)]
1790661381.005 [Thread 0x7ff637ece0 (LWP 303187) exited]
1790661382.002 [New Thread 0x7ff637ece0 (LWP 303188)]
1790661382.003 [Thread 0x7ff637ece0 (LWP 303188) exited]
1790661382.003 [New Thread 0x7ff637ece0 (LWP 303189)]
1790661382.005 [Thread 0x7ff637ece0 (LWP 303189) exited]
1790661382.005 [New Thread 0x7ff637ece0 (LWP 303190)]
1790661382.006 [Thread 0x7ff637ece0 (LWP 303190) exited]
1790661382.006 [New Thread 0x7ff637ece0 (LWP 303191)]
1790661382.007 [Thread 0x7ff637ece0 (LWP 303191) exited]
1790661382.007 [New Thread 0x7ff637ece0 (LWP 303192)]
1790661382.008 [Thread 0x7ff637ece0 (LWP 303192) exited]
1790661382.008 [New Thread 0x7ff637ece0 (LWP 303193)]
1790661382.010 [Thread 0x7ff637ece0 (LWP 303193) exited]
1790661382.010 [New Thread 0x7ff637ece0 (LWP 303194)]
1790661382.010 [Thread 0x7ff637ece0 (LWP 303194) exited]
1790661382.010 [New Thread 0x7ff637ece0 (LWP 303195)]
1790661382.012 [Thread 0x7ff637ece0 (LWP 303195) exited]
1790661382.012 [New Thread 0x7ff637ece0 (LWP 303196)]
1790661382.012 [Thread 0x7ff637ece0 (LWP 303196) exited]
1790661383.002 [New Thread 0x7ff637ece0 (LWP 303197)]
1790661383.004 [Thread 0x7ff637ece0 (LWP 303197) exited]
1790661383.004 [New Thread 0x7ff637ece0 (LWP 303198)]
1790661383.005 [Thread 0x7ff637ece0 (LWP 303198) exited]
1790661383.005 [New Thread 0x7ff637ece0 (LWP 303199)]
1790661383.005 [Thread 0x7ff637ece0 (LWP 303199) exited]
1790661383.007 [New Thread 0x7ff637ece0 (LWP 303200)]
1790661383.008 [Thread 0x7ff637ece0 (LWP 303200) exited]
1790661383.008 [New Thread 0x7ff637ece0 (LWP 303201)]
1790661383.009 [Thread 0x7ff637ece0 (LWP 303201) exited]
1790661383.009 [New Thread 0x7ff637ece0 (LWP 303202)]
1790661383.010 [Thread 0x7ff637ece0 (LWP 303202) exited]
1790661383.010 [New Thread 0x7ff637ece0 (LWP 303203)]
1790661383.012 [Thread 0x7ff637ece0 (LWP 303203) exited]
1790661383.012 [New Thread 0x7ff637ece0 (LWP 303204)]
1790661383.012 [Thread 0x7ff637ece0 (LWP 303204) exited]
1790661384.002 [New Thread 0x7ff637ece0 (LWP 303205)]
1790661384.003 [Thread 0x7ff637ece0 (LWP 303205) exited]
1790661384.004 [New Thread 0x7ff637ece0 (LWP 303206)]
1790661384.005 [Thread 0x7ff637ece0 (LWP 303206) exited]
1790661384.005 [New Thread 0x7ff637ece0 (LWP 303207)]
1790661384.006 [Thread 0x7ff637ece0 (LWP 303207) exited]
1790661384.006 [New Thread 0x7ff637ece0 (LWP 303208)]
1790661384.007 [Thread 0x7ff637ece0 (LWP 303208) exited]
1790661384.008 [New Thread 0x7ff637ece0 (LWP 303209)]
1790661384.008 [Thread 0x7ff637ece0 (LWP 303209) exited]
1790661384.008 [New Thread 0x7ff637ece0 (LWP 303210)]
1790661384.009 [Thread 0x7ff637ece0 (LWP 303210) exited]
1790661384.009 [New Thread 0x7ff637ece0 (LWP 303211)]
1790661384.010 [Thread 0x7ff637ece0 (LWP 303211) exited]
1790661384.010 [New Thread 0x7ff637ece0 (LWP 303212)]
1790661384.011 [Thread 0x7ff637ece0 (LWP 303212) exited]
1790661384.011 [New Thread 0x7ff637ece0 (LWP 303213)]
1790661384.012 [Thread 0x7ff637ece0 (LWP 303213) exited]
1790661385.002 [New Thread 0x7ff637ece0 (LWP 303214)]
1790661385.003 [Thread 0x7ff637ece0 (LWP 303214) exited]
1790661385.003 [New Thread 0x7ff637ece0 (LWP 303215)]
1790661385.004 [Thread 0x7ff637ece0 (LWP 303215) exited]
1790661385.004 [New Thread 0x7ff637ece0 (LWP 303216)]
1790661385.006 [Thread 0x7ff637ece0 (LWP 303216) exited]
1790661385.006 [New Thread 0x7ff637ece0 (LWP 303217)]
1790661385.007 [Thread 0x7ff637ece0 (LWP 303217) exited]
1790661385.008 [New Thread 0x7ff637ece0 (LWP 303218)]
1790661385.009 [Thread 0x7ff637ece0 (LWP 303218) exited]
1790661385.009 [New Thread 0x7ff637ece0 (LWP 303219)]
1790661385.010 [Thread 0x7ff637ece0 (LWP 303219) exited]
1790661385.010 [New Thread 0x7ff637ece0 (LWP 303220)]
1790661385.011 [Thread 0x7ff637ece0 (LWP 303220) exited]
1790661385.011 [New Thread 0x7ff637ece0 (LWP 303221)]
1790661385.012 [Thread 0x7ff637ece0 (LWP 303221) exited]
1790661385.012 [New Thread 0x7ff637ece0 (LWP 303222)]
1790661385.013 [Thread 0x7ff637ece0 (LWP 303222) exited]
1790661385.013 [New Thread 0x7ff637ece0 (LWP 303223)]
1790661385.014 [Thread 0x7ff637ece0 (LWP 303223) exited]
1790661385.014 [New Thread 0x7ff637ece0 (LWP 303224)]
1790661385.014 [Thread 0x7ff637ece0 (LWP 303224) exited]
1790661385.702 [New Thread 0x7ff637ece0 (LWP 303225)]
1790661385.702 [Thread 0x7ff637ece0 (LWP 303225) exited]
1790661385.802 [New Thread 0x7ff637ece0 (LWP 303226)]
1790661385.802 [Thread 0x7ff637ece0 (LWP 303226) exited]
1790661386.006 [New Thread 0x7ff637ece0 (LWP 303227)]
1790661386.008 [Thread 0x7ff637ece0 (LWP 303227) exited]
1790661386.008 [New Thread 0x7ff637ece0 (LWP 303228)]
1790661386.009 [Thread 0x7ff637ece0 (LWP 303228) exited]
1790661386.009 [New Thread 0x7ff637ece0 (LWP 303229)]
1790661386.010 [Thread 0x7ff637ece0 (LWP 303229) exited]
1790661386.010 [New Thread 0x7ff637ece0 (LWP 303230)]
1790661386.011 [Thread 0x7ff637ece0 (LWP 303230) exited]
1790661386.012 [New Thread 0x7ff637ece0 (LWP 303231)]
1790661386.013 [Thread 0x7ff637ece0 (LWP 303231) exited]
1790661386.013 [New Thread 0x7ff637ece0 (LWP 303232)]
1790661386.013 [Thread 0x7ff637ece0 (LWP 303232) exited]
1790661386.013 [New Thread 0x7ff637ece0 (LWP 303233)]
1790661386.014 [Thread 0x7ff637ece0 (LWP 303233) exited]
1790661386.014 [New Thread 0x7ff637ece0 (LWP 303234)]
1790661386.015 [Thread 0x7ff637ece0 (LWP 303234) exited]
1790661387.007 [New Thread 0x7ff637ece0 (LWP 303235)]
1790661387.009 [Thread 0x7ff637ece0 (LWP 303235) exited]
1790661387.009 [New Thread 0x7ff637ece0 (LWP 303236)]
1790661387.010 [Thread 0x7ff637ece0 (LWP 303236) exited]
1790661387.802 [New Thread 0x7ff637ece0 (LWP 303237)]
1790661387.803 [Thread 0x7ff637ece0 (LWP 303237) exited]
1790661387.803 [New Thread 0x7ff637ece0 (LWP 303238)]
1790661387.805 [Thread 0x7ff637ece0 (LWP 303238) exited]
1790661387.805 [New Thread 0x7ff637ece0 (LWP 303239)]
1790661387.806 [Thread 0x7ff637ece0 (LWP 303239) exited]
1790661387.806 [New Thread 0x7ff637ece0 (LWP 303240)]
1790661387.807 [Thread 0x7ff637ece0 (LWP 303240) exited]
1790661387.807 [New Thread 0x7ff637ece0 (LWP 303241)]
1790661387.808 [Thread 0x7ff637ece0 (LWP 303241) exited]
1790661387.808 [New Thread 0x7ff637ece0 (LWP 303242)]
1790661387.808 [Thread 0x7ff637ece0 (LWP 303242) exited]
1790661388.003 [New Thread 0x7ff637ece0 (LWP 303243)]
1790661388.004 [Thread 0x7ff637ece0 (LWP 303243) exited]
1790661388.004 [New Thread 0x7ff637ece0 (LWP 303244)]
1790661388.005 [Thread 0x7ff637ece0 (LWP 303244) exited]
1790661388.602 [New Thread 0x7ff637ece0 (LWP 303245)]
1790661388.603 [Thread 0x7ff637ece0 (LWP 303245) exited]
1790661388.902 [New Thread 0x7ff637ece0 (LWP 303246)]
1790661388.903 [Thread 0x7ff637ece0 (LWP 303246) exited]
1790661388.903 [New Thread 0x7ff637ece0 (LWP 303247)]
1790661388.904 [Thread 0x7ff637ece0 (LWP 303247) exited]
1790661388.904 [New Thread 0x7ff637ece0 (LWP 303248)]
1790661388.905 [Thread 0x7ff637ece0 (LWP 303248) exited]
1790661388.905 [New Thread 0x7ff637ece0 (LWP 303249)]
1790661388.906 [Thread 0x7ff637ece0 (LWP 303249) exited]
1790661388.906 [New Thread 0x7ff637ece0 (LWP 303250)]
1790661388.907 [Thread 0x7ff637ece0 (LWP 303250) exited]
1790661388.907 [New Thread 0x7ff637ece0 (LWP 303251)]
1790661388.907 [Thread 0x7ff637ece0 (LWP 303251) exited]
1790661389.702 [New Thread 0x7ff637ece0 (LWP 303252)]
1790661389.703 [Thread 0x7ff637ece0 (LWP 303252) exited]
1790661389.902 [New Thread 0x7ff637ece0 (LWP 303253)]
1790661389.903 [Thread 0x7ff637ece0 (LWP 303253) exited]
1790661389.903 [New Thread 0x7ff637ece0 (LWP 303254)]
1790661389.904 [Thread 0x7ff637ece0 (LWP 303254) exited]
1790661389.904 [New Thread 0x7ff637ece0 (LWP 303255)]
1790661389.905 [Thread 0x7ff637ece0 (LWP 303255) exited]
1790661389.905 [New Thread 0x7ff637ece0 (LWP 303256)]
1790661389.906 [Thread 0x7ff637ece0 (LWP 303256) exited]
1790661389.906 [New Thread 0x7ff637ece0 (LWP 303257)]
1790661389.907 [Thread 0x7ff637ece0 (LWP 303257) exited]
1790661389.907 [New Thread 0x7ff637ece0 (LWP 303258)]
1790661389.907 [Thread 0x7ff637ece0 (LWP 303258) exited]
1790661390.668 [New Thread 0x7fe4a4ece0 (LWP 303261)]
1790661390.669 [New Thread 0x7f8fffece0 (LWP 303262)]
1790661390.670 [Thread 0x7f8fffece0 (LWP 303262) exited]
1790661390.670 [Thread 0x7fe4a4ece0 (LWP 303261) exited]
1790661390.702 [New Thread 0x7ff637ece0 (LWP 303263)]
1790661390.702 [Thread 0x7ff637ece0 (LWP 303263) exited]
1790661390.756 ERROR: Data source 'esp32c5btle-ttyACM2 / esp32c5btle-ttyACM2' ('esp32c5btle-ttyACM2') encountered an error: websocket connection closed
1790661390.757 [Thread 0x7fe525ece0 (LWP 303141) exited]
1790661391.001 [New Thread 0x7ff637ece0 (LWP 303265)]
1790661391.001 [Thread 0x7ff637ece0 (LWP 303265) exited]
1790661391.001 [New Thread 0x7ff637ece0 (LWP 303266)]
1790661391.002 [Thread 0x7ff637ece0 (LWP 303266) exited]
1790661391.002 [New Thread 0x7ff637ece0 (LWP 303267)]
1790661391.002 [Thread 0x7ff637ece0 (LWP 303267) exited]
1790661391.002 [New Thread 0x7ff637ece0 (LWP 303268)]
1790661391.003 [Thread 0x7ff637ece0 (LWP 303268) exited]
1790661391.003 [New Thread 0x7ff637ece0 (LWP 303269)]
1790661391.003 [Thread 0x7ff637ece0 (LWP 303269) exited]
1790661391.003 [New Thread 0x7ff637ece0 (LWP 303270)]
1790661391.004 [Thread 0x7ff637ece0 (LWP 303270) exited]
1790661391.004 [New Thread 0x7ff637ece0 (LWP 303271)]
1790661391.004 [Thread 0x7ff637ece0 (LWP 303271) exited]
1790661391.004 [New Thread 0x7ff637ece0 (LWP 303272)]
1790661391.004 [Thread 0x7ff637ece0 (LWP 303272) exited]
1790661391.004 [New Thread 0x7ff637ece0 (LWP 303273)]
1790661391.005 [Thread 0x7ff637ece0 (LWP 303273) exited]
1790661391.801 [New Thread 0x7ff637ece0 (LWP 303274)]
1790661391.801 [Thread 0x7ff637ece0 (LWP 303274) exited]
1790661392.001 [New Thread 0x7ff637ece0 (LWP 303275)]
1790661392.001 [Thread 0x7ff637ece0 (LWP 303275) exited]
1790661392.001 [New Thread 0x7ff637ece0 (LWP 303276)]
1790661392.002 [Thread 0x7ff637ece0 (LWP 303276) exited]
1790661392.002 [New Thread 0x7ff637ece0 (LWP 303277)]
1790661392.002 [Thread 0x7ff637ece0 (LWP 303277) exited]
1790661392.002 [New Thread 0x7ff637ece0 (LWP 303278)]
1790661392.002 [Thread 0x7ff637ece0 (LWP 303278) exited]
1790661392.002 [New Thread 0x7ff637ece0 (LWP 303279)]
1790661392.003 [Thread 0x7ff637ece0 (LWP 303279) exited]
1790661392.003 [New Thread 0x7ff637ece0 (LWP 303280)]
1790661392.004 [Thread 0x7ff637ece0 (LWP 303280) exited]
1790661392.004 [New Thread 0x7ff637ece0 (LWP 303281)]
1790661392.004 [Thread 0x7ff637ece0 (LWP 303281) exited]
1790661392.901 [New Thread 0x7ff637ece0 (LWP 303282)]
1790661392.901 [Thread 0x7ff637ece0 (LWP 303282) exited]
1790661393.001 [New Thread 0x7ff637ece0 (LWP 303283)]
1790661393.001 [Thread 0x7ff637ece0 (LWP 303283) exited]
1790661393.001 [New Thread 0x7ff637ece0 (LWP 303284)]
1790661393.002 [Thread 0x7ff637ece0 (LWP 303284) exited]
1790661393.002 [New Thread 0x7ff637ece0 (LWP 303285)]
1790661393.002 [Thread 0x7ff637ece0 (LWP 303285) exited]
1790661393.002 [New Thread 0x7ff637ece0 (LWP 303286)]
1790661393.002 [Thread 0x7ff637ece0 (LWP 303286) exited]
1790661393.002 [New Thread 0x7ff637ece0 (LWP 303287)]
1790661393.003 [Thread 0x7ff637ece0 (LWP 303287) exited]
1790661393.004 [New Thread 0x7ff637ece0 (LWP 303288)]
1790661393.004 [Thread 0x7ff637ece0 (LWP 303288) exited]
1790661393.004 [New Thread 0x7ff637ece0 (LWP 303289)]
1790661393.004 [Thread 0x7ff637ece0 (LWP 303289) exited]
1790661393.901 [New Thread 0x7ff637ece0 (LWP 303292)]
1790661393.902 [Thread 0x7ff637ece0 (LWP 303292) exited]
1790661394.000 [New Thread 0x7fe525ece0 (LWP 303293)]
1790661394.001 [New Thread 0x7ff637ece0 (LWP 303295)]
1790661394.001 [New Thread 0x7fe4a4ece0 (LWP 303294)]
1790661394.001 INFO: Probing interface 'esp32c5btle-ttyACM2' to find datasource type
1790661394.002 [Thread 0x7ff637ece0 (LWP 303295) exited]
1790661394.002 [New Thread 0x7ff637ece0 (LWP 303296)]
1790661394.002 [Thread 0x7ff637ece0 (LWP 303296) exited]
1790661394.003 [New Thread 0x7ff637ece0 (LWP 303297)]
1790661394.004 [Thread 0x7ff637ece0 (LWP 303297) exited]
1790661394.004 [New Thread 0x7ff637ece0 (LWP 303298)]
1790661394.004 [Thread 0x7ff637ece0 (LWP 303298) exited]
1790661394.004 [New Thread 0x7ff637ece0 (LWP 303299)]
1790661394.005 [Thread 0x7ff637ece0 (LWP 303299) exited]
1790661394.005 [New Thread 0x7ff637ece0 (LWP 303300)]
1790661394.005 [Thread 0x7ff637ece0 (LWP 303300) exited]
1790661394.005 [New Thread 0x7ff637ece0 (LWP 303301)]
1790661394.007 [Thread 0x7ff637ece0 (LWP 303301) exited]
1790661394.011 [Detaching after fork from child process 303302]
1790661394.015 [Detaching after fork from child process 303303]
1790661394.019 [Detaching after fork from child process 303304]
1790661394.023 [Detaching after fork from child process 303305]
1790661394.028 [Detaching after fork from child process 303306]
1790661394.032 [Detaching after fork from child process 303307]
1790661394.038 [Detaching after fork from child process 303308]
1790661394.044 [Detaching after fork from child process 303309]
1790661394.052 [Detaching after fork from child process 303310]
1790661394.058 [Detaching after fork from child process 303311]
1790661394.065 [Detaching after fork from child process 303312]
1790661394.070 [Detaching after fork from child process 303313]
1790661394.077 [Detaching after fork from child process 303314]
1790661394.082 [Detaching after fork from child process 303315]
1790661394.086 [Detaching after fork from child process 303316]
1790661394.091 [Detaching after fork from child process 303317]
1790661394.094 [Detaching after fork from child process 303318]
1790661394.103 [Detaching after fork from child process 303319]
1790661394.108 [Detaching after fork from child process 303320]
1790661394.116 [Detaching after fork from child process 303321]
1790661394.117 INFO: Found type 'esp32c5' for 'esp32c5btle-ttyACM2'
1790661394.120 interface: esp32c5btle-ttyACM2
1790661394.132 ERROR: Conflict of new datasource esp32c5btle-ttyACM2/E5C50003-0000-0000-0000-3844BEBFD80C and existing datasource esp32c5btle-ttyACM2 with the same UUID.  Datasource UUIDs must be unique, check the Kismet documentation for the datasources you are using, and ensure that any manually defined UUIDs are unique.
1790661394.133 [Thread 0x7fe4a4ece0 (LWP 303294) exited]
1790661394.134 [Thread 0x7fe525ece0 (LWP 303293) exited]
1790661394.701 [New Thread 0x7ff637ece0 (LWP 303325)]
1790661394.701 [Thread 0x7ff637ece0 (LWP 303325) exited]
1790661394.801 [New Thread 0x7ff637ece0 (LWP 303326)]
1790661394.801 [Thread 0x7ff637ece0 (LWP 303326) exited]
1790661395.001 [New Thread 0x7ff637ece0 (LWP 303327)]
1790661395.001 [Thread 0x7ff637ece0 (LWP 303327) exited]
1790661395.001 [New Thread 0x7ff637ece0 (LWP 303328)]
1790661395.002 [Thread 0x7ff637ece0 (LWP 303328) exited]
1790661395.002 [New Thread 0x7ff637ece0 (LWP 303329)]
1790661395.003 [Thread 0x7ff637ece0 (LWP 303329) exited]
1790661395.003 [New Thread 0x7ff637ece0 (LWP 303330)]
1790661395.003 [Thread 0x7ff637ece0 (LWP 303330) exited]
1790661395.003 [New Thread 0x7ff637ece0 (LWP 303331)]
1790661395.003 [Thread 0x7ff637ece0 (LWP 303331) exited]
1790661395.003 [New Thread 0x7ff637ece0 (LWP 303332)]
1790661395.004 [Thread 0x7ff637ece0 (LWP 303332) exited]
1790661395.004 [New Thread 0x7ff637ece0 (LWP 303333)]
1790661395.005 [Thread 0x7ff637ece0 (LWP 303333) exited]
1790661395.005 [New Thread 0x7ff637ece0 (LWP 303334)]
1790661395.005 [Thread 0x7ff637ece0 (LWP 303334) exited]
1790661395.005 [New Thread 0x7ff637ece0 (LWP 303335)]
1790661395.005 [Thread 0x7ff637ece0 (LWP 303335) exited]
1790661395.005 [New Thread 0x7ff637ece0 (LWP 303336)]
1790661395.006 [Thread 0x7ff637ece0 (LWP 303336) exited]
1790661395.802 [New Thread 0x7ff637ece0 (LWP 303337)]
1790661395.802 [Thread 0x7ff637ece0 (LWP 303337) exited]
1790661396.002 [New Thread 0x7ff637ece0 (LWP 303338)]
1790661396.004 [Thread 0x7ff637ece0 (LWP 303338) exited]
1790661396.004 [New Thread 0x7ff637ece0 (LWP 303339)]
1790661396.005 [Thread 0x7ff637ece0 (LWP 303339) exited]
1790661396.005 [New Thread 0x7ff637ece0 (LWP 303340)]
1790661396.006 [Thread 0x7ff637ece0 (LWP 303340) exited]
1790661396.006 [New Thread 0x7ff637ece0 (LWP 303341)]
1790661396.007 [Thread 0x7ff637ece0 (LWP 303341) exited]
1790661396.007 [New Thread 0x7ff637ece0 (LWP 303342)]
1790661396.008 [Thread 0x7ff637ece0 (LWP 303342) exited]
1790661396.008 [New Thread 0x7ff637ece0 (LWP 303343)]
1790661396.009 [Thread 0x7ff637ece0 (LWP 303343) exited]
1790661396.009 [New Thread 0x7ff637ece0 (LWP 303344)]
1790661396.010 [Thread 0x7ff637ece0 (LWP 303344) exited]
1790661397.002 [New Thread 0x7ff637ece0 (LWP 303345)]
1790661397.004 [Thread 0x7ff637ece0 (LWP 303345) exited]
1790661397.004 [New Thread 0x7ff637ece0 (LWP 303346)]
1790661397.005 [Thread 0x7ff637ece0 (LWP 303346) exited]
1790661397.005 [New Thread 0x7ff637ece0 (LWP 303347)]
1790661397.006 [Thread 0x7ff637ece0 (LWP 303347) exited]
1790661397.006 [New Thread 0x7ff637ece0 (LWP 303348)]
1790661397.007 [Thread 0x7ff637ece0 (LWP 303348) exited]
1790661397.007 [New Thread 0x7ff637ece0 (LWP 303349)]
1790661397.008 [Thread 0x7ff637ece0 (LWP 303349) exited]
1790661397.008 [New Thread 0x7ff637ece0 (LWP 303350)]
1790661397.009 [Thread 0x7ff637ece0 (LWP 303350) exited]
1790661397.009 [New Thread 0x7ff637ece0 (LWP 303351)]
1790661397.010 [Thread 0x7ff637ece0 (LWP 303351) exited]
1790661397.010 [New Thread 0x7ff637ece0 (LWP 303352)]
1790661397.011 [Thread 0x7ff637ece0 (LWP 303352) exited]
1790661398.002 [New Thread 0x7ff637ece0 (LWP 303353)]
1790661398.004 [Thread 0x7ff637ece0 (LWP 303353) exited]
1790661398.004 [New Thread 0x7ff637ece0 (LWP 303354)]
1790661398.006 [Thread 0x7ff637ece0 (LWP 303354) exited]
1790661398.006 [New Thread 0x7ff637ece0 (LWP 303355)]
1790661398.006 [Thread 0x7ff637ece0 (LWP 303355) exited]
1790661398.006 [New Thread 0x7ff637ece0 (LWP 303356)]
1790661398.007 [Thread 0x7ff637ece0 (LWP 303356) exited]
1790661398.007 [New Thread 0x7ff637ece0 (LWP 303357)]
1790661398.007 [Thread 0x7ff637ece0 (LWP 303357) exited]
1790661398.502 [New Thread 0x7ff637ece0 (LWP 303358)]
1790661398.503 [Thread 0x7ff637ece0 (LWP 303358) exited]
1790661398.503 [New Thread 0x7ff637ece0 (LWP 303359)]
1790661398.503 [Thread 0x7ff637ece0 (LWP 303359) exited]
1790661399.002 [New Thread 0x7ff637ece0 (LWP 303360)]
1790661399.004 [Thread 0x7ff637ece0 (LWP 303360) exited]
1790661399.004 [New Thread 0x7ff637ece0 (LWP 303361)]
1790661399.005 [Thread 0x7ff637ece0 (LWP 303361) exited]
1790661399.005 [New Thread 0x7ff637ece0 (LWP 303362)]
1790661399.006 [Thread 0x7ff637ece0 (LWP 303362) exited]
1790661399.006 [New Thread 0x7ff637ece0 (LWP 303363)]
1790661399.007 [Thread 0x7ff637ece0 (LWP 303363) exited]
1790661399.007 [New Thread 0x7ff637ece0 (LWP 303364)]
1790661399.008 [Thread 0x7ff637ece0 (LWP 303364) exited]
1790661399.602 [New Thread 0x7ff637ece0 (LWP 303365)]
1790661399.603 [Thread 0x7ff637ece0 (LWP 303365) exited]
1790661399.603 [New Thread 0x7ff637ece0 (LWP 303366)]
1790661399.603 [Thread 0x7ff637ece0 (LWP 303366) exited]
1790661400.002 [New Thread 0x7ff637ece0 (LWP 303367)]
1790661400.004 [Thread 0x7ff637ece0 (LWP 303367) exited]
1790661400.004 [New Thread 0x7ff637ece0 (LWP 303368)]
1790661400.005 [Thread 0x7ff637ece0 (LWP 303368) exited]
1790661400.005 [New Thread 0x7ff637ece0 (LWP 303369)]
1790661400.006 [Thread 0x7ff637ece0 (LWP 303369) exited]
1790661400.006 [New Thread 0x7ff637ece0 (LWP 303370)]
1790661400.007 [Thread 0x7ff637ece0 (LWP 303370) exited]
1790661400.007 [New Thread 0x7ff637ece0 (LWP 303371)]
1790661400.007 [Thread 0x7ff637ece0 (LWP 303371) exited]
1790661400.702 [New Thread 0x7ff637ece0 (LWP 303372)]
1790661400.703 [Thread 0x7ff637ece0 (LWP 303372) exited]
1790661400.703 [New Thread 0x7ff637ece0 (LWP 303373)]
1790661400.704 [Thread 0x7ff637ece0 (LWP 303373) exited]
1790661400.704 [New Thread 0x7ff637ece0 (LWP 303374)]
1790661400.704 [Thread 0x7ff637ece0 (LWP 303374) exited]
1790661401.002 [New Thread 0x7ff637ece0 (LWP 303375)]
1790661401.004 [Thread 0x7ff637ece0 (LWP 303375) exited]
1790661401.004 [New Thread 0x7ff637ece0 (LWP 303376)]
1790661401.006 [Thread 0x7ff637ece0 (LWP 303376) exited]
1790661401.006 [New Thread 0x7ff637ece0 (LWP 303377)]
1790661401.006 [Thread 0x7ff637ece0 (LWP 303377) exited]
1790661401.006 [New Thread 0x7ff637ece0 (LWP 303378)]
1790661401.007 [Thread 0x7ff637ece0 (LWP 303378) exited]
1790661401.007 [New Thread 0x7ff637ece0 (LWP 303379)]
1790661401.008 [Thread 0x7ff637ece0 (LWP 303379) exited]
1790661401.802 [New Thread 0x7ff637ece0 (LWP 303380)]
1790661401.803 [Thread 0x7ff637ece0 (LWP 303380) exited]
1790661401.803 [New Thread 0x7ff637ece0 (LWP 303381)]
1790661401.803 [Thread 0x7ff637ece0 (LWP 303381) exited]
1790661402.002 [New Thread 0x7ff637ece0 (LWP 303382)]
1790661402.004 [Thread 0x7ff637ece0 (LWP 303382) exited]
1790661402.004 [New Thread 0x7ff637ece0 (LWP 303383)]
1790661402.005 [Thread 0x7ff637ece0 (LWP 303383) exited]
1790661402.005 [New Thread 0x7ff637ece0 (LWP 303384)]
1790661402.006 [Thread 0x7ff637ece0 (LWP 303384) exited]
1790661402.006 [New Thread 0x7ff637ece0 (LWP 303385)]
1790661402.007 [Thread 0x7ff637ece0 (LWP 303385) exited]
1790661402.007 [New Thread 0x7ff637ece0 (LWP 303386)]
1790661402.007 [Thread 0x7ff637ece0 (LWP 303386) exited]
1790661402.902 [New Thread 0x7ff637ece0 (LWP 303387)]
1790661402.903 [Thread 0x7ff637ece0 (LWP 303387) exited]
1790661402.903 [New Thread 0x7ff637ece0 (LWP 303388)]
1790661402.903 [Thread 0x7ff637ece0 (LWP 303388) exited]
1790661403.002 [New Thread 0x7ff637ece0 (LWP 303389)]
1790661403.004 [Thread 0x7ff637ece0 (LWP 303389) exited]
1790661403.004 [New Thread 0x7ff637ece0 (LWP 303390)]
1790661403.005 [Thread 0x7ff637ece0 (LWP 303390) exited]
1790661403.005 [New Thread 0x7ff637ece0 (LWP 303391)]
1790661403.006 [Thread 0x7ff637ece0 (LWP 303391) exited]
1790661403.006 [New Thread 0x7ff637ece0 (LWP 303392)]
1790661403.007 [Thread 0x7ff637ece0 (LWP 303392) exited]
1790661403.007 [New Thread 0x7ff637ece0 (LWP 303393)]
1790661403.007 [Thread 0x7ff637ece0 (LWP 303393) exited]
1790661403.802 [New Thread 0x7ff637ece0 (LWP 303394)]
1790661403.802 [Thread 0x7ff637ece0 (LWP 303394) exited]
1790661403.901 [New Thread 0x7ff637ece0 (LWP 303395)]
1790661403.903 [Thread 0x7ff637ece0 (LWP 303395) exited]
1790661403.903 [New Thread 0x7ff637ece0 (LWP 303396)]
1790661403.903 [Thread 0x7ff637ece0 (LWP 303396) exited]
1790661404.002 [New Thread 0x7ff637ece0 (LWP 303397)]
1790661404.004 [Thread 0x7ff637ece0 (LWP 303397) exited]
1790661404.004 [New Thread 0x7ff637ece0 (LWP 303398)]
1790661404.005 [Thread 0x7ff637ece0 (LWP 303398) exited]
1790661404.005 [New Thread 0x7ff637ece0 (LWP 303399)]
1790661404.006 [Thread 0x7ff637ece0 (LWP 303399) exited]
1790661404.006 [New Thread 0x7ff637ece0 (LWP 303400)]
1790661404.007 [Thread 0x7ff637ece0 (LWP 303400) exited]
1790661404.007 [New Thread 0x7ff637ece0 (LWP 303401)]
1790661404.007 [Thread 0x7ff637ece0 (LWP 303401) exited]
1790661404.902 [New Thread 0x7ff637ece0 (LWP 303402)]
1790661404.903 [Thread 0x7ff637ece0 (LWP 303402) exited]
1790661404.903 [New Thread 0x7ff637ece0 (LWP 303403)]
1790661404.903 [Thread 0x7ff637ece0 (LWP 303403) exited]
1790661405.001 [New Thread 0x7ff637ece0 (LWP 303404)]
1790661405.002 [Thread 0x7ff637ece0 (LWP 303404) exited]
1790661405.003 [New Thread 0x7ff637ece0 (LWP 303405)]
1790661405.003 [Thread 0x7ff637ece0 (LWP 303405) exited]
1790661405.003 [New Thread 0x7ff637ece0 (LWP 303406)]
1790661405.005 [Thread 0x7ff637ece0 (LWP 303406) exited]
1790661405.005 [New Thread 0x7ff637ece0 (LWP 303407)]
1790661405.006 [Thread 0x7ff637ece0 (LWP 303407) exited]
1790661405.006 [New Thread 0x7ff637ece0 (LWP 303408)]
1790661405.007 [Thread 0x7ff637ece0 (LWP 303408) exited]
1790661405.007 [New Thread 0x7ff637ece0 (LWP 303409)]
1790661405.008 [Thread 0x7ff637ece0 (LWP 303409) exited]
1790661405.008 [New Thread 0x7ff637ece0 (LWP 303410)]
1790661405.009 [Thread 0x7ff637ece0 (LWP 303410) exited]
1790661405.302 [New Thread 0x7ff637ece0 (LWP 303411)]
1790661405.303 [Thread 0x7ff637ece0 (LWP 303411) exited]
1790661405.304 [New Thread 0x7ff637ece0 (LWP 303412)]
1790661405.304 [Thread 0x7ff637ece0 (LWP 303412) exited]
1790661405.902 [New Thread 0x7ff637ece0 (LWP 303413)]
1790661405.902 [Thread 0x7ff637ece0 (LWP 303413) exited]
1790661406.001 [New Thread 0x7ff637ece0 (LWP 303414)]
1790661406.003 [Thread 0x7ff637ece0 (LWP 303414) exited]
1790661406.003 [New Thread 0x7ff637ece0 (LWP 303415)]
1790661406.004 [Thread 0x7ff637ece0 (LWP 303415) exited]
1790661406.004 [New Thread 0x7ff637ece0 (LWP 303416)]
1790661406.005 [Thread 0x7ff637ece0 (LWP 303416) exited]
1790661406.006 [New Thread 0x7ff637ece0 (LWP 303417)]
1790661406.007 [Thread 0x7ff637ece0 (LWP 303417) exited]
1790661406.007 [New Thread 0x7ff637ece0 (LWP 303418)]
1790661406.011 [Thread 0x7ff637ece0 (LWP 303418) exited]
1790661406.011 [New Thread 0x7ff637ece0 (LWP 303419)]
1790661406.011 [Thread 0x7ff637ece0 (LWP 303419) exited]
1790661406.011 [New Thread 0x7ff637ece0 (LWP 303420)]
1790661406.011 [Thread 0x7ff637ece0 (LWP 303420) exited]
1790661406.902 [New Thread 0x7ff637ece0 (LWP 303421)]
1790661406.902 [Thread 0x7ff637ece0 (LWP 303421) exited]
1790661407.001 [New Thread 0x7ff637ece0 (LWP 303422)]
1790661407.003 [Thread 0x7ff637ece0 (LWP 303422) exited]
1790661407.003 [New Thread 0x7ff637ece0 (LWP 303423)]
1790661407.004 [Thread 0x7ff637ece0 (LWP 303423) exited]
1790661407.004 [New Thread 0x7ff637ece0 (LWP 303424)]
1790661407.005 [Thread 0x7ff637ece0 (LWP 303424) exited]
1790661407.006 [New Thread 0x7ff637ece0 (LWP 303425)]
1790661407.007 [Thread 0x7ff637ece0 (LWP 303425) exited]
1790661407.007 [New Thread 0x7ff637ece0 (LWP 303426)]
1790661407.008 [Thread 0x7ff637ece0 (LWP 303426) exited]
1790661407.008 [New Thread 0x7ff637ece0 (LWP 303427)]
1790661407.009 [Thread 0x7ff637ece0 (LWP 303427) exited]
1790661407.009 [New Thread 0x7ff637ece0 (LWP 303428)]
1790661407.009 [Thread 0x7ff637ece0 (LWP 303428) exited]
1790661408.002 [New Thread 0x7ff637ece0 (LWP 303429)]
1790661408.003 [Thread 0x7ff637ece0 (LWP 303429) exited]
1790661408.003 [New Thread 0x7ff637ece0 (LWP 303430)]
1790661408.004 [Thread 0x7ff637ece0 (LWP 303430) exited]
1790661408.004 [New Thread 0x7ff637ece0 (LWP 303431)]
1790661408.006 [Thread 0x7ff637ece0 (LWP 303431) exited]
1790661408.006 [New Thread 0x7ff637ece0 (LWP 303432)]
1790661408.007 [Thread 0x7ff637ece0 (LWP 303432) exited]
1790661408.007 [New Thread 0x7ff637ece0 (LWP 303433)]
1790661408.008 [Thread 0x7ff637ece0 (LWP 303433) exited]
1790661408.008 [New Thread 0x7ff637ece0 (LWP 303434)]
1790661408.009 [Thread 0x7ff637ece0 (LWP 303434) exited]
1790661408.009 [New Thread 0x7ff637ece0 (LWP 303435)]
1790661408.009 [Thread 0x7ff637ece0 (LWP 303435) exited]
1790661409.002 [New Thread 0x7ff637ece0 (LWP 303436)]
1790661409.003 [Thread 0x7ff637ece0 (LWP 303436) exited]
1790661409.003 [New Thread 0x7ff637ece0 (LWP 303437)]
1790661409.004 [Thread 0x7ff637ece0 (LWP 303437) exited]
1790661409.004 [New Thread 0x7ff637ece0 (LWP 303438)]
1790661409.006 [Thread 0x7ff637ece0 (LWP 303438) exited]
1790661409.006 [New Thread 0x7ff637ece0 (LWP 303439)]
1790661409.007 [Thread 0x7ff637ece0 (LWP 303439) exited]
1790661409.007 [New Thread 0x7ff637ece0 (LWP 303440)]
1790661409.008 [Thread 0x7ff637ece0 (LWP 303440) exited]
1790661409.008 [New Thread 0x7ff637ece0 (LWP 303441)]
1790661409.009 [Thread 0x7ff637ece0 (LWP 303441) exited]
1790661409.009 [New Thread 0x7ff637ece0 (LWP 303442)]
1790661409.009 [Thread 0x7ff637ece0 (LWP 303442) exited]
1790661409.902 [New Thread 0x7ff637ece0 (LWP 303443)]
1790661409.902 [Thread 0x7ff637ece0 (LWP 303443) exited]
1790661410.001 [New Thread 0x7ff637ece0 (LWP 303444)]
1790661410.003 [Thread 0x7ff637ece0 (LWP 303444) exited]
1790661410.003 [New Thread 0x7ff637ece0 (LWP 303445)]
1790661410.004 [Thread 0x7ff637ece0 (LWP 303445) exited]
1790661410.004 [New Thread 0x7ff637ece0 (LWP 303446)]
1790661410.005 [Thread 0x7ff637ece0 (LWP 303446) exited]
1790661410.006 [New Thread 0x7ff637ece0 (LWP 303447)]
1790661410.007 [Thread 0x7ff637ece0 (LWP 303447) exited]
1790661410.007 [New Thread 0x7ff637ece0 (LWP 303448)]
1790661410.008 [Thread 0x7ff637ece0 (LWP 303448) exited]
1790661410.008 [New Thread 0x7ff637ece0 (LWP 303449)]
1790661410.009 [Thread 0x7ff637ece0 (LWP 303449) exited]
1790661410.009 [New Thread 0x7ff637ece0 (LWP 303450)]
1790661410.009 [Thread 0x7ff637ece0 (LWP 303450) exited]
1790661411.002 [New Thread 0x7ff637ece0 (LWP 303451)]
1790661411.004 [Thread 0x7ff637ece0 (LWP 303451) exited]
1790661411.004 [New Thread 0x7ff637ece0 (LWP 303452)]
1790661411.004 [Thread 0x7ff637ece0 (LWP 303452) exited]
1790661411.004 [New Thread 0x7ff637ece0 (LWP 303453)]
1790661411.005 [Thread 0x7ff637ece0 (LWP 303453) exited]
1790661411.005 [New Thread 0x7ff637ece0 (LWP 303454)]
1790661411.007 [Thread 0x7ff637ece0 (LWP 303454) exited]
1790661411.007 [New Thread 0x7ff637ece0 (LWP 303455)]
1790661411.008 [Thread 0x7ff637ece0 (LWP 303455) exited]
1790661411.008 [New Thread 0x7ff637ece0 (LWP 303456)]
1790661411.009 [Thread 0x7ff637ece0 (LWP 303456) exited]
1790661411.009 [New Thread 0x7ff637ece0 (LWP 303457)]
1790661411.009 [Thread 0x7ff637ece0 (LWP 303457) exited]
1790661412.002 [New Thread 0x7ff637ece0 (LWP 303458)]
1790661412.004 [Thread 0x7ff637ece0 (LWP 303458) exited]
1790661412.004 [New Thread 0x7ff637ece0 (LWP 303459)]
1790661412.004 [Thread 0x7ff637ece0 (LWP 303459) exited]
1790661412.004 [New Thread 0x7ff637ece0 (LWP 303460)]
1790661412.006 [Thread 0x7ff637ece0 (LWP 303460) exited]
1790661412.006 [New Thread 0x7ff637ece0 (LWP 303461)]
1790661412.007 [Thread 0x7ff637ece0 (LWP 303461) exited]
1790661412.007 [New Thread 0x7ff637ece0 (LWP 303462)]
1790661412.008 [Thread 0x7ff637ece0 (LWP 303462) exited]
1790661412.008 [New Thread 0x7ff637ece0 (LWP 303463)]
1790661412.009 [Thread 0x7ff637ece0 (LWP 303463) exited]
1790661412.009 [New Thread 0x7ff637ece0 (LWP 303464)]
1790661412.009 [Thread 0x7ff637ece0 (LWP 303464) exited]
1790661413.002 [New Thread 0x7ff637ece0 (LWP 303465)]
1790661413.003 [Thread 0x7ff637ece0 (LWP 303465) exited]
1790661413.003 [New Thread 0x7ff637ece0 (LWP 303466)]
1790661413.004 [Thread 0x7ff637ece0 (LWP 303466) exited]
1790661413.004 [New Thread 0x7ff637ece0 (LWP 303467)]
1790661413.005 [Thread 0x7ff637ece0 (LWP 303467) exited]
1790661413.005 [New Thread 0x7ff637ece0 (LWP 303468)]
1790661413.006 [Thread 0x7ff637ece0 (LWP 303468) exited]
1790661413.006 [New Thread 0x7ff637ece0 (LWP 303469)]
1790661413.008 [Thread 0x7ff637ece0 (LWP 303469) exited]
1790661413.008 [New Thread 0x7ff637ece0 (LWP 303470)]
1790661413.009 [Thread 0x7ff637ece0 (LWP 303470) exited]
1790661413.009 [New Thread 0x7ff637ece0 (LWP 303471)]
1790661413.010 [Thread 0x7ff637ece0 (LWP 303471) exited]
1790661413.010 [New Thread 0x7ff637ece0 (LWP 303472)]
1790661413.011 [Thread 0x7ff637ece0 (LWP 303472) exited]
1790661413.011 [New Thread 0x7ff637ece0 (LWP 303473)]
1790661413.011 [Thread 0x7ff637ece0 (LWP 303473) exited]
1790661414.003 [New Thread 0x7ff637ece0 (LWP 303474)]
1790661414.004 [Thread 0x7ff637ece0 (LWP 303474) exited]
1790661414.004 [New Thread 0x7ff637ece0 (LWP 303475)]
1790661414.005 [Thread 0x7ff637ece0 (LWP 303475) exited]
1790661414.006 [New Thread 0x7ff637ece0 (LWP 303476)]
1790661414.008 [Thread 0x7ff637ece0 (LWP 303476) exited]
1790661414.008 [New Thread 0x7ff637ece0 (LWP 303477)]
1790661414.009 [Thread 0x7ff637ece0 (LWP 303477) exited]
1790661414.009 [New Thread 0x7ff637ece0 (LWP 303478)]
1790661414.010 [Thread 0x7ff637ece0 (LWP 303478) exited]
1790661414.010 [New Thread 0x7ff637ece0 (LWP 303479)]
1790661414.011 [Thread 0x7ff637ece0 (LWP 303479) exited]
1790661414.011 [New Thread 0x7ff637ece0 (LWP 303480)]
1790661414.011 [Thread 0x7ff637ece0 (LWP 303480) exited]
1790661415.003 [New Thread 0x7ff637ece0 (LWP 303481)]
1790661415.004 [Thread 0x7ff637ece0 (LWP 303481) exited]
1790661415.004 [New Thread 0x7ff637ece0 (LWP 303482)]
1790661415.005 [Thread 0x7ff637ece0 (LWP 303482) exited]
1790661415.006 [New Thread 0x7ff637ece0 (LWP 303483)]
1790661415.008 [Thread 0x7ff637ece0 (LWP 303483) exited]
1790661415.008 [New Thread 0x7ff637ece0 (LWP 303484)]
1790661415.009 [Thread 0x7ff637ece0 (LWP 303484) exited]
1790661415.009 [New Thread 0x7ff637ece0 (LWP 303485)]
1790661415.010 [Thread 0x7ff637ece0 (LWP 303485) exited]
1790661415.010 [New Thread 0x7ff637ece0 (LWP 303486)]
1790661415.011 [Thread 0x7ff637ece0 (LWP 303486) exited]
1790661415.011 [New Thread 0x7ff637ece0 (LWP 303487)]
1790661415.011 [Thread 0x7ff637ece0 (LWP 303487) exited]
1790661416.002 [New Thread 0x7ff637ece0 (LWP 303488)]
1790661416.003 [Thread 0x7ff637ece0 (LWP 303488) exited]
1790661416.003 [New Thread 0x7ff637ece0 (LWP 303489)]
1790661416.004 [Thread 0x7ff637ece0 (LWP 303489) exited]
1790661416.004 [New Thread 0x7ff637ece0 (LWP 303490)]
1790661416.005 [Thread 0x7ff637ece0 (LWP 303490) exited]
1790661416.005 [New Thread 0x7ff637ece0 (LWP 303491)]
1790661416.006 [Thread 0x7ff637ece0 (LWP 303491) exited]
1790661416.006 [New Thread 0x7ff637ece0 (LWP 303492)]
1790661416.008 [Thread 0x7ff637ece0 (LWP 303492) exited]
1790661416.008 [New Thread 0x7ff637ece0 (LWP 303493)]
1790661416.009 [Thread 0x7ff637ece0 (LWP 303493) exited]
1790661416.009 [New Thread 0x7ff637ece0 (LWP 303494)]
1790661416.010 [Thread 0x7ff637ece0 (LWP 303494) exited]
1790661416.010 [New Thread 0x7ff637ece0 (LWP 303495)]
1790661416.011 [Thread 0x7ff637ece0 (LWP 303495) exited]
1790661416.011 [New Thread 0x7ff637ece0 (LWP 303496)]
1790661416.011 [Thread 0x7ff637ece0 (LWP 303496) exited]
1790661417.003 [New Thread 0x7ff637ece0 (LWP 303497)]
1790661417.004 [Thread 0x7ff637ece0 (LWP 303497) exited]
1790661417.004 [New Thread 0x7ff637ece0 (LWP 303498)]
1790661417.005 [Thread 0x7ff637ece0 (LWP 303498) exited]
1790661417.006 [New Thread 0x7ff637ece0 (LWP 303499)]
1790661417.008 [Thread 0x7ff637ece0 (LWP 303499) exited]
1790661417.008 [New Thread 0x7ff637ece0 (LWP 303500)]
1790661417.009 [Thread 0x7ff637ece0 (LWP 303500) exited]
1790661417.009 [New Thread 0x7ff637ece0 (LWP 303501)]
1790661417.010 [Thread 0x7ff637ece0 (LWP 303501) exited]
1790661417.010 [New Thread 0x7ff637ece0 (LWP 303502)]
1790661417.011 [Thread 0x7ff637ece0 (LWP 303502) exited]
1790661417.011 [New Thread 0x7ff637ece0 (LWP 303503)]
1790661417.012 [Thread 0x7ff637ece0 (LWP 303503) exited]
1790661418.003 [New Thread 0x7ff637ece0 (LWP 303504)]
1790661418.004 [Thread 0x7ff637ece0 (LWP 303504) exited]
1790661418.004 [New Thread 0x7ff637ece0 (LWP 303505)]
1790661418.005 [Thread 0x7ff637ece0 (LWP 303505) exited]
1790661418.006 [New Thread 0x7ff637ece0 (LWP 303506)]
1790661418.008 [Thread 0x7ff637ece0 (LWP 303506) exited]
1790661418.008 [New Thread 0x7ff637ece0 (LWP 303507)]
1790661418.009 [Thread 0x7ff637ece0 (LWP 303507) exited]
1790661418.009 [New Thread 0x7ff637ece0 (LWP 303508)]
1790661418.010 [Thread 0x7ff637ece0 (LWP 303508) exited]
1790661418.010 [New Thread 0x7ff637ece0 (LWP 303509)]
1790661418.011 [Thread 0x7ff637ece0 (LWP 303509) exited]
1790661418.011 [New Thread 0x7ff637ece0 (LWP 303510)]
1790661418.011 [Thread 0x7ff637ece0 (LWP 303510) exited]
1790661419.003 [New Thread 0x7ff637ece0 (LWP 303511)]
1790661419.004 [Thread 0x7ff637ece0 (LWP 303511) exited]
1790661419.004 [New Thread 0x7ff637ece0 (LWP 303512)]
1790661419.005 [Thread 0x7ff637ece0 (LWP 303512) exited]
1790661419.005 [New Thread 0x7ff637ece0 (LWP 303513)]
1790661419.006 [Thread 0x7ff637ece0 (LWP 303513) exited]
1790661419.006 [New Thread 0x7ff637ece0 (LWP 303514)]
1790661419.008 [Thread 0x7ff637ece0 (LWP 303514) exited]
1790661419.008 [New Thread 0x7ff637ece0 (LWP 303515)]
1790661419.009 [Thread 0x7ff637ece0 (LWP 303515) exited]
1790661419.009 [New Thread 0x7ff637ece0 (LWP 303516)]
1790661419.010 [Thread 0x7ff637ece0 (LWP 303516) exited]
1790661419.010 [New Thread 0x7ff637ece0 (LWP 303517)]
1790661419.011 [Thread 0x7ff637ece0 (LWP 303517) exited]
1790661419.011 [New Thread 0x7ff637ece0 (LWP 303518)]
1790661419.012 [Thread 0x7ff637ece0 (LWP 303518) exited]
1790661420.003 [New Thread 0x7ff637ece0 (LWP 303519)]
1790661420.004 [Thread 0x7ff637ece0 (LWP 303519) exited]
1790661420.004 [New Thread 0x7ff637ece0 (LWP 303520)]
1790661420.005 [Thread 0x7ff637ece0 (LWP 303520) exited]
1790661420.006 [New Thread 0x7ff637ece0 (LWP 303521)]
1790661420.008 [Thread 0x7ff637ece0 (LWP 303521) exited]
1790661420.008 [New Thread 0x7ff637ece0 (LWP 303522)]
1790661420.009 [Thread 0x7ff637ece0 (LWP 303522) exited]
1790661420.009 [New Thread 0x7ff637ece0 (LWP 303523)]
1790661420.010 [Thread 0x7ff637ece0 (LWP 303523) exited]
1790661420.010 [New Thread 0x7ff637ece0 (LWP 303524)]
1790661420.011 [Thread 0x7ff637ece0 (LWP 303524) exited]
1790661420.011 [New Thread 0x7ff637ece0 (LWP 303525)]
1790661420.011 [Thread 0x7ff637ece0 (LWP 303525) exited]
1790661421.003 [New Thread 0x7ff637ece0 (LWP 303526)]
1790661421.004 [Thread 0x7ff637ece0 (LWP 303526) exited]
1790661421.004 [New Thread 0x7ff637ece0 (LWP 303527)]
1790661421.005 [Thread 0x7ff637ece0 (LWP 303527) exited]
1790661421.006 [New Thread 0x7ff637ece0 (LWP 303528)]
1790661421.008 [Thread 0x7ff637ece0 (LWP 303528) exited]
1790661421.008 [New Thread 0x7ff637ece0 (LWP 303529)]
1790661421.011 [Thread 0x7ff637ece0 (LWP 303529) exited]
1790661421.011 [New Thread 0x7ff637ece0 (LWP 303530)]
1790661421.011 [Thread 0x7ff637ece0 (LWP 303530) exited]
1790661421.011 [New Thread 0x7ff637ece0 (LWP 303531)]
1790661421.011 [Thread 0x7ff637ece0 (LWP 303531) exited]
1790661421.011 [New Thread 0x7ff637ece0 (LWP 303532)]
1790661421.011 [Thread 0x7ff637ece0 (LWP 303532) exited]
1790661422.003 [New Thread 0x7ff637ece0 (LWP 303533)]
1790661422.004 [Thread 0x7ff637ece0 (LWP 303533) exited]
1790661422.004 [New Thread 0x7ff637ece0 (LWP 303534)]
1790661422.005 [Thread 0x7ff637ece0 (LWP 303534) exited]
1790661422.005 [New Thread 0x7ff637ece0 (LWP 303535)]
1790661422.007 [Thread 0x7ff637ece0 (LWP 303535) exited]
1790661422.007 [New Thread 0x7ff637ece0 (LWP 303536)]
1790661422.008 [Thread 0x7ff637ece0 (LWP 303536) exited]
1790661422.008 [New Thread 0x7ff637ece0 (LWP 303537)]
1790661422.010 [Thread 0x7ff637ece0 (LWP 303537) exited]
1790661422.010 [New Thread 0x7ff637ece0 (LWP 303538)]
1790661422.011 [Thread 0x7ff637ece0 (LWP 303538) exited]
1790661422.011 [New Thread 0x7ff637ece0 (LWP 303539)]
1790661422.012 [Thread 0x7ff637ece0 (LWP 303539) exited]
1790661422.012 [New Thread 0x7ff637ece0 (LWP 303540)]
1790661422.013 [Thread 0x7ff637ece0 (LWP 303540) exited]
1790661422.013 [New Thread 0x7ff637ece0 (LWP 303541)]
1790661422.013 [Thread 0x7ff637ece0 (LWP 303541) exited]
1790661423.004 [New Thread 0x7ff637ece0 (LWP 303542)]
1790661423.006 [Thread 0x7ff637ece0 (LWP 303542) exited]
1790661423.006 [New Thread 0x7ff637ece0 (LWP 303543)]
1790661423.006 [Thread 0x7ff637ece0 (LWP 303543) exited]
1790661423.008 [New Thread 0x7ff637ece0 (LWP 303544)]
1790661423.009 [Thread 0x7ff637ece0 (LWP 303544) exited]
1790661423.009 [New Thread 0x7ff637ece0 (LWP 303545)]
1790661423.011 [Thread 0x7ff637ece0 (LWP 303545) exited]
1790661423.011 [New Thread 0x7ff637ece0 (LWP 303546)]
1790661423.012 [Thread 0x7ff637ece0 (LWP 303546) exited]
1790661423.012 [New Thread 0x7ff637ece0 (LWP 303547)]
1790661423.013 [Thread 0x7ff637ece0 (LWP 303547) exited]
1790661423.013 [New Thread 0x7ff637ece0 (LWP 303548)]
1790661423.013 [Thread 0x7ff637ece0 (LWP 303548) exited]
1790661424.004 [New Thread 0x7ff637ece0 (LWP 303549)]
1790661424.005 [Thread 0x7ff637ece0 (LWP 303549) exited]
1790661424.005 [New Thread 0x7ff637ece0 (LWP 303550)]
1790661424.006 [Thread 0x7ff637ece0 (LWP 303550) exited]
1790661424.008 [New Thread 0x7ff637ece0 (LWP 303551)]
1790661424.009 [Thread 0x7ff637ece0 (LWP 303551) exited]
1790661424.009 [New Thread 0x7ff637ece0 (LWP 303552)]
1790661424.010 [Thread 0x7ff637ece0 (LWP 303552) exited]
1790661424.010 [New Thread 0x7ff637ece0 (LWP 303553)]
1790661424.012 [Thread 0x7ff637ece0 (LWP 303553) exited]
1790661424.012 [New Thread 0x7ff637ece0 (LWP 303554)]
1790661424.013 [Thread 0x7ff637ece0 (LWP 303554) exited]
1790661424.013 [New Thread 0x7ff637ece0 (LWP 303555)]
1790661424.013 [Thread 0x7ff637ece0 (LWP 303555) exited]
1790661425.004 [New Thread 0x7ff637ece0 (LWP 303556)]
1790661425.006 [Thread 0x7ff637ece0 (LWP 303556) exited]
1790661425.006 [New Thread 0x7ff637ece0 (LWP 303557)]
1790661425.007 [Thread 0x7ff637ece0 (LWP 303557) exited]
1790661425.007 [New Thread 0x7ff637ece0 (LWP 303558)]
1790661425.008 [Thread 0x7ff637ece0 (LWP 303558) exited]
1790661425.008 [New Thread 0x7ff637ece0 (LWP 303559)]
1790661425.009 [Thread 0x7ff637ece0 (LWP 303559) exited]
1790661425.009 [New Thread 0x7ff637ece0 (LWP 303560)]
1790661425.011 [Thread 0x7ff637ece0 (LWP 303560) exited]
1790661425.011 [New Thread 0x7ff637ece0 (LWP 303561)]
1790661425.012 [Thread 0x7ff637ece0 (LWP 303561) exited]
1790661425.012 [New Thread 0x7ff637ece0 (LWP 303562)]
1790661425.013 [Thread 0x7ff637ece0 (LWP 303562) exited]
1790661425.013 [New Thread 0x7ff637ece0 (LWP 303563)]
1790661425.014 [Thread 0x7ff637ece0 (LWP 303563) exited]
1790661425.014 [New Thread 0x7ff637ece0 (LWP 303564)]
1790661425.014 [Thread 0x7ff637ece0 (LWP 303564) exited]
1790661426.002 [New Thread 0x7ff637ece0 (LWP 303565)]
1790661426.002 [Thread 0x7ff637ece0 (LWP 303565) exited]
1790661426.005 [New Thread 0x7ff637ece0 (LWP 303566)]
1790661426.006 [Thread 0x7ff637ece0 (LWP 303566) exited]
1790661426.006 [New Thread 0x7ff637ece0 (LWP 303567)]
1790661426.007 [Thread 0x7ff637ece0 (LWP 303567) exited]
1790661426.101 [New Thread 0x7ff637ece0 (LWP 303568)]
1790661426.103 [Thread 0x7ff637ece0 (LWP 303568) exited]
1790661426.103 [New Thread 0x7ff637ece0 (LWP 303569)]
1790661426.104 [Thread 0x7ff637ece0 (LWP 303569) exited]
1790661426.104 [New Thread 0x7ff637ece0 (LWP 303570)]
1790661426.105 [Thread 0x7ff637ece0 (LWP 303570) exited]
1790661426.105 [New Thread 0x7ff637ece0 (LWP 303571)]
1790661426.106 [Thread 0x7ff637ece0 (LWP 303571) exited]
1790661426.106 [New Thread 0x7ff637ece0 (LWP 303572)]
1790661426.106 [Thread 0x7ff637ece0 (LWP 303572) exited]
1790661427.006 [New Thread 0x7ff637ece0 (LWP 303573)]
1790661427.007 [Thread 0x7ff637ece0 (LWP 303573) exited]
1790661427.007 [New Thread 0x7ff637ece0 (LWP 303574)]
1790661427.007 [Thread 0x7ff637ece0 (LWP 303574) exited]
1790661427.702 [New Thread 0x7ff637ece0 (LWP 303575)]
1790661427.703 [Thread 0x7ff637ece0 (LWP 303575) exited]
1790661427.704 [New Thread 0x7ff637ece0 (LWP 303576)]
1790661427.705 [Thread 0x7ff637ece0 (LWP 303576) exited]
1790661427.705 [New Thread 0x7ff637ece0 (LWP 303577)]
1790661427.705 [Thread 0x7ff637ece0 (LWP 303577) exited]
1790661427.706 [New Thread 0x7ff637ece0 (LWP 303578)]
1790661427.707 [Thread 0x7ff637ece0 (LWP 303578) exited]
1790661427.707 [New Thread 0x7ff637ece0 (LWP 303579)]
1790661427.708 [Thread 0x7ff637ece0 (LWP 303579) exited]
1790661428.006 [New Thread 0x7ff637ece0 (LWP 303580)]
1790661428.007 [Thread 0x7ff637ece0 (LWP 303580) exited]
1790661428.007 [New Thread 0x7ff637ece0 (LWP 303581)]
1790661428.008 [Thread 0x7ff637ece0 (LWP 303581) exited]
1790661428.008 [New Thread 0x7ff637ece0 (LWP 303582)]
1790661428.008 [Thread 0x7ff637ece0 (LWP 303582) exited]
1790661428.009 [New Thread 0x7ff637ece0 (LWP 303583)]
1790661428.010 [Thread 0x7ff637ece0 (LWP 303583) exited]
1790661428.802 [New Thread 0x7ff637ece0 (LWP 303584)]
1790661428.803 [Thread 0x7ff637ece0 (LWP 303584) exited]
1790661428.803 [New Thread 0x7ff637ece0 (LWP 303585)]
1790661428.807 [Thread 0x7ff637ece0 (LWP 303585) exited]
1790661428.807 [New Thread 0x7ff637ece0 (LWP 303586)]
1790661428.807 [Thread 0x7ff637ece0 (LWP 303586) exited]
1790661428.807 [New Thread 0x7ff637ece0 (LWP 303587)]
1790661428.807 [Thread 0x7ff637ece0 (LWP 303587) exited]
1790661428.807 [New Thread 0x7ff637ece0 (LWP 303588)]
1790661428.807 [Thread 0x7ff637ece0 (LWP 303588) exited]
1790661429.007 [New Thread 0x7ff637ece0 (LWP 303589)]
1790661429.008 [Thread 0x7ff637ece0 (LWP 303589) exited]
1790661429.008 [New Thread 0x7ff637ece0 (LWP 303590)]
1790661429.009 [Thread 0x7ff637ece0 (LWP 303590) exited]
1790661429.802 [New Thread 0x7ff637ece0 (LWP 303591)]
1790661429.803 [Thread 0x7ff637ece0 (LWP 303591) exited]
1790661429.803 [New Thread 0x7ff637ece0 (LWP 303592)]
1790661429.806 [Thread 0x7ff637ece0 (LWP 303592) exited]
1790661429.806 [New Thread 0x7ff637ece0 (LWP 303593)]
1790661429.806 [Thread 0x7ff637ece0 (LWP 303593) exited]
1790661429.806 [New Thread 0x7ff637ece0 (LWP 303594)]
1790661429.807 [Thread 0x7ff637ece0 (LWP 303594) exited]
1790661429.807 [New Thread 0x7ff637ece0 (LWP 303595)]
1790661429.807 [Thread 0x7ff637ece0 (LWP 303595) exited]
1790661430.007 [New Thread 0x7ff637ece0 (LWP 303596)]
1790661430.008 [Thread 0x7ff637ece0 (LWP 303596) exited]
1790661430.008 [New Thread 0x7ff637ece0 (LWP 303597)]
1790661430.008 [Thread 0x7ff637ece0 (LWP 303597) exited]
1790661431.002 [New Thread 0x7ff637ece0 (LWP 303598)]
1790661431.003 [Thread 0x7ff637ece0 (LWP 303598) exited]
1790661431.004 [New Thread 0x7ff637ece0 (LWP 303599)]
1790661431.005 [Thread 0x7ff637ece0 (LWP 303599) exited]
1790661431.005 [New Thread 0x7ff637ece0 (LWP 303600)]
1790661431.006 [Thread 0x7ff637ece0 (LWP 303600) exited]
1790661431.006 [New Thread 0x7ff637ece0 (LWP 303601)]
1790661431.007 [Thread 0x7ff637ece0 (LWP 303601) exited]
1790661431.007 [New Thread 0x7ff637ece0 (LWP 303602)]
1790661431.008 [Thread 0x7ff637ece0 (LWP 303602) exited]
1790661431.008 [New Thread 0x7ff637ece0 (LWP 303603)]
1790661431.009 [Thread 0x7ff637ece0 (LWP 303603) exited]
1790661431.009 [New Thread 0x7ff637ece0 (LWP 303604)]
1790661431.010 [Thread 0x7ff637ece0 (LWP 303604) exited]
1790661431.010 [New Thread 0x7ff637ece0 (LWP 303605)]
1790661431.010 [Thread 0x7ff637ece0 (LWP 303605) exited]
1790661432.002 [New Thread 0x7ff637ece0 (LWP 303606)]
1790661432.003 [Thread 0x7ff637ece0 (LWP 303606) exited]
1790661432.003 [New Thread 0x7ff637ece0 (LWP 303607)]
1790661432.007 [Thread 0x7ff637ece0 (LWP 303607) exited]
1790661432.007 [New Thread 0x7ff637ece0 (LWP 303608)]
1790661432.007 [Thread 0x7ff637ece0 (LWP 303608) exited]
1790661432.007 [New Thread 0x7ff637ece0 (LWP 303609)]
1790661432.007 [Thread 0x7ff637ece0 (LWP 303609) exited]
1790661432.007 [New Thread 0x7ff637ece0 (LWP 303610)]
1790661432.007 [Thread 0x7ff637ece0 (LWP 303610) exited]
1790661432.101 [New Thread 0x7ff637ece0 (LWP 303611)]
1790661432.103 [Thread 0x7ff637ece0 (LWP 303611) exited]
1790661432.103 [New Thread 0x7ff637ece0 (LWP 303612)]
1790661432.103 [Thread 0x7ff637ece0 (LWP 303612) exited]
1790661433.102 [New Thread 0x7ff637ece0 (LWP 303613)]
1790661433.103 [Thread 0x7ff637ece0 (LWP 303613) exited]
1790661433.103 [New Thread 0x7ff637ece0 (LWP 303614)]
1790661433.104 [Thread 0x7ff637ece0 (LWP 303614) exited]
1790661433.105 [New Thread 0x7ff637ece0 (LWP 303615)]
1790661433.106 [Thread 0x7ff637ece0 (LWP 303615) exited]
1790661433.106 [New Thread 0x7ff637ece0 (LWP 303616)]
1790661433.107 [Thread 0x7ff637ece0 (LWP 303616) exited]
1790661433.107 [New Thread 0x7ff637ece0 (LWP 303617)]
1790661433.107 [Thread 0x7ff637ece0 (LWP 303617) exited]
1790661433.201 [New Thread 0x7ff637ece0 (LWP 303618)]
1790661433.202 [Thread 0x7ff637ece0 (LWP 303618) exited]
1790661433.202 [New Thread 0x7ff637ece0 (LWP 303619)]
1790661433.203 [Thread 0x7ff637ece0 (LWP 303619) exited]
1790661434.302 [New Thread 0x7ff637ece0 (LWP 303622)]
1790661434.302 [Thread 0x7ff637ece0 (LWP 303622) exited]
1790661434.302 [New Thread 0x7ff637ece0 (LWP 303623)]
1790661434.303 [Thread 0x7ff637ece0 (LWP 303623) exited]
1790661434.303 [New Thread 0x7ff637ece0 (LWP 303624)]
1790661434.303 [Thread 0x7ff637ece0 (LWP 303624) exited]
1790661434.303 [New Thread 0x7ff637ece0 (LWP 303625)]
1790661434.304 [Thread 0x7ff637ece0 (LWP 303625) exited]
1790661434.304 [New Thread 0x7ff637ece0 (LWP 303626)]
1790661434.305 [Thread 0x7ff637ece0 (LWP 303626) exited]
1790661434.305 [New Thread 0x7ff637ece0 (LWP 303627)]
1790661434.306 [Thread 0x7ff637ece0 (LWP 303627) exited]
1790661434.307 [New Thread 0x7ff637ece0 (LWP 303628)]
1790661434.307 [Thread 0x7ff637ece0 (LWP 303628) exited]
1790661434.307 [New Thread 0x7ff637ece0 (LWP 303629)]
1790661434.308 [Thread 0x7ff637ece0 (LWP 303629) exited]
1790661434.421 [New Thread 0x7fe525ece0 (LWP 303630)]
1790661434.422 [New Thread 0x7fe4a4ece0 (LWP 303631)]
1790661434.439 [Thread 0x7fe4a4ece0 (LWP 303631) exited]
1790661434.440 [Thread 0x7fe525ece0 (LWP 303630) exited]
1790661434.739 [New Thread 0x7fe525ece0 (LWP 303636)]
1790661434.742 INFO: Matching new remote source 'esp32c5btle-ttyACM2' with known source with UUID 'E5C50003-0000-0000-0000-3844BEBFD80C'
1790661434.748 INFO: Remote source esp32c5btle-ttyACM2 (E5C50003-0000-0000-0000-3844BEBFD80C) reconnected
1790661434.748 INFO: esp32c5btle-ttyACM2 - /dev/ttyACM2 opened
1790661435.001 [New Thread 0x7ff637ece0 (LWP 303640)]
1790661435.001 [Thread 0x7ff637ece0 (LWP 303640) exited]
1790661435.001 [New Thread 0x7ff637ece0 (LWP 303641)]
1790661435.001 [Thread 0x7ff637ece0 (LWP 303641) exited]
1790661435.620 INFO: esp32c5btle-ttyACM2 - /dev/ttyACM2 capturing
1790661435.701 [New Thread 0x7ff637ece0 (LWP 303642)]
1790661435.702 [Thread 0x7ff637ece0 (LWP 303642) exited]
1790661435.702 [New Thread 0x7ff637ece0 (LWP 303643)]
1790661435.702 [Thread 0x7ff637ece0 (LWP 303643) exited]
1790661435.702 [New Thread 0x7ff637ece0 (LWP 303644)]
1790661435.703 [Thread 0x7ff637ece0 (LWP 303644) exited]
1790661435.703 [New Thread 0x7ff637ece0 (LWP 303645)]
1790661435.703 [Thread 0x7ff637ece0 (LWP 303645) exited]
1790661435.703 [New Thread 0x7ff637ece0 (LWP 303646)]
1790661435.704 [Thread 0x7ff637ece0 (LWP 303646) exited]
1790661435.704 [New Thread 0x7ff637ece0 (LWP 303647)]
1790661435.704 [Thread 0x7ff637ece0 (LWP 303647) exited]
1790661435.704 [New Thread 0x7ff637ece0 (LWP 303648)]
1790661435.704 [Thread 0x7ff637ece0 (LWP 303648) exited]
1790661435.704 [New Thread 0x7ff637ece0 (LWP 303649)]
1790661435.705 [Thread 0x7ff637ece0 (LWP 303649) exited]
1790661435.705 [New Thread 0x7ff637ece0 (LWP 303650)]
1790661435.705 [Thread 0x7ff637ece0 (LWP 303650) exited]
1790661435.859 INFO: Detected new BTLE device 55:0E:C7:04:B3:D7
1790661436.001 [New Thread 0x7ff637ece0 (LWP 303651)]
1790661436.001 [Thread 0x7ff637ece0 (LWP 303651) exited]
1790661437.001 [New Thread 0x7ff637ece0 (LWP 303652)]
1790661437.002 [Thread 0x7ff637ece0 (LWP 303652) exited]
1790661437.002 [New Thread 0x7ff637ece0 (LWP 303653)]
1790661437.002 [Thread 0x7ff637ece0 (LWP 303653) exited]
1790661437.002 [New Thread 0x7ff637ece0 (LWP 303654)]
1790661437.003 [Thread 0x7ff637ece0 (LWP 303654) exited]
1790661437.003 [New Thread 0x7ff637ece0 (LWP 303655)]
1790661437.003 [Thread 0x7ff637ece0 (LWP 303655) exited]
1790661437.003 [New Thread 0x7ff637ece0 (LWP 303656)]
1790661437.003 [Thread 0x7ff637ece0 (LWP 303656) exited]
1790661437.003 [New Thread 0x7ff637ece0 (LWP 303657)]
1790661437.004 [Thread 0x7ff637ece0 (LWP 303657) exited]
1790661437.004 [New Thread 0x7ff637ece0 (LWP 303658)]
1790661437.004 [Thread 0x7ff637ece0 (LWP 303658) exited]
1790661437.004 [New Thread 0x7ff637ece0 (LWP 303659)]
1790661437.005 [Thread 0x7ff637ece0 (LWP 303659) exited]
1790661437.401 [New Thread 0x7ff637ece0 (LWP 303660)]
1790661437.401 [Thread 0x7ff637ece0 (LWP 303660) exited]
1790661438.001 [New Thread 0x7ff637ece0 (LWP 303661)]
1790661438.002 [Thread 0x7ff637ece0 (LWP 303661) exited]
1790661438.002 [New Thread 0x7ff637ece0 (LWP 303662)]
1790661438.002 [Thread 0x7ff637ece0 (LWP 303662) exited]
1790661438.002 [New Thread 0x7ff637ece0 (LWP 303663)]
1790661438.003 [Thread 0x7ff637ece0 (LWP 303663) exited]
1790661438.003 [New Thread 0x7ff637ece0 (LWP 303664)]
1790661438.003 [Thread 0x7ff637ece0 (LWP 303664) exited]
1790661438.003 [New Thread 0x7ff637ece0 (LWP 303665)]
1790661438.003 [Thread 0x7ff637ece0 (LWP 303665) exited]
1790661438.003 [New Thread 0x7ff637ece0 (LWP 303666)]
1790661438.004 [Thread 0x7ff637ece0 (LWP 303666) exited]
1790661438.301 [New Thread 0x7ff637ece0 (LWP 303667)]
1790661438.301 [Thread 0x7ff637ece0 (LWP 303667) exited]
1790661439.001 [New Thread 0x7ff637ece0 (LWP 303668)]
1790661439.002 [Thread 0x7ff637ece0 (LWP 303668) exited]
1790661439.002 [New Thread 0x7ff637ece0 (LWP 303669)]
1790661439.002 [Thread 0x7ff637ece0 (LWP 303669) exited]
1790661439.002 [New Thread 0x7ff637ece0 (LWP 303670)]
1790661439.003 [Thread 0x7ff637ece0 (LWP 303670) exited]
1790661439.003 [New Thread 0x7ff637ece0 (LWP 303671)]
1790661439.003 [Thread 0x7ff637ece0 (LWP 303671) exited]
1790661439.003 [New Thread 0x7ff637ece0 (LWP 303672)]
1790661439.003 [Thread 0x7ff637ece0 (LWP 303672) exited]
1790661439.003 [New Thread 0x7ff637ece0 (LWP 303673)]
1790661439.004 [Thread 0x7ff637ece0 (LWP 303673) exited]
1790661439.302 [New Thread 0x7ff637ece0 (LWP 303674)]
1790661439.302 [Thread 0x7ff637ece0 (LWP 303674) exited]
1790661439.802 [New Thread 0x7ff637ece0 (LWP 303675)]
1790661439.802 [Thread 0x7ff637ece0 (LWP 303675) exited]
1790661440.002 [New Thread 0x7ff637ece0 (LWP 303676)]
1790661440.003 [Thread 0x7ff637ece0 (LWP 303676) exited]
1790661440.004 [New Thread 0x7ff637ece0 (LWP 303677)]
1790661440.005 [Thread 0x7ff637ece0 (LWP 303677) exited]
1790661440.005 [New Thread 0x7ff637ece0 (LWP 303678)]
1790661440.006 [Thread 0x7ff637ece0 (LWP 303678) exited]
1790661440.006 [New Thread 0x7ff637ece0 (LWP 303679)]
1790661440.007 [Thread 0x7ff637ece0 (LWP 303679) exited]
1790661440.007 [New Thread 0x7ff637ece0 (LWP 303680)]
1790661440.008 [Thread 0x7ff637ece0 (LWP 303680) exited]
1790661440.008 [New Thread 0x7ff637ece0 (LWP 303681)]
1790661440.008 [Thread 0x7ff637ece0 (LWP 303681) exited]
1790661440.402 [New Thread 0x7ff637ece0 (LWP 303682)]
1790661440.403 [Thread 0x7ff637ece0 (LWP 303682) exited]
1790661440.403 [New Thread 0x7ff637ece0 (LWP 303683)]
1790661440.403 [Thread 0x7ff637ece0 (LWP 303683) exited]
1790661441.002 [New Thread 0x7ff637ece0 (LWP 303684)]
1790661441.003 [Thread 0x7ff637ece0 (LWP 303684) exited]
1790661441.004 [New Thread 0x7ff637ece0 (LWP 303685)]
1790661441.005 [Thread 0x7ff637ece0 (LWP 303685) exited]
1790661441.005 [New Thread 0x7ff637ece0 (LWP 303686)]
1790661441.006 [Thread 0x7ff637ece0 (LWP 303686) exited]
1790661441.006 [New Thread 0x7ff637ece0 (LWP 303687)]
1790661441.007 [Thread 0x7ff637ece0 (LWP 303687) exited]
1790661441.007 [New Thread 0x7ff637ece0 (LWP 303688)]
1790661441.008 [Thread 0x7ff637ece0 (LWP 303688) exited]
1790661441.008 [New Thread 0x7ff637ece0 (LWP 303689)]
1790661441.008 [Thread 0x7ff637ece0 (LWP 303689) exited]
1790661441.502 [New Thread 0x7ff637ece0 (LWP 303690)]
1790661441.502 [Thread 0x7ff637ece0 (LWP 303690) exited]
1790661442.002 [New Thread 0x7ff637ece0 (LWP 303691)]
1790661442.003 [Thread 0x7ff637ece0 (LWP 303691) exited]
1790661442.003 [New Thread 0x7ff637ece0 (LWP 303692)]
1790661442.005 [Thread 0x7ff637ece0 (LWP 303692) exited]
1790661442.005 [New Thread 0x7ff637ece0 (LWP 303693)]
1790661442.006 [Thread 0x7ff637ece0 (LWP 303693) exited]
1790661442.006 [New Thread 0x7ff637ece0 (LWP 303694)]
1790661442.007 [Thread 0x7ff637ece0 (LWP 303694) exited]
1790661442.007 [New Thread 0x7ff637ece0 (LWP 303695)]
1790661442.008 [Thread 0x7ff637ece0 (LWP 303695) exited]
1790661442.008 [New Thread 0x7ff637ece0 (LWP 303696)]
1790661442.008 [Thread 0x7ff637ece0 (LWP 303696) exited]
1790661442.502 [New Thread 0x7ff637ece0 (LWP 303697)]
1790661442.502 [Thread 0x7ff637ece0 (LWP 303697) exited]
1790661443.002 [New Thread 0x7ff637ece0 (LWP 303698)]
1790661443.003 [Thread 0x7ff637ece0 (LWP 303698) exited]
1790661443.003 [New Thread 0x7ff637ece0 (LWP 303699)]
1790661443.005 [Thread 0x7ff637ece0 (LWP 303699) exited]
1790661443.005 [New Thread 0x7ff637ece0 (LWP 303700)]
1790661443.006 [Thread 0x7ff637ece0 (LWP 303700) exited]
1790661443.006 [New Thread 0x7ff637ece0 (LWP 303701)]
1790661443.007 [Thread 0x7ff637ece0 (LWP 303701) exited]
1790661443.007 [New Thread 0x7ff637ece0 (LWP 303702)]
1790661443.008 [Thread 0x7ff637ece0 (LWP 303702) exited]
1790661443.008 [New Thread 0x7ff637ece0 (LWP 303703)]
1790661443.008 [Thread 0x7ff637ece0 (LWP 303703) exited]
1790661443.502 [New Thread 0x7ff637ece0 (LWP 303704)]
1790661443.502 [Thread 0x7ff637ece0 (LWP 303704) exited]
1790661443.602 [New Thread 0x7ff637ece0 (LWP 303705)]
1790661443.602 [Thread 0x7ff637ece0 (LWP 303705) exited]
1790661444.002 [New Thread 0x7ff637ece0 (LWP 303706)]
1790661444.004 [Thread 0x7ff637ece0 (LWP 303706) exited]
1790661444.004 [New Thread 0x7ff637ece0 (LWP 303707)]
1790661444.005 [Thread 0x7ff637ece0 (LWP 303707) exited]
1790661444.005 [New Thread 0x7ff637ece0 (LWP 303708)]
1790661444.006 [Thread 0x7ff637ece0 (LWP 303708) exited]
1790661444.006 [New Thread 0x7ff637ece0 (LWP 303709)]
1790661444.007 [Thread 0x7ff637ece0 (LWP 303709) exited]
1790661444.007 [New Thread 0x7ff637ece0 (LWP 303710)]
1790661444.008 [Thread 0x7ff637ece0 (LWP 303710) exited]
1790661444.008 [New Thread 0x7ff637ece0 (LWP 303711)]
1790661444.008 [Thread 0x7ff637ece0 (LWP 303711) exited]
1790661444.702 [New Thread 0x7ff637ece0 (LWP 303712)]
1790661444.702 [Thread 0x7ff637ece0 (LWP 303712) exited]
1790661444.902 [New Thread 0x7ff637ece0 (LWP 303713)]
1790661444.902 [Thread 0x7ff637ece0 (LWP 303713) exited]
1790661445.002 [New Thread 0x7ff637ece0 (LWP 303714)]
1790661445.003 [Thread 0x7ff637ece0 (LWP 303714) exited]
1790661445.003 [New Thread 0x7ff637ece0 (LWP 303715)]
1790661445.005 [Thread 0x7ff637ece0 (LWP 303715) exited]
1790661445.005 [New Thread 0x7ff637ece0 (LWP 303716)]
1790661445.006 [Thread 0x7ff637ece0 (LWP 303716) exited]
1790661445.006 [New Thread 0x7ff637ece0 (LWP 303717)]
1790661445.007 [Thread 0x7ff637ece0 (LWP 303717) exited]
1790661445.007 [New Thread 0x7ff637ece0 (LWP 303718)]
1790661445.008 [Thread 0x7ff637ece0 (LWP 303718) exited]
1790661445.008 [New Thread 0x7ff637ece0 (LWP 303719)]
1790661445.008 [Thread 0x7ff637ece0 (LWP 303719) exited]
1790661445.802 [New Thread 0x7ff637ece0 (LWP 303720)]
1790661445.802 [Thread 0x7ff637ece0 (LWP 303720) exited]
1790661446.002 [New Thread 0x7ff637ece0 (LWP 303721)]
1790661446.003 [Thread 0x7ff637ece0 (LWP 303721) exited]
1790661446.003 [New Thread 0x7ff637ece0 (LWP 303722)]
1790661446.004 [Thread 0x7ff637ece0 (LWP 303722) exited]
1790661446.005 [New Thread 0x7ff637ece0 (LWP 303723)]
1790661446.007 [Thread 0x7ff637ece0 (LWP 303723) exited]
1790661446.007 [New Thread 0x7ff637ece0 (LWP 303724)]
1790661446.007 [Thread 0x7ff637ece0 (LWP 303724) exited]
1790661446.007 [New Thread 0x7ff637ece0 (LWP 303725)]
1790661446.008 [Thread 0x7ff637ece0 (LWP 303725) exited]
1790661446.008 [New Thread 0x7ff637ece0 (LWP 303726)]
1790661446.009 [Thread 0x7ff637ece0 (LWP 303726) exited]
1790661446.009 [New Thread 0x7ff637ece0 (LWP 303727)]
1790661446.009 [Thread 0x7ff637ece0 (LWP 303727) exited]
1790661446.502 [New Thread 0x7ff637ece0 (LWP 303728)]
1790661446.502 [Thread 0x7ff637ece0 (LWP 303728) exited]
1790661446.902 [New Thread 0x7ff637ece0 (LWP 303729)]
1790661446.902 [Thread 0x7ff637ece0 (LWP 303729) exited]
1790661447.003 [New Thread 0x7ff637ece0 (LWP 303730)]
1790661447.005 [Thread 0x7ff637ece0 (LWP 303730) exited]
1790661447.005 [New Thread 0x7ff637ece0 (LWP 303731)]
1790661447.006 [Thread 0x7ff637ece0 (LWP 303731) exited]
1790661447.006 [New Thread 0x7ff637ece0 (LWP 303732)]
1790661447.007 [Thread 0x7ff637ece0 (LWP 303732) exited]
1790661447.007 [New Thread 0x7ff637ece0 (LWP 303733)]
1790661447.008 [Thread 0x7ff637ece0 (LWP 303733) exited]
1790661447.008 [New Thread 0x7ff637ece0 (LWP 303734)]
1790661447.009 [Thread 0x7ff637ece0 (LWP 303734) exited]
1790661447.009 [New Thread 0x7ff637ece0 (LWP 303735)]
1790661447.009 [Thread 0x7ff637ece0 (LWP 303735) exited]
1790661447.902 [New Thread 0x7ff637ece0 (LWP 303736)]
1790661447.902 [Thread 0x7ff637ece0 (LWP 303736) exited]
1790661448.003 [New Thread 0x7ff637ece0 (LWP 303737)]
1790661448.005 [Thread 0x7ff637ece0 (LWP 303737) exited]
1790661448.005 [New Thread 0x7ff637ece0 (LWP 303738)]
1790661448.007 [Thread 0x7ff637ece0 (LWP 303738) exited]
1790661448.007 [New Thread 0x7ff637ece0 (LWP 303739)]
1790661448.007 [Thread 0x7ff637ece0 (LWP 303739) exited]
1790661448.007 [New Thread 0x7ff637ece0 (LWP 303740)]
1790661448.008 [Thread 0x7ff637ece0 (LWP 303740) exited]
1790661448.008 [New Thread 0x7ff637ece0 (LWP 303741)]
1790661448.009 [Thread 0x7ff637ece0 (LWP 303741) exited]
1790661448.009 [New Thread 0x7ff637ece0 (LWP 303742)]
1790661448.009 [Thread 0x7ff637ece0 (LWP 303742) exited]
1790661449.002 [New Thread 0x7ff637ece0 (LWP 303743)]
1790661449.003 [Thread 0x7ff637ece0 (LWP 303743) exited]
1790661449.003 [New Thread 0x7ff637ece0 (LWP 303744)]
1790661449.005 [Thread 0x7ff637ece0 (LWP 303744) exited]
1790661449.005 [New Thread 0x7ff637ece0 (LWP 303745)]
1790661449.006 [Thread 0x7ff637ece0 (LWP 303745) exited]
1790661449.006 [New Thread 0x7ff637ece0 (LWP 303746)]
1790661449.007 [Thread 0x7ff637ece0 (LWP 303746) exited]
1790661449.007 [New Thread 0x7ff637ece0 (LWP 303747)]
1790661449.008 [Thread 0x7ff637ece0 (LWP 303747) exited]
1790661449.008 [New Thread 0x7ff637ece0 (LWP 303748)]
1790661449.009 [Thread 0x7ff637ece0 (LWP 303748) exited]
1790661449.009 [New Thread 0x7ff637ece0 (LWP 303749)]
1790661449.009 [Thread 0x7ff637ece0 (LWP 303749) exited]
1790661449.601 [New Thread 0x7ff637ece0 (LWP 303752)]
1790661449.601 [Thread 0x7ff637ece0 (LWP 303752) exited]
1790661449.727 [New Thread 0x7fe4a4ece0 (LWP 303753)]
1790661449.728 [New Thread 0x7f8fffece0 (LWP 303754)]
1790661449.761 [Thread 0x7f8fffece0 (LWP 303754) exited]
1790661449.761 [Thread 0x7fe4a4ece0 (LWP 303753) exited]
1790661449.887 ERROR: Data source 'esp32c5btle-ttyACM2 / esp32c5btle-ttyACM2' ('esp32c5btle-ttyACM2') encountered an error: websocket connection closed
1790661449.888 [Thread 0x7fe525ece0 (LWP 303636) exited]
1790661450.001 [New Thread 0x7ff637ece0 (LWP 303756)]
1790661450.002 [Thread 0x7ff637ece0 (LWP 303756) exited]
1790661450.002 [New Thread 0x7ff637ece0 (LWP 303757)]
1790661450.002 [Thread 0x7ff637ece0 (LWP 303757) exited]
1790661450.002 [New Thread 0x7ff637ece0 (LWP 303758)]
1790661450.003 [Thread 0x7ff637ece0 (LWP 303758) exited]
1790661450.003 [New Thread 0x7ff637ece0 (LWP 303759)]
1790661450.003 [Thread 0x7ff637ece0 (LWP 303759) exited]
1790661450.003 [New Thread 0x7ff637ece0 (LWP 303760)]
1790661450.004 [Thread 0x7ff637ece0 (LWP 303760) exited]
1790661450.004 [New Thread 0x7ff637ece0 (LWP 303761)]
1790661450.004 [Thread 0x7ff637ece0 (LWP 303761) exited]
1790661450.004 [New Thread 0x7ff637ece0 (LWP 303762)]
1790661450.004 [Thread 0x7ff637ece0 (LWP 303762) exited]
1790661450.005 [New Thread 0x7ff637ece0 (LWP 303763)]
1790661450.005 [Thread 0x7ff637ece0 (LWP 303763) exited]
1790661451.001 [Thread 0x7fefffece0 (LWP 303115) exited]
1790661451.284 
1790661451.284 *** KISMET IS SHUTTING DOWN ***
1790661451.284 Shutting down plugins...
1790661451.284 WARNING: Kismet changes the configuration of network devices.
1790661451.284          In most cases you will need to restart networking for
1790661451.284          your interface (varies per distribution and OS), but 
1790661451.284          typically one of:
1790661451.284          sudo service networking restart
1790661451.284          sudo /etc/init.d/networking restart
1790661451.284          or
1790661451.284          nmcli device set [device] managed true
1790661451.284 
1790661451.284 Kismet exiting.
1790661451.284 EXITING: Signal service thread complete.
1790661451.285 [Thread 0x7fe5a6ece0 (LWP 303134) exited]
1790661451.285 [Thread 0x7fe6a8ece0 (LWP 303132) exited]
1790661451.285 [Thread 0x7fe729ece0 (LWP 303131) exited]
1790661451.285 [Thread 0x7fe7aaece0 (LWP 303130) exited]
1790661451.285 [Thread 0x7fe8acece0 (LWP 303128) exited]
1790661451.285 [Thread 0x7fe92dece0 (LWP 303127) exited]
1790661451.285 [Thread 0x7fe9aeece0 (LWP 303126) exited]
1790661451.285 [Thread 0x7fea2fece0 (LWP 303125) exited]
1790661451.285 [Thread 0x7feb31ece0 (LWP 303123) exited]
1790661451.285 [Thread 0x7febb2ece0 (LWP 303122) exited]
1790661451.285 [Thread 0x7fec33ece0 (LWP 303121) exited]
1790661451.285 [Thread 0x7ff4b4ece0 (LWP 303112) exited]
1790661451.285 [Thread 0x7ff6b8ece0 (LWP 303107) exited]
1790661451.285 [Thread 0x7fe627ece0 (LWP 303133) exited]
1790661451.286 [Thread 0x7fe82bece0 (LWP 303129) exited]
1790661451.286 [Thread 0x7feab0ece0 (LWP 303124) exited]
1790661451.286 [Thread 0x7fecb4ece0 (LWP 303120) exited]
1790661451.286 [Thread 0x7feefdece0 (LWP 303117) exited]
1790661451.286 [Thread 0x7fee7cece0 (LWP 303118) exited]
1790661451.286 [Thread 0x7fef7eece0 (LWP 303116) exited]
1790661451.286 [Thread 0x7ff7fb7020 (LWP 303101) exited]
1790661451.289 [Thread 0x7fed35ece0 (LWP 303119) exited]
1790661451.289 [New process 303101]
1790661451.289 [Inferior 1 (process 303101) exited normally]
1790661451.316 No stack.
1790661451.316 No threads.
1790661451.451 GDB_EXIT=0
