1790661485.525 INFO: Including sub-config file: /home/osh/kismet-install/etc/kismet_httpd.conf
1790661485.525 INFO: Including sub-config file: /home/osh/kismet-install/etc/kismet_memory.conf
1790661485.525 INFO: Including sub-config file: /home/osh/kismet-install/etc/kismet_alerts.conf
1790661485.525 INFO: Including sub-config file: /home/osh/kismet-install/etc/kismet_80211.conf
1790661485.525 INFO: Including sub-config file: /home/osh/kismet-install/etc/kismet_logging.conf
1790661485.525 INFO: Including sub-config file: /home/osh/kismet-install/etc/kismet_filter.conf
1790661485.525 INFO: Including sub-config file: /home/osh/kismet-install/etc/kismet_uav.conf
1790661485.525 INFO: Loading config override file '/home/osh/kismet-install/etc/kismet_package.conf'
1790661485.525 INFO: Optional sub-config file not present: /home/osh/kismet-install/etc/kismet_package.conf
1790661485.525 INFO: Loading config override file '/home/osh/kismet-install/etc/kismet_site.conf'
1790661485.525 INFO: Optional sub-config file not present: /home/osh/kismet-install/etc/kismet_site.conf
1790661485.525 INFO: Generated server UUID BD12A6B0-BBCA-11F1-8947-4B49534D4554 and storing in /tmp/hw2/cr3x1/.kismet//kismet_server_id.conf
1790661485.525 INFO: Setting server UUID BD12A6B0-BBCA-11F1-8947-4B49534D4554
1790661485.525 INFO: Starting Beast webserver on 0.0.0.0:2501
1790661485.525 INFO: Opened OUI file '/home/osh/kismet-install/share/kismet/kismet_manuf.txt.gz
1790661485.525 INFO: Indexing manufacturer db
1790661485.526 INFO: Completed indexing manufacturer db, 38959 lines and 780 indexes.
1790661485.533 INFO: Saving devices to the Kismet database log every 30 seconds
1790661485.538 INFO: Using default rates of 10/min, 1/sec for alert 'DEVICEFOUND'
1790661485.538 INFO: Using default rates of 10/min, 1/sec for alert 'DEVICELOST'
1790661485.538 INFO: Registering support for DLT_PPI packet header decoding
1790661485.538 INFO: Registering support for DLT_RADIOTAP packet header decoding
1790661485.538 INFO: Registering support for DLT_BTLE_RADIO packet header decoding
1790661485.542 INFO: Using default rates of 10/min, 1/sec for alert 'BADFIXLENIE'
1790661485.542 INFO: PHY80211 will only process AP signal levels from beacons
1790661485.542 INFO: Allowing Kismet clients to view WEP keys
1790661485.543 DEBUG: ssid canary FooCanary:ssid="FoobarCanary"
1790661485.543 DEBUG: ssid canary FooCanart2:ssid="(?i:foobarcanary)"
1790661485.543 INFO: Keeping EAPOL packets in memory for easy download and WIDS functionality; this can use more RAM.
1790661485.545 INFO: Registered PHY handler 'IEEE802.11' as ID 0
1790661485.547 INFO: Registered PHY handler 'RFSENSOR' as ID 1
1790661485.548 INFO: Registered PHY handler 'Z-Wave' as ID 2
1790661485.549 INFO: Registered PHY handler 'Bluetooth' as ID 3
1790661485.549 DEBUG: reserve_fields home id 538 app id 539
1790661485.552 INFO: Registered PHY handler 'UAV' as ID 4
1790661485.553 INFO: Registered PHY handler 'NrfMousejack' as ID 5
1790661485.553 ERROR: Tried to re-register duplicate alert FLIPPERZERO
1790661485.554 INFO: Registered PHY handler 'BTLE' as ID 6
1790661485.555 INFO: Registered PHY handler 'METER' as ID 7
1790661485.555 INFO: Indexing ADSB ICAO db
1790661485.816 INFO: Completed indexing ADSB ICAO db, 341068 lines 6822 indexes
1790661485.817 INFO: Registered PHY handler 'ADSB' as ID 8
1790661485.818 INFO: Registered PHY handler '802.15.4' as ID 9
1790661485.823 INFO: Registered PHY handler 'RADIATION' as ID 10
1790661485.826 INFO: (HTTPD) Could not read session data file, skipping loading saved sessions.
1790661485.826 INFO: Serving static file content from /home/osh/kismet-install/share/kismet/httpd/
1790661485.827 INFO: Enabling channel hopping by default on sources which support channel control.
1790661485.827 INFO: Setting default channel hop rate to 5/sec
1790661485.827 INFO: Enabling channel list splitting on sources which share the same list of channels
1790661485.827 INFO: Enabling channel list shuffling to optimize overlaps
1790661485.827 INFO: Sources will be re-opened if they encounter an error
1790661485.827 INFO: Saving datasources to the Kismet database log every 30 seconds
1790661485.827 INFO: Launching remote capture server on 127.0.0.1 3501
1790661485.830 INFO: No data sources defined; Kismet will not capture anything until a source is added.
1790661485.831 ALERT: LOGDISABLED Logging has been disabled via the Kismet config files or the command line.  Pcap, database, and related logs will not be saved.
1790661485.831 INFO: Logging disabled, not enabling any log drivers.
1790661485.831 INFO: GPS track will be logged to the Kismet logfile
1790661485.832 INFO: Starting Kismet web server...
1790661485.832 INFO: HTTP server listening on 0.0.0.0:2501
1790661485.834 INFO: Could not open system plugin directory (/home/osh/kismet-install/lib/kismet/), skipping: No such file or directory
1790661485.835 INFO: Did not find a user plugin directory (/tmp/hw2/cr3x1/.kismet//plugins/), skipping: No such file or directory
1790661486.102 INFO: New remote source esp32c5btle-ttyACM2 (E5C50003-0000-0000-0000-3844BEBFD80C) connected
1790661486.103 INFO: esp32c5btle-ttyACM2 - /dev/ttyACM2 opened
1790661486.944 INFO: esp32c5btle-ttyACM2 - /dev/ttyACM2 capturing
1790661487.160 INFO: Detected new BTLE device 0E:0C:B1:C0:62:E5
1790661487.327 INFO: Detected new BTLE device 55:0E:C7:04:B3:D7
1790661491.262 INFO: Detected new BTLE device 48:9E:9D:9E:42:7C tcl_AC_t*ap_szkt
1790661492.349 INFO: Detected new BTLE device C9:DD:AA:AC:0F:01
1790661523.880 ERROR: Data source 'esp32c5btle-ttyACM2 / esp32c5btle-ttyACM2' ('esp32c5btle-ttyACM2') encountered an error: websocket connection closed
1790661527.167 INFO: Probing interface 'esp32c5btle-ttyACM2' to find datasource type
1790661527.262 interface: esp32c5btle-ttyACM2
1790661527.266 INFO: Found type 'esp32c5' for 'esp32c5btle-ttyACM2'
1790661527.281 ERROR: Conflict of new datasource esp32c5btle-ttyACM2/E5C50003-0000-0000-0000-3844BEBFD80C and existing datasource esp32c5btle-ttyACM2 with the same UUID.  Datasource UUIDs must be unique, check the Kismet documentation for the datasources you are using, and ensure that any manually defined UUIDs are unique.
1790661569.092 INFO: Matching new remote source 'esp32c5btle-ttyACM2' with known source with UUID 'E5C50003-0000-0000-0000-3844BEBFD80C'
1790661569.101 INFO: Remote source esp32c5btle-ttyACM2 (E5C50003-0000-0000-0000-3844BEBFD80C) reconnected
1790661569.101 INFO: esp32c5btle-ttyACM2 - /dev/ttyACM2 opened
1790661570.045 INFO: esp32c5btle-ttyACM2 - /dev/ttyACM2 capturing
1790661585.134 INFO: Detected new BTLE device 58:13:8A:B8:C1:8A
1790661606.937 ERROR: Data source 'esp32c5btle-ttyACM2 / esp32c5btle-ttyACM2' ('esp32c5btle-ttyACM2') encountered an error: websocket connection closed
1790661610.357 
1790661610.357 *** KISMET IS SHUTTING DOWN ***
1790661610.358 Shutting down plugins...
1790661610.358 WARNING: Kismet changes the configuration of network devices.
1790661610.358          In most cases you will need to restart networking for
1790661610.358          your interface (varies per distribution and OS), but 
1790661610.358          typically one of:
1790661610.358          sudo service networking restart
1790661610.358          sudo /etc/init.d/networking restart
1790661610.358          or
1790661610.358          nmcli device set [device] managed true
1790661610.358 
1790661610.358 Kismet exiting.
1790661610.358 EXITING: Signal service thread complete.
1790661610.363 KISMET_EXIT=0
