1790661611.875 INFO: Including sub-config file: /home/osh/kismet-install/etc/kismet_httpd.conf
1790661611.876 INFO: Including sub-config file: /home/osh/kismet-install/etc/kismet_memory.conf
1790661611.876 INFO: Including sub-config file: /home/osh/kismet-install/etc/kismet_alerts.conf
1790661611.876 INFO: Including sub-config file: /home/osh/kismet-install/etc/kismet_80211.conf
1790661611.876 INFO: Including sub-config file: /home/osh/kismet-install/etc/kismet_logging.conf
1790661611.876 INFO: Including sub-config file: /home/osh/kismet-install/etc/kismet_filter.conf
1790661611.876 INFO: Including sub-config file: /home/osh/kismet-install/etc/kismet_uav.conf
1790661611.876 INFO: Loading config override file '/home/osh/kismet-install/etc/kismet_package.conf'
1790661611.876 INFO: Optional sub-config file not present: /home/osh/kismet-install/etc/kismet_package.conf
1790661611.876 INFO: Loading config override file '/home/osh/kismet-install/etc/kismet_site.conf'
1790661611.876 INFO: Optional sub-config file not present: /home/osh/kismet-install/etc/kismet_site.conf
1790661611.876 INFO: Generated server UUID 08622492-BBCB-11F1-8DE7-4B49534D4554 and storing in /tmp/hw2/cr3x2/.kismet//kismet_server_id.conf
1790661611.876 INFO: Setting server UUID 08622492-BBCB-11F1-8DE7-4B49534D4554
1790661611.876 INFO: Starting Beast webserver on 0.0.0.0:2501
1790661611.876 INFO: Opened OUI file '/home/osh/kismet-install/share/kismet/kismet_manuf.txt.gz
1790661611.876 INFO: Indexing manufacturer db
1790661611.876 INFO: Completed indexing manufacturer db, 38959 lines and 780 indexes.
1790661611.883 INFO: Saving devices to the Kismet database log every 30 seconds
1790661611.888 INFO: Using default rates of 10/min, 1/sec for alert 'DEVICEFOUND'
1790661611.888 INFO: Using default rates of 10/min, 1/sec for alert 'DEVICELOST'
1790661611.888 INFO: Registering support for DLT_PPI packet header decoding
1790661611.888 INFO: Registering support for DLT_RADIOTAP packet header decoding
1790661611.888 INFO: Registering support for DLT_BTLE_RADIO packet header decoding
1790661611.891 INFO: Using default rates of 10/min, 1/sec for alert 'BADFIXLENIE'
1790661611.892 INFO: PHY80211 will only process AP signal levels from beacons
1790661611.892 INFO: Allowing Kismet clients to view WEP keys
1790661611.892 DEBUG: ssid canary FooCanary:ssid="FoobarCanary"
1790661611.892 DEBUG: ssid canary FooCanart2:ssid="(?i:foobarcanary)"
1790661611.893 INFO: Keeping EAPOL packets in memory for easy download and WIDS functionality; this can use more RAM.
1790661611.895 INFO: Registered PHY handler 'IEEE802.11' as ID 0
1790661611.897 INFO: Registered PHY handler 'RFSENSOR' as ID 1
1790661611.898 INFO: Registered PHY handler 'Z-Wave' as ID 2
1790661611.899 INFO: Registered PHY handler 'Bluetooth' as ID 3
1790661611.899 DEBUG: reserve_fields home id 538 app id 539
1790661611.902 INFO: Registered PHY handler 'UAV' as ID 4
1790661611.903 INFO: Registered PHY handler 'NrfMousejack' as ID 5
1790661611.903 ERROR: Tried to re-register duplicate alert FLIPPERZERO
1790661611.904 INFO: Registered PHY handler 'BTLE' as ID 6
1790661611.905 INFO: Registered PHY handler 'METER' as ID 7
1790661611.905 INFO: Indexing ADSB ICAO db
1790661612.228 INFO: Completed indexing ADSB ICAO db, 341068 lines 6822 indexes
1790661612.229 INFO: Registered PHY handler 'ADSB' as ID 8
1790661612.230 INFO: Registered PHY handler '802.15.4' as ID 9
1790661612.231 INFO: Registered PHY handler 'RADIATION' as ID 10
1790661612.237 INFO: (HTTPD) Could not read session data file, skipping loading saved sessions.
1790661612.237 INFO: Serving static file content from /home/osh/kismet-install/share/kismet/httpd/
1790661612.238 INFO: Enabling channel hopping by default on sources which support channel control.
1790661612.238 INFO: Setting default channel hop rate to 5/sec
1790661612.238 INFO: Enabling channel list splitting on sources which share the same list of channels
1790661612.238 INFO: Enabling channel list shuffling to optimize overlaps
1790661612.238 INFO: Sources will be re-opened if they encounter an error
1790661612.238 INFO: Saving datasources to the Kismet database log every 30 seconds
1790661612.238 INFO: Launching remote capture server on 127.0.0.1 3501
1790661612.240 INFO: No data sources defined; Kismet will not capture anything until a source is added.
1790661612.242 ALERT: LOGDISABLED Logging has been disabled via the Kismet config files or the command line.  Pcap, database, and related logs will not be saved.
1790661612.242 INFO: Logging disabled, not enabling any log drivers.
1790661612.242 INFO: GPS track will be logged to the Kismet logfile
1790661612.243 INFO: Starting Kismet web server...
1790661612.243 INFO: HTTP server listening on 0.0.0.0:2501
1790661612.244 INFO: Could not open system plugin directory (/home/osh/kismet-install/lib/kismet/), skipping: No such file or directory
1790661612.245 INFO: Did not find a user plugin directory (/tmp/hw2/cr3x2/.kismet//plugins/), skipping: No such file or directory
1790661612.731 INFO: New remote source esp32c5btle-ttyACM2 (E5C50003-0000-0000-0000-3844BEBFD80C) connected
1790661612.732 INFO: esp32c5btle-ttyACM2 - /dev/ttyACM2 opened
1790661613.616 INFO: esp32c5btle-ttyACM2 - /dev/ttyACM2 capturing
1790661613.729 INFO: Detected new BTLE device 0E:0C:B1:C0:62:E5
1790661613.821 INFO: Detected new BTLE device 55:0E:C7:04:B3:D7
1790661618.441 INFO: Detected new BTLE device D4:67:49:E6:05:C1
1790661650.592 ERROR: Data source 'esp32c5btle-ttyACM2 / esp32c5btle-ttyACM2' ('esp32c5btle-ttyACM2') encountered an error: websocket connection closed
1790661653.882 INFO: Probing interface 'esp32c5btle-ttyACM2' to find datasource type
1790661653.979 interface: esp32c5btle-ttyACM2
1790661653.982 INFO: Found type 'esp32c5' for 'esp32c5btle-ttyACM2'
1790661653.995 ERROR: Conflict of new datasource esp32c5btle-ttyACM2/E5C50003-0000-0000-0000-3844BEBFD80C and existing datasource esp32c5btle-ttyACM2 with the same UUID.  Datasource UUIDs must be unique, check the Kismet documentation for the datasources you are using, and ensure that any manually defined UUIDs are unique.
1790661695.811 INFO: Matching new remote source 'esp32c5btle-ttyACM2' with known source with UUID 'E5C50003-0000-0000-0000-3844BEBFD80C'
1790661695.816 INFO: Remote source esp32c5btle-ttyACM2 (E5C50003-0000-0000-0000-3844BEBFD80C) reconnected
1790661695.817 INFO: esp32c5btle-ttyACM2 - /dev/ttyACM2 opened
1790661696.702 INFO: esp32c5btle-ttyACM2 - /dev/ttyACM2 capturing
1790661698.161 INFO: Detected new BTLE device 48:9E:9D:9E:42:7C tcl_AC_t*ap_szkt
1790661705.570 INFO: Detected new BTLE device 11:6D:3E:28:44:F4
1790661717.890 INFO: Detected new BTLE device F4:DD:06:5E:7E:19
1790661733.608 ERROR: Data source 'esp32c5btle-ttyACM2 / esp32c5btle-ttyACM2' ('esp32c5btle-ttyACM2') encountered an error: websocket connection closed
1790661736.768 
1790661736.768 *** KISMET IS SHUTTING DOWN ***
1790661736.768 Shutting down plugins...
1790661736.768 WARNING: Kismet changes the configuration of network devices.
1790661736.768          In most cases you will need to restart networking for
1790661736.768          your interface (varies per distribution and OS), but 
1790661736.768          typically one of:
1790661736.768          sudo service networking restart
1790661736.768          sudo /etc/init.d/networking restart
1790661736.768          or
1790661736.768          nmcli device set [device] managed true
1790661736.768 
1790661736.768 Kismet exiting.
1790661736.769 EXITING: Signal service thread complete.
1790661736.774 KISMET_EXIT=0
