esptool v5.4.0
Serial port /dev/serial/by-id/usb-Espressif_USB_JTAG_serial_debug_unit_38:44:BE:BF:D8:0C-if00:
Connecting....
Connected to ESP32-C5 on /dev/serial/by-id/usb-Espressif_USB_JTAG_serial_debug_unit_38:44:BE:BF:D8:0C-if00:
Chip type:          ESP32-C5 (revision v1.0)
Features:           Wi-Fi 6 (dual-band), BT 5 (LE), IEEE802.15.4, Single Core + LP Core, 240MHz
Crystal frequency:  48MHz
USB mode:           USB-Serial/JTAG
MAC:                38:44:be:ff:fe:bf:d8:0c
BASE MAC:           38:44:be:bf:d8:0c
MAC_EXT:            ff:fe

Uploading stub flasher...
Running stub flasher...
Stub flasher running.

Configuring flash size...
Flash will be erased from 0x00000000 to 0x00118fff...
Compressed 1148464 bytes to 655647...
Writing at 0x000111f8 ╸                                2.5% 16.00kB/640.28kB [0s] 
Writing at 0x0001d398 ━                                5.0% 32.00kB/640.28kB [0s] 
Writing at 0x000269ba ━━                               7.5% 48.00kB/640.28kB [1s] 
Writing at 0x000309e6 ━━╸                             10.0% 64.00kB/640.28kB [1s] 
Writing at 0x00037b70 ━━━╸                            12.5% 80.00kB/640.28kB [2s] 
Writing at 0x0003f128 ━━━━                            15.0% 96.00kB/640.28kB [2s] 
Writing at 0x0004632d ━━━━━                           17.5% 112.00kB/640.28kB [3s] 
Writing at 0x0004c152 ━━━━━╸                          20.0% 128.00kB/640.28kB [3s] 
Writing at 0x00052295 ━━━━━━╸                         22.5% 144.00kB/640.28kB [4s] 
Writing at 0x000586df ━━━━━━━                         25.0% 160.00kB/640.28kB [4s] 
Writing at 0x0005e7e0 ━━━━━━━━                        27.5% 176.00kB/640.28kB [4s] 
Writing at 0x00064dd8 ━━━━━━━━╸                       30.0% 192.00kB/640.28kB [4s] 
Writing at 0x0006aaba ━━━━━━━━━╸                      32.5% 208.00kB/640.28kB [5s] 
Writing at 0x00070f30 ━━━━━━━━━━                      35.0% 224.00kB/640.28kB [5s] 
Writing at 0x00078233 ━━━━━━━━━━━                     37.5% 240.00kB/640.28kB [5s] 
Writing at 0x0007ed2d ━━━━━━━━━━━╸                    40.0% 256.00kB/640.28kB [5s] 
Writing at 0x00085901 ━━━━━━━━━━━━╸                   42.5% 272.00kB/640.28kB [5s] 
Writing at 0x0008c3e5 ━━━━━━━━━━━━━                   45.0% 288.00kB/640.28kB [5s] 
Writing at 0x00092d9c ━━━━━━━━━━━━━━                  47.5% 304.00kB/640.28kB [5s] 
Writing at 0x00098f52 ━━━━━━━━━━━━━━╸                 50.0% 320.00kB/640.28kB [6s] 
Writing at 0x0009ec9a ━━━━━━━━━━━━━━━╸                52.5% 336.00kB/640.28kB [6s] 
Writing at 0x000a4b45 ━━━━━━━━━━━━━━━━                55.0% 352.00kB/640.28kB [6s] 
Writing at 0x000aa6a3 ━━━━━━━━━━━━━━━━━               57.5% 368.00kB/640.28kB [6s] 
Writing at 0x000b0332 ━━━━━━━━━━━━━━━━━╸              60.0% 384.00kB/640.28kB [6s] 
Writing at 0x000b65ed ━━━━━━━━━━━━━━━━━━╸             62.5% 400.00kB/640.28kB [6s] 
Writing at 0x000bc246 ━━━━━━━━━━━━━━━━━━━             65.0% 416.00kB/640.28kB [6s] 
Writing at 0x000c2ce5 ━━━━━━━━━━━━━━━━━━━━            67.5% 432.00kB/640.28kB [6s] 
Writing at 0x000c91ff ━━━━━━━━━━━━━━━━━━━━╸           70.0% 448.00kB/640.28kB [6s] 
Writing at 0x000cf53c ━━━━━━━━━━━━━━━━━━━━━╸          72.5% 464.00kB/640.28kB [7s] 
Writing at 0x000d5c46 ━━━━━━━━━━━━━━━━━━━━━━          75.0% 480.00kB/640.28kB [7s] 
Writing at 0x000dbb3d ━━━━━━━━━━━━━━━━━━━━━━━         77.5% 496.00kB/640.28kB [7s] 
Writing at 0x000e188b ━━━━━━━━━━━━━━━━━━━━━━━╸        80.0% 512.00kB/640.28kB [7s] 
Writing at 0x000e9409 ━━━━━━━━━━━━━━━━━━━━━━━━╸       82.5% 528.00kB/640.28kB [7s] 
Writing at 0x000eee94 ━━━━━━━━━━━━━━━━━━━━━━━━━       85.0% 544.00kB/640.28kB [7s] 
Writing at 0x000f6183 ━━━━━━━━━━━━━━━━━━━━━━━━━━      87.5% 560.00kB/640.28kB [7s] 
Writing at 0x000fc4c1 ━━━━━━━━━━━━━━━━━━━━━━━━━━╸     90.0% 576.00kB/640.28kB [7s] 
Writing at 0x00102873 ━━━━━━━━━━━━━━━━━━━━━━━━━━━╸    92.5% 592.00kB/640.28kB [8s] 
Writing at 0x001098e2 ━━━━━━━━━━━━━━━━━━━━━━━━━━━━    95.0% 608.00kB/640.28kB [8s] 
Writing at 0x0010f74a ━━━━━━━━━━━━━━━━━━━━━━━━━━━━━   97.5% 624.00kB/640.28kB [8s] 
Writing at 0x00118364 ━━━━━━━━━━━━━━━━━━━━━━━━━━━━━╸ 100.0% 640.00kB/640.28kB [8s] 
Writing at 0x00118630 ━━━━━━━━━━━━━━━━━━━━━━━━━━━━━━ 100.0% 640.28kB/640.28kB [8s] 
Wrote 1148464 bytes (655647 compressed) at 0x00000000 in 8.7 seconds (1059.2 kbit/s).
Verifying written data...
Hash of data verified.

Hard resetting via RTS pin...
