Traceback (most recent call last):
  File "/home/osh/e2e/hw2/kq.py", line 175, in <module>
    main()
    ~~~~^^
  File "/home/osh/e2e/hw2/kq.py", line 147, in main
    code, body = req(a[1], json.loads(a[2]))
                           ~~~~~~~~~~^^^^^^
  File "/usr/lib/python3.13/json/__init__.py", line 346, in loads
    return _default_decoder.decode(s)
           ~~~~~~~~~~~~~~~~~~~~~~~^^^
  File "/usr/lib/python3.13/json/decoder.py", line 345, in decode
    obj, end = self.raw_decode(s, idx=_w(s, 0).end())
               ~~~~~~~~~~~~~~~^^^^^^^^^^^^^^^^^^^^^^^
  File "/usr/lib/python3.13/json/decoder.py", line 363, in raw_decode
    raise JSONDecodeError("Expecting value", s, err.value) from None
json.decoder.JSONDecodeError: Expecting value: line 1 column 1 (char 0)
./ab.sh: line 19: kill: (298718) - No such process
./ab.sh: line 19: kill: (298724) - No such process
Traceback (most recent call last):
  File "/home/osh/e2e/hw2/kq.py", line 175, in <module>
    main()
    ~~~~^^
  File "/home/osh/e2e/hw2/kq.py", line 162, in main
    if s.get("name") == a[1]:
       ^^^^^
AttributeError: 'str' object has no attribute 'get'
py    389 pkts 29.8 s 13.1/s [('2f:c2', 8.29), ('6d:0d', 3.42), ('07:ee', 0.97), ('42:7c', 0.17), ('0f:01', 0.17), ('20:32', 0.03)]
l no packets
Traceback (most recent call last):
  File "<stdin>", line 6, in <module>
  File "/home/osh/e2e/hw2/pcapng.py", line 53, in parse
    data = open(path, "rb").read()
           ~~~~^^^^^^^^^^^^
FileNotFoundError: [Errno 2] No such file or directory: 'f10ab.3py.pcapng'
