1790660686.906 INFO: Including sub-config file: /home/osh/kismet-install/etc/kismet_httpd.conf
1790660686.907 INFO: Including sub-config file: /home/osh/kismet-install/etc/kismet_memory.conf
1790660686.907 INFO: Including sub-config file: /home/osh/kismet-install/etc/kismet_alerts.conf
1790660686.907 INFO: Including sub-config file: /home/osh/kismet-install/etc/kismet_80211.conf
1790660686.907 INFO: Including sub-config file: /home/osh/kismet-install/etc/kismet_logging.conf
1790660686.907 INFO: Including sub-config file: /home/osh/kismet-install/etc/kismet_filter.conf
1790660686.907 INFO: Including sub-config file: /home/osh/kismet-install/etc/kismet_uav.conf
1790660686.907 INFO: Loading config override file '/home/osh/kismet-install/etc/kismet_package.conf'
1790660686.907 INFO: Optional sub-config file not present: /home/osh/kismet-install/etc/kismet_package.conf
1790660686.907 INFO: Loading config override file '/home/osh/kismet-install/etc/kismet_site.conf'
1790660686.907 INFO: Optional sub-config file not present: /home/osh/kismet-install/etc/kismet_site.conf
1790660686.907 INFO: Generated server UUID E10F50C4-BBC8-11F1-8AAC-4B49534D4554 and storing in /tmp/hw2/f10ab/.kismet//kismet_server_id.conf
1790660686.907 INFO: Setting server UUID E10F50C4-BBC8-11F1-8AAC-4B49534D4554
1790660686.907 INFO: Starting Beast webserver on 0.0.0.0:2501
1790660686.907 INFO: Opened OUI file '/home/osh/kismet-install/share/kismet/kismet_manuf.txt.gz
1790660686.907 INFO: Indexing manufacturer db
1790660686.910 INFO: Completed indexing manufacturer db, 38959 lines and 780 indexes.
1790660686.916 INFO: Saving devices to the Kismet database log every 30 seconds
1790660686.922 INFO: Using default rates of 10/min, 1/sec for alert 'DEVICEFOUND'
1790660686.922 INFO: Using default rates of 10/min, 1/sec for alert 'DEVICELOST'
1790660686.922 INFO: Registering support for DLT_PPI packet header decoding
1790660686.922 INFO: Registering support for DLT_RADIOTAP packet header decoding
1790660686.922 INFO: Registering support for DLT_BTLE_RADIO packet header decoding
1790660686.925 INFO: Using default rates of 10/min, 1/sec for alert 'BADFIXLENIE'
1790660686.925 INFO: PHY80211 will only process AP signal levels from beacons
1790660686.925 INFO: Allowing Kismet clients to view WEP keys
1790660686.926 DEBUG: ssid canary FooCanary:ssid="FoobarCanary"
1790660686.926 DEBUG: ssid canary FooCanart2:ssid="(?i:foobarcanary)"
1790660686.926 INFO: Keeping EAPOL packets in memory for easy download and WIDS functionality; this can use more RAM.
1790660686.929 INFO: Registered PHY handler 'IEEE802.11' as ID 0
1790660686.930 INFO: Registered PHY handler 'RFSENSOR' as ID 1
1790660686.931 INFO: Registered PHY handler 'Z-Wave' as ID 2
1790660686.933 INFO: Registered PHY handler 'Bluetooth' as ID 3
1790660686.933 DEBUG: reserve_fields home id 538 app id 539
1790660686.935 INFO: Registered PHY handler 'UAV' as ID 4
1790660686.936 INFO: Registered PHY handler 'NrfMousejack' as ID 5
1790660686.936 ERROR: Tried to re-register duplicate alert FLIPPERZERO
1790660686.937 INFO: Registered PHY handler 'BTLE' as ID 6
1790660686.938 INFO: Registered PHY handler 'METER' as ID 7
1790660686.939 INFO: Indexing ADSB ICAO db
1790660687.198 INFO: Completed indexing ADSB ICAO db, 341068 lines 6822 indexes
1790660687.200 INFO: Registered PHY handler 'ADSB' as ID 8
1790660687.201 INFO: Registered PHY handler '802.15.4' as ID 9
1790660687.202 INFO: Registered PHY handler 'RADIATION' as ID 10
1790660687.208 INFO: (HTTPD) Could not read session data file, skipping loading saved sessions.
1790660687.208 INFO: Serving static file content from /home/osh/kismet-install/share/kismet/httpd/
1790660687.209 INFO: Enabling channel hopping by default on sources which support channel control.
1790660687.209 INFO: Setting default channel hop rate to 5/sec
1790660687.209 INFO: Enabling channel list splitting on sources which share the same list of channels
1790660687.209 INFO: Enabling channel list shuffling to optimize overlaps
1790660687.209 INFO: Sources will be re-opened if they encounter an error
1790660687.209 INFO: Saving datasources to the Kismet database log every 30 seconds
1790660687.209 INFO: Launching remote capture server on 127.0.0.1 3501
1790660687.212 INFO: No data sources defined; Kismet will not capture anything until a source is added.
1790660687.213 ALERT: LOGDISABLED Logging has been disabled via the Kismet config files or the command line.  Pcap, database, and related logs will not be saved.
1790660687.213 INFO: Logging disabled, not enabling any log drivers.
1790660687.213 INFO: GPS track will be logged to the Kismet logfile
1790660687.214 INFO: Starting Kismet web server...
1790660687.214 INFO: HTTP server listening on 0.0.0.0:2501
1790660687.216 INFO: Could not open system plugin directory (/home/osh/kismet-install/lib/kismet/), skipping: No such file or directory
1790660687.216 INFO: Did not find a user plugin directory (/tmp/hw2/f10ab/.kismet//plugins/), skipping: No such file or directory
1790660687.484 INFO: New remote source esp32c5btle-ttyACM2 (E5C50003-0000-0000-0000-3844BEBFD80C) connected
1790660687.485 INFO: esp32c5btle-ttyACM2 - /dev/ttyACM2 opened
1790660688.439 INFO: esp32c5btle-ttyACM2 - /dev/ttyACM2 capturing
1790660688.450 INFO: esp32c5btle-ttyACM2 - esp32c5btle-ttyACM2: the board's firmware does not mark BTLE packets as CRC checked, so Kismet would drop them; the helper fills in the CRC and the flags (the board only reports packets whose CRC passed). Flashing current firmware makes this unnecessary
1790660688.457 INFO: Detected new BTLE device 30:46:0B:4A:2F:C2
1790660688.461 INFO: Detected new BTLE device 6A:EC:57:C1:6D:0D
1790660688.755 INFO: Detected new BTLE device E4:65:7C:21:20:32
1790660691.923 INFO: Detected new BTLE device 48:9E:9D:9E:42:7C tcl_AC_t*ap_szkt
1790660704.354 INFO: Detected new BTLE device C9:DD:AA:AC:0F:01
1790660725.340 ERROR: Data source 'esp32c5btle-ttyACM2 / esp32c5btle-ttyACM2' ('esp32c5btle-ttyACM2') encountered an error: websocket connection closed
1790660728.629 INFO: Probing interface 'esp32c5btle-ttyACM2' to find datasource type
1790660728.724 interface: esp32c5btle-ttyACM2
1790660728.726 INFO: Found type 'esp32c5' for 'esp32c5btle-ttyACM2'
1790660728.744 ERROR: Conflict of new datasource esp32c5btle-ttyACM2/E5C50003-0000-0000-0000-3844BEBFD80C and existing datasource esp32c5btle-ttyACM2 with the same UUID.  Datasource UUIDs must be unique, check the Kismet documentation for the datasources you are using, and ensure that any manually defined UUIDs are unique.
1790660770.558 INFO: Matching new remote source 'esp32c5btle-ttyACM2' with known source with UUID 'E5C50003-0000-0000-0000-3844BEBFD80C'
1790660770.564 INFO: Remote source esp32c5btle-ttyACM2 (E5C50003-0000-0000-0000-3844BEBFD80C) reconnected
1790660770.564 INFO: esp32c5btle-ttyACM2 - /dev/ttyACM2 opened
1790660771.491 INFO: esp32c5btle-ttyACM2 - /dev/ttyACM2 capturing
1790660771.501 INFO: esp32c5btle-ttyACM2 - esp32c5btle-ttyACM2: the board's firmware does not mark BTLE packets as CRC checked, so Kismet would drop them; the helper fills in the CRC and the flags (the board only reports packets whose CRC passed). Flashing current firmware makes this unnecessary
1790660771.507 INFO: Detected new BTLE device 20:F1:B2:B9:E5:33
1790660771.512 KISMET_EXIT=139
