1790660906.108 INFO: Including sub-config file: /home/osh/kismet-install/etc/kismet_httpd.conf
1790660906.108 INFO: Including sub-config file: /home/osh/kismet-install/etc/kismet_memory.conf
1790660906.108 INFO: Including sub-config file: /home/osh/kismet-install/etc/kismet_alerts.conf
1790660906.108 INFO: Including sub-config file: /home/osh/kismet-install/etc/kismet_80211.conf
1790660906.108 INFO: Including sub-config file: /home/osh/kismet-install/etc/kismet_logging.conf
1790660906.108 INFO: Including sub-config file: /home/osh/kismet-install/etc/kismet_filter.conf
1790660906.108 INFO: Including sub-config file: /home/osh/kismet-install/etc/kismet_uav.conf
1790660906.108 INFO: Loading config override file '/home/osh/kismet-install/etc/kismet_package.conf'
1790660906.108 INFO: Optional sub-config file not present: /home/osh/kismet-install/etc/kismet_package.conf
1790660906.108 INFO: Loading config override file '/home/osh/kismet-install/etc/kismet_site.conf'
1790660906.108 INFO: Optional sub-config file not present: /home/osh/kismet-install/etc/kismet_site.conf
1790660906.108 INFO: Generated server UUID 63B6AD10-BBC9-11F1-85AB-4B49534D4554 and storing in /tmp/hw2/f10ab2/.kismet//kismet_server_id.conf
1790660906.108 INFO: Setting server UUID 63B6AD10-BBC9-11F1-85AB-4B49534D4554
1790660906.108 INFO: Starting Beast webserver on 0.0.0.0:2501
1790660906.108 INFO: Opened OUI file '/home/osh/kismet-install/share/kismet/kismet_manuf.txt.gz
1790660906.108 INFO: Indexing manufacturer db
1790660906.109 INFO: Completed indexing manufacturer db, 38959 lines and 780 indexes.
1790660906.116 INFO: Saving devices to the Kismet database log every 30 seconds
1790660906.121 INFO: Using default rates of 10/min, 1/sec for alert 'DEVICEFOUND'
1790660906.121 INFO: Using default rates of 10/min, 1/sec for alert 'DEVICELOST'
1790660906.122 INFO: Registering support for DLT_PPI packet header decoding
1790660906.122 INFO: Registering support for DLT_RADIOTAP packet header decoding
1790660906.122 INFO: Registering support for DLT_BTLE_RADIO packet header decoding
1790660906.125 INFO: Using default rates of 10/min, 1/sec for alert 'BADFIXLENIE'
1790660906.125 INFO: PHY80211 will only process AP signal levels from beacons
1790660906.125 INFO: Allowing Kismet clients to view WEP keys
1790660906.126 DEBUG: ssid canary FooCanary:ssid="FoobarCanary"
1790660906.126 DEBUG: ssid canary FooCanart2:ssid="(?i:foobarcanary)"
1790660906.126 INFO: Keeping EAPOL packets in memory for easy download and WIDS functionality; this can use more RAM.
1790660906.128 INFO: Registered PHY handler 'IEEE802.11' as ID 0
1790660906.130 INFO: Registered PHY handler 'RFSENSOR' as ID 1
1790660906.131 INFO: Registered PHY handler 'Z-Wave' as ID 2
1790660906.132 INFO: Registered PHY handler 'Bluetooth' as ID 3
1790660906.133 DEBUG: reserve_fields home id 538 app id 539
1790660906.135 INFO: Registered PHY handler 'UAV' as ID 4
1790660906.136 INFO: Registered PHY handler 'NrfMousejack' as ID 5
1790660906.136 ERROR: Tried to re-register duplicate alert FLIPPERZERO
1790660906.137 INFO: Registered PHY handler 'BTLE' as ID 6
1790660906.138 INFO: Registered PHY handler 'METER' as ID 7
1790660906.138 INFO: Indexing ADSB ICAO db
1790660906.399 INFO: Completed indexing ADSB ICAO db, 341068 lines 6822 indexes
1790660906.400 INFO: Registered PHY handler 'ADSB' as ID 8
1790660906.401 INFO: Registered PHY handler '802.15.4' as ID 9
1790660906.403 INFO: Registered PHY handler 'RADIATION' as ID 10
1790660906.409 INFO: (HTTPD) Could not read session data file, skipping loading saved sessions.
1790660906.409 INFO: Serving static file content from /home/osh/kismet-install/share/kismet/httpd/
1790660906.410 INFO: Enabling channel hopping by default on sources which support channel control.
1790660906.410 INFO: Setting default channel hop rate to 5/sec
1790660906.410 INFO: Enabling channel list splitting on sources which share the same list of channels
1790660906.410 INFO: Enabling channel list shuffling to optimize overlaps
1790660906.410 INFO: Sources will be re-opened if they encounter an error
1790660906.410 INFO: Saving datasources to the Kismet database log every 30 seconds
1790660906.410 INFO: Launching remote capture server on 127.0.0.1 3501
1790660906.413 INFO: No data sources defined; Kismet will not capture anything until a source is added.
1790660906.414 ALERT: LOGDISABLED Logging has been disabled via the Kismet config files or the command line.  Pcap, database, and related logs will not be saved.
1790660906.414 INFO: Logging disabled, not enabling any log drivers.
1790660906.414 INFO: GPS track will be logged to the Kismet logfile
1790660906.415 INFO: Starting Kismet web server...
1790660906.415 INFO: HTTP server listening on 0.0.0.0:2501
1790660906.417 INFO: Could not open system plugin directory (/home/osh/kismet-install/lib/kismet/), skipping: No such file or directory
1790660906.417 INFO: Did not find a user plugin directory (/tmp/hw2/f10ab2/.kismet//plugins/), skipping: No such file or directory
1790660906.455 INFO: New remote source esp32c5btle-ttyACM2 (E5C50003-0000-0000-0000-3844BEBFD80C) connected
1790660911.901 INFO: esp32c5btle-ttyACM2 - esp32c5btle-ttyACM2 capturing (btle)
1790660911.902 INFO: esp32c5btle-ttyACM2 - esp32c5btle-ttyACM2: the board's firmware does not mark BTLE packets as CRC checked, so Kismet would drop them; the helper fills in the CRC and the flags (the board only reports packets whose CRC passed). Flashing current firmware makes this unnecessary
1790660911.922 INFO: Detected new BTLE device 48:65:C4:62:20:A6
1790660911.935 INFO: Detected new BTLE device 30:46:0B:4A:2F:C2
1790660913.385 INFO: Detected new BTLE device C9:DD:AA:AC:0F:01
1790660917.015 INFO: Detected new BTLE device F4:DD:06:5E:7E:19
1790660922.025 INFO: Detected new BTLE device 48:9E:9D:9E:42:7C tcl_AC_t*ap_szkt
1790660944.458 ERROR: Data source 'esp32c5btle-ttyACM2 / esp32c5btle-ttyACM2' ('esp32c5btle-ttyACM2') encountered an error: websocket connection closed
1790660947.754 INFO: Matching new remote source 'esp32c5btle-ttyACM2' with known source with UUID 'E5C50003-0000-0000-0000-3844BEBFD80C'
1790660947.764 INFO: Remote source esp32c5btle-ttyACM2 (E5C50003-0000-0000-0000-3844BEBFD80C) reconnected
1790660947.764 INFO: esp32c5btle-ttyACM2 - /dev/ttyACM2 opened
1790660948.623 INFO: esp32c5btle-ttyACM2 - /dev/ttyACM2 capturing
1790660948.678 INFO: esp32c5btle-ttyACM2 - esp32c5btle-ttyACM2: the board's firmware does not mark BTLE packets as CRC checked, so Kismet would drop them; the helper fills in the CRC and the flags (the board only reports packets whose CRC passed). Flashing current firmware makes this unnecessary
1790660985.556 ERROR: Data source 'esp32c5btle-ttyACM2 / esp32c5btle-ttyACM2' ('esp32c5btle-ttyACM2') encountered an error: websocket connection closed
1790660988.630 INFO: Matching new remote source 'esp32c5btle-ttyACM2' with known source with UUID 'E5C50003-0000-0000-0000-3844BEBFD80C'
1790660988.635 INFO: Remote source esp32c5btle-ttyACM2 (E5C50003-0000-0000-0000-3844BEBFD80C) reconnected
1790660993.701 INFO: esp32c5btle-ttyACM2 - esp32c5btle-ttyACM2 capturing (btle)
1790660993.702 INFO: esp32c5btle-ttyACM2 - esp32c5btle-ttyACM2: the board's firmware does not mark BTLE packets as CRC checked, so Kismet would drop them; the helper fills in the CRC and the flags (the board only reports packets whose CRC passed). Flashing current firmware makes this unnecessary
1790661026.639 ERROR: Data source 'esp32c5btle-ttyACM2 / esp32c5btle-ttyACM2' ('esp32c5btle-ttyACM2') encountered an error: websocket connection closed
1790661029.906 INFO: Matching new remote source 'esp32c5btle-ttyACM2' with known source with UUID 'E5C50003-0000-0000-0000-3844BEBFD80C'
1790661029.916 INFO: Remote source esp32c5btle-ttyACM2 (E5C50003-0000-0000-0000-3844BEBFD80C) reconnected
1790661029.916 INFO: esp32c5btle-ttyACM2 - /dev/ttyACM2 opened
1790661030.740 INFO: esp32c5btle-ttyACM2 - /dev/ttyACM2 capturing
1790661030.846 INFO: esp32c5btle-ttyACM2 - esp32c5btle-ttyACM2: the board's firmware does not mark BTLE packets as CRC checked, so Kismet would drop them; the helper fills in the CRC and the flags (the board only reports packets whose CRC passed). Flashing current firmware makes this unnecessary
1790661067.738 ERROR: Data source 'esp32c5btle-ttyACM2 / esp32c5btle-ttyACM2' ('esp32c5btle-ttyACM2') encountered an error: websocket connection closed
1790661070.947 
1790661070.948 *** KISMET IS SHUTTING DOWN ***
1790661070.948 Shutting down plugins...
1790661070.948 WARNING: Kismet changes the configuration of network devices.
1790661070.948          In most cases you will need to restart networking for
1790661070.948          your interface (varies per distribution and OS), but 
1790661070.948          typically one of:
1790661070.948          sudo service networking restart
1790661070.948          sudo /etc/init.d/networking restart
1790661070.948          or
1790661070.948          nmcli device set [device] managed true
1790661070.948 
1790661070.948 Kismet exiting.
1790661070.948 EXITING: Signal service thread complete.
1790661070.953 KISMET_EXIT=0
