1790660410.217 INFO: Including sub-config file: /home/osh/kismet-install/etc/kismet_httpd.conf
1790660410.218 INFO: Including sub-config file: /home/osh/kismet-install/etc/kismet_memory.conf
1790660410.218 INFO: Including sub-config file: /home/osh/kismet-install/etc/kismet_alerts.conf
1790660410.218 INFO: Including sub-config file: /home/osh/kismet-install/etc/kismet_80211.conf
1790660410.218 INFO: Including sub-config file: /home/osh/kismet-install/etc/kismet_logging.conf
1790660410.218 INFO: Including sub-config file: /home/osh/kismet-install/etc/kismet_filter.conf
1790660410.218 INFO: Including sub-config file: /home/osh/kismet-install/etc/kismet_uav.conf
1790660410.218 INFO: Loading config override file '/home/osh/kismet-install/etc/kismet_package.conf'
1790660410.218 INFO: Optional sub-config file not present: /home/osh/kismet-install/etc/kismet_package.conf
1790660410.218 INFO: Loading config override file '/home/osh/kismet-install/etc/kismet_site.conf'
1790660410.218 INFO: Optional sub-config file not present: /home/osh/kismet-install/etc/kismet_site.conf
1790660410.218 INFO: Generated server UUID 3C23DCCE-BBC8-11F1-9F63-4B49534D4554 and storing in /tmp/hw2/f10b/.kismet//kismet_server_id.conf
1790660410.218 INFO: Setting server UUID 3C23DCCE-BBC8-11F1-9F63-4B49534D4554
1790660410.218 INFO: Starting Beast webserver on 0.0.0.0:2501
1790660410.218 INFO: Opened OUI file '/home/osh/kismet-install/share/kismet/kismet_manuf.txt.gz
1790660410.218 INFO: Indexing manufacturer db
1790660410.220 INFO: Completed indexing manufacturer db, 38959 lines and 780 indexes.
1790660410.227 INFO: Saving devices to the Kismet database log every 30 seconds
1790660410.232 INFO: Using default rates of 10/min, 1/sec for alert 'DEVICEFOUND'
1790660410.232 INFO: Using default rates of 10/min, 1/sec for alert 'DEVICELOST'
1790660410.232 INFO: Registering support for DLT_PPI packet header decoding
1790660410.232 INFO: Registering support for DLT_RADIOTAP packet header decoding
1790660410.232 INFO: Registering support for DLT_BTLE_RADIO packet header decoding
1790660410.235 INFO: Using default rates of 10/min, 1/sec for alert 'BADFIXLENIE'
1790660410.236 INFO: PHY80211 will only process AP signal levels from beacons
1790660410.236 INFO: Allowing Kismet clients to view WEP keys
1790660410.237 DEBUG: ssid canary FooCanary:ssid="FoobarCanary"
1790660410.237 DEBUG: ssid canary FooCanart2:ssid="(?i:foobarcanary)"
1790660410.237 INFO: Keeping EAPOL packets in memory for easy download and WIDS functionality; this can use more RAM.
1790660410.239 INFO: Registered PHY handler 'IEEE802.11' as ID 0
1790660410.241 INFO: Registered PHY handler 'RFSENSOR' as ID 1
1790660410.242 INFO: Registered PHY handler 'Z-Wave' as ID 2
1790660410.243 INFO: Registered PHY handler 'Bluetooth' as ID 3
1790660410.243 DEBUG: reserve_fields home id 538 app id 539
1790660410.246 INFO: Registered PHY handler 'UAV' as ID 4
1790660410.247 INFO: Registered PHY handler 'NrfMousejack' as ID 5
1790660410.247 ERROR: Tried to re-register duplicate alert FLIPPERZERO
1790660410.248 INFO: Registered PHY handler 'BTLE' as ID 6
1790660410.249 INFO: Registered PHY handler 'METER' as ID 7
1790660410.249 INFO: Indexing ADSB ICAO db
1790660410.508 INFO: Completed indexing ADSB ICAO db, 341068 lines 6822 indexes
1790660410.510 INFO: Registered PHY handler 'ADSB' as ID 8
1790660410.511 INFO: Registered PHY handler '802.15.4' as ID 9
1790660410.512 INFO: Registered PHY handler 'RADIATION' as ID 10
1790660410.518 INFO: (HTTPD) Could not read session data file, skipping loading saved sessions.
1790660410.518 INFO: Serving static file content from /home/osh/kismet-install/share/kismet/httpd/
1790660410.519 INFO: Enabling channel hopping by default on sources which support channel control.
1790660410.519 INFO: Setting default channel hop rate to 5/sec
1790660410.519 INFO: Enabling channel list splitting on sources which share the same list of channels
1790660410.519 INFO: Enabling channel list shuffling to optimize overlaps
1790660410.519 INFO: Sources will be re-opened if they encounter an error
1790660410.519 INFO: Saving datasources to the Kismet database log every 30 seconds
1790660410.519 INFO: Launching remote capture server on 127.0.0.1 3501
1790660410.522 INFO: Data sources passed on the command line (via -c source), ignoring source= definitions in the Kismet config file.
1790660410.522 INFO: Probing interface 'esp32c5btle-ttyACM2' to find datasource type
1790660410.523 ALERT: LOGDISABLED Logging has been disabled via the Kismet config files or the command line.  Pcap, database, and related logs will not be saved.
1790660410.524 INFO: Logging disabled, not enabling any log drivers.
1790660410.524 INFO: GPS track will be logged to the Kismet logfile
1790660410.525 INFO: Starting Kismet web server...
1790660410.525 INFO: HTTP server listening on 0.0.0.0:2501
1790660410.527 INFO: Could not open system plugin directory (/home/osh/kismet-install/lib/kismet/), skipping: No such file or directory
1790660410.527 INFO: Did not find a user plugin directory (/tmp/hw2/f10b/.kismet//plugins/), skipping: No such file or directory
1790660410.608 interface: esp32c5btle-ttyACM2
1790660410.617 INFO: Found type 'esp32c5' for 'esp32c5btle-ttyACM2'
1790660410.637 INFO: Data source 'esp32c5btle-ttyACM2' launched successfully
1790660412.137 INFO: esp32c5btle-ttyACM2 capturing (btle)
1790660412.137 INFO: esp32c5btle-ttyACM2: the board's firmware does not mark BTLE packets as CRC checked, so Kismet would drop them; the helper fills in the CRC and the flags (the board only reports packets whose CRC passed). Flashing current firmware makes this unnecessary
1790660412.149 INFO: Detected new BTLE device F4:DD:06:5E:7E:19
1790660412.154 INFO: Detected new BTLE device 22:F0:55:F2:82:F8
1790660412.160 INFO: Detected new BTLE device 20:F1:B2:B9:E5:33
1790660412.165 INFO: Detected new BTLE device 12:34:50:13:07:FF
1790660412.640 INFO: Detected new BTLE device 48:9E:9D:9E:42:7C tcl_AC_t*ap_szkt
1790660412.642 INFO: Detected new BTLE device 5B:33:F4:16:B0:AB
1790660413.145 INFO: Detected new BTLE device 46:B8:B8:58:87:07
1790660414.145 INFO: Detected new BTLE device E3:10:E7:47:AB:E6
1790660414.145 INFO: Detected new BTLE device E4:65:7C:21:20:32
1790660414.650 INFO: Detected new BTLE device BC:04:35:F5:E5:85 net
1790660424.529 INFO: Detected new BTLE device 6A:EC:57:C1:6D:0D
1790660445.513 INFO: Detected new BTLE device 7B:A9:3C:60:39:B6
1790660470.531 INFO: Detected new BTLE device 40:EB:6D:F6:C6:EE
1790660502.044 
1790660502.044 *** KISMET IS SHUTTING DOWN ***
1790660502.044 Shutting down plugins...
1790660502.044 WARNING: Kismet changes the configuration of network devices.
1790660502.044          In most cases you will need to restart networking for
1790660502.044          your interface (varies per distribution and OS), but 
1790660502.044          typically one of:
1790660502.044          sudo service networking restart
1790660502.044          sudo /etc/init.d/networking restart
1790660502.044          or
1790660502.044          nmcli device set [device] managed true
1790660502.044 
1790660502.044 Kismet exiting.
1790660502.044 EXITING: Signal service thread complete.
1790660502.049 KISMET_EXIT=0
