1790660533.651 INFO: Including sub-config file: /home/osh/kismet-install/etc/kismet_httpd.conf
1790660533.651 INFO: Including sub-config file: /home/osh/kismet-install/etc/kismet_memory.conf
1790660533.651 INFO: Including sub-config file: /home/osh/kismet-install/etc/kismet_alerts.conf
1790660533.651 INFO: Including sub-config file: /home/osh/kismet-install/etc/kismet_80211.conf
1790660533.651 INFO: Including sub-config file: /home/osh/kismet-install/etc/kismet_logging.conf
1790660533.651 INFO: Including sub-config file: /home/osh/kismet-install/etc/kismet_filter.conf
1790660533.651 INFO: Including sub-config file: /home/osh/kismet-install/etc/kismet_uav.conf
1790660533.651 INFO: Loading config override file '/home/osh/kismet-install/etc/kismet_package.conf'
1790660533.651 INFO: Optional sub-config file not present: /home/osh/kismet-install/etc/kismet_package.conf
1790660533.651 INFO: Loading config override file '/home/osh/kismet-install/etc/kismet_site.conf'
1790660533.651 INFO: Optional sub-config file not present: /home/osh/kismet-install/etc/kismet_site.conf
1790660533.651 INFO: Generated server UUID 85B54A08-BBC8-11F1-9F21-4B49534D4554 and storing in /tmp/hw2/f10rb/.kismet//kismet_server_id.conf
1790660533.651 INFO: Setting server UUID 85B54A08-BBC8-11F1-9F21-4B49534D4554
1790660533.651 INFO: Starting Beast webserver on 0.0.0.0:2501
1790660533.651 INFO: Opened OUI file '/home/osh/kismet-install/share/kismet/kismet_manuf.txt.gz
1790660533.651 INFO: Indexing manufacturer db
1790660533.657 INFO: Completed indexing manufacturer db, 38959 lines and 780 indexes.
1790660533.668 INFO: Saving devices to the Kismet database log every 30 seconds
1790660533.673 INFO: Using default rates of 10/min, 1/sec for alert 'DEVICEFOUND'
1790660533.673 INFO: Using default rates of 10/min, 1/sec for alert 'DEVICELOST'
1790660533.673 INFO: Registering support for DLT_PPI packet header decoding
1790660533.673 INFO: Registering support for DLT_RADIOTAP packet header decoding
1790660533.673 INFO: Registering support for DLT_BTLE_RADIO packet header decoding
1790660533.676 INFO: Using default rates of 10/min, 1/sec for alert 'BADFIXLENIE'
1790660533.677 INFO: PHY80211 will only process AP signal levels from beacons
1790660533.677 INFO: Allowing Kismet clients to view WEP keys
1790660533.678 DEBUG: ssid canary FooCanary:ssid="FoobarCanary"
1790660533.678 DEBUG: ssid canary FooCanart2:ssid="(?i:foobarcanary)"
1790660533.678 INFO: Keeping EAPOL packets in memory for easy download and WIDS functionality; this can use more RAM.
1790660533.680 INFO: Registered PHY handler 'IEEE802.11' as ID 0
1790660533.682 INFO: Registered PHY handler 'RFSENSOR' as ID 1
1790660533.683 INFO: Registered PHY handler 'Z-Wave' as ID 2
1790660533.684 INFO: Registered PHY handler 'Bluetooth' as ID 3
1790660533.684 DEBUG: reserve_fields home id 538 app id 539
1790660533.687 INFO: Registered PHY handler 'UAV' as ID 4
1790660533.688 INFO: Registered PHY handler 'NrfMousejack' as ID 5
1790660533.688 ERROR: Tried to re-register duplicate alert FLIPPERZERO
1790660533.689 INFO: Registered PHY handler 'BTLE' as ID 6
1790660533.690 INFO: Registered PHY handler 'METER' as ID 7
1790660533.690 INFO: Indexing ADSB ICAO db
1790660533.953 INFO: Completed indexing ADSB ICAO db, 341068 lines 6822 indexes
1790660533.955 INFO: Registered PHY handler 'ADSB' as ID 8
1790660533.956 INFO: Registered PHY handler '802.15.4' as ID 9
1790660533.957 INFO: Registered PHY handler 'RADIATION' as ID 10
1790660533.962 INFO: (HTTPD) Could not read session data file, skipping loading saved sessions.
1790660533.962 INFO: Serving static file content from /home/osh/kismet-install/share/kismet/httpd/
1790660533.963 INFO: Enabling channel hopping by default on sources which support channel control.
1790660533.963 INFO: Setting default channel hop rate to 5/sec
1790660533.963 INFO: Enabling channel list splitting on sources which share the same list of channels
1790660533.963 INFO: Enabling channel list shuffling to optimize overlaps
1790660533.963 INFO: Sources will be re-opened if they encounter an error
1790660533.963 INFO: Saving datasources to the Kismet database log every 30 seconds
1790660533.964 INFO: Launching remote capture server on 127.0.0.1 3501
1790660533.966 INFO: No data sources defined; Kismet will not capture anything until a source is added.
1790660533.967 ALERT: LOGDISABLED Logging has been disabled via the Kismet config files or the command line.  Pcap, database, and related logs will not be saved.
1790660533.967 INFO: Logging disabled, not enabling any log drivers.
1790660533.967 INFO: GPS track will be logged to the Kismet logfile
1790660533.969 INFO: Starting Kismet web server...
1790660533.969 INFO: HTTP server listening on 0.0.0.0:2501
1790660533.970 INFO: Could not open system plugin directory (/home/osh/kismet-install/lib/kismet/), skipping: No such file or directory
1790660533.970 INFO: Did not find a user plugin directory (/tmp/hw2/f10rb/.kismet//plugins/), skipping: No such file or directory
1790660534.267 INFO: New remote source esp32c5btle-ttyACM2 (E5C50003-0000-0000-0000-3844BEBFD80C) connected
1790660539.601 INFO: esp32c5btle-ttyACM2 - esp32c5btle-ttyACM2 capturing (btle)
1790660539.602 INFO: esp32c5btle-ttyACM2 - esp32c5btle-ttyACM2: the board's firmware does not mark BTLE packets as CRC checked, so Kismet would drop them; the helper fills in the CRC and the flags (the board only reports packets whose CRC passed). Flashing current firmware makes this unnecessary
1790660539.623 INFO: Detected new BTLE device 48:9E:9D:9E:42:7C tcl_AC_t*ap_szkt
1790660539.637 INFO: Detected new BTLE device 30:46:0B:4A:2F:C2
1790660539.650 INFO: Detected new BTLE device F4:DD:06:5E:7E:19
1790660539.665 INFO: Detected new BTLE device 6A:EC:57:C1:6D:0D
1790660539.677 INFO: Detected new BTLE device 20:F1:B2:B9:E5:33
1790660539.677 INFO: Detected new BTLE device 12:34:50:13:07:FF
1790660539.688 INFO: Detected new BTLE device BC:04:35:F5:E5:85 net
1790660539.692 INFO: Detected new BTLE device E3:10:E7:47:AB:E6
1790660539.707 INFO: Detected new BTLE device 7B:A9:3C:60:39:B6
1790660539.715 INFO: Detected new BTLE device E4:65:7C:21:20:32
1790660544.935 INFO: Detected new BTLE device 29:76:CD:46:66:FC
1790660575.022 INFO: Detected new BTLE device FC:10:B8:E8:FC:45
1790660575.382 ERROR: Data source 'esp32c5btle-ttyACM2 / esp32c5btle-ttyACM2' ('esp32c5btle-ttyACM2') encountered an error: websocket connection closed
1790660578.655 INFO: Matching new remote source 'esp32c5btle-ttyACM2' with known source with UUID 'E5C50003-0000-0000-0000-3844BEBFD80C'
1790660578.662 INFO: Remote source esp32c5btle-ttyACM2 (E5C50003-0000-0000-0000-3844BEBFD80C) reconnected
1790660578.662 INFO: esp32c5btle-ttyACM2 - /dev/ttyACM2 opened
1790660579.521 INFO: esp32c5btle-ttyACM2 - /dev/ttyACM2 capturing
1790660579.543 INFO: esp32c5btle-ttyACM2 - esp32c5btle-ttyACM2: the board's firmware does not mark BTLE packets as CRC checked, so Kismet would drop them; the helper fills in the CRC and the flags (the board only reports packets whose CRC passed). Flashing current firmware makes this unnecessary
1790660619.581 ERROR: Data source 'esp32c5btle-ttyACM2 / esp32c5btle-ttyACM2' ('esp32c5btle-ttyACM2') encountered an error: websocket connection closed
1790660619.987 
1790660619.988 *** KISMET IS SHUTTING DOWN ***
1790660619.988 Shutting down plugins...
1790660619.988 WARNING: Kismet changes the configuration of network devices.
1790660619.988          In most cases you will need to restart networking for
1790660619.988          your interface (varies per distribution and OS), but 
1790660619.988          typically one of:
1790660619.988          sudo service networking restart
1790660619.988          sudo /etc/init.d/networking restart
1790660619.988          or
1790660619.988          nmcli device set [device] managed true
1790660619.988 
1790660619.988 Kismet exiting.
1790660619.988 EXITING: Signal service thread complete.
1790660619.993 KISMET_EXIT=0
