kismet up after 0.64 s pid 295966 home /tmp/hw2/f10rb
esp32c5btle-ttyACM2          run=1 err=0 rem=1 pkts=1007    ch=37   hop=1 rate=5 off=0 nch=1 pid=0 uuid=E5C50003-0000-0000-0000-3844BEBFD80C hw=Espressif USB-Serial-JTAG (38:44:BE:BF:D8:0C) capif=esp32c5-ttyACM2 reason=
{"BTLE": 12}
C helper exit=143
esp32c5btle-ttyACM2          run=1 err=0 rem=1 pkts=1766    ch=37   hop=1 rate=5 off=0 nch=1 pid=0 uuid=E5C50003-0000-0000-0000-3844BEBFD80C hw=Espressif USB-Serial-JTAG (38:44:BE:BF:D8:0C) capif=/dev/ttyACM2 reason=websocket connection closed
{"BTLE": 12}
Python helper exit=0
stopped
### kismet log (filtered)
1790660533.688 ERROR: Tried to re-register duplicate alert FLIPPERZERO
1790660533.963 INFO: Sources will be re-opened if they encounter an error
1790660533.964 INFO: Launching remote capture server on 127.0.0.1 3501
1790660534.267 INFO: New remote source esp32c5btle-ttyACM2 (E5C50003-0000-0000-0000-3844BEBFD80C) connected
1790660539.601 INFO: esp32c5btle-ttyACM2 - esp32c5btle-ttyACM2 capturing (btle)
1790660539.602 INFO: esp32c5btle-ttyACM2 - esp32c5btle-ttyACM2: the board's firmware does not mark BTLE packets as CRC checked, so Kismet would drop them; the helper fills in the CRC and the flags (the board only reports packets whose CRC passed). Flashing current firmware makes this unnecessary
1790660575.382 ERROR: Data source 'esp32c5btle-ttyACM2 / esp32c5btle-ttyACM2' ('esp32c5btle-ttyACM2') encountered an error: websocket connection closed
1790660578.655 INFO: Matching new remote source 'esp32c5btle-ttyACM2' with known source with UUID 'E5C50003-0000-0000-0000-3844BEBFD80C'
1790660578.662 INFO: Remote source esp32c5btle-ttyACM2 (E5C50003-0000-0000-0000-3844BEBFD80C) reconnected
1790660578.662 INFO: esp32c5btle-ttyACM2 - /dev/ttyACM2 opened
1790660579.521 INFO: esp32c5btle-ttyACM2 - /dev/ttyACM2 capturing
1790660579.543 INFO: esp32c5btle-ttyACM2 - esp32c5btle-ttyACM2: the board's firmware does not mark BTLE packets as CRC checked, so Kismet would drop them; the helper fills in the CRC and the flags (the board only reports packets whose CRC passed). Flashing current firmware makes this unnecessary
1790660619.581 ERROR: Data source 'esp32c5btle-ttyACM2 / esp32c5btle-ttyACM2' ('esp32c5btle-ttyACM2') encountered an error: websocket connection closed
### C helper log
INFO: 127.0.0.1:2501 starting capture...
### Python helper log
08:42:58 INFO: esp32c5btle-ttyACM2: connected, offering it to Kismet as E5C50003-0000-0000-0000-3844BEBFD80C
08:42:58 INFO: esp32c5btle-ttyACM2: opening /dev/ttyACM2 for btle
08:42:58 INFO: /dev/ttyACM2 opened
08:42:59 INFO: /dev/ttyACM2 capturing
08:42:59 INFO: esp32c5btle-ttyACM2: the board's firmware does not mark BTLE packets as CRC checked, so Kismet would drop them; the helper fills in the CRC and the flags (the board only reports packets whose CRC passed). Flashing current firmware makes this unnecessary
08:43:39 INFO: stopping
08:43:39 INFO: esp32c5btle-ttyACM2: connection ended: stopped
### c pcapng
pcapng [{'linktype': 256, 'name': 'esp32c5btle-ttyACM2', 'desc': 'capture interface for esp32c5btle-ttyACM2'}] 1141
  if0/lt256 {'count': 1141, 'crc_ok': 1141, 'flags=0x0c13': 1141, 'pdu=0': 796, 'pdu=2': 345}
### py pcapng
pcapng [{'linktype': 256, 'name': 'esp32c5btle-ttyACM2', 'desc': 'capture interface for esp32c5btle-ttyACM2'}] 633
  if0/lt256 {'count': 633, 'crc_ok': 633, 'flags=0x0c13': 633, 'pdu=2': 348, 'pdu=0': 285}
