1790660266.736 INFO: Including sub-config file: /home/osh/kismet-install/etc/kismet_httpd.conf
1790660266.737 INFO: Including sub-config file: /home/osh/kismet-install/etc/kismet_memory.conf
1790660266.737 INFO: Including sub-config file: /home/osh/kismet-install/etc/kismet_alerts.conf
1790660266.737 INFO: Including sub-config file: /home/osh/kismet-install/etc/kismet_80211.conf
1790660266.737 INFO: Including sub-config file: /home/osh/kismet-install/etc/kismet_logging.conf
1790660266.737 INFO: Including sub-config file: /home/osh/kismet-install/etc/kismet_filter.conf
1790660266.737 INFO: Including sub-config file: /home/osh/kismet-install/etc/kismet_uav.conf
1790660266.737 INFO: Loading config override file '/home/osh/kismet-install/etc/kismet_package.conf'
1790660266.737 INFO: Optional sub-config file not present: /home/osh/kismet-install/etc/kismet_package.conf
1790660266.737 INFO: Loading config override file '/home/osh/kismet-install/etc/kismet_site.conf'
1790660266.737 INFO: Optional sub-config file not present: /home/osh/kismet-install/etc/kismet_site.conf
1790660266.737 INFO: Generated server UUID E69D2314-BBC7-11F1-BD0C-4B49534D4554 and storing in /tmp/hw2/f10w/.kismet//kismet_server_id.conf
1790660266.737 INFO: Setting server UUID E69D2314-BBC7-11F1-BD0C-4B49534D4554
1790660266.737 INFO: Starting Beast webserver on 0.0.0.0:2501
1790660266.737 INFO: Opened OUI file '/home/osh/kismet-install/share/kismet/kismet_manuf.txt.gz
1790660266.737 INFO: Indexing manufacturer db
1790660266.739 INFO: Completed indexing manufacturer db, 38959 lines and 780 indexes.
1790660266.746 INFO: Saving devices to the Kismet database log every 30 seconds
1790660266.751 INFO: Using default rates of 10/min, 1/sec for alert 'DEVICEFOUND'
1790660266.751 INFO: Using default rates of 10/min, 1/sec for alert 'DEVICELOST'
1790660266.751 INFO: Registering support for DLT_PPI packet header decoding
1790660266.751 INFO: Registering support for DLT_RADIOTAP packet header decoding
1790660266.751 INFO: Registering support for DLT_BTLE_RADIO packet header decoding
1790660266.754 INFO: Using default rates of 10/min, 1/sec for alert 'BADFIXLENIE'
1790660266.754 INFO: PHY80211 will only process AP signal levels from beacons
1790660266.754 INFO: Allowing Kismet clients to view WEP keys
1790660266.755 DEBUG: ssid canary FooCanary:ssid="FoobarCanary"
1790660266.755 DEBUG: ssid canary FooCanart2:ssid="(?i:foobarcanary)"
1790660266.755 INFO: Keeping EAPOL packets in memory for easy download and WIDS functionality; this can use more RAM.
1790660266.758 INFO: Registered PHY handler 'IEEE802.11' as ID 0
1790660266.759 INFO: Registered PHY handler 'RFSENSOR' as ID 1
1790660266.760 INFO: Registered PHY handler 'Z-Wave' as ID 2
1790660266.762 INFO: Registered PHY handler 'Bluetooth' as ID 3
1790660266.762 DEBUG: reserve_fields home id 538 app id 539
1790660266.764 INFO: Registered PHY handler 'UAV' as ID 4
1790660266.765 INFO: Registered PHY handler 'NrfMousejack' as ID 5
1790660266.765 ERROR: Tried to re-register duplicate alert FLIPPERZERO
1790660266.766 INFO: Registered PHY handler 'BTLE' as ID 6
1790660266.767 INFO: Registered PHY handler 'METER' as ID 7
1790660266.768 INFO: Indexing ADSB ICAO db
1790660267.028 INFO: Completed indexing ADSB ICAO db, 341068 lines 6822 indexes
1790660267.030 INFO: Registered PHY handler 'ADSB' as ID 8
1790660267.031 INFO: Registered PHY handler '802.15.4' as ID 9
1790660267.032 INFO: Registered PHY handler 'RADIATION' as ID 10
1790660267.038 INFO: (HTTPD) Could not read session data file, skipping loading saved sessions.
1790660267.038 INFO: Serving static file content from /home/osh/kismet-install/share/kismet/httpd/
1790660267.039 INFO: Enabling channel hopping by default on sources which support channel control.
1790660267.039 INFO: Setting default channel hop rate to 5/sec
1790660267.039 INFO: Enabling channel list splitting on sources which share the same list of channels
1790660267.039 INFO: Enabling channel list shuffling to optimize overlaps
1790660267.039 INFO: Sources will be re-opened if they encounter an error
1790660267.039 INFO: Saving datasources to the Kismet database log every 30 seconds
1790660267.039 INFO: Launching remote capture server on 127.0.0.1 3501
1790660267.042 INFO: Data sources passed on the command line (via -c source), ignoring source= definitions in the Kismet config file.
1790660267.042 INFO: Probing interface 'esp32c5-ttyACM2' to find datasource type
1790660267.043 ALERT: LOGDISABLED Logging has been disabled via the Kismet config files or the command line.  Pcap, database, and related logs will not be saved.
1790660267.043 INFO: Logging disabled, not enabling any log drivers.
1790660267.043 INFO: GPS track will be logged to the Kismet logfile
1790660267.045 INFO: Starting Kismet web server...
1790660267.045 INFO: HTTP server listening on 0.0.0.0:2501
1790660267.046 INFO: Could not open system plugin directory (/home/osh/kismet-install/lib/kismet/), skipping: No such file or directory
1790660267.046 INFO: Did not find a user plugin directory (/tmp/hw2/f10w/.kismet//plugins/), skipping: No such file or directory
1790660267.135 interface: esp32c5-ttyACM2
1790660267.143 INFO: Found type 'esp32c5' for 'esp32c5-ttyACM2'
1790660267.155 INFO: Data source 'esp32c5-ttyACM2' launched successfully
1790660268.656 INFO: esp32c5-ttyACM2 capturing (wifi)
1790660269.667 INFO: Detected new 802.11 Wi-Fi access point CA:C9:A3:4D:96:E7
1790660269.672 INFO: 802.11 Wi-Fi device CA:C9:A3:4D:96:E7 advertising new SSID 'ESP-4D96E7'
1790660269.680 INFO: Detected new 802.11 Wi-Fi access point FA:8F:CA:6C:D1:65
1790660269.681 INFO: 802.11 Wi-Fi device FA:8F:CA:6C:D1:65 advertising new SSID 'JBL Bar 5.1_0891.l025'
1790660269.688 INFO: Detected new 802.11 Wi-Fi device 78:EE:4C:85:50:35
1790660269.693 INFO: Detected new 802.11 Wi-Fi access point 00:B8:C2:B2:AE:57
1790660269.694 INFO: 802.11 Wi-Fi device 00:B8:C2:B2:AE:57 advertising new SSID 'Mor'
1790660270.160 INFO: Detected new 802.11 Wi-Fi access point 26:39:F1:AB:05:B2
1790660270.160 INFO: 802.11 Wi-Fi device 26:39:F1:AB:05:B2 advertising new SSID 'osvc-2'
1790660270.164 INFO: Detected new 802.11 Wi-Fi access point 94:E3:6D:81:A3:FF
1790660270.165 INFO: 802.11 Wi-Fi device 94:E3:6D:81:A3:FF advertising new SSID 'ELRSSID81A3FF'
1790660270.176 INFO: Detected new 802.11 Wi-Fi access point 46:AE:30:84:5A:16
1790660270.176 INFO: 802.11 Wi-Fi device 46:AE:30:84:5A:16 advertising a new cloaked SSID
1790660270.183 INFO: Detected new 802.11 Wi-Fi access point C8:70:23:73:DA:93
1790660270.183 INFO: 802.11 Wi-Fi device C8:70:23:73:DA:93 advertising new SSID 'cohen'
1790660270.185 INFO: Detected new 802.11 Wi-Fi access point 46:AE:30:84:36:22
1790660270.185 INFO: 802.11 Wi-Fi device 46:AE:30:84:36:22 advertising a new cloaked SSID
1790660270.674 INFO: Detected new 802.11 Wi-Fi device 42:A2:BA:65:29:F3
1790660270.674 INFO: Detected new 802.11 Wi-Fi device 38:8A:06:37:8E:2A
1790660270.674 INFO: Detected new 802.11 Wi-Fi device 94:83:C4:25:9E:39
1790660270.675 INFO: Detected new 802.11 Wi-Fi device A8:DB:03:42:DE:68
1790660270.677 INFO: 802.11 Wi-Fi device 42:A2:BA:65:29:F3 advertising new SSID 'osvc-52'
1790660271.666 INFO: Detected new 802.11 Wi-Fi device 4C:2E:5E:D5:FE:E9
1790660272.190 INFO: Detected new 802.11 Wi-Fi device 80:AF:CA:75:C2:23
1790660272.190 INFO: Detected new 802.11 Wi-Fi device 74:F8:DB:5D:D0:61
1790660274.206 INFO: Detected new 802.11 Wi-Fi access point 82:AF:CA:25:C2:23
1790660274.210 INFO: 802.11 Wi-Fi device 82:AF:CA:25:C2:23 advertising a new cloaked SSID
1790660274.212 INFO: 802.11 Wi-Fi device 80:AF:CA:75:C2:23 advertising new SSID 'Cudy-C223'
1790660274.231 INFO: Detected new 802.11 Wi-Fi access point 40:AE:30:84:34:B6
1790660274.231 INFO: 802.11 Wi-Fi device 40:AE:30:84:34:B6 advertising new SSID 'cohen42'
1790660274.233 INFO: Detected new 802.11 Wi-Fi access point 46:AE:30:84:34:B6
1790660274.233 INFO: 802.11 Wi-Fi device 46:AE:30:84:34:B6 advertising a new cloaked SSID
1790660276.229 INFO: Detected new 802.11 Wi-Fi device 8A:F8:CC:EE:87:D2
1790660276.229 INFO: Detected new 802.11 Wi-Fi device 1C:F4:3F:57:42:AC
1790660276.234 INFO: Detected new 802.11 Wi-Fi device 44:15:24:51:2C:9F
1790660276.239 INFO: Detected new 802.11 Wi-Fi access point 58:FC:20:1B:D9:D0
1790660276.240 INFO: 802.11 Wi-Fi device 58:FC:20:1B:D9:D0 advertising new SSID 'Sivan'
1790660276.246 INFO: Detected new 802.11 Wi-Fi access point 8A:D8:E5:C7:6A:15
1790660276.253 INFO: 802.11 Wi-Fi device 8A:D8:E5:C7:6A:15 advertising a new cloaked SSID
1790660276.256 INFO: Detected new 802.11 Wi-Fi device 8A:F8:CC:EE:87:D1
1790660276.257 INFO: 802.11 Wi-Fi device 8A:F8:CC:EE:87:D2 advertising a new cloaked SSID
1790660276.276 INFO: Detected new 802.11 Wi-Fi device 8A:D8:E5:C7:6A:16
1790660276.276 INFO: Detected new 802.11 Wi-Fi device D8:D8:E5:C7:AA:0B
1790660276.280 INFO: 802.11 Wi-Fi device 8A:D8:E5:C7:6A:16 advertising new SSID 'Dayan_SH'
1790660276.280 INFO: 802.11 Wi-Fi device 8A:F8:CC:EE:87:D1 advertising new SSID 'Alon'
1790660276.296 INFO: Detected new 802.11 Wi-Fi device 7A:D8:E5:CC:E8:6D
1790660276.708 INFO: Detected new 802.11 Wi-Fi access point 40:AE:30:84:36:22
1790660276.709 INFO: 802.11 Wi-Fi device 40:AE:30:84:36:22 advertising new SSID 'cohen42'
1790660276.725 INFO: Detected new 802.11 Wi-Fi device 20:15:DE:A1:04:FB
1790660276.729 INFO: Detected new 802.11 Wi-Fi access point 40:AE:30:84:5A:16
1790660276.730 INFO: 802.11 Wi-Fi device 40:AE:30:84:5A:16 advertising new SSID 'cohen42'
1790660278.204 INFO: 802.11 Wi-Fi device 00:B8:C2:B2:AE:57 advertising new SSID 'Mor'
1790660278.207 INFO: Detected new 802.11 Wi-Fi device 00:B8:C2:B2:AE:4E
1790660278.214 INFO: Detected new 802.11 Wi-Fi device 24:9E:7D:38:9F:74
1790660278.228 INFO: Detected new 802.11 Wi-Fi device B0:1F:47:10:E2:62
1790660278.725 INFO: Detected new 802.11 Wi-Fi access point 20:F1:B2:B9:E5:33
1790660278.726 INFO: 802.11 Wi-Fi device 20:F1:B2:B9:E5:33 advertising new SSID 'SmartLife-E533'
1790660278.728 INFO: Detected new 802.11 Wi-Fi device B0:1F:47:17:AF:4A
1790660278.735 INFO: Detected new 802.11 Wi-Fi device 40:AE:30:84:5A:14
1790660278.735 INFO: 802.11 Wi-Fi device 26:39:F1:AB:05:B2 advertising new SSID 'osvc-2'
1790660278.737 INFO: 802.11 Wi-Fi device C8:70:23:73:DA:93 advertising new SSID 'cohen'
1790660280.727 INFO: Detected new 802.11 Wi-Fi device FC:F5:C4:BE:0B:A5
1790660280.758 INFO: Detected new 802.11 Wi-Fi access point D0:CF:0E:85:DC:54
1790660280.759 INFO: 802.11 Wi-Fi device D0:CF:0E:85:DC:54 advertising new SSID 'Kobi'
1790660284.231 INFO: Detected new 802.11 Wi-Fi access point AA:42:A1:A2:27:77
1790660284.232 INFO: 802.11 Wi-Fi device AA:42:A1:A2:27:77 advertising a new cloaked SSID
1790660284.727 INFO: Detected new 802.11 Wi-Fi access point 62:D5:ED:42:0F:E1
1790660284.728 INFO: 802.11 Wi-Fi device 62:D5:ED:42:0F:E1 advertising new SSID 'MEIRAV'
1790660284.731 INFO: Detected new 802.11 Wi-Fi device AA:42:A1:05:68:CE
1790660284.735 INFO: Detected new 802.11 Wi-Fi device 40:AE:30:84:34:B4
1790660286.722 INFO: Detected new 802.11 Wi-Fi access point F4:5E:AB:98:45:A6
1790660286.723 INFO: 802.11 Wi-Fi device F4:5E:AB:98:45:A6 advertising new SSID 'WiFiER9845a6'
1790660286.740 INFO: Detected new 802.11 Wi-Fi device 38:1F:8D:B5:01:4D
1790660290.824 INFO: Detected new 802.11 Wi-Fi access point E4:5F:01:FB:C9:C2
1790660290.825 INFO: 802.11 Wi-Fi device E4:5F:01:FB:C9:C2 advertising new SSID 'Volumio-855A1'
1790660292.905 INFO: Detected new 802.11 Wi-Fi device F0:35:75:F4:3E:C5
1790660292.937 INFO: Detected new 802.11 Wi-Fi access point DA:D8:E5:C7:6A:14
1790660292.938 INFO: 802.11 Wi-Fi device DA:D8:E5:C7:6A:14 advertising new SSID 'Dayan'
1790660292.942 INFO: Detected new 802.11 Wi-Fi device D8:D8:E5:CC:28:6B
1790660292.945 INFO: Detected new 802.11 Wi-Fi access point 62:D5:ED:42:0F:E2
1790660292.945 INFO: 802.11 Wi-Fi device 62:D5:ED:42:0F:E2 advertising a new cloaked SSID
1790660292.960 INFO: Detected new 802.11 Wi-Fi device 80:BE:AF:D7:03:8F
1790660297.503 INFO: Detected new 802.11 Wi-Fi access point 62:D5:ED:36:4B:01
1790660297.504 INFO: 802.11 Wi-Fi device 62:D5:ED:36:4B:01 advertising new SSID 'Ruti'
1790660297.509 INFO: Detected new 802.11 Wi-Fi access point A2:B5:3C:B0:C9:8E
1790660297.510 INFO: 802.11 Wi-Fi device A2:B5:3C:B0:C9:8E advertising a new cloaked SSID
1790660299.505 INFO: 802.11 Wi-Fi device 40:AE:30:84:34:B6 advertising new SSID 'cohen42'
1790660299.507 INFO: Detected new 802.11 Wi-Fi device D8:D8:E5:B0:E8:E6
1790660299.511 INFO: 802.11 Wi-Fi device 40:AE:30:84:5A:16 advertising new SSID 'cohen42'
1790660301.527 INFO: Detected new 802.11 Wi-Fi device 48:3F:DA:2A:CB:EC
1790660301.534 INFO: 802.11 Wi-Fi device 7A:D8:E5:CC:E8:6D advertising new SSID 'Dayan'
1790660304.116 INFO: Detected new 802.11 Wi-Fi device 1C:4D:89:65:18:2A
1790660304.605 INFO: Detected new 802.11 Wi-Fi device E4:5F:01:49:99:3F
1790660305.608 INFO: Detected new 802.11 Wi-Fi device 26:0F:3A:39:A0:2F
1790660307.609 INFO: Detected new 802.11 Wi-Fi device 60:D8:A4:20:6E:F0
1790660309.610 INFO: Detected new 802.11 Wi-Fi device 9C:24:72:8F:57:2B
1790660309.626 INFO: Detected new 802.11 Wi-Fi device 16:EB:D3:54:DE:DC
1790660309.644 INFO: Detected new 802.11 Wi-Fi device A8:42:A1:B2:27:77
1790660309.644 INFO: Detected new 802.11 Wi-Fi device D4:E8:53:00:37:6A
1790660309.647 INFO: Detected new 802.11 Wi-Fi device 60:D8:A4:DB:9E:9B
1790660309.659 INFO: Detected new 802.11 Wi-Fi device 04:7E:4A:3C:7F:DB
1790660309.660 INFO: Detected new 802.11 Wi-Fi device 8A:D8:E5:C7:6A:0D
1790660310.119 INFO: Detected new 802.11 Wi-Fi device 04:03:12:27:F2:76
1790660317.556 
1790660317.556 *** KISMET IS SHUTTING DOWN ***
1790660317.556 Shutting down plugins...
1790660317.556 WARNING: Kismet changes the configuration of network devices.
1790660317.556          In most cases you will need to restart networking for
1790660317.556          your interface (varies per distribution and OS), but 
1790660317.556          typically one of:
1790660317.556          sudo service networking restart
1790660317.556          sudo /etc/init.d/networking restart
1790660317.556          or
1790660317.556          nmcli device set [device] managed true
1790660317.556 
1790660317.556 Kismet exiting.
1790660317.556 EXITING: Signal service thread complete.
1790660317.561 KISMET_EXIT=0
