kismet up after 0.64 s pid 292971 home /tmp/hw2/f10w
esp32c5-ttyACM2              run=1 err=0 rem=0 pkts=792     ch=6    hop=1 rate=5 off=0 nch=42 pid=293022 uuid=E5C50001-0000-0000-0000-3844BEBFD80C hw=Espressif USB-Serial-JTAG (38:44:BE:BF:D8:0C) capif=esp32c5-ttyACM2 reason=
{"IEEE802.11": 67}
stopped
--- log (t relative to kismet start)
  0.363 INFO: Probing interface 'esp32c5-ttyACM2' to find datasource type
  0.456 interface: esp32c5-ttyACM2
  0.464 INFO: Found type 'esp32c5' for 'esp32c5-ttyACM2'
  0.476 INFO: Data source 'esp32c5-ttyACM2' launched successfully
  1.977 INFO: esp32c5-ttyACM2 capturing (wifi)
  2.993 INFO: 802.11 Wi-Fi device CA:C9:A3:4D:96:E7 advertising new SSID 'ESP-4D96E7'
  3.002 INFO: 802.11 Wi-Fi device FA:8F:CA:6C:D1:65 advertising new SSID 'JBL Bar 5.1_0891.l025'
  3.015 INFO: 802.11 Wi-Fi device 00:B8:C2:B2:AE:57 advertising new SSID 'Mor'
  3.481 INFO: 802.11 Wi-Fi device 26:39:F1:AB:05:B2 advertising new SSID 'osvc-2'
  3.486 INFO: 802.11 Wi-Fi device 94:E3:6D:81:A3:FF advertising new SSID 'ELRSSID81A3FF'
  3.497 INFO: 802.11 Wi-Fi device 46:AE:30:84:5A:16 advertising a new cloaked SSID
  3.504 INFO: 802.11 Wi-Fi device C8:70:23:73:DA:93 advertising new SSID 'cohen'
  3.506 INFO: 802.11 Wi-Fi device 46:AE:30:84:36:22 advertising a new cloaked SSID
  3.998 INFO: 802.11 Wi-Fi device 42:A2:BA:65:29:F3 advertising new SSID 'osvc-52'
  7.531 INFO: 802.11 Wi-Fi device 82:AF:CA:25:C2:23 advertising a new cloaked SSID
  7.533 INFO: 802.11 Wi-Fi device 80:AF:CA:75:C2:23 advertising new SSID 'Cudy-C223'
  7.552 INFO: 802.11 Wi-Fi device 40:AE:30:84:34:B6 advertising new SSID 'cohen42'
  7.554 INFO: 802.11 Wi-Fi device 46:AE:30:84:34:B6 advertising a new cloaked SSID
  9.561 INFO: 802.11 Wi-Fi device 58:FC:20:1B:D9:D0 advertising new SSID 'Sivan'
  9.574 INFO: 802.11 Wi-Fi device 8A:D8:E5:C7:6A:15 advertising a new cloaked SSID
  9.578 INFO: 802.11 Wi-Fi device 8A:F8:CC:EE:87:D2 advertising a new cloaked SSID
  9.601 INFO: 802.11 Wi-Fi device 8A:D8:E5:C7:6A:16 advertising new SSID 'Dayan_SH'
  9.601 INFO: 802.11 Wi-Fi device 8A:F8:CC:EE:87:D1 advertising new SSID 'Alon'
 10.030 INFO: 802.11 Wi-Fi device 40:AE:30:84:36:22 advertising new SSID 'cohen42'
 10.051 INFO: 802.11 Wi-Fi device 40:AE:30:84:5A:16 advertising new SSID 'cohen42'
 11.525 INFO: 802.11 Wi-Fi device 00:B8:C2:B2:AE:57 advertising new SSID 'Mor'
 12.047 INFO: 802.11 Wi-Fi device 20:F1:B2:B9:E5:33 advertising new SSID 'SmartLife-E533'
 12.056 INFO: 802.11 Wi-Fi device 26:39:F1:AB:05:B2 advertising new SSID 'osvc-2'
 12.058 INFO: 802.11 Wi-Fi device C8:70:23:73:DA:93 advertising new SSID 'cohen'
 14.080 INFO: 802.11 Wi-Fi device D0:CF:0E:85:DC:54 advertising new SSID 'Kobi'
 17.553 INFO: 802.11 Wi-Fi device AA:42:A1:A2:27:77 advertising a new cloaked SSID
 18.049 INFO: 802.11 Wi-Fi device 62:D5:ED:42:0F:E1 advertising new SSID 'MEIRAV'
 20.044 INFO: 802.11 Wi-Fi device F4:5E:AB:98:45:A6 advertising new SSID 'WiFiER9845a6'
 24.146 INFO: 802.11 Wi-Fi device E4:5F:01:FB:C9:C2 advertising new SSID 'Volumio-855A1'
 26.259 INFO: 802.11 Wi-Fi device DA:D8:E5:C7:6A:14 advertising new SSID 'Dayan'
 26.266 INFO: 802.11 Wi-Fi device 62:D5:ED:42:0F:E2 advertising a new cloaked SSID
 30.825 INFO: 802.11 Wi-Fi device 62:D5:ED:36:4B:01 advertising new SSID 'Ruti'
 30.831 INFO: 802.11 Wi-Fi device A2:B5:3C:B0:C9:8E advertising a new cloaked SSID
 32.826 INFO: 802.11 Wi-Fi device 40:AE:30:84:34:B6 advertising new SSID 'cohen42'
 32.832 INFO: 802.11 Wi-Fi device 40:AE:30:84:5A:16 advertising new SSID 'cohen42'
 34.855 INFO: 802.11 Wi-Fi device 7A:D8:E5:CC:E8:6D advertising new SSID 'Dayan'
 50.882 KISMET_EXIT=0
--- poll: 90 samples
esp32c5-ttyACM2              first running 0.79, first packet 2.29, last pkts 771, error samples 0, not-running samples 0, channel values {'6': 90}
pcapng [{'linktype': 127, 'name': 'esp32c5-ttyACM2'}] 824
  if0/lt127 {'count': 824, 'freq=2452': 186, 'freq=2437': 108, 'freq=2412': 107, 'freq=2417': 88, 'freq=5240': 81, 'freq=5220': 55, 'freq=5180': 45, 'freq=2457': 43, 'freq=2447': 34, 'freq=2427': 31, 'freq=2422': 15, 'freq=2442': 10, 'freq=2472': 6}
