1790660332.416 INFO: Including sub-config file: /home/osh/kismet-install/etc/kismet_httpd.conf
1790660332.416 INFO: Including sub-config file: /home/osh/kismet-install/etc/kismet_memory.conf
1790660332.416 INFO: Including sub-config file: /home/osh/kismet-install/etc/kismet_alerts.conf
1790660332.416 INFO: Including sub-config file: /home/osh/kismet-install/etc/kismet_80211.conf
1790660332.416 INFO: Including sub-config file: /home/osh/kismet-install/etc/kismet_logging.conf
1790660332.416 INFO: Including sub-config file: /home/osh/kismet-install/etc/kismet_filter.conf
1790660332.416 INFO: Including sub-config file: /home/osh/kismet-install/etc/kismet_uav.conf
1790660332.416 INFO: Loading config override file '/home/osh/kismet-install/etc/kismet_package.conf'
1790660332.416 INFO: Optional sub-config file not present: /home/osh/kismet-install/etc/kismet_package.conf
1790660332.416 INFO: Loading config override file '/home/osh/kismet-install/etc/kismet_site.conf'
1790660332.416 INFO: Optional sub-config file not present: /home/osh/kismet-install/etc/kismet_site.conf
1790660332.416 INFO: Generated server UUID 0DC434C8-BBC8-11F1-A274-4B49534D4554 and storing in /tmp/hw2/f10z/.kismet//kismet_server_id.conf
1790660332.416 INFO: Setting server UUID 0DC434C8-BBC8-11F1-A274-4B49534D4554
1790660332.416 INFO: Starting Beast webserver on 0.0.0.0:2501
1790660332.416 INFO: Opened OUI file '/home/osh/kismet-install/share/kismet/kismet_manuf.txt.gz
1790660332.416 INFO: Indexing manufacturer db
1790660332.417 INFO: Completed indexing manufacturer db, 38959 lines and 780 indexes.
1790660332.424 INFO: Saving devices to the Kismet database log every 30 seconds
1790660332.429 INFO: Using default rates of 10/min, 1/sec for alert 'DEVICEFOUND'
1790660332.429 INFO: Using default rates of 10/min, 1/sec for alert 'DEVICELOST'
1790660332.430 INFO: Registering support for DLT_PPI packet header decoding
1790660332.430 INFO: Registering support for DLT_RADIOTAP packet header decoding
1790660332.430 INFO: Registering support for DLT_BTLE_RADIO packet header decoding
1790660332.433 INFO: Using default rates of 10/min, 1/sec for alert 'BADFIXLENIE'
1790660332.433 INFO: PHY80211 will only process AP signal levels from beacons
1790660332.433 INFO: Allowing Kismet clients to view WEP keys
1790660332.434 DEBUG: ssid canary FooCanary:ssid="FoobarCanary"
1790660332.434 DEBUG: ssid canary FooCanart2:ssid="(?i:foobarcanary)"
1790660332.434 INFO: Keeping EAPOL packets in memory for easy download and WIDS functionality; this can use more RAM.
1790660332.436 INFO: Registered PHY handler 'IEEE802.11' as ID 0
1790660332.438 INFO: Registered PHY handler 'RFSENSOR' as ID 1
1790660332.439 INFO: Registered PHY handler 'Z-Wave' as ID 2
1790660332.440 INFO: Registered PHY handler 'Bluetooth' as ID 3
1790660332.441 DEBUG: reserve_fields home id 538 app id 539
1790660332.443 INFO: Registered PHY handler 'UAV' as ID 4
1790660332.444 INFO: Registered PHY handler 'NrfMousejack' as ID 5
1790660332.444 ERROR: Tried to re-register duplicate alert FLIPPERZERO
1790660332.445 INFO: Registered PHY handler 'BTLE' as ID 6
1790660332.446 INFO: Registered PHY handler 'METER' as ID 7
1790660332.446 INFO: Indexing ADSB ICAO db
1790660332.707 INFO: Completed indexing ADSB ICAO db, 341068 lines 6822 indexes
1790660332.709 INFO: Registered PHY handler 'ADSB' as ID 8
1790660332.710 INFO: Registered PHY handler '802.15.4' as ID 9
1790660332.711 INFO: Registered PHY handler 'RADIATION' as ID 10
1790660332.717 INFO: (HTTPD) Could not read session data file, skipping loading saved sessions.
1790660332.717 INFO: Serving static file content from /home/osh/kismet-install/share/kismet/httpd/
1790660332.718 INFO: Enabling channel hopping by default on sources which support channel control.
1790660332.718 INFO: Setting default channel hop rate to 5/sec
1790660332.718 INFO: Enabling channel list splitting on sources which share the same list of channels
1790660332.718 INFO: Enabling channel list shuffling to optimize overlaps
1790660332.718 INFO: Sources will be re-opened if they encounter an error
1790660332.718 INFO: Saving datasources to the Kismet database log every 30 seconds
1790660332.718 INFO: Launching remote capture server on 127.0.0.1 3501
1790660332.721 INFO: Data sources passed on the command line (via -c source), ignoring source= definitions in the Kismet config file.
1790660332.722 INFO: Probing interface 'esp32c5zigbee-ttyACM2' to find datasource type
1790660332.723 ALERT: LOGDISABLED Logging has been disabled via the Kismet config files or the command line.  Pcap, database, and related logs will not be saved.
1790660332.723 INFO: Logging disabled, not enabling any log drivers.
1790660332.723 INFO: GPS track will be logged to the Kismet logfile
1790660332.725 INFO: Starting Kismet web server...
1790660332.725 INFO: HTTP server listening on 0.0.0.0:2501
1790660332.727 INFO: Could not open system plugin directory (/home/osh/kismet-install/lib/kismet/), skipping: No such file or directory
1790660332.727 INFO: Did not find a user plugin directory (/tmp/hw2/f10z/.kismet//plugins/), skipping: No such file or directory
1790660332.825 INFO: Found type 'esp32c5' for 'esp32c5zigbee-ttyACM2:channel=20,channel_hop=false'
1790660332.848 INFO: Data source 'esp32c5zigbee-ttyACM2:channel=20,channel_hop=false' launched successfully
1790660334.348 INFO: esp32c5zigbee-ttyACM2 capturing (zigbee)
1790660336.852 INFO: Detected new 802.15.4 device 00:01
1790660336.864 INFO: Detected new 802.15.4 device FF:FF
1790660358.732 
1790660358.732 *** KISMET IS SHUTTING DOWN ***
1790660358.732 Shutting down plugins...
1790660358.732 WARNING: Kismet changes the configuration of network devices.
1790660358.732          In most cases you will need to restart networking for
1790660358.732          your interface (varies per distribution and OS), but 
1790660358.732          typically one of:
1790660358.732          sudo service networking restart
1790660358.732          sudo /etc/init.d/networking restart
1790660358.732          or
1790660358.732          nmcli device set [device] managed true
1790660358.732 
1790660358.732 Kismet exiting.
1790660358.734 EXITING: Signal service thread complete.
1790660358.738 KISMET_EXIT=0
