kismet up after 0.42 s pid 293843 home /tmp/hw2/f10z
1790660334.348 INFO: esp32c5zigbee-ttyACM2 capturing (zigbee)
1790660334.534 open /dev/serial/by-id/usb-Espressif_USB_JTAG_serial_debug_unit_38:44:BE:BF:C9:10-if00
1790660336.087 MODE 802154 sent; boot marker seen: True
1790660336.388 TXTEST 200 on channel 20 sent
1790660338.793 TXTEST done (waited)
1790660340.297 MODE WIFI sent; boot marker seen: False
esp32c5zigbee-ttyACM2        run=1 err=0 rem=0 pkts=200     ch=20   hop=0 rate=0 off=0 nch=16 pid=293899 uuid=E5C50002-0000-0000-0000-3844BEBFD80C hw=Espressif USB-Serial-JTAG (38:44:BE:BF:D8:0C) capif=esp32c5-ttyACM2 reason=
{"802.15.4": 2}
stopped
--- log (t relative to kismet start)
  0.343 INFO: Probing interface 'esp32c5zigbee-ttyACM2' to find datasource type
  0.446 INFO: Found type 'esp32c5' for 'esp32c5zigbee-ttyACM2:channel=20,channel_hop=false'
  0.469 INFO: Data source 'esp32c5zigbee-ttyACM2:channel=20,channel_hop=false' launched successfully
  1.969 INFO: esp32c5zigbee-ttyACM2 capturing (zigbee)
 26.359 KISMET_EXIT=0
--- poll: 50 samples
esp32c5zigbee-ttyACM2        first running 0.60, first packet 4.60, last pkts 200, error samples 0, not-running samples 0, channel values {'20': 50}
pcapng [{'linktype': 230, 'name': 'esp32c5zigbee-ttyACM2', 'desc': 'capture interface for esp32c5zigbee-ttyACM2'}] 200
  if0/lt230 {'count': 200, 'fc=0x8841 pan=0x1234 dst=0xffff src=0x0001': 200}
