1790661095.380 INFO: Including sub-config file: /home/osh/kismet-install/etc/kismet_httpd.conf
1790661095.380 INFO: Including sub-config file: /home/osh/kismet-install/etc/kismet_memory.conf
1790661095.380 INFO: Including sub-config file: /home/osh/kismet-install/etc/kismet_alerts.conf
1790661095.380 INFO: Including sub-config file: /home/osh/kismet-install/etc/kismet_80211.conf
1790661095.380 INFO: Including sub-config file: /home/osh/kismet-install/etc/kismet_logging.conf
1790661095.381 INFO: Including sub-config file: /home/osh/kismet-install/etc/kismet_filter.conf
1790661095.381 INFO: Including sub-config file: /home/osh/kismet-install/etc/kismet_uav.conf
1790661095.381 INFO: Loading config override file '/home/osh/kismet-install/etc/kismet_package.conf'
1790661095.381 INFO: Optional sub-config file not present: /home/osh/kismet-install/etc/kismet_package.conf
1790661095.381 INFO: Loading config override file '/home/osh/kismet-install/etc/kismet_site.conf'
1790661095.381 INFO: Optional sub-config file not present: /home/osh/kismet-install/etc/kismet_site.conf
1790661095.381 INFO: Generated server UUID D4869938-BBC9-11F1-9D67-4B49534D4554 and storing in /tmp/hw2/f10zr/.kismet//kismet_server_id.conf
1790661095.381 INFO: Setting server UUID D4869938-BBC9-11F1-9D67-4B49534D4554
1790661095.381 INFO: Starting Beast webserver on 0.0.0.0:2501
1790661095.381 INFO: Opened OUI file '/home/osh/kismet-install/share/kismet/kismet_manuf.txt.gz
1790661095.381 INFO: Indexing manufacturer db
1790661095.385 INFO: Completed indexing manufacturer db, 38959 lines and 780 indexes.
1790661095.394 INFO: Saving devices to the Kismet database log every 30 seconds
1790661095.402 INFO: Using default rates of 10/min, 1/sec for alert 'DEVICEFOUND'
1790661095.402 INFO: Using default rates of 10/min, 1/sec for alert 'DEVICELOST'
1790661095.402 INFO: Registering support for DLT_PPI packet header decoding
1790661095.402 INFO: Registering support for DLT_RADIOTAP packet header decoding
1790661095.402 INFO: Registering support for DLT_BTLE_RADIO packet header decoding
1790661095.407 INFO: Using default rates of 10/min, 1/sec for alert 'BADFIXLENIE'
1790661095.407 INFO: PHY80211 will only process AP signal levels from beacons
1790661095.407 INFO: Allowing Kismet clients to view WEP keys
1790661095.408 DEBUG: ssid canary FooCanary:ssid="FoobarCanary"
1790661095.408 DEBUG: ssid canary FooCanart2:ssid="(?i:foobarcanary)"
1790661095.408 INFO: Keeping EAPOL packets in memory for easy download and WIDS functionality; this can use more RAM.
1790661095.412 INFO: Registered PHY handler 'IEEE802.11' as ID 0
1790661095.415 INFO: Registered PHY handler 'RFSENSOR' as ID 1
1790661095.416 INFO: Registered PHY handler 'Z-Wave' as ID 2
1790661095.418 INFO: Registered PHY handler 'Bluetooth' as ID 3
1790661095.418 DEBUG: reserve_fields home id 538 app id 539
1790661095.422 INFO: Registered PHY handler 'UAV' as ID 4
1790661095.423 INFO: Registered PHY handler 'NrfMousejack' as ID 5
1790661095.423 ERROR: Tried to re-register duplicate alert FLIPPERZERO
1790661095.425 INFO: Registered PHY handler 'BTLE' as ID 6
1790661095.426 INFO: Registered PHY handler 'METER' as ID 7
1790661095.427 INFO: Indexing ADSB ICAO db
1790661095.698 INFO: Completed indexing ADSB ICAO db, 341068 lines 6822 indexes
1790661095.699 INFO: Registered PHY handler 'ADSB' as ID 8
1790661095.700 INFO: Registered PHY handler '802.15.4' as ID 9
1790661095.702 INFO: Registered PHY handler 'RADIATION' as ID 10
1790661095.707 INFO: (HTTPD) Could not read session data file, skipping loading saved sessions.
1790661095.707 INFO: Serving static file content from /home/osh/kismet-install/share/kismet/httpd/
1790661095.708 INFO: Enabling channel hopping by default on sources which support channel control.
1790661095.708 INFO: Setting default channel hop rate to 5/sec
1790661095.708 INFO: Enabling channel list splitting on sources which share the same list of channels
1790661095.708 INFO: Enabling channel list shuffling to optimize overlaps
1790661095.708 INFO: Sources will be re-opened if they encounter an error
1790661095.708 INFO: Saving datasources to the Kismet database log every 30 seconds
1790661095.708 INFO: Launching remote capture server on 127.0.0.1 3501
1790661095.710 INFO: No data sources defined; Kismet will not capture anything until a source is added.
1790661095.712 ALERT: LOGDISABLED Logging has been disabled via the Kismet config files or the command line.  Pcap, database, and related logs will not be saved.
1790661095.712 INFO: Logging disabled, not enabling any log drivers.
1790661095.712 INFO: GPS track will be logged to the Kismet logfile
1790661095.713 INFO: Starting Kismet web server...
1790661095.713 INFO: HTTP server listening on 0.0.0.0:2501
1790661095.715 INFO: Could not open system plugin directory (/home/osh/kismet-install/lib/kismet/), skipping: No such file or directory
1790661095.715 INFO: Did not find a user plugin directory (/tmp/hw2/f10zr/.kismet//plugins/), skipping: No such file or directory
1790661095.995 INFO: New remote source esp32c5zigbee-ttyACM2 (E5C50002-0000-0000-0000-3844BEBFD80C) connected
1790661101.001 INFO: esp32c5zigbee-ttyACM2 - esp32c5zigbee-ttyACM2 capturing (zigbee)
1790661103.953 INFO: Detected new 802.15.4 device 00:01
1790661103.953 INFO: Detected new 802.15.4 device 00:01
1790661103.965 INFO: Detected new 802.15.4 device FF:FF
1790661114.563 ERROR: Data source 'esp32c5zigbee-ttyACM2 / esp32c5zigbee-ttyACM2:channel=20,channel_hop=false' ('esp32c5zigbee-ttyACM2') encountered an error: websocket connection closed
1790661117.805 INFO: Matching new remote source 'esp32c5zigbee-ttyACM2:channel=20,channel_hop=false' with known source with UUID 'E5C50002-0000-0000-0000-3844BEBFD80C'
1790661117.812 INFO: Remote source esp32c5zigbee-ttyACM2 (E5C50002-0000-0000-0000-3844BEBFD80C) reconnected
1790661117.812 INFO: esp32c5zigbee-ttyACM2 - /dev/ttyACM2 opened
1790661118.804 INFO: esp32c5zigbee-ttyACM2 - /dev/ttyACM2 capturing
1790661132.189 ERROR: Data source 'esp32c5zigbee-ttyACM2 / esp32c5zigbee-ttyACM2:channel=20,channel_hop=false' ('esp32c5zigbee-ttyACM2') encountered an error: websocket connection closed
1790661135.268 INFO: New remote source esp32c5-ttyACM2 (E5C50001-0000-0000-0000-3844BEBFD80C) connected
1790661140.301 INFO: esp32c5-ttyACM2 - esp32c5-ttyACM2 capturing (wifi)
1790661140.315 INFO: Detected new 802.11 Wi-Fi access point 00:B8:C2:B2:AE:57
1790661140.316 INFO: 802.11 Wi-Fi device 00:B8:C2:B2:AE:57 advertising new SSID 'Mor'
1790661140.334 INFO: Detected new 802.11 Wi-Fi access point 42:A2:BA:65:29:F3
1790661140.334 INFO: 802.11 Wi-Fi device 42:A2:BA:65:29:F3 advertising new SSID 'osvc-52'
1790661140.334 INFO: Detected new 802.11 Wi-Fi device A8:DB:03:42:DE:68
1790661140.340 INFO: Detected new 802.11 Wi-Fi device FC:F5:C4:BD:9B:CD
1790661145.422 INFO: Detected new 802.11 Wi-Fi access point 40:AE:30:84:34:B7
1790661145.423 INFO: 802.11 Wi-Fi device 40:AE:30:84:34:B7 advertising new SSID 'cohen42'
1790661145.425 INFO: Detected new 802.11 Wi-Fi access point 46:AE:30:84:34:B7
1790661145.436 INFO: 802.11 Wi-Fi device 46:AE:30:84:34:B7 advertising a new cloaked SSID
1790661145.452 INFO: Detected new 802.11 Wi-Fi access point 82:AF:CA:25:C2:23
1790661145.456 INFO: 802.11 Wi-Fi device 82:AF:CA:25:C2:23 advertising a new cloaked SSID
1790661145.467 INFO: Detected new 802.11 Wi-Fi access point 46:AE:30:84:34:B6
1790661145.467 INFO: 802.11 Wi-Fi device 46:AE:30:84:34:B6 advertising a new cloaked SSID
1790661145.469 INFO: Detected new 802.11 Wi-Fi access point 40:AE:30:84:34:B6
1790661145.470 INFO: 802.11 Wi-Fi device 40:AE:30:84:34:B6 advertising new SSID 'cohen42'
1790661145.471 INFO: Detected new 802.11 Wi-Fi access point 40:AE:30:84:36:22
1790661145.472 INFO: 802.11 Wi-Fi device 40:AE:30:84:36:22 advertising new SSID 'cohen42'
1790661145.487 INFO: Detected new 802.11 Wi-Fi access point 80:AF:CA:75:C2:23
1790661145.488 INFO: 802.11 Wi-Fi device 80:AF:CA:75:C2:23 advertising new SSID 'Cudy-C223'
1790661145.509 INFO: Detected new 802.11 Wi-Fi device 74:F8:DB:5D:D0:61
1790661145.533 INFO: Detected new 802.11 Wi-Fi device 60:D8:A4:20:6E:F0
1790661145.536 INFO: Detected new 802.11 Wi-Fi device 4C:2E:5E:D5:FE:E9
1790661145.537 INFO: Detected new 802.11 Wi-Fi access point 58:FC:20:1B:D9:D0
1790661145.538 INFO: 802.11 Wi-Fi device 58:FC:20:1B:D9:D0 advertising new SSID 'Sivan'
1790661145.538 INFO: Detected new 802.11 Wi-Fi access point 46:AE:30:84:36:22
1790661145.538 INFO: 802.11 Wi-Fi device 46:AE:30:84:36:22 advertising a new cloaked SSID
1790661145.543 INFO: Detected new 802.11 Wi-Fi access point 62:D5:ED:42:0F:E2
1790661145.543 INFO: 802.11 Wi-Fi device 62:D5:ED:42:0F:E2 advertising a new cloaked SSID
1790661145.545 INFO: Detected new 802.11 Wi-Fi access point 46:AE:30:84:5A:16
1790661145.545 INFO: 802.11 Wi-Fi device 46:AE:30:84:5A:16 advertising a new cloaked SSID
1790661145.587 INFO: Detected new 802.11 Wi-Fi access point FA:8F:CA:6C:D1:65
1790661145.587 INFO: 802.11 Wi-Fi device FA:8F:CA:6C:D1:65 advertising new SSID 'JBL Bar 5.1_0891.l025'
1790661145.587 INFO: Detected new 802.11 Wi-Fi access point CA:C9:A3:4D:96:E7
1790661145.587 INFO: 802.11 Wi-Fi device CA:C9:A3:4D:96:E7 advertising new SSID 'ESP-4D96E7'
1790661150.502 INFO: 802.11 Wi-Fi device 00:B8:C2:B2:AE:57 advertising new SSID 'Mor'
1790661150.504 INFO: Detected new 802.11 Wi-Fi device 00:B8:C2:B2:AE:4E
1790661150.512 INFO: Detected new 802.11 Wi-Fi device E4:5F:01:49:99:3F
1790661150.519 INFO: Detected new 802.11 Wi-Fi access point 26:39:F1:AB:05:B2
1790661150.519 INFO: 802.11 Wi-Fi device 26:39:F1:AB:05:B2 advertising new SSID 'osvc-2'
1790661155.749 INFO: Detected new 802.11 Wi-Fi device 76:54:90:74:80:51
1790661155.766 INFO: Detected new 802.11 Wi-Fi access point 40:AE:30:84:5A:16
1790661155.766 INFO: 802.11 Wi-Fi device 40:AE:30:84:5A:16 advertising new SSID 'cohen42'
1790661155.766 INFO: Detected new 802.11 Wi-Fi device 2C:E0:32:9D:BF:C5
1790661155.768 INFO: 802.11 Wi-Fi device 40:AE:30:84:34:B6 advertising new SSID 'cohen42'
1790661155.769 INFO: Detected new 802.11 Wi-Fi device FC:F5:C4:BE:0B:A5
1790661155.771 INFO: 802.11 Wi-Fi device 40:AE:30:84:36:22 advertising new SSID 'cohen42'
1790661155.772 INFO: 802.11 Wi-Fi device 40:AE:30:84:5A:16 advertising new SSID 'cohen42'
1790661160.585 ERROR: Data source 'esp32c5-ttyACM2 / esp32c5-ttyACM2' ('esp32c5-ttyACM2') encountered an error: websocket connection closed
1790661163.820 INFO: Matching new remote source 'esp32c5-ttyACM2' with known source with UUID 'E5C50001-0000-0000-0000-3844BEBFD80C'
1790661163.826 INFO: Remote source esp32c5-ttyACM2 (E5C50001-0000-0000-0000-3844BEBFD80C) reconnected
1790661163.826 INFO: esp32c5-ttyACM2 - /dev/ttyACM2 opened
1790661164.828 INFO: esp32c5-ttyACM2 - /dev/ttyACM2 capturing
1790661168.542 INFO: Detected new 802.11 Wi-Fi device 24:9E:7D:38:9F:74
1790661170.732 INFO: Detected new 802.11 Wi-Fi device D0:CF:0E:85:DC:54
1790661170.733 INFO: Detected new 802.11 Wi-Fi device D0:CF:0E:85:DC:57
1790661172.987 INFO: Detected new 802.11 Wi-Fi device 20:15:DE:A1:04:FB
1790661174.882 INFO: 802.11 Wi-Fi device 26:39:F1:AB:05:B2 advertising new SSID 'osvc-2'
1790661181.034 INFO: Detected new 802.11 Wi-Fi device 92:32:29:B0:FA:1F
1790661181.071 INFO: Detected new 802.11 Wi-Fi device D4:9C:DD:6E:24:2A
1790661181.351 INFO: Detected new 802.11 Wi-Fi device B0:1F:47:17:AF:4A
1790661188.927 ERROR: Data source 'esp32c5-ttyACM2 / esp32c5-ttyACM2' ('esp32c5-ttyACM2') encountered an error: websocket connection closed
1790661193.732 
1790661193.732 *** KISMET IS SHUTTING DOWN ***
1790661193.732 Shutting down plugins...
1790661193.732 WARNING: Kismet changes the configuration of network devices.
1790661193.732          In most cases you will need to restart networking for
1790661193.732          your interface (varies per distribution and OS), but 
1790661193.732          typically one of:
1790661193.733          sudo service networking restart
1790661193.733          sudo /etc/init.d/networking restart
1790661193.733          or
1790661193.733          nmcli device set [device] managed true
1790661193.733 
1790661193.733 Kismet exiting.
1790661193.733 EXITING: Signal service thread complete.
1790661193.742 KISMET_EXIT=0
