1790662195.776 INFO: Including sub-config file: /home/osh/kismet-install/etc/kismet_httpd.conf
1790662195.776 INFO: Including sub-config file: /home/osh/kismet-install/etc/kismet_memory.conf
1790662195.776 INFO: Including sub-config file: /home/osh/kismet-install/etc/kismet_alerts.conf
1790662195.776 INFO: Including sub-config file: /home/osh/kismet-install/etc/kismet_80211.conf
1790662195.776 INFO: Including sub-config file: /home/osh/kismet-install/etc/kismet_logging.conf
1790662195.776 INFO: Including sub-config file: /home/osh/kismet-install/etc/kismet_filter.conf
1790662195.776 INFO: Including sub-config file: /home/osh/kismet-install/etc/kismet_uav.conf
1790662195.776 INFO: Loading config override file '/home/osh/kismet-install/etc/kismet_package.conf'
1790662195.776 INFO: Optional sub-config file not present: /home/osh/kismet-install/etc/kismet_package.conf
1790662195.776 INFO: Loading config override file '/home/osh/kismet-install/etc/kismet_site.conf'
1790662195.776 INFO: Optional sub-config file not present: /home/osh/kismet-install/etc/kismet_site.conf
1790662195.776 INFO: Generated server UUID 646A5E98-BBCC-11F1-965C-4B49534D4554 and storing in /tmp/hw2/o100.zigbee/.kismet//kismet_server_id.conf
1790662195.776 INFO: Setting server UUID 646A5E98-BBCC-11F1-965C-4B49534D4554
1790662195.776 INFO: Starting Beast webserver on 0.0.0.0:2501
1790662195.776 INFO: Opened OUI file '/home/osh/kismet-install/share/kismet/kismet_manuf.txt.gz
1790662195.776 INFO: Indexing manufacturer db
1790662195.777 INFO: Completed indexing manufacturer db, 38959 lines and 780 indexes.
1790662195.784 INFO: Saving devices to the Kismet database log every 30 seconds
1790662195.789 INFO: Using default rates of 10/min, 1/sec for alert 'DEVICEFOUND'
1790662195.789 INFO: Using default rates of 10/min, 1/sec for alert 'DEVICELOST'
1790662195.789 INFO: Registering support for DLT_PPI packet header decoding
1790662195.789 INFO: Registering support for DLT_RADIOTAP packet header decoding
1790662195.789 INFO: Registering support for DLT_BTLE_RADIO packet header decoding
1790662195.793 INFO: Using default rates of 10/min, 1/sec for alert 'BADFIXLENIE'
1790662195.793 INFO: PHY80211 will only process AP signal levels from beacons
1790662195.793 INFO: Allowing Kismet clients to view WEP keys
1790662195.794 DEBUG: ssid canary FooCanary:ssid="FoobarCanary"
1790662195.794 DEBUG: ssid canary FooCanart2:ssid="(?i:foobarcanary)"
1790662195.794 INFO: Keeping EAPOL packets in memory for easy download and WIDS functionality; this can use more RAM.
1790662195.796 INFO: Registered PHY handler 'IEEE802.11' as ID 0
1790662195.798 INFO: Registered PHY handler 'RFSENSOR' as ID 1
1790662195.799 INFO: Registered PHY handler 'Z-Wave' as ID 2
1790662195.800 INFO: Registered PHY handler 'Bluetooth' as ID 3
1790662195.800 DEBUG: reserve_fields home id 538 app id 539
1790662195.803 INFO: Registered PHY handler 'UAV' as ID 4
1790662195.804 INFO: Registered PHY handler 'NrfMousejack' as ID 5
1790662195.804 ERROR: Tried to re-register duplicate alert FLIPPERZERO
1790662195.805 INFO: Registered PHY handler 'BTLE' as ID 6
1790662195.806 INFO: Registered PHY handler 'METER' as ID 7
1790662195.806 INFO: Indexing ADSB ICAO db
1790662196.065 INFO: Completed indexing ADSB ICAO db, 341068 lines 6822 indexes
1790662196.067 INFO: Registered PHY handler 'ADSB' as ID 8
1790662196.068 INFO: Registered PHY handler '802.15.4' as ID 9
1790662196.069 INFO: Registered PHY handler 'RADIATION' as ID 10
1790662196.075 INFO: (HTTPD) Could not read session data file, skipping loading saved sessions.
1790662196.075 INFO: Serving static file content from /home/osh/kismet-install/share/kismet/httpd/
1790662196.076 INFO: Enabling channel hopping by default on sources which support channel control.
1790662196.076 INFO: Setting default channel hop rate to 5/sec
1790662196.076 INFO: Enabling channel list splitting on sources which share the same list of channels
1790662196.076 INFO: Enabling channel list shuffling to optimize overlaps
1790662196.076 INFO: Sources will be re-opened if they encounter an error
1790662196.076 INFO: Saving datasources to the Kismet database log every 30 seconds
1790662196.076 INFO: Launching remote capture server on 127.0.0.1 3501
1790662196.079 INFO: Data sources passed on the command line (via -c source), ignoring source= definitions in the Kismet config file.
1790662196.079 INFO: Probing interface 'esp32c5zigbee-ttyACM2' to find datasource type
1790662196.081 ALERT: LOGDISABLED Logging has been disabled via the Kismet config files or the command line.  Pcap, database, and related logs will not be saved.
1790662196.081 INFO: Logging disabled, not enabling any log drivers.
1790662196.081 INFO: GPS track will be logged to the Kismet logfile
1790662196.083 INFO: Starting Kismet web server...
1790662196.083 INFO: HTTP server listening on 0.0.0.0:2501
1790662196.085 INFO: Could not open system plugin directory (/home/osh/kismet-install/lib/kismet/), skipping: No such file or directory
1790662196.085 INFO: Did not find a user plugin directory (/tmp/hw2/o100.zigbee/.kismet//plugins/), skipping: No such file or directory
1790662196.197 interface: esp32c5zigbee-ttyACM2
1790662196.200 INFO: Found type 'esp32c5' for 'esp32c5zigbee-ttyACM2:channel=20,channel_hop=false'
1790662196.221 INFO: Data source 'esp32c5zigbee-ttyACM2:channel=20,channel_hop=false' launched successfully
1790662197.221 INFO: esp32c5zigbee-ttyACM2 capturing (zigbee)
1790662197.221 INFO: esp32c5zigbee-ttyACM2: lost sync (the board sends link type 127, not 283)
1790662198.222 INFO: esp32c5zigbee-ttyACM2 capturing (zigbee)
1790662198.222 INFO: esp32c5zigbee-ttyACM2: lost sync (the board sends link type 127, not 283)
1790662199.223 INFO: esp32c5zigbee-ttyACM2 capturing (zigbee)
1790662199.223 INFO: esp32c5zigbee-ttyACM2: lost sync (the board sends link type 127, not 283)
1790662200.224 INFO: esp32c5zigbee-ttyACM2 capturing (zigbee)
1790662200.224 INFO: esp32c5zigbee-ttyACM2: lost sync (the board sends link type 127, not 283)
1790662201.225 INFO: esp32c5zigbee-ttyACM2 capturing (zigbee)
1790662201.226 INFO: esp32c5zigbee-ttyACM2: lost sync (the board sends link type 127, not 283)
1790662201.902 INFO: esp32c5zigbee-ttyACM2 capturing (zigbee)
1790662201.902 INFO: esp32c5zigbee-ttyACM2: lost sync (the board sends link type 127, not 283)
1790662202.903 INFO: esp32c5zigbee-ttyACM2 capturing (zigbee)
1790662202.903 INFO: esp32c5zigbee-ttyACM2: lost sync (the board sends link type 127, not 283)
1790662203.904 INFO: esp32c5zigbee-ttyACM2 capturing (zigbee)
1790662203.904 INFO: esp32c5zigbee-ttyACM2: lost sync (the board sends link type 127, not 283)
1790662204.405 INFO: esp32c5zigbee-ttyACM2 capturing (zigbee)
1790662204.405 INFO: esp32c5zigbee-ttyACM2: lost sync (the board sends link type 127, not 283)
1790662205.406 INFO: esp32c5zigbee-ttyACM2 capturing (zigbee)
1790662205.406 INFO: esp32c5zigbee-ttyACM2: lost sync (the board sends link type 127, not 283)
1790662206.407 INFO: esp32c5zigbee-ttyACM2 capturing (zigbee)
1790662206.407 INFO: esp32c5zigbee-ttyACM2: lost sync (the board sends link type 127, not 283)
1790662207.502 INFO: esp32c5zigbee-ttyACM2 capturing (zigbee)
1790662207.502 INFO: esp32c5zigbee-ttyACM2: lost sync (the board sends link type 127, not 283)
1790662208.003 INFO: esp32c5zigbee-ttyACM2 capturing (zigbee)
1790662208.003 INFO: esp32c5zigbee-ttyACM2: lost sync (the board sends link type 127, not 283)
1790662209.004 INFO: esp32c5zigbee-ttyACM2 capturing (zigbee)
1790662209.004 INFO: esp32c5zigbee-ttyACM2: lost sync (the board sends link type 127, not 283)
1790662210.005 INFO: esp32c5zigbee-ttyACM2 capturing (zigbee)
1790662210.005 INFO: esp32c5zigbee-ttyACM2: lost sync (the board sends link type 127, not 283)
1790662211.006 INFO: esp32c5zigbee-ttyACM2 capturing (zigbee)
1790662211.006 INFO: esp32c5zigbee-ttyACM2: lost sync (the board sends link type 127, not 283)
1790662211.508 ERROR: Data source 'esp32c5zigbee-ttyACM2 / esp32c5zigbee-ttyACM2:channel=20,channel_hop=false' ('esp32c5zigbee-ttyACM2') encountered an error: IPC connection closed
1790662211.508 ALERT: SOURCEERROR Source esp32c5zigbee-ttyACM2 (E5C50002-0000-0000-0000-3844BEBFD80C) has encountered an error (IPC connection closed) Kismet will attempt to re-open the source in 5 seconds.  (1 failures)
1790662211.508 ERROR: Source esp32c5zigbee-ttyACM2 (E5C50002-0000-0000-0000-3844BEBFD80C) has encountered an error (IPC connection closed) Kismet will attempt to re-open the source in 5 seconds.  (1 failures)
1790662216.601 INFO: Attempting to re-open source esp32c5zigbee-ttyACM2
1790662216.627 ALERT: SOURCEOPEN Source esp32c5zigbee-ttyACM2 (E5C50002-0000-0000-0000-3844BEBFD80C) successfully re-opened
1790662217.629 INFO: esp32c5zigbee-ttyACM2 capturing (zigbee)
1790662217.629 INFO: esp32c5zigbee-ttyACM2: lost sync (the board sends link type 127, not 283)
1790662218.630 INFO: esp32c5zigbee-ttyACM2 capturing (zigbee)
1790662218.630 INFO: esp32c5zigbee-ttyACM2: lost sync (the board sends link type 127, not 283)
1790662219.631 INFO: esp32c5zigbee-ttyACM2 capturing (zigbee)
1790662219.631 INFO: esp32c5zigbee-ttyACM2: lost sync (the board sends link type 127, not 283)
1790662220.632 INFO: esp32c5zigbee-ttyACM2 capturing (zigbee)
1790662220.632 INFO: esp32c5zigbee-ttyACM2: lost sync (the board sends link type 127, not 283)
1790662221.633 INFO: esp32c5zigbee-ttyACM2 capturing (zigbee)
1790662221.633 INFO: esp32c5zigbee-ttyACM2: lost sync (the board sends link type 127, not 283)
1790662222.202 INFO: esp32c5zigbee-ttyACM2 capturing (zigbee)
1790662222.202 INFO: esp32c5zigbee-ttyACM2: lost sync (the board sends link type 127, not 283)
1790662223.203 INFO: esp32c5zigbee-ttyACM2 capturing (zigbee)
1790662223.203 INFO: esp32c5zigbee-ttyACM2: lost sync (the board sends link type 127, not 283)
1790662224.204 INFO: esp32c5zigbee-ttyACM2 capturing (zigbee)
1790662224.204 INFO: esp32c5zigbee-ttyACM2: lost sync (the board sends link type 127, not 283)
1790662225.205 INFO: esp32c5zigbee-ttyACM2 capturing (zigbee)
1790662225.205 INFO: esp32c5zigbee-ttyACM2: lost sync (the board sends link type 127, not 283)
1790662225.706 INFO: esp32c5zigbee-ttyACM2 capturing (zigbee)
1790662225.706 INFO: esp32c5zigbee-ttyACM2: lost sync (the board sends link type 127, not 283)
1790662226.707 INFO: esp32c5zigbee-ttyACM2 capturing (zigbee)
1790662226.707 INFO: esp32c5zigbee-ttyACM2: lost sync (the board sends link type 127, not 283)
1790662227.802 INFO: esp32c5zigbee-ttyACM2 capturing (zigbee)
1790662227.802 INFO: esp32c5zigbee-ttyACM2: lost sync (the board sends link type 127, not 283)
1790662228.803 INFO: esp32c5zigbee-ttyACM2 capturing (zigbee)
1790662228.803 INFO: esp32c5zigbee-ttyACM2: lost sync (the board sends link type 127, not 283)
1790662229.304 INFO: esp32c5zigbee-ttyACM2 capturing (zigbee)
1790662229.304 INFO: esp32c5zigbee-ttyACM2: lost sync (the board sends link type 127, not 283)
1790662230.305 INFO: esp32c5zigbee-ttyACM2 capturing (zigbee)
1790662230.305 INFO: esp32c5zigbee-ttyACM2: lost sync (the board sends link type 127, not 283)
1790662231.306 INFO: esp32c5zigbee-ttyACM2 capturing (zigbee)
1790662231.306 INFO: esp32c5zigbee-ttyACM2: lost sync (the board sends link type 127, not 283)
1790662231.805 ERROR: Data source 'esp32c5zigbee-ttyACM2 / esp32c5zigbee-ttyACM2:channel=20,channel_hop=false' ('esp32c5zigbee-ttyACM2') encountered an error: IPC connection closed
1790662231.805 ALERT: SOURCEERROR Source esp32c5zigbee-ttyACM2 (E5C50002-0000-0000-0000-3844BEBFD80C) has encountered an error (IPC connection closed) Kismet will attempt to re-open the source in 5 seconds.  (2 failures)
1790662231.805 ERROR: Source esp32c5zigbee-ttyACM2 (E5C50002-0000-0000-0000-3844BEBFD80C) has encountered an error (IPC connection closed) Kismet will attempt to re-open the source in 5 seconds.  (2 failures)
1790662236.900 INFO: Attempting to re-open source esp32c5zigbee-ttyACM2
1790662236.914 ALERT: SOURCEOPEN Source esp32c5zigbee-ttyACM2 (E5C50002-0000-0000-0000-3844BEBFD80C) successfully re-opened
1790662237.093 
1790662237.093 *** KISMET IS SHUTTING DOWN ***
1790662237.093 Shutting down plugins...
1790662237.093 WARNING: Kismet changes the configuration of network devices.
1790662237.093          In most cases you will need to restart networking for
1790662237.093          your interface (varies per distribution and OS), but 
1790662237.093          typically one of:
1790662237.093          sudo service networking restart
1790662237.093          sudo /etc/init.d/networking restart
1790662237.093          or
1790662237.093          nmcli device set [device] managed true
1790662237.093 
1790662237.093 Kismet exiting.
1790662237.094 EXITING: Signal service thread complete.
1790662237.098 KISMET_EXIT=0
