09:11:22 INFO: esp32c5btle-ttyACM2: connected, offering it to Kismet as E5C50003-0000-0000-0000-3844BEBFD80C
09:11:22 INFO: esp32c5btle-ttyACM2: opening /dev/ttyACM2 for btle
09:11:22 INFO: /dev/ttyACM2 opened
09:11:23 INFO: /dev/ttyACM2 capturing
09:11:23 INFO: /dev/ttyACM2: lost sync (the board sends link type 127, not 256)
09:11:24 INFO: /dev/ttyACM2 capturing
09:11:24 INFO: /dev/ttyACM2: lost sync (the board sends link type 127, not 256)
09:11:25 INFO: /dev/ttyACM2 capturing
09:11:25 INFO: /dev/ttyACM2: lost sync (the board sends link type 127, not 256)
09:11:26 INFO: /dev/ttyACM2 capturing
09:11:26 INFO: /dev/ttyACM2: lost sync (the board sends link type 127, not 256)
09:11:27 INFO: /dev/ttyACM2 capturing
09:11:27 INFO: /dev/ttyACM2: lost sync (the board sends link type 127, not 256)
09:11:28 INFO: /dev/ttyACM2 capturing
09:11:28 INFO: /dev/ttyACM2: lost sync (the board sends link type 127, not 256)
09:11:29 INFO: /dev/ttyACM2 capturing
09:11:29 INFO: /dev/ttyACM2: lost sync (the board sends link type 127, not 256)
09:11:29 INFO: /dev/ttyACM2 capturing
09:11:29 INFO: /dev/ttyACM2: lost sync (the board sends link type 127, not 256)
09:11:30 INFO: /dev/ttyACM2 capturing
09:11:30 INFO: /dev/ttyACM2: lost sync (the board sends link type 127, not 256)
09:11:31 INFO: /dev/ttyACM2 capturing
09:11:31 INFO: /dev/ttyACM2: lost sync (the board sends link type 127, not 256)
09:11:32 INFO: /dev/ttyACM2 capturing
09:11:32 INFO: /dev/ttyACM2: lost sync (the board sends link type 127, not 256)
09:11:33 INFO: /dev/ttyACM2 capturing
09:11:33 INFO: /dev/ttyACM2: lost sync (the board sends link type 127, not 256)
09:11:34 INFO: /dev/ttyACM2 capturing
09:11:34 INFO: /dev/ttyACM2: lost sync (the board sends link type 127, not 256)
09:11:35 INFO: /dev/ttyACM2 capturing
09:11:35 INFO: /dev/ttyACM2: lost sync (the board sends link type 127, not 256)
09:11:36 INFO: /dev/ttyACM2 capturing
09:11:36 INFO: /dev/ttyACM2: lost sync (the board sends link type 127, not 256)
09:11:37 INFO: /dev/ttyACM2 capturing
09:11:37 INFO: /dev/ttyACM2: lost sync (the board sends link type 127, not 256)
09:11:37 ERROR: esp32c5btle-ttyACM2: the board on /dev/ttyACM2 has not been capturing for 15 s (last: /dev/ttyACM2: lost sync (the board sends link type 127, not 256))
09:11:37 INFO: esp32c5btle-ttyACM2: connection ended: the board on /dev/ttyACM2 has not been capturing for 15 s (last: /dev/ttyACM2: lost sync (the board sends link type 127, not 256))
09:11:42 INFO: esp32c5btle-ttyACM2: connected, offering it to Kismet as E5C50003-0000-0000-0000-3844BEBFD80C
09:11:42 INFO: esp32c5btle-ttyACM2: opening /dev/ttyACM2 for btle
09:11:42 INFO: /dev/ttyACM2 opened
09:11:43 INFO: /dev/ttyACM2 capturing
09:11:43 INFO: /dev/ttyACM2: lost sync (the board sends link type 127, not 256)
09:11:44 INFO: /dev/ttyACM2 capturing
09:11:44 INFO: /dev/ttyACM2: lost sync (the board sends link type 127, not 256)
09:11:45 INFO: /dev/ttyACM2 capturing
09:11:45 INFO: /dev/ttyACM2: lost sync (the board sends link type 127, not 256)
09:11:46 INFO: /dev/ttyACM2 capturing
09:11:46 INFO: /dev/ttyACM2: lost sync (the board sends link type 127, not 256)
09:11:47 INFO: /dev/ttyACM2 capturing
09:11:47 INFO: /dev/ttyACM2: lost sync (the board sends link type 127, not 256)
09:11:48 INFO: /dev/ttyACM2 capturing
09:11:48 INFO: /dev/ttyACM2: lost sync (the board sends link type 127, not 256)
09:11:49 INFO: /dev/ttyACM2 capturing
09:11:49 INFO: /dev/ttyACM2: lost sync (the board sends link type 127, not 256)
09:11:50 INFO: /dev/ttyACM2 capturing
09:11:50 INFO: /dev/ttyACM2: lost sync (the board sends link type 127, not 256)
09:11:50 INFO: /dev/ttyACM2 capturing
09:11:50 INFO: /dev/ttyACM2: lost sync (the board sends link type 127, not 256)
09:11:51 INFO: /dev/ttyACM2 capturing
09:11:51 INFO: /dev/ttyACM2: lost sync (the board sends link type 127, not 256)
09:11:52 INFO: /dev/ttyACM2 capturing
09:11:52 INFO: /dev/ttyACM2: lost sync (the board sends link type 127, not 256)
09:11:53 INFO: /dev/ttyACM2 capturing
09:11:53 INFO: /dev/ttyACM2: lost sync (the board sends link type 127, not 256)
09:11:54 INFO: /dev/ttyACM2 capturing
09:11:54 INFO: /dev/ttyACM2: lost sync (the board sends link type 127, not 256)
09:11:55 INFO: /dev/ttyACM2 capturing
09:11:55 INFO: /dev/ttyACM2: lost sync (the board sends link type 127, not 256)
09:11:56 INFO: /dev/ttyACM2 capturing
09:11:56 INFO: /dev/ttyACM2: lost sync (the board sends link type 127, not 256)
09:11:57 INFO: /dev/ttyACM2 capturing
09:11:57 INFO: /dev/ttyACM2: lost sync (the board sends link type 127, not 256)
09:11:57 ERROR: esp32c5btle-ttyACM2: the board on /dev/ttyACM2 has not been capturing for 15 s (last: /dev/ttyACM2: lost sync (the board sends link type 127, not 256))
09:11:57 INFO: esp32c5btle-ttyACM2: connection ended: the board on /dev/ttyACM2 has not been capturing for 15 s (last: /dev/ttyACM2: lost sync (the board sends link type 127, not 256))
09:12:00 INFO: stopping
