kismet up after 0.42 s pid 311002 home /tmp/hw2/o100.zigbee
1790662197.221 INFO: esp32c5zigbee-ttyACM2 capturing (zigbee)
1790662197.280 open /dev/serial/by-id/usb-Espressif_USB_JTAG_serial_debug_unit_38:44:BE:BF:C9:10-if00
1790662198.842 MODE 802154 sent; boot marker seen: True
1790662199.143 TXTEST 200 on channel 20 sent
1790662201.549 TXTEST done (waited)
1790662203.053 MODE WIFI sent; boot marker seen: False
esp32c5zigbee-ttyACM2        run=0 err=1 rem=0 pkts=0       ch=20   hop=0 rate=0 off=0 nch=16 pid=311377 uuid=E5C50002-0000-0000-0000-3844BEBFD80C hw=Espressif USB-Serial-JTAG (38:44:BE:BF:D8:0C) capif=esp32c5-ttyACM2 reason=IPC connection closed
{}
stopped
--- log (t relative to kismet start)
  0.339 INFO: Probing interface 'esp32c5zigbee-ttyACM2' to find datasource type
  0.457 interface: esp32c5zigbee-ttyACM2
  0.460 INFO: Found type 'esp32c5' for 'esp32c5zigbee-ttyACM2:channel=20,channel_hop=false'
  0.481 INFO: Data source 'esp32c5zigbee-ttyACM2:channel=20,channel_hop=false' launched successfully
  1.481 INFO: esp32c5zigbee-ttyACM2 capturing (zigbee)
  1.481 INFO: esp32c5zigbee-ttyACM2: lost sync (the board sends link type 127, not 283)
  2.482 INFO: esp32c5zigbee-ttyACM2 capturing (zigbee)
  2.482 INFO: esp32c5zigbee-ttyACM2: lost sync (the board sends link type 127, not 283)
  3.483 INFO: esp32c5zigbee-ttyACM2 capturing (zigbee)
  3.483 INFO: esp32c5zigbee-ttyACM2: lost sync (the board sends link type 127, not 283)
  4.484 INFO: esp32c5zigbee-ttyACM2 capturing (zigbee)
  4.484 INFO: esp32c5zigbee-ttyACM2: lost sync (the board sends link type 127, not 283)
  5.485 INFO: esp32c5zigbee-ttyACM2 capturing (zigbee)
  5.486 INFO: esp32c5zigbee-ttyACM2: lost sync (the board sends link type 127, not 283)
  6.162 INFO: esp32c5zigbee-ttyACM2 capturing (zigbee)
  6.162 INFO: esp32c5zigbee-ttyACM2: lost sync (the board sends link type 127, not 283)
  7.163 INFO: esp32c5zigbee-ttyACM2 capturing (zigbee)
  7.163 INFO: esp32c5zigbee-ttyACM2: lost sync (the board sends link type 127, not 283)
  8.164 INFO: esp32c5zigbee-ttyACM2 capturing (zigbee)
  8.164 INFO: esp32c5zigbee-ttyACM2: lost sync (the board sends link type 127, not 283)
  8.665 INFO: esp32c5zigbee-ttyACM2 capturing (zigbee)
  8.665 INFO: esp32c5zigbee-ttyACM2: lost sync (the board sends link type 127, not 283)
  9.666 INFO: esp32c5zigbee-ttyACM2 capturing (zigbee)
  9.666 INFO: esp32c5zigbee-ttyACM2: lost sync (the board sends link type 127, not 283)
 10.667 INFO: esp32c5zigbee-ttyACM2 capturing (zigbee)
 10.667 INFO: esp32c5zigbee-ttyACM2: lost sync (the board sends link type 127, not 283)
 11.762 INFO: esp32c5zigbee-ttyACM2 capturing (zigbee)
 11.762 INFO: esp32c5zigbee-ttyACM2: lost sync (the board sends link type 127, not 283)
 12.263 INFO: esp32c5zigbee-ttyACM2 capturing (zigbee)
 12.263 INFO: esp32c5zigbee-ttyACM2: lost sync (the board sends link type 127, not 283)
 13.264 INFO: esp32c5zigbee-ttyACM2 capturing (zigbee)
 13.264 INFO: esp32c5zigbee-ttyACM2: lost sync (the board sends link type 127, not 283)
 14.265 INFO: esp32c5zigbee-ttyACM2 capturing (zigbee)
 14.265 INFO: esp32c5zigbee-ttyACM2: lost sync (the board sends link type 127, not 283)
 15.266 INFO: esp32c5zigbee-ttyACM2 capturing (zigbee)
 15.266 INFO: esp32c5zigbee-ttyACM2: lost sync (the board sends link type 127, not 283)
 15.768 ERROR: Data source 'esp32c5zigbee-ttyACM2 / esp32c5zigbee-ttyACM2:channel=20,channel_hop=false' ('esp32c5zigbee-ttyACM2') encountered an error: IPC connection closed
 15.768 ALERT: SOURCEERROR Source esp32c5zigbee-ttyACM2 (E5C50002-0000-0000-0000-3844BEBFD80C) has encountered an error (IPC connection closed) Kismet will attempt to re-open the source in 5 seconds.  (1 failures)
 15.768 ERROR: Source esp32c5zigbee-ttyACM2 (E5C50002-0000-0000-0000-3844BEBFD80C) has encountered an error (IPC connection closed) Kismet will attempt to re-open the source in 5 seconds.  (1 failures)
 20.861 INFO: Attempting to re-open source esp32c5zigbee-ttyACM2
 20.887 ALERT: SOURCEOPEN Source esp32c5zigbee-ttyACM2 (E5C50002-0000-0000-0000-3844BEBFD80C) successfully re-opened
 21.889 INFO: esp32c5zigbee-ttyACM2 capturing (zigbee)
 21.889 INFO: esp32c5zigbee-ttyACM2: lost sync (the board sends link type 127, not 283)
 22.890 INFO: esp32c5zigbee-ttyACM2 capturing (zigbee)
 22.890 INFO: esp32c5zigbee-ttyACM2: lost sync (the board sends link type 127, not 283)
 23.891 INFO: esp32c5zigbee-ttyACM2 capturing (zigbee)
 23.891 INFO: esp32c5zigbee-ttyACM2: lost sync (the board sends link type 127, not 283)
 24.892 INFO: esp32c5zigbee-ttyACM2 capturing (zigbee)
 24.892 INFO: esp32c5zigbee-ttyACM2: lost sync (the board sends link type 127, not 283)
 25.893 INFO: esp32c5zigbee-ttyACM2 capturing (zigbee)
 25.893 INFO: esp32c5zigbee-ttyACM2: lost sync (the board sends link type 127, not 283)
 26.462 INFO: esp32c5zigbee-ttyACM2 capturing (zigbee)
 26.462 INFO: esp32c5zigbee-ttyACM2: lost sync (the board sends link type 127, not 283)
 27.463 INFO: esp32c5zigbee-ttyACM2 capturing (zigbee)
 27.463 INFO: esp32c5zigbee-ttyACM2: lost sync (the board sends link type 127, not 283)
 28.464 INFO: esp32c5zigbee-ttyACM2 capturing (zigbee)
 28.464 INFO: esp32c5zigbee-ttyACM2: lost sync (the board sends link type 127, not 283)
 29.465 INFO: esp32c5zigbee-ttyACM2 capturing (zigbee)
 29.465 INFO: esp32c5zigbee-ttyACM2: lost sync (the board sends link type 127, not 283)
 29.966 INFO: esp32c5zigbee-ttyACM2 capturing (zigbee)
 29.966 INFO: esp32c5zigbee-ttyACM2: lost sync (the board sends link type 127, not 283)
 30.967 INFO: esp32c5zigbee-ttyACM2 capturing (zigbee)
 30.967 INFO: esp32c5zigbee-ttyACM2: lost sync (the board sends link type 127, not 283)
 32.062 INFO: esp32c5zigbee-ttyACM2 capturing (zigbee)
 32.062 INFO: esp32c5zigbee-ttyACM2: lost sync (the board sends link type 127, not 283)
 33.063 INFO: esp32c5zigbee-ttyACM2 capturing (zigbee)
 33.063 INFO: esp32c5zigbee-ttyACM2: lost sync (the board sends link type 127, not 283)
 33.564 INFO: esp32c5zigbee-ttyACM2 capturing (zigbee)
 33.564 INFO: esp32c5zigbee-ttyACM2: lost sync (the board sends link type 127, not 283)
 34.565 INFO: esp32c5zigbee-ttyACM2 capturing (zigbee)
 34.565 INFO: esp32c5zigbee-ttyACM2: lost sync (the board sends link type 127, not 283)
 35.566 INFO: esp32c5zigbee-ttyACM2 capturing (zigbee)
 35.566 INFO: esp32c5zigbee-ttyACM2: lost sync (the board sends link type 127, not 283)
 36.065 ERROR: Data source 'esp32c5zigbee-ttyACM2 / esp32c5zigbee-ttyACM2:channel=20,channel_hop=false' ('esp32c5zigbee-ttyACM2') encountered an error: IPC connection closed
 36.065 ALERT: SOURCEERROR Source esp32c5zigbee-ttyACM2 (E5C50002-0000-0000-0000-3844BEBFD80C) has encountered an error (IPC connection closed) Kismet will attempt to re-open the source in 5 seconds.  (2 failures)
 36.065 ERROR: Source esp32c5zigbee-ttyACM2 (E5C50002-0000-0000-0000-3844BEBFD80C) has encountered an error (IPC connection closed) Kismet will attempt to re-open the source in 5 seconds.  (2 failures)
 41.160 INFO: Attempting to re-open source esp32c5zigbee-ttyACM2
 41.174 ALERT: SOURCEOPEN Source esp32c5zigbee-ttyACM2 (E5C50002-0000-0000-0000-3844BEBFD80C) successfully re-opened
 41.358 KISMET_EXIT=0
--- poll: 80 samples
esp32c5zigbee-ttyACM2        first running 0.61, first packet None, last pkts 0, error samples 19, not-running samples 19, channel values {'20': 80}
pcapng [] 0
