1790662152.609 INFO: Including sub-config file: /home/osh/kismet-install/etc/kismet_httpd.conf
1790662152.610 INFO: Including sub-config file: /home/osh/kismet-install/etc/kismet_memory.conf
1790662152.610 INFO: Including sub-config file: /home/osh/kismet-install/etc/kismet_alerts.conf
1790662152.610 INFO: Including sub-config file: /home/osh/kismet-install/etc/kismet_80211.conf
1790662152.610 INFO: Including sub-config file: /home/osh/kismet-install/etc/kismet_logging.conf
1790662152.610 INFO: Including sub-config file: /home/osh/kismet-install/etc/kismet_filter.conf
1790662152.610 INFO: Including sub-config file: /home/osh/kismet-install/etc/kismet_uav.conf
1790662152.610 INFO: Loading config override file '/home/osh/kismet-install/etc/kismet_package.conf'
1790662152.610 INFO: Optional sub-config file not present: /home/osh/kismet-install/etc/kismet_package.conf
1790662152.610 INFO: Loading config override file '/home/osh/kismet-install/etc/kismet_site.conf'
1790662152.610 INFO: Optional sub-config file not present: /home/osh/kismet-install/etc/kismet_site.conf
1790662152.610 INFO: Generated server UUID 4AAFC06A-BBCC-11F1-B01A-4B49534D4554 and storing in /tmp/hw2/o100.btle/.kismet//kismet_server_id.conf
1790662152.610 INFO: Setting server UUID 4AAFC06A-BBCC-11F1-B01A-4B49534D4554
1790662152.610 INFO: Starting Beast webserver on 0.0.0.0:2501
1790662152.610 INFO: Opened OUI file '/home/osh/kismet-install/share/kismet/kismet_manuf.txt.gz
1790662152.610 INFO: Indexing manufacturer db
1790662152.611 INFO: Completed indexing manufacturer db, 38959 lines and 780 indexes.
1790662152.618 INFO: Saving devices to the Kismet database log every 30 seconds
1790662152.623 INFO: Using default rates of 10/min, 1/sec for alert 'DEVICEFOUND'
1790662152.623 INFO: Using default rates of 10/min, 1/sec for alert 'DEVICELOST'
1790662152.623 INFO: Registering support for DLT_PPI packet header decoding
1790662152.623 INFO: Registering support for DLT_RADIOTAP packet header decoding
1790662152.623 INFO: Registering support for DLT_BTLE_RADIO packet header decoding
1790662152.626 INFO: Using default rates of 10/min, 1/sec for alert 'BADFIXLENIE'
1790662152.627 INFO: PHY80211 will only process AP signal levels from beacons
1790662152.627 INFO: Allowing Kismet clients to view WEP keys
1790662152.627 DEBUG: ssid canary FooCanary:ssid="FoobarCanary"
1790662152.627 DEBUG: ssid canary FooCanart2:ssid="(?i:foobarcanary)"
1790662152.627 INFO: Keeping EAPOL packets in memory for easy download and WIDS functionality; this can use more RAM.
1790662152.630 INFO: Registered PHY handler 'IEEE802.11' as ID 0
1790662152.632 INFO: Registered PHY handler 'RFSENSOR' as ID 1
1790662152.633 INFO: Registered PHY handler 'Z-Wave' as ID 2
1790662152.634 INFO: Registered PHY handler 'Bluetooth' as ID 3
1790662152.634 DEBUG: reserve_fields home id 538 app id 539
1790662152.637 INFO: Registered PHY handler 'UAV' as ID 4
1790662152.638 INFO: Registered PHY handler 'NrfMousejack' as ID 5
1790662152.638 ERROR: Tried to re-register duplicate alert FLIPPERZERO
1790662152.639 INFO: Registered PHY handler 'BTLE' as ID 6
1790662152.640 INFO: Registered PHY handler 'METER' as ID 7
1790662152.640 INFO: Indexing ADSB ICAO db
1790662152.899 INFO: Completed indexing ADSB ICAO db, 341068 lines 6822 indexes
1790662152.901 INFO: Registered PHY handler 'ADSB' as ID 8
1790662152.902 INFO: Registered PHY handler '802.15.4' as ID 9
1790662152.903 INFO: Registered PHY handler 'RADIATION' as ID 10
1790662152.909 INFO: (HTTPD) Could not read session data file, skipping loading saved sessions.
1790662152.909 INFO: Serving static file content from /home/osh/kismet-install/share/kismet/httpd/
1790662152.910 INFO: Enabling channel hopping by default on sources which support channel control.
1790662152.910 INFO: Setting default channel hop rate to 5/sec
1790662152.910 INFO: Enabling channel list splitting on sources which share the same list of channels
1790662152.910 INFO: Enabling channel list shuffling to optimize overlaps
1790662152.910 INFO: Sources will be re-opened if they encounter an error
1790662152.910 INFO: Saving datasources to the Kismet database log every 30 seconds
1790662152.910 INFO: Launching remote capture server on 127.0.0.1 3501
1790662152.913 INFO: Data sources passed on the command line (via -c source), ignoring source= definitions in the Kismet config file.
1790662152.913 INFO: Probing interface 'esp32c5btle-ttyACM2' to find datasource type
1790662152.915 ALERT: LOGDISABLED Logging has been disabled via the Kismet config files or the command line.  Pcap, database, and related logs will not be saved.
1790662152.915 INFO: Logging disabled, not enabling any log drivers.
1790662152.915 INFO: GPS track will be logged to the Kismet logfile
1790662152.916 INFO: Starting Kismet web server...
1790662152.916 INFO: HTTP server listening on 0.0.0.0:2501
1790662152.918 INFO: Could not open system plugin directory (/home/osh/kismet-install/lib/kismet/), skipping: No such file or directory
1790662152.918 INFO: Did not find a user plugin directory (/tmp/hw2/o100.btle/.kismet//plugins/), skipping: No such file or directory
1790662153.021 interface: esp32c5btle-ttyACM2
1790662153.032 INFO: Found type 'esp32c5' for 'esp32c5btle-ttyACM2'
1790662153.051 INFO: Data source 'esp32c5btle-ttyACM2' launched successfully
1790662154.051 INFO: esp32c5btle-ttyACM2 capturing (btle)
1790662154.051 INFO: esp32c5btle-ttyACM2: lost sync (the board sends link type 127, not 256)
1790662155.052 INFO: esp32c5btle-ttyACM2 capturing (btle)
1790662155.052 INFO: esp32c5btle-ttyACM2: lost sync (the board sends link type 127, not 256)
1790662156.053 INFO: esp32c5btle-ttyACM2 capturing (btle)
1790662156.053 INFO: esp32c5btle-ttyACM2: lost sync (the board sends link type 127, not 256)
1790662157.054 INFO: esp32c5btle-ttyACM2 capturing (btle)
1790662157.054 INFO: esp32c5btle-ttyACM2: lost sync (the board sends link type 127, not 256)
1790662158.055 INFO: esp32c5btle-ttyACM2 capturing (btle)
1790662158.056 INFO: esp32c5btle-ttyACM2: lost sync (the board sends link type 127, not 256)
1790662158.556 INFO: esp32c5btle-ttyACM2 capturing (btle)
1790662158.556 INFO: esp32c5btle-ttyACM2: lost sync (the board sends link type 127, not 256)
1790662159.702 INFO: esp32c5btle-ttyACM2 capturing (btle)
1790662159.702 INFO: esp32c5btle-ttyACM2: lost sync (the board sends link type 127, not 256)
1790662160.703 INFO: esp32c5btle-ttyACM2 capturing (btle)
1790662160.703 INFO: esp32c5btle-ttyACM2: lost sync (the board sends link type 127, not 256)
1790662161.204 INFO: esp32c5btle-ttyACM2 capturing (btle)
1790662161.204 INFO: esp32c5btle-ttyACM2: lost sync (the board sends link type 127, not 256)
1790662162.205 INFO: esp32c5btle-ttyACM2 capturing (btle)
1790662162.205 INFO: esp32c5btle-ttyACM2: lost sync (the board sends link type 127, not 256)
1790662163.206 INFO: esp32c5btle-ttyACM2 capturing (btle)
1790662163.206 INFO: esp32c5btle-ttyACM2: lost sync (the board sends link type 127, not 256)
1790662164.301 INFO: esp32c5btle-ttyACM2 capturing (btle)
1790662164.302 INFO: esp32c5btle-ttyACM2: lost sync (the board sends link type 127, not 256)
1790662164.802 INFO: esp32c5btle-ttyACM2 capturing (btle)
1790662164.802 INFO: esp32c5btle-ttyACM2: lost sync (the board sends link type 127, not 256)
1790662165.803 INFO: esp32c5btle-ttyACM2 capturing (btle)
1790662165.803 INFO: esp32c5btle-ttyACM2: lost sync (the board sends link type 127, not 256)
1790662166.804 INFO: esp32c5btle-ttyACM2 capturing (btle)
1790662166.804 INFO: esp32c5btle-ttyACM2: lost sync (the board sends link type 127, not 256)
1790662167.805 INFO: esp32c5btle-ttyACM2 capturing (btle)
1790662167.805 INFO: esp32c5btle-ttyACM2: lost sync (the board sends link type 127, not 256)
1790662168.307 ERROR: Data source 'esp32c5btle-ttyACM2 / esp32c5btle-ttyACM2' ('esp32c5btle-ttyACM2') encountered an error: IPC connection closed
1790662168.308 ALERT: SOURCEERROR Source esp32c5btle-ttyACM2 (E5C50003-0000-0000-0000-3844BEBFD80C) has encountered an error (IPC connection closed) Kismet will attempt to re-open the source in 5 seconds.  (1 failures)
1790662168.308 ERROR: Source esp32c5btle-ttyACM2 (E5C50003-0000-0000-0000-3844BEBFD80C) has encountered an error (IPC connection closed) Kismet will attempt to re-open the source in 5 seconds.  (1 failures)
1790662173.901 INFO: Attempting to re-open source esp32c5btle-ttyACM2
1790662173.926 ALERT: SOURCEOPEN Source esp32c5btle-ttyACM2 (E5C50003-0000-0000-0000-3844BEBFD80C) successfully re-opened
1790662174.928 INFO: esp32c5btle-ttyACM2 capturing (btle)
1790662174.928 INFO: esp32c5btle-ttyACM2: lost sync (the board sends link type 127, not 256)
1790662175.930 INFO: esp32c5btle-ttyACM2 capturing (btle)
1790662175.930 INFO: esp32c5btle-ttyACM2: lost sync (the board sends link type 127, not 256)
1790662176.931 INFO: esp32c5btle-ttyACM2 capturing (btle)
1790662176.931 INFO: esp32c5btle-ttyACM2: lost sync (the board sends link type 127, not 256)
1790662177.932 INFO: esp32c5btle-ttyACM2 capturing (btle)
1790662177.932 INFO: esp32c5btle-ttyACM2: lost sync (the board sends link type 127, not 256)
1790662178.933 INFO: esp32c5btle-ttyACM2 capturing (btle)
1790662178.933 INFO: esp32c5btle-ttyACM2: lost sync (the board sends link type 127, not 256)
1790662179.502 INFO: esp32c5btle-ttyACM2 capturing (btle)
1790662179.502 INFO: esp32c5btle-ttyACM2: lost sync (the board sends link type 127, not 256)
1790662180.503 INFO: esp32c5btle-ttyACM2 capturing (btle)
1790662180.503 INFO: esp32c5btle-ttyACM2: lost sync (the board sends link type 127, not 256)
1790662181.504 INFO: esp32c5btle-ttyACM2 capturing (btle)
1790662181.504 INFO: esp32c5btle-ttyACM2: lost sync (the board sends link type 127, not 256)
1790662182.505 INFO: esp32c5btle-ttyACM2 capturing (btle)
1790662182.505 INFO: esp32c5btle-ttyACM2: lost sync (the board sends link type 127, not 256)
1790662183.006 INFO: esp32c5btle-ttyACM2 capturing (btle)
1790662183.006 INFO: esp32c5btle-ttyACM2: lost sync (the board sends link type 127, not 256)
1790662184.001 INFO: esp32c5btle-ttyACM2 capturing (btle)
1790662184.002 INFO: esp32c5btle-ttyACM2: lost sync (the board sends link type 127, not 256)
1790662185.003 INFO: esp32c5btle-ttyACM2 capturing (btle)
1790662185.003 INFO: esp32c5btle-ttyACM2: lost sync (the board sends link type 127, not 256)
1790662186.004 INFO: esp32c5btle-ttyACM2 capturing (btle)
1790662186.004 INFO: esp32c5btle-ttyACM2: lost sync (the board sends link type 127, not 256)
1790662187.005 INFO: esp32c5btle-ttyACM2 capturing (btle)
1790662187.005 INFO: esp32c5btle-ttyACM2: lost sync (the board sends link type 127, not 256)
1790662187.506 INFO: esp32c5btle-ttyACM2 capturing (btle)
1790662187.506 INFO: esp32c5btle-ttyACM2: lost sync (the board sends link type 127, not 256)
1790662188.507 INFO: esp32c5btle-ttyACM2 capturing (btle)
1790662188.507 INFO: esp32c5btle-ttyACM2: lost sync (the board sends link type 127, not 256)
1790662189.003 ERROR: Data source 'esp32c5btle-ttyACM2 / esp32c5btle-ttyACM2' ('esp32c5btle-ttyACM2') encountered an error: IPC connection closed
1790662189.003 ALERT: SOURCEERROR Source esp32c5btle-ttyACM2 (E5C50003-0000-0000-0000-3844BEBFD80C) has encountered an error (IPC connection closed) Kismet will attempt to re-open the source in 5 seconds.  (2 failures)
1790662189.004 ERROR: Source esp32c5btle-ttyACM2 (E5C50003-0000-0000-0000-3844BEBFD80C) has encountered an error (IPC connection closed) Kismet will attempt to re-open the source in 5 seconds.  (2 failures)
1790662193.926 
1790662193.926 *** KISMET IS SHUTTING DOWN ***
1790662193.926 Shutting down plugins...
1790662193.926 WARNING: Kismet changes the configuration of network devices.
1790662193.926          In most cases you will need to restart networking for
1790662193.926          your interface (varies per distribution and OS), but 
1790662193.926          typically one of:
1790662193.926          sudo service networking restart
1790662193.926          sudo /etc/init.d/networking restart
1790662193.926          or
1790662193.926          nmcli device set [device] managed true
1790662193.926 
1790662193.926 Kismet exiting.
1790662193.926 EXITING: Signal service thread complete.
1790662193.931 KISMET_EXIT=0
