1790662325.442 INFO: Including sub-config file: /home/osh/kismet-install/etc/kismet_httpd.conf
1790662325.443 INFO: Including sub-config file: /home/osh/kismet-install/etc/kismet_memory.conf
1790662325.443 INFO: Including sub-config file: /home/osh/kismet-install/etc/kismet_alerts.conf
1790662325.443 INFO: Including sub-config file: /home/osh/kismet-install/etc/kismet_80211.conf
1790662325.443 INFO: Including sub-config file: /home/osh/kismet-install/etc/kismet_logging.conf
1790662325.443 INFO: Including sub-config file: /home/osh/kismet-install/etc/kismet_filter.conf
1790662325.443 INFO: Including sub-config file: /home/osh/kismet-install/etc/kismet_uav.conf
1790662325.443 INFO: Loading config override file '/home/osh/kismet-install/etc/kismet_package.conf'
1790662325.443 INFO: Optional sub-config file not present: /home/osh/kismet-install/etc/kismet_package.conf
1790662325.443 INFO: Loading config override file '/home/osh/kismet-install/etc/kismet_site.conf'
1790662325.443 INFO: Optional sub-config file not present: /home/osh/kismet-install/etc/kismet_site.conf
1790662325.443 INFO: Generated server UUID B1B3DCEC-BBCC-11F1-BA1D-4B49534D4554 and storing in /tmp/hw2/o100.pyzigbee/.kismet//kismet_server_id.conf
1790662325.443 INFO: Setting server UUID B1B3DCEC-BBCC-11F1-BA1D-4B49534D4554
1790662325.443 INFO: Starting Beast webserver on 0.0.0.0:2501
1790662325.443 INFO: Opened OUI file '/home/osh/kismet-install/share/kismet/kismet_manuf.txt.gz
1790662325.443 INFO: Indexing manufacturer db
1790662325.443 INFO: Completed indexing manufacturer db, 38959 lines and 780 indexes.
1790662325.450 INFO: Saving devices to the Kismet database log every 30 seconds
1790662325.455 INFO: Using default rates of 10/min, 1/sec for alert 'DEVICEFOUND'
1790662325.455 INFO: Using default rates of 10/min, 1/sec for alert 'DEVICELOST'
1790662325.456 INFO: Registering support for DLT_PPI packet header decoding
1790662325.456 INFO: Registering support for DLT_RADIOTAP packet header decoding
1790662325.456 INFO: Registering support for DLT_BTLE_RADIO packet header decoding
1790662325.459 INFO: Using default rates of 10/min, 1/sec for alert 'BADFIXLENIE'
1790662325.459 INFO: PHY80211 will only process AP signal levels from beacons
1790662325.459 INFO: Allowing Kismet clients to view WEP keys
1790662325.460 DEBUG: ssid canary FooCanary:ssid="FoobarCanary"
1790662325.460 DEBUG: ssid canary FooCanart2:ssid="(?i:foobarcanary)"
1790662325.460 INFO: Keeping EAPOL packets in memory for easy download and WIDS functionality; this can use more RAM.
1790662325.462 INFO: Registered PHY handler 'IEEE802.11' as ID 0
1790662325.464 INFO: Registered PHY handler 'RFSENSOR' as ID 1
1790662325.465 INFO: Registered PHY handler 'Z-Wave' as ID 2
1790662325.467 INFO: Registered PHY handler 'Bluetooth' as ID 3
1790662325.467 DEBUG: reserve_fields home id 538 app id 539
1790662325.469 INFO: Registered PHY handler 'UAV' as ID 4
1790662325.470 INFO: Registered PHY handler 'NrfMousejack' as ID 5
1790662325.470 ERROR: Tried to re-register duplicate alert FLIPPERZERO
1790662325.471 INFO: Registered PHY handler 'BTLE' as ID 6
1790662325.472 INFO: Registered PHY handler 'METER' as ID 7
1790662325.473 INFO: Indexing ADSB ICAO db
1790662325.732 INFO: Completed indexing ADSB ICAO db, 341068 lines 6822 indexes
1790662325.733 INFO: Registered PHY handler 'ADSB' as ID 8
1790662325.734 INFO: Registered PHY handler '802.15.4' as ID 9
1790662325.736 INFO: Registered PHY handler 'RADIATION' as ID 10
1790662325.741 INFO: (HTTPD) Could not read session data file, skipping loading saved sessions.
1790662325.741 INFO: Serving static file content from /home/osh/kismet-install/share/kismet/httpd/
1790662325.742 INFO: Enabling channel hopping by default on sources which support channel control.
1790662325.742 INFO: Setting default channel hop rate to 5/sec
1790662325.742 INFO: Enabling channel list splitting on sources which share the same list of channels
1790662325.742 INFO: Enabling channel list shuffling to optimize overlaps
1790662325.742 INFO: Sources will be re-opened if they encounter an error
1790662325.742 INFO: Saving datasources to the Kismet database log every 30 seconds
1790662325.743 INFO: Launching remote capture server on 127.0.0.1 3501
1790662325.745 INFO: No data sources defined; Kismet will not capture anything until a source is added.
1790662325.747 ALERT: LOGDISABLED Logging has been disabled via the Kismet config files or the command line.  Pcap, database, and related logs will not be saved.
1790662325.747 INFO: Logging disabled, not enabling any log drivers.
1790662325.747 INFO: GPS track will be logged to the Kismet logfile
1790662325.748 INFO: Starting Kismet web server...
1790662325.748 INFO: HTTP server listening on 0.0.0.0:2501
1790662325.750 INFO: Could not open system plugin directory (/home/osh/kismet-install/lib/kismet/), skipping: No such file or directory
1790662325.750 INFO: Did not find a user plugin directory (/tmp/hw2/o100.pyzigbee/.kismet//plugins/), skipping: No such file or directory
1790662326.024 INFO: New remote source esp32c5zigbee-ttyACM2 (E5C50002-0000-0000-0000-3844BEBFD80C) connected
1790662326.025 INFO: esp32c5zigbee-ttyACM2 - /dev/ttyACM2 opened
1790662326.968 INFO: esp32c5zigbee-ttyACM2 - /dev/ttyACM2 capturing
1790662326.968 INFO: esp32c5zigbee-ttyACM2 - /dev/ttyACM2: lost sync (the board sends link type 127, not 283)
1790662327.868 INFO: esp32c5zigbee-ttyACM2 - /dev/ttyACM2 capturing
1790662327.868 INFO: esp32c5zigbee-ttyACM2 - /dev/ttyACM2: lost sync (the board sends link type 127, not 283)
1790662328.768 INFO: esp32c5zigbee-ttyACM2 - /dev/ttyACM2 capturing
1790662328.768 INFO: esp32c5zigbee-ttyACM2 - /dev/ttyACM2: lost sync (the board sends link type 127, not 283)
1790662329.668 INFO: esp32c5zigbee-ttyACM2 - /dev/ttyACM2 capturing
1790662329.668 INFO: esp32c5zigbee-ttyACM2 - /dev/ttyACM2: lost sync (the board sends link type 127, not 283)
1790662330.569 INFO: esp32c5zigbee-ttyACM2 - /dev/ttyACM2 capturing
1790662330.572 INFO: esp32c5zigbee-ttyACM2 - /dev/ttyACM2: lost sync (the board sends link type 127, not 283)
1790662331.468 INFO: esp32c5zigbee-ttyACM2 - /dev/ttyACM2 capturing
1790662331.469 INFO: esp32c5zigbee-ttyACM2 - /dev/ttyACM2: lost sync (the board sends link type 127, not 283)
1790662332.369 INFO: esp32c5zigbee-ttyACM2 - /dev/ttyACM2 capturing
1790662332.369 INFO: esp32c5zigbee-ttyACM2 - /dev/ttyACM2: lost sync (the board sends link type 127, not 283)
1790662333.269 INFO: esp32c5zigbee-ttyACM2 - /dev/ttyACM2 capturing
1790662333.269 INFO: esp32c5zigbee-ttyACM2 - /dev/ttyACM2: lost sync (the board sends link type 127, not 283)
1790662334.169 INFO: esp32c5zigbee-ttyACM2 - /dev/ttyACM2 capturing
1790662334.169 INFO: esp32c5zigbee-ttyACM2 - /dev/ttyACM2: lost sync (the board sends link type 127, not 283)
1790662335.069 INFO: esp32c5zigbee-ttyACM2 - /dev/ttyACM2 capturing
1790662335.069 INFO: esp32c5zigbee-ttyACM2 - /dev/ttyACM2: lost sync (the board sends link type 127, not 283)
1790662335.969 INFO: esp32c5zigbee-ttyACM2 - /dev/ttyACM2 capturing
1790662335.969 INFO: esp32c5zigbee-ttyACM2 - /dev/ttyACM2: lost sync (the board sends link type 127, not 283)
1790662336.868 INFO: esp32c5zigbee-ttyACM2 - /dev/ttyACM2 capturing
1790662336.869 INFO: esp32c5zigbee-ttyACM2 - /dev/ttyACM2: lost sync (the board sends link type 127, not 283)
1790662337.768 INFO: esp32c5zigbee-ttyACM2 - /dev/ttyACM2 capturing
1790662337.769 INFO: esp32c5zigbee-ttyACM2 - /dev/ttyACM2: lost sync (the board sends link type 127, not 283)
1790662338.668 INFO: esp32c5zigbee-ttyACM2 - /dev/ttyACM2 capturing
1790662338.669 INFO: esp32c5zigbee-ttyACM2 - /dev/ttyACM2: lost sync (the board sends link type 127, not 283)
1790662339.568 INFO: esp32c5zigbee-ttyACM2 - /dev/ttyACM2 capturing
1790662339.569 INFO: esp32c5zigbee-ttyACM2 - /dev/ttyACM2: lost sync (the board sends link type 127, not 283)
1790662340.468 INFO: esp32c5zigbee-ttyACM2 - /dev/ttyACM2 capturing
1790662340.469 INFO: esp32c5zigbee-ttyACM2 - /dev/ttyACM2: lost sync (the board sends link type 127, not 283)
1790662341.368 INFO: esp32c5zigbee-ttyACM2 - /dev/ttyACM2 capturing
1790662341.371 INFO: esp32c5zigbee-ttyACM2 - /dev/ttyACM2: lost sync (the board sends link type 127, not 283)
1790662342.269 INFO: esp32c5zigbee-ttyACM2 - /dev/ttyACM2 capturing
1790662342.269 INFO: esp32c5zigbee-ttyACM2 - /dev/ttyACM2: lost sync (the board sends link type 127, not 283)
1790662343.168 INFO: esp32c5zigbee-ttyACM2 - /dev/ttyACM2 capturing
1790662343.169 INFO: esp32c5zigbee-ttyACM2 - /dev/ttyACM2: lost sync (the board sends link type 127, not 283)
1790662344.068 INFO: esp32c5zigbee-ttyACM2 - /dev/ttyACM2 capturing
1790662344.069 INFO: esp32c5zigbee-ttyACM2 - /dev/ttyACM2: lost sync (the board sends link type 127, not 283)
1790662344.968 INFO: esp32c5zigbee-ttyACM2 - /dev/ttyACM2 capturing
1790662344.969 INFO: esp32c5zigbee-ttyACM2 - /dev/ttyACM2: lost sync (the board sends link type 127, not 283)
1790662345.868 INFO: esp32c5zigbee-ttyACM2 - /dev/ttyACM2 capturing
1790662345.869 INFO: esp32c5zigbee-ttyACM2 - /dev/ttyACM2: lost sync (the board sends link type 127, not 283)
1790662346.768 INFO: esp32c5zigbee-ttyACM2 - /dev/ttyACM2 capturing
1790662346.774 INFO: esp32c5zigbee-ttyACM2 - /dev/ttyACM2: lost sync (the board sends link type 127, not 283)
1790662347.668 INFO: esp32c5zigbee-ttyACM2 - /dev/ttyACM2 capturing
1790662347.669 INFO: esp32c5zigbee-ttyACM2 - /dev/ttyACM2: lost sync (the board sends link type 127, not 283)
1790662348.528 INFO: Kismet external interface shutting down: the board on /dev/ttyACM2 has not been capturing for 15 s (last: /dev/ttyACM2: lost sync (the board sends link type 127, not 283))
1790662348.528 ERROR: Data source 'esp32c5zigbee-ttyACM2 / esp32c5zigbee-ttyACM2' ('esp32c5zigbee-ttyACM2') encountered an error: remote connection triggered shutdown: the board on /dev/ttyACM2 has not been capturing for 15 s (last: /dev/ttyACM2: lost sync (the board sends link type 127, not 283))
1790662353.601 INFO: Matching new remote source 'esp32c5zigbee-ttyACM2' with known source with UUID 'E5C50002-0000-0000-0000-3844BEBFD80C'
1790662353.609 INFO: Remote source esp32c5zigbee-ttyACM2 (E5C50002-0000-0000-0000-3844BEBFD80C) reconnected
1790662353.610 INFO: esp32c5zigbee-ttyACM2 - /dev/ttyACM2 opened
1790662354.568 INFO: esp32c5zigbee-ttyACM2 - /dev/ttyACM2 capturing
1790662354.569 INFO: esp32c5zigbee-ttyACM2 - /dev/ttyACM2: lost sync (the board sends link type 127, not 283)
1790662355.468 INFO: esp32c5zigbee-ttyACM2 - /dev/ttyACM2 capturing
1790662355.469 INFO: esp32c5zigbee-ttyACM2 - /dev/ttyACM2: lost sync (the board sends link type 127, not 283)
1790662356.368 INFO: esp32c5zigbee-ttyACM2 - /dev/ttyACM2 capturing
1790662356.369 INFO: esp32c5zigbee-ttyACM2 - /dev/ttyACM2: lost sync (the board sends link type 127, not 283)
1790662357.268 INFO: esp32c5zigbee-ttyACM2 - /dev/ttyACM2 capturing
1790662357.269 INFO: esp32c5zigbee-ttyACM2 - /dev/ttyACM2: lost sync (the board sends link type 127, not 283)
1790662358.168 INFO: esp32c5zigbee-ttyACM2 - /dev/ttyACM2 capturing
1790662358.169 INFO: esp32c5zigbee-ttyACM2 - /dev/ttyACM2: lost sync (the board sends link type 127, not 283)
1790662359.068 INFO: esp32c5zigbee-ttyACM2 - /dev/ttyACM2 capturing
1790662359.069 INFO: esp32c5zigbee-ttyACM2 - /dev/ttyACM2: lost sync (the board sends link type 127, not 283)
1790662359.968 INFO: esp32c5zigbee-ttyACM2 - /dev/ttyACM2 capturing
1790662359.969 INFO: esp32c5zigbee-ttyACM2 - /dev/ttyACM2: lost sync (the board sends link type 127, not 283)
1790662360.868 INFO: esp32c5zigbee-ttyACM2 - /dev/ttyACM2 capturing
1790662360.869 INFO: esp32c5zigbee-ttyACM2 - /dev/ttyACM2: lost sync (the board sends link type 127, not 283)
1790662361.768 INFO: esp32c5zigbee-ttyACM2 - /dev/ttyACM2 capturing
1790662361.769 INFO: esp32c5zigbee-ttyACM2 - /dev/ttyACM2: lost sync (the board sends link type 127, not 283)
1790662362.668 INFO: esp32c5zigbee-ttyACM2 - /dev/ttyACM2 capturing
1790662362.669 INFO: esp32c5zigbee-ttyACM2 - /dev/ttyACM2: lost sync (the board sends link type 127, not 283)
1790662363.568 INFO: esp32c5zigbee-ttyACM2 - /dev/ttyACM2 capturing
1790662363.569 INFO: esp32c5zigbee-ttyACM2 - /dev/ttyACM2: lost sync (the board sends link type 127, not 283)
1790662363.875 ERROR: Data source 'esp32c5zigbee-ttyACM2 / esp32c5zigbee-ttyACM2' ('esp32c5zigbee-ttyACM2') encountered an error: websocket connection closed
1790662367.258 
1790662367.258 *** KISMET IS SHUTTING DOWN ***
1790662367.260 Shutting down plugins...
1790662367.260 WARNING: Kismet changes the configuration of network devices.
1790662367.260          In most cases you will need to restart networking for
1790662367.260          your interface (varies per distribution and OS), but 
1790662367.260          typically one of:
1790662367.260          sudo service networking restart
1790662367.260          sudo /etc/init.d/networking restart
1790662367.260          or
1790662367.260          nmcli device set [device] managed true
1790662367.260 
1790662367.260 Kismet exiting.
1790662367.260 EXITING: Signal service thread complete.
1790662367.263 KISMET_EXIT=0
