1790662238.958 INFO: Including sub-config file: /home/osh/kismet-install/etc/kismet_httpd.conf
1790662238.958 INFO: Including sub-config file: /home/osh/kismet-install/etc/kismet_memory.conf
1790662238.958 INFO: Including sub-config file: /home/osh/kismet-install/etc/kismet_alerts.conf
1790662238.958 INFO: Including sub-config file: /home/osh/kismet-install/etc/kismet_80211.conf
1790662238.958 INFO: Including sub-config file: /home/osh/kismet-install/etc/kismet_logging.conf
1790662238.958 INFO: Including sub-config file: /home/osh/kismet-install/etc/kismet_filter.conf
1790662238.958 INFO: Including sub-config file: /home/osh/kismet-install/etc/kismet_uav.conf
1790662238.958 INFO: Loading config override file '/home/osh/kismet-install/etc/kismet_package.conf'
1790662238.958 INFO: Optional sub-config file not present: /home/osh/kismet-install/etc/kismet_package.conf
1790662238.958 INFO: Loading config override file '/home/osh/kismet-install/etc/kismet_site.conf'
1790662238.958 INFO: Optional sub-config file not present: /home/osh/kismet-install/etc/kismet_site.conf
1790662238.958 INFO: Generated server UUID 7E277D48-BBCC-11F1-88A8-4B49534D4554 and storing in /tmp/hw2/o100.wifi/.kismet//kismet_server_id.conf
1790662238.958 INFO: Setting server UUID 7E277D48-BBCC-11F1-88A8-4B49534D4554
1790662238.958 INFO: Starting Beast webserver on 0.0.0.0:2501
1790662238.958 INFO: Opened OUI file '/home/osh/kismet-install/share/kismet/kismet_manuf.txt.gz
1790662238.958 INFO: Indexing manufacturer db
1790662238.960 INFO: Completed indexing manufacturer db, 38959 lines and 780 indexes.
1790662238.967 INFO: Saving devices to the Kismet database log every 30 seconds
1790662238.972 INFO: Using default rates of 10/min, 1/sec for alert 'DEVICEFOUND'
1790662238.972 INFO: Using default rates of 10/min, 1/sec for alert 'DEVICELOST'
1790662238.972 INFO: Registering support for DLT_PPI packet header decoding
1790662238.972 INFO: Registering support for DLT_RADIOTAP packet header decoding
1790662238.972 INFO: Registering support for DLT_BTLE_RADIO packet header decoding
1790662238.975 INFO: Using default rates of 10/min, 1/sec for alert 'BADFIXLENIE'
1790662238.976 INFO: PHY80211 will only process AP signal levels from beacons
1790662238.976 INFO: Allowing Kismet clients to view WEP keys
1790662238.976 DEBUG: ssid canary FooCanary:ssid="FoobarCanary"
1790662238.976 DEBUG: ssid canary FooCanart2:ssid="(?i:foobarcanary)"
1790662238.976 INFO: Keeping EAPOL packets in memory for easy download and WIDS functionality; this can use more RAM.
1790662238.979 INFO: Registered PHY handler 'IEEE802.11' as ID 0
1790662238.981 INFO: Registered PHY handler 'RFSENSOR' as ID 1
1790662238.982 INFO: Registered PHY handler 'Z-Wave' as ID 2
1790662238.983 INFO: Registered PHY handler 'Bluetooth' as ID 3
1790662238.983 DEBUG: reserve_fields home id 538 app id 539
1790662238.985 INFO: Registered PHY handler 'UAV' as ID 4
1790662238.986 INFO: Registered PHY handler 'NrfMousejack' as ID 5
1790662238.986 ERROR: Tried to re-register duplicate alert FLIPPERZERO
1790662238.987 INFO: Registered PHY handler 'BTLE' as ID 6
1790662238.989 INFO: Registered PHY handler 'METER' as ID 7
1790662238.989 INFO: Indexing ADSB ICAO db
1790662239.252 INFO: Completed indexing ADSB ICAO db, 341068 lines 6822 indexes
1790662239.253 INFO: Registered PHY handler 'ADSB' as ID 8
1790662239.254 INFO: Registered PHY handler '802.15.4' as ID 9
1790662239.256 INFO: Registered PHY handler 'RADIATION' as ID 10
1790662239.262 INFO: (HTTPD) Could not read session data file, skipping loading saved sessions.
1790662239.262 INFO: Serving static file content from /home/osh/kismet-install/share/kismet/httpd/
1790662239.263 INFO: Enabling channel hopping by default on sources which support channel control.
1790662239.263 INFO: Setting default channel hop rate to 5/sec
1790662239.263 INFO: Enabling channel list splitting on sources which share the same list of channels
1790662239.263 INFO: Enabling channel list shuffling to optimize overlaps
1790662239.263 INFO: Sources will be re-opened if they encounter an error
1790662239.263 INFO: Saving datasources to the Kismet database log every 30 seconds
1790662239.263 INFO: Launching remote capture server on 127.0.0.1 3501
1790662239.266 INFO: Data sources passed on the command line (via -c source), ignoring source= definitions in the Kismet config file.
1790662239.266 INFO: Probing interface 'esp32c5-ttyACM2' to find datasource type
1790662239.267 ALERT: LOGDISABLED Logging has been disabled via the Kismet config files or the command line.  Pcap, database, and related logs will not be saved.
1790662239.268 INFO: Logging disabled, not enabling any log drivers.
1790662239.268 INFO: GPS track will be logged to the Kismet logfile
1790662239.269 INFO: Starting Kismet web server...
1790662239.269 INFO: HTTP server listening on 0.0.0.0:2501
1790662239.271 INFO: Could not open system plugin directory (/home/osh/kismet-install/lib/kismet/), skipping: No such file or directory
1790662239.271 INFO: Did not find a user plugin directory (/tmp/hw2/o100.wifi/.kismet//plugins/), skipping: No such file or directory
1790662239.369 interface: esp32c5-ttyACM2
1790662239.374 INFO: Found type 'esp32c5' for 'esp32c5-ttyACM2'
1790662239.389 INFO: Data source 'esp32c5-ttyACM2' launched successfully
1790662240.390 INFO: esp32c5-ttyACM2 capturing (wifi)
1790662280.279 
1790662280.279 *** KISMET IS SHUTTING DOWN ***
1790662280.279 Shutting down plugins...
1790662280.279 WARNING: Kismet changes the configuration of network devices.
1790662280.279          In most cases you will need to restart networking for
1790662280.279          your interface (varies per distribution and OS), but 
1790662280.279          typically one of:
1790662280.279          sudo service networking restart
1790662280.279          sudo /etc/init.d/networking restart
1790662280.279          or
1790662280.279          nmcli device set [device] managed true
1790662280.279 
1790662280.279 Kismet exiting.
1790662280.279 EXITING: Signal service thread complete.
1790662280.283 FATAL: Remote side closed read pipe
1790662280.284 KISMET_EXIT=0
