esptool v5.4.0
Serial port /dev/serial/by-id/usb-Espressif_USB_JTAG_serial_debug_unit_38:44:BE:BF:D8:0C-if00:
Connecting...
Connected to ESP32-C5 on /dev/serial/by-id/usb-Espressif_USB_JTAG_serial_debug_unit_38:44:BE:BF:D8:0C-if00:
Chip type:          ESP32-C5 (revision v1.0)
Features:           Wi-Fi 6 (dual-band), BT 5 (LE), IEEE802.15.4, Single Core + LP Core, 240MHz
Crystal frequency:  48MHz
USB mode:           USB-Serial/JTAG
MAC:                38:44:be:ff:fe:bf:d8:0c
BASE MAC:           38:44:be:bf:d8:0c
MAC_EXT:            ff:fe

Uploading stub flasher...
Running stub flasher...
Stub flasher running.

Configuring flash size...
Flash will be erased from 0x00000000 to 0x000ccfff...
Compressed 838816 bytes to 466000...
Writing at 0x00011233 ━                                3.5% 16.00kB/455.08kB [0s] 
Writing at 0x0001cbf7 ━━                               7.0% 32.00kB/455.08kB [0s] 
Writing at 0x000262a6 ━━━                             10.5% 48.00kB/455.08kB [1s] 
Writing at 0x0002dafe ━━━━                            14.1% 64.00kB/455.08kB [1s] 
Writing at 0x00033d2b ━━━━━                           17.6% 80.00kB/455.08kB [2s] 
Writing at 0x0003b8c2 ━━━━━━                          21.1% 96.00kB/455.08kB [2s] 
Writing at 0x00042df3 ━━━━━━━                         24.6% 112.00kB/455.08kB [3s] 
Writing at 0x000498f0 ━━━━━━━━                        28.1% 128.00kB/455.08kB [3s] 
Writing at 0x0005052e ━━━━━━━━━                       31.6% 144.00kB/455.08kB [3s] 
Writing at 0x00057016 ━━━━━━━━━━╸                     35.2% 160.00kB/455.08kB [3s] 
Writing at 0x0005da5f ━━━━━━━━━━━╸                    38.7% 176.00kB/455.08kB [4s] 
Writing at 0x00063a2d ━━━━━━━━━━━━╸                   42.2% 192.00kB/455.08kB [4s] 
Writing at 0x00069855 ━━━━━━━━━━━━━╸                  45.7% 208.00kB/455.08kB [4s] 
Writing at 0x0006f605 ━━━━━━━━━━━━━━╸                 49.2% 224.00kB/455.08kB [4s] 
Writing at 0x00075290 ━━━━━━━━━━━━━━━╸                52.7% 240.00kB/455.08kB [4s] 
Writing at 0x0007aef6 ━━━━━━━━━━━━━━━━╸               56.3% 256.00kB/455.08kB [5s] 
Writing at 0x00081227 ━━━━━━━━━━━━━━━━━╸              59.8% 272.00kB/455.08kB [5s] 
Writing at 0x00086e37 ━━━━━━━━━━━━━━━━━━╸             63.3% 288.00kB/455.08kB [5s] 
Writing at 0x0008d87c ━━━━━━━━━━━━━━━━━━━━            66.8% 304.00kB/455.08kB [5s] 
Writing at 0x00093e32 ━━━━━━━━━━━━━━━━━━━━━           70.3% 320.00kB/455.08kB [5s] 
Writing at 0x0009a253 ━━━━━━━━━━━━━━━━━━━━━━          73.8% 336.00kB/455.08kB [5s] 
Writing at 0x000a07d1 ━━━━━━━━━━━━━━━━━━━━━━━         77.3% 352.00kB/455.08kB [5s] 
Writing at 0x000a6653 ━━━━━━━━━━━━━━━━━━━━━━━━        80.9% 368.00kB/455.08kB [5s] 
Writing at 0x000ac278 ━━━━━━━━━━━━━━━━━━━━━━━━━       84.4% 384.00kB/455.08kB [6s] 
Writing at 0x000b3e4e ━━━━━━━━━━━━━━━━━━━━━━━━━━      87.9% 400.00kB/455.08kB [6s] 
Writing at 0x000bb1c1 ━━━━━━━━━━━━━━━━━━━━━━━━━━━     91.4% 416.00kB/455.08kB [6s] 
Writing at 0x000c1b89 ━━━━━━━━━━━━━━━━━━━━━━━━━━━━    94.9% 432.00kB/455.08kB [6s] 
Writing at 0x000c7c53 ━━━━━━━━━━━━━━━━━━━━━━━━━━━━━╸  98.4% 448.00kB/455.08kB [6s] 
Writing at 0x000ccca0 ━━━━━━━━━━━━━━━━━━━━━━━━━━━━━━ 100.0% 455.08kB/455.08kB [6s] 
Wrote 838816 bytes (466000 compressed) at 0x00000000 in 6.8 seconds (987.8 kbit/s).
Verifying written data...
Hash of data verified.

Hard resetting via RTS pin...
