1790661945.404 INFO: Including sub-config file: /home/osh/kismet-install/etc/kismet_httpd.conf
1790661945.404 INFO: Including sub-config file: /home/osh/kismet-install/etc/kismet_memory.conf
1790661945.404 INFO: Including sub-config file: /home/osh/kismet-install/etc/kismet_alerts.conf
1790661945.404 INFO: Including sub-config file: /home/osh/kismet-install/etc/kismet_80211.conf
1790661945.404 INFO: Including sub-config file: /home/osh/kismet-install/etc/kismet_logging.conf
1790661945.404 INFO: Including sub-config file: /home/osh/kismet-install/etc/kismet_filter.conf
1790661945.404 INFO: Including sub-config file: /home/osh/kismet-install/etc/kismet_uav.conf
1790661945.404 INFO: Loading config override file '/home/osh/kismet-install/etc/kismet_package.conf'
1790661945.404 INFO: Optional sub-config file not present: /home/osh/kismet-install/etc/kismet_package.conf
1790661945.404 INFO: Loading config override file '/home/osh/kismet-install/etc/kismet_site.conf'
1790661945.404 INFO: Optional sub-config file not present: /home/osh/kismet-install/etc/kismet_site.conf
1790661945.404 INFO: Generated server UUID CF2E9E52-BBCB-11F1-9BF5-4B49534D4554 and storing in /tmp/hw2/o110.pybtle/.kismet//kismet_server_id.conf
1790661945.404 INFO: Setting server UUID CF2E9E52-BBCB-11F1-9BF5-4B49534D4554
1790661945.404 INFO: Starting Beast webserver on 0.0.0.0:2501
1790661945.404 INFO: Opened OUI file '/home/osh/kismet-install/share/kismet/kismet_manuf.txt.gz
1790661945.404 INFO: Indexing manufacturer db
1790661945.406 INFO: Completed indexing manufacturer db, 38959 lines and 780 indexes.
1790661945.413 INFO: Saving devices to the Kismet database log every 30 seconds
1790661945.418 INFO: Using default rates of 10/min, 1/sec for alert 'DEVICEFOUND'
1790661945.418 INFO: Using default rates of 10/min, 1/sec for alert 'DEVICELOST'
1790661945.418 INFO: Registering support for DLT_PPI packet header decoding
1790661945.418 INFO: Registering support for DLT_RADIOTAP packet header decoding
1790661945.418 INFO: Registering support for DLT_BTLE_RADIO packet header decoding
1790661945.421 INFO: Using default rates of 10/min, 1/sec for alert 'BADFIXLENIE'
1790661945.422 INFO: PHY80211 will only process AP signal levels from beacons
1790661945.422 INFO: Allowing Kismet clients to view WEP keys
1790661945.422 DEBUG: ssid canary FooCanary:ssid="FoobarCanary"
1790661945.422 DEBUG: ssid canary FooCanart2:ssid="(?i:foobarcanary)"
1790661945.422 INFO: Keeping EAPOL packets in memory for easy download and WIDS functionality; this can use more RAM.
1790661945.425 INFO: Registered PHY handler 'IEEE802.11' as ID 0
1790661945.427 INFO: Registered PHY handler 'RFSENSOR' as ID 1
1790661945.428 INFO: Registered PHY handler 'Z-Wave' as ID 2
1790661945.429 INFO: Registered PHY handler 'Bluetooth' as ID 3
1790661945.429 DEBUG: reserve_fields home id 538 app id 539
1790661945.432 INFO: Registered PHY handler 'UAV' as ID 4
1790661945.433 INFO: Registered PHY handler 'NrfMousejack' as ID 5
1790661945.433 ERROR: Tried to re-register duplicate alert FLIPPERZERO
1790661945.434 INFO: Registered PHY handler 'BTLE' as ID 6
1790661945.435 INFO: Registered PHY handler 'METER' as ID 7
1790661945.435 INFO: Indexing ADSB ICAO db
1790661945.694 INFO: Completed indexing ADSB ICAO db, 341068 lines 6822 indexes
1790661945.696 INFO: Registered PHY handler 'ADSB' as ID 8
1790661945.697 INFO: Registered PHY handler '802.15.4' as ID 9
1790661945.698 INFO: Registered PHY handler 'RADIATION' as ID 10
1790661945.704 INFO: (HTTPD) Could not read session data file, skipping loading saved sessions.
1790661945.704 INFO: Serving static file content from /home/osh/kismet-install/share/kismet/httpd/
1790661945.705 INFO: Enabling channel hopping by default on sources which support channel control.
1790661945.705 INFO: Setting default channel hop rate to 5/sec
1790661945.705 INFO: Enabling channel list splitting on sources which share the same list of channels
1790661945.705 INFO: Enabling channel list shuffling to optimize overlaps
1790661945.705 INFO: Sources will be re-opened if they encounter an error
1790661945.705 INFO: Saving datasources to the Kismet database log every 30 seconds
1790661945.705 INFO: Launching remote capture server on 127.0.0.1 3501
1790661945.708 INFO: No data sources defined; Kismet will not capture anything until a source is added.
1790661945.710 ALERT: LOGDISABLED Logging has been disabled via the Kismet config files or the command line.  Pcap, database, and related logs will not be saved.
1790661945.710 INFO: Logging disabled, not enabling any log drivers.
1790661945.710 INFO: GPS track will be logged to the Kismet logfile
1790661945.711 INFO: Starting Kismet web server...
1790661945.711 INFO: HTTP server listening on 0.0.0.0:2501
1790661945.713 INFO: Could not open system plugin directory (/home/osh/kismet-install/lib/kismet/), skipping: No such file or directory
1790661945.713 INFO: Did not find a user plugin directory (/tmp/hw2/o110.pybtle/.kismet//plugins/), skipping: No such file or directory
1790661945.982 INFO: New remote source esp32c5btle-ttyACM2 (E5C50003-0000-0000-0000-3844BEBFD80C) connected
1790661945.983 INFO: esp32c5btle-ttyACM2 - /dev/ttyACM2 opened
1790661946.943 INFO: esp32c5btle-ttyACM2 - /dev/ttyACM2 capturing
1790661946.943 INFO: esp32c5btle-ttyACM2 - /dev/ttyACM2: lost sync (the board sends link type 127, not 256)
1790661947.843 INFO: esp32c5btle-ttyACM2 - /dev/ttyACM2 capturing
1790661947.843 INFO: esp32c5btle-ttyACM2 - /dev/ttyACM2: lost sync (the board sends link type 127, not 256)
1790661948.743 INFO: esp32c5btle-ttyACM2 - /dev/ttyACM2 capturing
1790661948.743 INFO: esp32c5btle-ttyACM2 - /dev/ttyACM2: lost sync (the board sends link type 127, not 256)
1790661949.643 INFO: esp32c5btle-ttyACM2 - /dev/ttyACM2 capturing
1790661949.643 INFO: esp32c5btle-ttyACM2 - /dev/ttyACM2: lost sync (the board sends link type 127, not 256)
1790661950.544 INFO: esp32c5btle-ttyACM2 - /dev/ttyACM2 capturing
1790661950.544 INFO: esp32c5btle-ttyACM2 - /dev/ttyACM2: lost sync (the board sends link type 127, not 256)
1790661951.444 INFO: esp32c5btle-ttyACM2 - /dev/ttyACM2 capturing
1790661951.444 INFO: esp32c5btle-ttyACM2 - /dev/ttyACM2: lost sync (the board sends link type 127, not 256)
1790661952.343 INFO: esp32c5btle-ttyACM2 - /dev/ttyACM2 capturing
1790661952.344 INFO: esp32c5btle-ttyACM2 - /dev/ttyACM2: lost sync (the board sends link type 127, not 256)
1790661953.244 INFO: esp32c5btle-ttyACM2 - /dev/ttyACM2 capturing
1790661953.248 INFO: esp32c5btle-ttyACM2 - /dev/ttyACM2: lost sync (the board sends link type 127, not 256)
1790661954.143 INFO: esp32c5btle-ttyACM2 - /dev/ttyACM2 capturing
1790661954.144 INFO: esp32c5btle-ttyACM2 - /dev/ttyACM2: lost sync (the board sends link type 127, not 256)
1790661955.043 INFO: esp32c5btle-ttyACM2 - /dev/ttyACM2 capturing
1790661955.043 INFO: esp32c5btle-ttyACM2 - /dev/ttyACM2: lost sync (the board sends link type 127, not 256)
1790661955.943 INFO: esp32c5btle-ttyACM2 - /dev/ttyACM2 capturing
1790661955.943 INFO: esp32c5btle-ttyACM2 - /dev/ttyACM2: lost sync (the board sends link type 127, not 256)
1790661956.843 INFO: esp32c5btle-ttyACM2 - /dev/ttyACM2 capturing
1790661956.843 INFO: esp32c5btle-ttyACM2 - /dev/ttyACM2: lost sync (the board sends link type 127, not 256)
1790661957.743 INFO: esp32c5btle-ttyACM2 - /dev/ttyACM2 capturing
1790661957.743 INFO: esp32c5btle-ttyACM2 - /dev/ttyACM2: lost sync (the board sends link type 127, not 256)
1790661958.643 INFO: esp32c5btle-ttyACM2 - /dev/ttyACM2 capturing
1790661958.648 INFO: esp32c5btle-ttyACM2 - /dev/ttyACM2: lost sync (the board sends link type 127, not 256)
1790661959.543 INFO: esp32c5btle-ttyACM2 - /dev/ttyACM2 capturing
1790661959.544 INFO: esp32c5btle-ttyACM2 - /dev/ttyACM2: lost sync (the board sends link type 127, not 256)
1790661960.443 INFO: esp32c5btle-ttyACM2 - /dev/ttyACM2 capturing
1790661960.444 INFO: esp32c5btle-ttyACM2 - /dev/ttyACM2: lost sync (the board sends link type 127, not 256)
1790661960.984 INFO: Kismet external interface shutting down: the board on /dev/ttyACM2 has not been capturing for 15 s (last: /dev/ttyACM2: lost sync (the board sends link type 127, not 256))
1790661960.984 ERROR: Data source 'esp32c5btle-ttyACM2 / esp32c5btle-ttyACM2' ('esp32c5btle-ttyACM2') encountered an error: remote connection triggered shutdown: the board on /dev/ttyACM2 has not been capturing for 15 s (last: /dev/ttyACM2: lost sync (the board sends link type 127, not 256))
1790661966.079 INFO: Matching new remote source 'esp32c5btle-ttyACM2' with known source with UUID 'E5C50003-0000-0000-0000-3844BEBFD80C'
1790661966.090 INFO: Remote source esp32c5btle-ttyACM2 (E5C50003-0000-0000-0000-3844BEBFD80C) reconnected
1790661966.090 INFO: esp32c5btle-ttyACM2 - /dev/ttyACM2 opened
1790661967.043 INFO: esp32c5btle-ttyACM2 - /dev/ttyACM2 capturing
1790661967.044 INFO: esp32c5btle-ttyACM2 - /dev/ttyACM2: lost sync (the board sends link type 127, not 256)
1790661967.943 INFO: esp32c5btle-ttyACM2 - /dev/ttyACM2 capturing
1790661967.944 INFO: esp32c5btle-ttyACM2 - /dev/ttyACM2: lost sync (the board sends link type 127, not 256)
1790661968.843 INFO: esp32c5btle-ttyACM2 - /dev/ttyACM2 capturing
1790661968.844 INFO: esp32c5btle-ttyACM2 - /dev/ttyACM2: lost sync (the board sends link type 127, not 256)
1790661969.743 INFO: esp32c5btle-ttyACM2 - /dev/ttyACM2 capturing
1790661969.749 INFO: esp32c5btle-ttyACM2 - /dev/ttyACM2: lost sync (the board sends link type 127, not 256)
1790661970.643 INFO: esp32c5btle-ttyACM2 - /dev/ttyACM2 capturing
1790661970.644 INFO: esp32c5btle-ttyACM2 - /dev/ttyACM2: lost sync (the board sends link type 127, not 256)
1790661971.543 INFO: esp32c5btle-ttyACM2 - /dev/ttyACM2 capturing
1790661971.544 INFO: esp32c5btle-ttyACM2 - /dev/ttyACM2: lost sync (the board sends link type 127, not 256)
1790661972.443 INFO: esp32c5btle-ttyACM2 - /dev/ttyACM2 capturing
1790661972.444 INFO: esp32c5btle-ttyACM2 - /dev/ttyACM2: lost sync (the board sends link type 127, not 256)
1790661973.343 INFO: esp32c5btle-ttyACM2 - /dev/ttyACM2 capturing
1790661973.343 INFO: esp32c5btle-ttyACM2 - /dev/ttyACM2: lost sync (the board sends link type 127, not 256)
1790661974.243 INFO: esp32c5btle-ttyACM2 - /dev/ttyACM2 capturing
1790661974.244 INFO: esp32c5btle-ttyACM2 - /dev/ttyACM2: lost sync (the board sends link type 127, not 256)
1790661975.143 INFO: esp32c5btle-ttyACM2 - /dev/ttyACM2 capturing
1790661975.144 INFO: esp32c5btle-ttyACM2 - /dev/ttyACM2: lost sync (the board sends link type 127, not 256)
1790661976.043 INFO: esp32c5btle-ttyACM2 - /dev/ttyACM2 capturing
1790661976.044 INFO: esp32c5btle-ttyACM2 - /dev/ttyACM2: lost sync (the board sends link type 127, not 256)
1790661976.943 INFO: esp32c5btle-ttyACM2 - /dev/ttyACM2 capturing
1790661976.944 INFO: esp32c5btle-ttyACM2 - /dev/ttyACM2: lost sync (the board sends link type 127, not 256)
1790661977.843 INFO: esp32c5btle-ttyACM2 - /dev/ttyACM2 capturing
1790661977.844 INFO: esp32c5btle-ttyACM2 - /dev/ttyACM2: lost sync (the board sends link type 127, not 256)
1790661978.743 INFO: esp32c5btle-ttyACM2 - /dev/ttyACM2 capturing
1790661978.744 INFO: esp32c5btle-ttyACM2 - /dev/ttyACM2: lost sync (the board sends link type 127, not 256)
1790661979.643 INFO: esp32c5btle-ttyACM2 - /dev/ttyACM2 capturing
1790661979.644 INFO: esp32c5btle-ttyACM2 - /dev/ttyACM2: lost sync (the board sends link type 127, not 256)
1790661980.543 INFO: esp32c5btle-ttyACM2 - /dev/ttyACM2 capturing
1790661980.544 INFO: esp32c5btle-ttyACM2 - /dev/ttyACM2: lost sync (the board sends link type 127, not 256)
1790661981.090 INFO: Kismet external interface shutting down: the board on /dev/ttyACM2 has not been capturing for 15 s (last: /dev/ttyACM2: lost sync (the board sends link type 127, not 256))
1790661981.090 ERROR: Data source 'esp32c5btle-ttyACM2 / esp32c5btle-ttyACM2' ('esp32c5btle-ttyACM2') encountered an error: remote connection triggered shutdown: the board on /dev/ttyACM2 has not been capturing for 15 s (last: /dev/ttyACM2: lost sync (the board sends link type 127, not 256))
1790661987.221 
1790661987.221 *** KISMET IS SHUTTING DOWN ***
1790661987.221 Shutting down plugins...
1790661987.221 WARNING: Kismet changes the configuration of network devices.
1790661987.221          In most cases you will need to restart networking for
1790661987.221          your interface (varies per distribution and OS), but 
1790661987.221          typically one of:
1790661987.221          sudo service networking restart
1790661987.221          sudo /etc/init.d/networking restart
1790661987.221          or
1790661987.221          nmcli device set [device] managed true
1790661987.221 
1790661987.221 Kismet exiting.
1790661987.222 EXITING: Signal service thread complete.
1790661987.226 KISMET_EXIT=0
