kismet up after 0.42 s pid 308357 home /tmp/hw2/o110.wifi
esp32c5-ttyACM2              run=1 err=0 rem=0 pkts=613     ch=6    hop=1 rate=5 off=0 nch=42 pid=308415 uuid=E5C50001-0000-0000-0000-3844BEBFD80C hw=Espressif USB-Serial-JTAG (38:44:BE:BF:D8:0C) capif=esp32c5-ttyACM2 reason=
{"IEEE802.11": 43}
stopped
--- log (t relative to kismet start)
  0.342 INFO: Probing interface 'esp32c5-ttyACM2' to find datasource type
  0.439 interface: esp32c5-ttyACM2
  0.455 INFO: Found type 'esp32c5' for 'esp32c5-ttyACM2'
  0.473 INFO: Data source 'esp32c5-ttyACM2' launched successfully
  1.974 INFO: esp32c5-ttyACM2 capturing (wifi)
  3.493 INFO: 802.11 Wi-Fi device 26:39:F1:AB:05:B2 advertising new SSID 'osvc-2'
  5.492 INFO: 802.11 Wi-Fi device 00:B8:C2:B2:AE:57 advertising new SSID 'Mor'
  6.145 INFO: 802.11 Wi-Fi device 40:AE:30:84:34:B7 advertising new SSID 'cohen42'
  6.157 INFO: 802.11 Wi-Fi device 46:AE:30:84:34:B7 advertising a new cloaked SSID
  7.639 INFO: 802.11 Wi-Fi device 80:AF:CA:75:C2:23 advertising new SSID 'Cudy-C223'
  7.650 INFO: 802.11 Wi-Fi device 82:AF:CA:25:C2:23 advertising a new cloaked SSID
  7.661 INFO: 802.11 Wi-Fi device 46:AE:30:84:34:B6 advertising a new cloaked SSID
  9.187 INFO: 802.11 Wi-Fi device 8A:D8:E5:C7:6A:16 advertising a new cloaked SSID
  9.641 INFO: 802.11 Wi-Fi device 8A:F8:CC:EE:87:D1 advertising new SSID 'Alon'
  9.687 INFO: 802.11 Wi-Fi device CA:C9:A3:4D:96:E7 advertising new SSID 'ESP-4D96E7'
  9.711 INFO: 802.11 Wi-Fi device 46:AE:30:84:5A:16 advertising a new cloaked SSID
  9.712 INFO: 802.11 Wi-Fi device 40:AE:30:84:34:B6 advertising new SSID 'cohen42'
  9.715 INFO: 802.11 Wi-Fi device 40:AE:30:84:5A:16 advertising new SSID 'cohen42'
  9.720 INFO: 802.11 Wi-Fi device 40:AE:30:84:36:22 advertising new SSID 'cohen42'
  9.720 INFO: 802.11 Wi-Fi device FA:8F:CA:6C:D1:65 advertising new SSID 'JBL Bar 5.1_0891.l025'
  9.722 INFO: 802.11 Wi-Fi device 46:AE:30:84:36:22 advertising a new cloaked SSID
 17.641 INFO: 802.11 Wi-Fi device 8A:F8:CC:EE:87:D2 advertising a new cloaked SSID
 17.648 INFO: 802.11 Wi-Fi device DA:D8:E5:C7:6A:14 advertising new SSID 'Dayan'
 22.140 INFO: 802.11 Wi-Fi device 00:B8:C2:B2:AE:57 advertising new SSID 'Mor'
 44.361 KISMET_EXIT=0
--- poll: 80 samples
esp32c5-ttyACM2              first running 0.60, first packet 2.10, last pkts 613, error samples 0, not-running samples 0, channel values {'6': 80}
pcapng [{'linktype': 127, 'name': 'esp32c5-ttyACM2'}] 642
  if0/lt127 {'count': 642, 'freq=5240': 274, 'freq=2412': 66, 'freq=5200': 57, 'freq=5300': 46, 'freq=5180': 45, 'freq=2452': 45, 'freq=5220': 26, 'freq=2427': 22, 'freq=2422': 16, 'freq=2447': 12, 'freq=2417': 9, 'freq=2462': 6, 'freq=2437': 4}
