1790661988.764 INFO: Including sub-config file: /home/osh/kismet-install/etc/kismet_httpd.conf
1790661988.765 INFO: Including sub-config file: /home/osh/kismet-install/etc/kismet_memory.conf
1790661988.765 INFO: Including sub-config file: /home/osh/kismet-install/etc/kismet_alerts.conf
1790661988.765 INFO: Including sub-config file: /home/osh/kismet-install/etc/kismet_80211.conf
1790661988.765 INFO: Including sub-config file: /home/osh/kismet-install/etc/kismet_logging.conf
1790661988.765 INFO: Including sub-config file: /home/osh/kismet-install/etc/kismet_filter.conf
1790661988.765 INFO: Including sub-config file: /home/osh/kismet-install/etc/kismet_uav.conf
1790661988.765 INFO: Loading config override file '/home/osh/kismet-install/etc/kismet_package.conf'
1790661988.765 INFO: Optional sub-config file not present: /home/osh/kismet-install/etc/kismet_package.conf
1790661988.765 INFO: Loading config override file '/home/osh/kismet-install/etc/kismet_site.conf'
1790661988.765 INFO: Optional sub-config file not present: /home/osh/kismet-install/etc/kismet_site.conf
1790661988.765 INFO: Generated server UUID E906E3B6-BBCB-11F1-9E47-4B49534D4554 and storing in /tmp/hw2/o110.pyzigbee/.kismet//kismet_server_id.conf
1790661988.765 INFO: Setting server UUID E906E3B6-BBCB-11F1-9E47-4B49534D4554
1790661988.765 INFO: Starting Beast webserver on 0.0.0.0:2501
1790661988.765 INFO: Opened OUI file '/home/osh/kismet-install/share/kismet/kismet_manuf.txt.gz
1790661988.765 INFO: Indexing manufacturer db
1790661988.766 INFO: Completed indexing manufacturer db, 38959 lines and 780 indexes.
1790661988.772 INFO: Saving devices to the Kismet database log every 30 seconds
1790661988.777 INFO: Using default rates of 10/min, 1/sec for alert 'DEVICEFOUND'
1790661988.777 INFO: Using default rates of 10/min, 1/sec for alert 'DEVICELOST'
1790661988.777 INFO: Registering support for DLT_PPI packet header decoding
1790661988.777 INFO: Registering support for DLT_RADIOTAP packet header decoding
1790661988.777 INFO: Registering support for DLT_BTLE_RADIO packet header decoding
1790661988.781 INFO: Using default rates of 10/min, 1/sec for alert 'BADFIXLENIE'
1790661988.781 INFO: PHY80211 will only process AP signal levels from beacons
1790661988.781 INFO: Allowing Kismet clients to view WEP keys
1790661988.782 DEBUG: ssid canary FooCanary:ssid="FoobarCanary"
1790661988.782 DEBUG: ssid canary FooCanart2:ssid="(?i:foobarcanary)"
1790661988.782 INFO: Keeping EAPOL packets in memory for easy download and WIDS functionality; this can use more RAM.
1790661988.784 INFO: Registered PHY handler 'IEEE802.11' as ID 0
1790661988.786 INFO: Registered PHY handler 'RFSENSOR' as ID 1
1790661988.787 INFO: Registered PHY handler 'Z-Wave' as ID 2
1790661988.788 INFO: Registered PHY handler 'Bluetooth' as ID 3
1790661988.788 DEBUG: reserve_fields home id 538 app id 539
1790661988.791 INFO: Registered PHY handler 'UAV' as ID 4
1790661988.792 INFO: Registered PHY handler 'NrfMousejack' as ID 5
1790661988.792 ERROR: Tried to re-register duplicate alert FLIPPERZERO
1790661988.793 INFO: Registered PHY handler 'BTLE' as ID 6
1790661988.794 INFO: Registered PHY handler 'METER' as ID 7
1790661988.794 INFO: Indexing ADSB ICAO db
1790661989.053 INFO: Completed indexing ADSB ICAO db, 341068 lines 6822 indexes
1790661989.055 INFO: Registered PHY handler 'ADSB' as ID 8
1790661989.056 INFO: Registered PHY handler '802.15.4' as ID 9
1790661989.057 INFO: Registered PHY handler 'RADIATION' as ID 10
1790661989.062 INFO: (HTTPD) Could not read session data file, skipping loading saved sessions.
1790661989.063 INFO: Serving static file content from /home/osh/kismet-install/share/kismet/httpd/
1790661989.064 INFO: Enabling channel hopping by default on sources which support channel control.
1790661989.064 INFO: Setting default channel hop rate to 5/sec
1790661989.064 INFO: Enabling channel list splitting on sources which share the same list of channels
1790661989.064 INFO: Enabling channel list shuffling to optimize overlaps
1790661989.064 INFO: Sources will be re-opened if they encounter an error
1790661989.064 INFO: Saving datasources to the Kismet database log every 30 seconds
1790661989.064 INFO: Launching remote capture server on 127.0.0.1 3501
1790661989.066 INFO: No data sources defined; Kismet will not capture anything until a source is added.
1790661989.068 ALERT: LOGDISABLED Logging has been disabled via the Kismet config files or the command line.  Pcap, database, and related logs will not be saved.
1790661989.068 INFO: Logging disabled, not enabling any log drivers.
1790661989.068 INFO: GPS track will be logged to the Kismet logfile
1790661989.069 INFO: Starting Kismet web server...
1790661989.070 INFO: HTTP server listening on 0.0.0.0:2501
1790661989.071 INFO: Could not open system plugin directory (/home/osh/kismet-install/lib/kismet/), skipping: No such file or directory
1790661989.071 INFO: Did not find a user plugin directory (/tmp/hw2/o110.pyzigbee/.kismet//plugins/), skipping: No such file or directory
1790661989.346 INFO: New remote source esp32c5zigbee-ttyACM2 (E5C50002-0000-0000-0000-3844BEBFD80C) connected
1790661989.347 INFO: esp32c5zigbee-ttyACM2 - /dev/ttyACM2 opened
1790661990.615 INFO: esp32c5zigbee-ttyACM2 - /dev/ttyACM2 capturing
1790662027.127 ERROR: Data source 'esp32c5zigbee-ttyACM2 / esp32c5zigbee-ttyACM2' ('esp32c5zigbee-ttyACM2') encountered an error: websocket connection closed
1790662030.579 
1790662030.579 *** KISMET IS SHUTTING DOWN ***
1790662030.579 Shutting down plugins...
1790662030.579 WARNING: Kismet changes the configuration of network devices.
1790662030.579          In most cases you will need to restart networking for
1790662030.579          your interface (varies per distribution and OS), but 
1790662030.579          typically one of:
1790662030.579          sudo service networking restart
1790662030.579          sudo /etc/init.d/networking restart
1790662030.579          or
1790662030.579          nmcli device set [device] managed true
1790662030.579 
1790662030.579 Kismet exiting.
1790662030.580 EXITING: Signal service thread complete.
1790662030.584 KISMET_EXIT=0
