esptool v5.4.0
Serial port /dev/serial/by-id/usb-Espressif_USB_JTAG_serial_debug_unit_38:44:BE:BF:D8:0C-if00:
Connecting....
Connected to ESP32-C5 on /dev/serial/by-id/usb-Espressif_USB_JTAG_serial_debug_unit_38:44:BE:BF:D8:0C-if00:
Chip type:          ESP32-C5 (revision v1.0)
Features:           Wi-Fi 6 (dual-band), BT 5 (LE), IEEE802.15.4, Single Core + LP Core, 240MHz
Crystal frequency:  48MHz
USB mode:           USB-Serial/JTAG
MAC:                38:44:be:ff:fe:bf:d8:0c
BASE MAC:           38:44:be:bf:d8:0c
MAC_EXT:            ff:fe

Uploading stub flasher...
Running stub flasher...
Stub flasher running.

Configuring flash size...
Flash will be erased from 0x00000000 to 0x000d2fff...
Compressed 861632 bytes to 477321...
Writing at 0x0001122f ━                                3.4% 16.00kB/466.13kB [0s] 
Writing at 0x0001cd5c ━━                               6.9% 32.00kB/466.13kB [0s] 
Writing at 0x0002637c ━━━                             10.3% 48.00kB/466.13kB [1s] 
Writing at 0x0002e4c5 ━━━━                            13.7% 64.00kB/466.13kB [1s] 
Writing at 0x00034881 ━━━━━                           17.2% 80.00kB/466.13kB [2s] 
Writing at 0x0003c4f1 ━━━━━━                          20.6% 96.00kB/466.13kB [2s] 
Writing at 0x00043a1b ━━━━━━━                         24.0% 112.00kB/466.13kB [3s] 
Writing at 0x0004a5d6 ━━━━━━━━                        27.5% 128.00kB/466.13kB [3s] 
Writing at 0x000510c2 ━━━━━━━━━                       30.9% 144.00kB/466.13kB [3s] 
Writing at 0x00057f7e ━━━━━━━━━━                      34.3% 160.00kB/466.13kB [3s] 
Writing at 0x0005e6cc ━━━━━━━━━━━                     37.8% 176.00kB/466.13kB [4s] 
Writing at 0x00064617 ━━━━━━━━━━━━                    41.2% 192.00kB/466.13kB [4s] 
Writing at 0x0006a48a ━━━━━━━━━━━━━                   44.6% 208.00kB/466.13kB [4s] 
Writing at 0x0007034c ━━━━━━━━━━━━━━                  48.1% 224.00kB/466.13kB [4s] 
Writing at 0x00075ee0 ━━━━━━━━━━━━━━━                 51.5% 240.00kB/466.13kB [4s] 
Writing at 0x0007bae6 ━━━━━━━━━━━━━━━━                54.9% 256.00kB/466.13kB [4s] 
Writing at 0x00081df1 ━━━━━━━━━━━━━━━━━╸              58.4% 272.00kB/466.13kB [4s] 
Writing at 0x000879f2 ━━━━━━━━━━━━━━━━━━╸             61.8% 288.00kB/466.13kB [4s] 
Writing at 0x0008e49c ━━━━━━━━━━━━━━━━━━━╸            65.2% 304.00kB/466.13kB [5s] 
Writing at 0x00094a08 ━━━━━━━━━━━━━━━━━━━━╸           68.6% 320.00kB/466.13kB [5s] 
Writing at 0x0009ae2f ━━━━━━━━━━━━━━━━━━━━━╸          72.1% 336.00kB/466.13kB [5s] 
Writing at 0x000a13e2 ━━━━━━━━━━━━━━━━━━━━━━╸         75.5% 352.00kB/466.13kB [5s] 
Writing at 0x000a727d ━━━━━━━━━━━━━━━━━━━━━━━╸        78.9% 368.00kB/466.13kB [5s] 
Writing at 0x000acf1b ━━━━━━━━━━━━━━━━━━━━━━━━╸       82.4% 384.00kB/466.13kB [5s] 
Writing at 0x000b4b03 ━━━━━━━━━━━━━━━━━━━━━━━━━╸      85.8% 400.00kB/466.13kB [5s] 
Writing at 0x000bb82a ━━━━━━━━━━━━━━━━━━━━━━━━━━╸     89.2% 416.00kB/466.13kB [5s] 
Writing at 0x000c29ef ━━━━━━━━━━━━━━━━━━━━━━━━━━━╸    92.7% 432.00kB/466.13kB [6s] 
Writing at 0x000c8b6a ━━━━━━━━━━━━━━━━━━━━━━━━━━━━╸   96.1% 448.00kB/466.13kB [6s] 
Writing at 0x000d0f2f ━━━━━━━━━━━━━━━━━━━━━━━━━━━━━╸  99.5% 464.00kB/466.13kB [6s] 
Writing at 0x000d25c0 ━━━━━━━━━━━━━━━━━━━━━━━━━━━━━━ 100.0% 466.13kB/466.13kB [6s] 
Wrote 861632 bytes (477321 compressed) at 0x00000000 in 6.4 seconds (1069.3 kbit/s).
Verifying written data...
Hash of data verified.

Hard resetting via RTS pin...
