1790661813.012 INFO: Including sub-config file: /home/osh/kismet-install/etc/kismet_httpd.conf
1790661813.012 INFO: Including sub-config file: /home/osh/kismet-install/etc/kismet_memory.conf
1790661813.012 INFO: Including sub-config file: /home/osh/kismet-install/etc/kismet_alerts.conf
1790661813.012 INFO: Including sub-config file: /home/osh/kismet-install/etc/kismet_80211.conf
1790661813.012 INFO: Including sub-config file: /home/osh/kismet-install/etc/kismet_logging.conf
1790661813.012 INFO: Including sub-config file: /home/osh/kismet-install/etc/kismet_filter.conf
1790661813.012 INFO: Including sub-config file: /home/osh/kismet-install/etc/kismet_uav.conf
1790661813.012 INFO: Loading config override file '/home/osh/kismet-install/etc/kismet_package.conf'
1790661813.012 INFO: Optional sub-config file not present: /home/osh/kismet-install/etc/kismet_package.conf
1790661813.012 INFO: Loading config override file '/home/osh/kismet-install/etc/kismet_site.conf'
1790661813.012 INFO: Optional sub-config file not present: /home/osh/kismet-install/etc/kismet_site.conf
1790661813.012 INFO: Generated server UUID 8045525E-BBCB-11F1-8FA7-4B49534D4554 and storing in /tmp/hw2/o110.btle/.kismet//kismet_server_id.conf
1790661813.012 INFO: Setting server UUID 8045525E-BBCB-11F1-8FA7-4B49534D4554
1790661813.012 INFO: Starting Beast webserver on 0.0.0.0:2501
1790661813.012 INFO: Opened OUI file '/home/osh/kismet-install/share/kismet/kismet_manuf.txt.gz
1790661813.012 INFO: Indexing manufacturer db
1790661813.015 INFO: Completed indexing manufacturer db, 38959 lines and 780 indexes.
1790661813.021 INFO: Saving devices to the Kismet database log every 30 seconds
1790661813.026 INFO: Using default rates of 10/min, 1/sec for alert 'DEVICEFOUND'
1790661813.027 INFO: Using default rates of 10/min, 1/sec for alert 'DEVICELOST'
1790661813.027 INFO: Registering support for DLT_PPI packet header decoding
1790661813.027 INFO: Registering support for DLT_RADIOTAP packet header decoding
1790661813.027 INFO: Registering support for DLT_BTLE_RADIO packet header decoding
1790661813.030 INFO: Using default rates of 10/min, 1/sec for alert 'BADFIXLENIE'
1790661813.030 INFO: PHY80211 will only process AP signal levels from beacons
1790661813.030 INFO: Allowing Kismet clients to view WEP keys
1790661813.031 DEBUG: ssid canary FooCanary:ssid="FoobarCanary"
1790661813.031 DEBUG: ssid canary FooCanart2:ssid="(?i:foobarcanary)"
1790661813.031 INFO: Keeping EAPOL packets in memory for easy download and WIDS functionality; this can use more RAM.
1790661813.034 INFO: Registered PHY handler 'IEEE802.11' as ID 0
1790661813.035 INFO: Registered PHY handler 'RFSENSOR' as ID 1
1790661813.036 INFO: Registered PHY handler 'Z-Wave' as ID 2
1790661813.037 INFO: Registered PHY handler 'Bluetooth' as ID 3
1790661813.038 DEBUG: reserve_fields home id 538 app id 539
1790661813.040 INFO: Registered PHY handler 'UAV' as ID 4
1790661813.041 INFO: Registered PHY handler 'NrfMousejack' as ID 5
1790661813.041 ERROR: Tried to re-register duplicate alert FLIPPERZERO
1790661813.042 INFO: Registered PHY handler 'BTLE' as ID 6
1790661813.043 INFO: Registered PHY handler 'METER' as ID 7
1790661813.044 INFO: Indexing ADSB ICAO db
1790661813.302 INFO: Completed indexing ADSB ICAO db, 341068 lines 6822 indexes
1790661813.304 INFO: Registered PHY handler 'ADSB' as ID 8
1790661813.305 INFO: Registered PHY handler '802.15.4' as ID 9
1790661813.306 INFO: Registered PHY handler 'RADIATION' as ID 10
1790661813.312 INFO: (HTTPD) Could not read session data file, skipping loading saved sessions.
1790661813.312 INFO: Serving static file content from /home/osh/kismet-install/share/kismet/httpd/
1790661813.313 INFO: Enabling channel hopping by default on sources which support channel control.
1790661813.313 INFO: Setting default channel hop rate to 5/sec
1790661813.313 INFO: Enabling channel list splitting on sources which share the same list of channels
1790661813.313 INFO: Enabling channel list shuffling to optimize overlaps
1790661813.313 INFO: Sources will be re-opened if they encounter an error
1790661813.313 INFO: Saving datasources to the Kismet database log every 30 seconds
1790661813.313 INFO: Launching remote capture server on 127.0.0.1 3501
1790661813.316 INFO: Data sources passed on the command line (via -c source), ignoring source= definitions in the Kismet config file.
1790661813.316 INFO: Probing interface 'esp32c5btle-ttyACM2' to find datasource type
1790661813.318 ALERT: LOGDISABLED Logging has been disabled via the Kismet config files or the command line.  Pcap, database, and related logs will not be saved.
1790661813.318 INFO: Logging disabled, not enabling any log drivers.
1790661813.318 INFO: GPS track will be logged to the Kismet logfile
1790661813.319 INFO: Starting Kismet web server...
1790661813.319 INFO: HTTP server listening on 0.0.0.0:2501
1790661813.321 INFO: Could not open system plugin directory (/home/osh/kismet-install/lib/kismet/), skipping: No such file or directory
1790661813.321 INFO: Did not find a user plugin directory (/tmp/hw2/o110.btle/.kismet//plugins/), skipping: No such file or directory
1790661813.421 INFO: Found type 'esp32c5' for 'esp32c5btle-ttyACM2'
1790661813.438 INFO: Data source 'esp32c5btle-ttyACM2' launched successfully
1790661814.438 INFO: esp32c5btle-ttyACM2 capturing (btle)
1790661814.438 INFO: esp32c5btle-ttyACM2: lost sync (the board sends link type 127, not 256)
1790661815.439 INFO: esp32c5btle-ttyACM2 capturing (btle)
1790661815.439 INFO: esp32c5btle-ttyACM2: lost sync (the board sends link type 127, not 256)
1790661816.440 INFO: esp32c5btle-ttyACM2 capturing (btle)
1790661816.440 INFO: esp32c5btle-ttyACM2: lost sync (the board sends link type 127, not 256)
1790661816.940 INFO: esp32c5btle-ttyACM2 capturing (btle)
1790661816.940 INFO: esp32c5btle-ttyACM2: lost sync (the board sends link type 127, not 256)
1790661817.942 INFO: esp32c5btle-ttyACM2 capturing (btle)
1790661817.942 INFO: esp32c5btle-ttyACM2: lost sync (the board sends link type 127, not 256)
1790661818.943 INFO: esp32c5btle-ttyACM2 capturing (btle)
1790661818.943 INFO: esp32c5btle-ttyACM2: lost sync (the board sends link type 127, not 256)
1790661819.502 INFO: esp32c5btle-ttyACM2 capturing (btle)
1790661819.502 INFO: esp32c5btle-ttyACM2: lost sync (the board sends link type 127, not 256)
1790661820.503 INFO: esp32c5btle-ttyACM2 capturing (btle)
1790661820.503 INFO: esp32c5btle-ttyACM2: lost sync (the board sends link type 127, not 256)
1790661821.504 INFO: esp32c5btle-ttyACM2 capturing (btle)
1790661821.504 INFO: esp32c5btle-ttyACM2: lost sync (the board sends link type 127, not 256)
1790661822.505 INFO: esp32c5btle-ttyACM2 capturing (btle)
1790661822.505 INFO: esp32c5btle-ttyACM2: lost sync (the board sends link type 127, not 256)
1790661823.506 INFO: esp32c5btle-ttyACM2 capturing (btle)
1790661823.506 INFO: esp32c5btle-ttyACM2: lost sync (the board sends link type 127, not 256)
1790661824.001 INFO: esp32c5btle-ttyACM2 capturing (btle)
1790661824.001 INFO: esp32c5btle-ttyACM2: lost sync (the board sends link type 127, not 256)
1790661825.003 INFO: esp32c5btle-ttyACM2 capturing (btle)
1790661825.003 INFO: esp32c5btle-ttyACM2: lost sync (the board sends link type 127, not 256)
1790661826.004 INFO: esp32c5btle-ttyACM2 capturing (btle)
1790661826.004 INFO: esp32c5btle-ttyACM2: lost sync (the board sends link type 127, not 256)
1790661827.005 INFO: esp32c5btle-ttyACM2 capturing (btle)
1790661827.005 INFO: esp32c5btle-ttyACM2: lost sync (the board sends link type 127, not 256)
1790661827.505 INFO: esp32c5btle-ttyACM2 capturing (btle)
1790661827.505 INFO: esp32c5btle-ttyACM2: lost sync (the board sends link type 127, not 256)
1790661828.507 INFO: esp32c5btle-ttyACM2 capturing (btle)
1790661828.507 INFO: esp32c5btle-ttyACM2: lost sync (the board sends link type 127, not 256)
1790661828.509 ERROR: Data source 'esp32c5btle-ttyACM2 / esp32c5btle-ttyACM2' ('esp32c5btle-ttyACM2') encountered an error: IPC connection closed
1790661828.509 ALERT: SOURCEERROR Source esp32c5btle-ttyACM2 (E5C50003-0000-0000-0000-3844BEBFD80C) has encountered an error (IPC connection closed) Kismet will attempt to re-open the source in 5 seconds.  (1 failures)
1790661828.509 ERROR: Source esp32c5btle-ttyACM2 (E5C50003-0000-0000-0000-3844BEBFD80C) has encountered an error (IPC connection closed) Kismet will attempt to re-open the source in 5 seconds.  (1 failures)
1790661833.601 INFO: Attempting to re-open source esp32c5btle-ttyACM2
1790661833.627 ALERT: SOURCEOPEN Source esp32c5btle-ttyACM2 (E5C50003-0000-0000-0000-3844BEBFD80C) successfully re-opened
1790661834.628 INFO: esp32c5btle-ttyACM2 capturing (btle)
1790661834.629 INFO: esp32c5btle-ttyACM2: lost sync (the board sends link type 127, not 256)
1790661835.630 INFO: esp32c5btle-ttyACM2 capturing (btle)
1790661835.630 INFO: esp32c5btle-ttyACM2: lost sync (the board sends link type 127, not 256)
1790661836.631 INFO: esp32c5btle-ttyACM2 capturing (btle)
1790661836.631 INFO: esp32c5btle-ttyACM2: lost sync (the board sends link type 127, not 256)
1790661837.131 INFO: esp32c5btle-ttyACM2 capturing (btle)
1790661837.131 INFO: esp32c5btle-ttyACM2: lost sync (the board sends link type 127, not 256)
1790661838.132 INFO: esp32c5btle-ttyACM2 capturing (btle)
1790661838.132 INFO: esp32c5btle-ttyACM2: lost sync (the board sends link type 127, not 256)
1790661838.700 INFO: esp32c5btle-ttyACM2 capturing (btle)
1790661838.701 INFO: esp32c5btle-ttyACM2: lost sync (the board sends link type 127, not 256)
1790661839.702 INFO: esp32c5btle-ttyACM2 capturing (btle)
1790661839.702 INFO: esp32c5btle-ttyACM2: lost sync (the board sends link type 127, not 256)
1790661840.703 INFO: esp32c5btle-ttyACM2 capturing (btle)
1790661840.703 INFO: esp32c5btle-ttyACM2: lost sync (the board sends link type 127, not 256)
1790661841.204 INFO: esp32c5btle-ttyACM2 capturing (btle)
1790661841.204 INFO: esp32c5btle-ttyACM2: lost sync (the board sends link type 127, not 256)
1790661842.205 INFO: esp32c5btle-ttyACM2 capturing (btle)
1790661842.205 INFO: esp32c5btle-ttyACM2: lost sync (the board sends link type 127, not 256)
1790661843.206 INFO: esp32c5btle-ttyACM2 capturing (btle)
1790661843.206 INFO: esp32c5btle-ttyACM2: lost sync (the board sends link type 127, not 256)
1790661844.201 INFO: esp32c5btle-ttyACM2 capturing (btle)
1790661844.202 INFO: esp32c5btle-ttyACM2: lost sync (the board sends link type 127, not 256)
1790661844.702 INFO: esp32c5btle-ttyACM2 capturing (btle)
1790661844.702 INFO: esp32c5btle-ttyACM2: lost sync (the board sends link type 127, not 256)
1790661845.703 INFO: esp32c5btle-ttyACM2 capturing (btle)
1790661845.703 INFO: esp32c5btle-ttyACM2: lost sync (the board sends link type 127, not 256)
1790661846.704 INFO: esp32c5btle-ttyACM2 capturing (btle)
1790661846.704 INFO: esp32c5btle-ttyACM2: lost sync (the board sends link type 127, not 256)
1790661847.705 INFO: esp32c5btle-ttyACM2 capturing (btle)
1790661847.706 INFO: esp32c5btle-ttyACM2: lost sync (the board sends link type 127, not 256)
1790661848.206 INFO: esp32c5btle-ttyACM2 capturing (btle)
1790661848.206 INFO: esp32c5btle-ttyACM2: lost sync (the board sends link type 127, not 256)
1790661848.702 ERROR: Data source 'esp32c5btle-ttyACM2 / esp32c5btle-ttyACM2' ('esp32c5btle-ttyACM2') encountered an error: IPC connection closed
1790661848.703 ALERT: SOURCEERROR Source esp32c5btle-ttyACM2 (E5C50003-0000-0000-0000-3844BEBFD80C) has encountered an error (IPC connection closed) Kismet will attempt to re-open the source in 5 seconds.  (2 failures)
1790661848.703 ERROR: Source esp32c5btle-ttyACM2 (E5C50003-0000-0000-0000-3844BEBFD80C) has encountered an error (IPC connection closed) Kismet will attempt to re-open the source in 5 seconds.  (2 failures)
1790661853.800 INFO: Attempting to re-open source esp32c5btle-ttyACM2
1790661853.816 ALERT: SOURCEOPEN Source esp32c5btle-ttyACM2 (E5C50003-0000-0000-0000-3844BEBFD80C) successfully re-opened
1790661854.330 
1790661854.330 *** KISMET IS SHUTTING DOWN ***
1790661854.330 Shutting down plugins...
1790661854.330 WARNING: Kismet changes the configuration of network devices.
1790661854.330          In most cases you will need to restart networking for
1790661854.330          your interface (varies per distribution and OS), but 
1790661854.330          typically one of:
1790661854.330          sudo service networking restart
1790661854.330          sudo /etc/init.d/networking restart
1790661854.330          or
1790661854.330          nmcli device set [device] managed true
1790661854.330 
1790661854.330 Kismet exiting.
1790661854.330 EXITING: Signal service thread complete.
1790661854.334 KISMET_EXIT=0
