1790661856.198 INFO: Including sub-config file: /home/osh/kismet-install/etc/kismet_httpd.conf
1790661856.199 INFO: Including sub-config file: /home/osh/kismet-install/etc/kismet_memory.conf
1790661856.199 INFO: Including sub-config file: /home/osh/kismet-install/etc/kismet_alerts.conf
1790661856.199 INFO: Including sub-config file: /home/osh/kismet-install/etc/kismet_80211.conf
1790661856.199 INFO: Including sub-config file: /home/osh/kismet-install/etc/kismet_logging.conf
1790661856.199 INFO: Including sub-config file: /home/osh/kismet-install/etc/kismet_filter.conf
1790661856.199 INFO: Including sub-config file: /home/osh/kismet-install/etc/kismet_uav.conf
1790661856.199 INFO: Loading config override file '/home/osh/kismet-install/etc/kismet_package.conf'
1790661856.199 INFO: Optional sub-config file not present: /home/osh/kismet-install/etc/kismet_package.conf
1790661856.199 INFO: Loading config override file '/home/osh/kismet-install/etc/kismet_site.conf'
1790661856.199 INFO: Optional sub-config file not present: /home/osh/kismet-install/etc/kismet_site.conf
1790661856.199 INFO: Generated server UUID 9A030858-BBCB-11F1-9B23-4B49534D4554 and storing in /tmp/hw2/o110.zigbee/.kismet//kismet_server_id.conf
1790661856.199 INFO: Setting server UUID 9A030858-BBCB-11F1-9B23-4B49534D4554
1790661856.199 INFO: Starting Beast webserver on 0.0.0.0:2501
1790661856.199 INFO: Opened OUI file '/home/osh/kismet-install/share/kismet/kismet_manuf.txt.gz
1790661856.199 INFO: Indexing manufacturer db
1790661856.200 INFO: Completed indexing manufacturer db, 38959 lines and 780 indexes.
1790661856.207 INFO: Saving devices to the Kismet database log every 30 seconds
1790661856.212 INFO: Using default rates of 10/min, 1/sec for alert 'DEVICEFOUND'
1790661856.212 INFO: Using default rates of 10/min, 1/sec for alert 'DEVICELOST'
1790661856.212 INFO: Registering support for DLT_PPI packet header decoding
1790661856.212 INFO: Registering support for DLT_RADIOTAP packet header decoding
1790661856.212 INFO: Registering support for DLT_BTLE_RADIO packet header decoding
1790661856.215 INFO: Using default rates of 10/min, 1/sec for alert 'BADFIXLENIE'
1790661856.216 INFO: PHY80211 will only process AP signal levels from beacons
1790661856.216 INFO: Allowing Kismet clients to view WEP keys
1790661856.216 DEBUG: ssid canary FooCanary:ssid="FoobarCanary"
1790661856.216 DEBUG: ssid canary FooCanart2:ssid="(?i:foobarcanary)"
1790661856.216 INFO: Keeping EAPOL packets in memory for easy download and WIDS functionality; this can use more RAM.
1790661856.219 INFO: Registered PHY handler 'IEEE802.11' as ID 0
1790661856.221 INFO: Registered PHY handler 'RFSENSOR' as ID 1
1790661856.222 INFO: Registered PHY handler 'Z-Wave' as ID 2
1790661856.223 INFO: Registered PHY handler 'Bluetooth' as ID 3
1790661856.223 DEBUG: reserve_fields home id 538 app id 539
1790661856.225 INFO: Registered PHY handler 'UAV' as ID 4
1790661856.226 INFO: Registered PHY handler 'NrfMousejack' as ID 5
1790661856.227 ERROR: Tried to re-register duplicate alert FLIPPERZERO
1790661856.228 INFO: Registered PHY handler 'BTLE' as ID 6
1790661856.229 INFO: Registered PHY handler 'METER' as ID 7
1790661856.229 INFO: Indexing ADSB ICAO db
1790661856.488 INFO: Completed indexing ADSB ICAO db, 341068 lines 6822 indexes
1790661856.489 INFO: Registered PHY handler 'ADSB' as ID 8
1790661856.490 INFO: Registered PHY handler '802.15.4' as ID 9
1790661856.492 INFO: Registered PHY handler 'RADIATION' as ID 10
1790661856.497 INFO: (HTTPD) Could not read session data file, skipping loading saved sessions.
1790661856.498 INFO: Serving static file content from /home/osh/kismet-install/share/kismet/httpd/
1790661856.498 INFO: Enabling channel hopping by default on sources which support channel control.
1790661856.499 INFO: Setting default channel hop rate to 5/sec
1790661856.499 INFO: Enabling channel list splitting on sources which share the same list of channels
1790661856.499 INFO: Enabling channel list shuffling to optimize overlaps
1790661856.499 INFO: Sources will be re-opened if they encounter an error
1790661856.499 INFO: Saving datasources to the Kismet database log every 30 seconds
1790661856.499 INFO: Launching remote capture server on 127.0.0.1 3501
1790661856.502 INFO: Data sources passed on the command line (via -c source), ignoring source= definitions in the Kismet config file.
1790661856.502 INFO: Probing interface 'esp32c5zigbee-ttyACM2' to find datasource type
1790661856.503 ALERT: LOGDISABLED Logging has been disabled via the Kismet config files or the command line.  Pcap, database, and related logs will not be saved.
1790661856.504 INFO: Logging disabled, not enabling any log drivers.
1790661856.504 INFO: GPS track will be logged to the Kismet logfile
1790661856.505 INFO: Starting Kismet web server...
1790661856.505 INFO: HTTP server listening on 0.0.0.0:2501
1790661856.507 INFO: Could not open system plugin directory (/home/osh/kismet-install/lib/kismet/), skipping: No such file or directory
1790661856.507 INFO: Did not find a user plugin directory (/tmp/hw2/o110.zigbee/.kismet//plugins/), skipping: No such file or directory
1790661856.621 INFO: Found type 'esp32c5' for 'esp32c5zigbee-ttyACM2:channel=20,channel_hop=false'
1790661856.623 interface: esp32c5zigbee-ttyACM2
1790661856.639 INFO: Data source 'esp32c5zigbee-ttyACM2:channel=20,channel_hop=false' launched successfully
1790661858.139 INFO: esp32c5zigbee-ttyACM2 capturing (zigbee)
1790661860.646 INFO: Detected new 802.15.4 device 00:01
1790661860.646 INFO: Detected new 802.15.4 device 00:01
1790661860.679 INFO: Detected new 802.15.4 device FF:FF
1790661897.514 
1790661897.514 *** KISMET IS SHUTTING DOWN ***
1790661897.514 Shutting down plugins...
1790661897.514 WARNING: Kismet changes the configuration of network devices.
1790661897.514          In most cases you will need to restart networking for
1790661897.514          your interface (varies per distribution and OS), but 
1790661897.514          typically one of:
1790661897.514          sudo service networking restart
1790661897.514          sudo /etc/init.d/networking restart
1790661897.514          or
1790661897.515          nmcli device set [device] managed true
1790661897.515 
1790661897.515 Kismet exiting.
1790661897.515 EXITING: Signal service thread complete.
1790661897.519 FATAL: Remote side closed read pipe
1790661897.520 KISMET_EXIT=0
