1790661899.403 INFO: Including sub-config file: /home/osh/kismet-install/etc/kismet_httpd.conf
1790661899.403 INFO: Including sub-config file: /home/osh/kismet-install/etc/kismet_memory.conf
1790661899.403 INFO: Including sub-config file: /home/osh/kismet-install/etc/kismet_alerts.conf
1790661899.403 INFO: Including sub-config file: /home/osh/kismet-install/etc/kismet_80211.conf
1790661899.403 INFO: Including sub-config file: /home/osh/kismet-install/etc/kismet_logging.conf
1790661899.403 INFO: Including sub-config file: /home/osh/kismet-install/etc/kismet_filter.conf
1790661899.403 INFO: Including sub-config file: /home/osh/kismet-install/etc/kismet_uav.conf
1790661899.403 INFO: Loading config override file '/home/osh/kismet-install/etc/kismet_package.conf'
1790661899.403 INFO: Optional sub-config file not present: /home/osh/kismet-install/etc/kismet_package.conf
1790661899.403 INFO: Loading config override file '/home/osh/kismet-install/etc/kismet_site.conf'
1790661899.403 INFO: Optional sub-config file not present: /home/osh/kismet-install/etc/kismet_site.conf
1790661899.403 INFO: Generated server UUID B3C37732-BBCB-11F1-9339-4B49534D4554 and storing in /tmp/hw2/o110.wifi/.kismet//kismet_server_id.conf
1790661899.403 INFO: Setting server UUID B3C37732-BBCB-11F1-9339-4B49534D4554
1790661899.403 INFO: Starting Beast webserver on 0.0.0.0:2501
1790661899.403 INFO: Opened OUI file '/home/osh/kismet-install/share/kismet/kismet_manuf.txt.gz
1790661899.403 INFO: Indexing manufacturer db
1790661899.405 INFO: Completed indexing manufacturer db, 38959 lines and 780 indexes.
1790661899.411 INFO: Saving devices to the Kismet database log every 30 seconds
1790661899.416 INFO: Using default rates of 10/min, 1/sec for alert 'DEVICEFOUND'
1790661899.416 INFO: Using default rates of 10/min, 1/sec for alert 'DEVICELOST'
1790661899.417 INFO: Registering support for DLT_PPI packet header decoding
1790661899.417 INFO: Registering support for DLT_RADIOTAP packet header decoding
1790661899.417 INFO: Registering support for DLT_BTLE_RADIO packet header decoding
1790661899.420 INFO: Using default rates of 10/min, 1/sec for alert 'BADFIXLENIE'
1790661899.420 INFO: PHY80211 will only process AP signal levels from beacons
1790661899.420 INFO: Allowing Kismet clients to view WEP keys
1790661899.421 DEBUG: ssid canary FooCanary:ssid="FoobarCanary"
1790661899.421 DEBUG: ssid canary FooCanart2:ssid="(?i:foobarcanary)"
1790661899.421 INFO: Keeping EAPOL packets in memory for easy download and WIDS functionality; this can use more RAM.
1790661899.423 INFO: Registered PHY handler 'IEEE802.11' as ID 0
1790661899.425 INFO: Registered PHY handler 'RFSENSOR' as ID 1
1790661899.426 INFO: Registered PHY handler 'Z-Wave' as ID 2
1790661899.427 INFO: Registered PHY handler 'Bluetooth' as ID 3
1790661899.427 DEBUG: reserve_fields home id 538 app id 539
1790661899.430 INFO: Registered PHY handler 'UAV' as ID 4
1790661899.431 INFO: Registered PHY handler 'NrfMousejack' as ID 5
1790661899.431 ERROR: Tried to re-register duplicate alert FLIPPERZERO
1790661899.432 INFO: Registered PHY handler 'BTLE' as ID 6
1790661899.433 INFO: Registered PHY handler 'METER' as ID 7
1790661899.433 INFO: Indexing ADSB ICAO db
1790661899.694 INFO: Completed indexing ADSB ICAO db, 341068 lines 6822 indexes
1790661899.696 INFO: Registered PHY handler 'ADSB' as ID 8
1790661899.697 INFO: Registered PHY handler '802.15.4' as ID 9
1790661899.698 INFO: Registered PHY handler 'RADIATION' as ID 10
1790661899.704 INFO: (HTTPD) Could not read session data file, skipping loading saved sessions.
1790661899.704 INFO: Serving static file content from /home/osh/kismet-install/share/kismet/httpd/
1790661899.705 INFO: Enabling channel hopping by default on sources which support channel control.
1790661899.705 INFO: Setting default channel hop rate to 5/sec
1790661899.705 INFO: Enabling channel list splitting on sources which share the same list of channels
1790661899.705 INFO: Enabling channel list shuffling to optimize overlaps
1790661899.705 INFO: Sources will be re-opened if they encounter an error
1790661899.705 INFO: Saving datasources to the Kismet database log every 30 seconds
1790661899.705 INFO: Launching remote capture server on 127.0.0.1 3501
1790661899.708 INFO: Data sources passed on the command line (via -c source), ignoring source= definitions in the Kismet config file.
1790661899.708 INFO: Probing interface 'esp32c5-ttyACM2' to find datasource type
1790661899.709 ALERT: LOGDISABLED Logging has been disabled via the Kismet config files or the command line.  Pcap, database, and related logs will not be saved.
1790661899.709 INFO: Logging disabled, not enabling any log drivers.
1790661899.709 INFO: GPS track will be logged to the Kismet logfile
1790661899.711 INFO: Starting Kismet web server...
1790661899.711 INFO: HTTP server listening on 0.0.0.0:2501
1790661899.713 INFO: Could not open system plugin directory (/home/osh/kismet-install/lib/kismet/), skipping: No such file or directory
1790661899.713 INFO: Did not find a user plugin directory (/tmp/hw2/o110.wifi/.kismet//plugins/), skipping: No such file or directory
1790661899.805 interface: esp32c5-ttyACM2
1790661899.821 INFO: Found type 'esp32c5' for 'esp32c5-ttyACM2'
1790661899.839 INFO: Data source 'esp32c5-ttyACM2' launched successfully
1790661901.340 INFO: esp32c5-ttyACM2 capturing (wifi)
1790661902.858 INFO: Detected new 802.11 Wi-Fi access point 26:39:F1:AB:05:B2
1790661902.859 INFO: 802.11 Wi-Fi device 26:39:F1:AB:05:B2 advertising new SSID 'osvc-2'
1790661904.856 INFO: Detected new 802.11 Wi-Fi access point 00:B8:C2:B2:AE:57
1790661904.858 INFO: 802.11 Wi-Fi device 00:B8:C2:B2:AE:57 advertising new SSID 'Mor'
1790661905.510 INFO: Detected new 802.11 Wi-Fi access point 40:AE:30:84:34:B7
1790661905.511 INFO: 802.11 Wi-Fi device 40:AE:30:84:34:B7 advertising new SSID 'cohen42'
1790661905.513 INFO: Detected new 802.11 Wi-Fi access point 46:AE:30:84:34:B7
1790661905.523 INFO: 802.11 Wi-Fi device 46:AE:30:84:34:B7 advertising a new cloaked SSID
1790661906.522 INFO: Detected new 802.11 Wi-Fi device A8:DB:03:42:DE:68
1790661906.567 INFO: Detected new 802.11 Wi-Fi device 80:AF:CA:75:C2:23
1790661906.568 INFO: Detected new 802.11 Wi-Fi device 60:D8:A4:20:6E:F0
1790661907.005 INFO: 802.11 Wi-Fi device 80:AF:CA:75:C2:23 advertising new SSID 'Cudy-C223'
1790661907.008 INFO: Detected new 802.11 Wi-Fi device 74:F8:DB:5D:D0:61
1790661907.012 INFO: Detected new 802.11 Wi-Fi access point 82:AF:CA:25:C2:23
1790661907.016 INFO: 802.11 Wi-Fi device 82:AF:CA:25:C2:23 advertising a new cloaked SSID
1790661907.018 INFO: Detected new 802.11 Wi-Fi access point 46:AE:30:84:34:B6
1790661907.027 INFO: 802.11 Wi-Fi device 46:AE:30:84:34:B6 advertising a new cloaked SSID
1790661908.535 INFO: Detected new 802.11 Wi-Fi device 8A:F8:CC:EE:87:D2
1790661908.536 INFO: Detected new 802.11 Wi-Fi device 1C:F4:3F:57:42:AC
1790661908.553 INFO: Detected new 802.11 Wi-Fi access point 8A:D8:E5:C7:6A:16
1790661908.553 INFO: 802.11 Wi-Fi device 8A:D8:E5:C7:6A:16 advertising a new cloaked SSID
1790661908.555 INFO: Detected new 802.11 Wi-Fi device 8A:F8:CC:EE:87:D1
1790661908.572 INFO: Detected new 802.11 Wi-Fi device FC:F5:C4:BE:0B:A5
1790661909.007 INFO: 802.11 Wi-Fi device 8A:F8:CC:EE:87:D1 advertising new SSID 'Alon'
1790661909.038 INFO: Detected new 802.11 Wi-Fi access point CA:C9:A3:4D:96:E7
1790661909.053 INFO: 802.11 Wi-Fi device CA:C9:A3:4D:96:E7 advertising new SSID 'ESP-4D96E7'
1790661909.071 INFO: Detected new 802.11 Wi-Fi device 64:64:4A:BB:59:65
1790661909.071 INFO: Detected new 802.11 Wi-Fi device 78:DF:72:D3:BB:92
1790661909.071 INFO: Detected new 802.11 Wi-Fi device B0:BB:E5:7F:F6:E7
1790661909.077 INFO: Detected new 802.11 Wi-Fi access point 46:AE:30:84:5A:16
1790661909.077 INFO: 802.11 Wi-Fi device 46:AE:30:84:5A:16 advertising a new cloaked SSID
1790661909.078 INFO: Detected new 802.11 Wi-Fi access point 40:AE:30:84:34:B6
1790661909.078 INFO: 802.11 Wi-Fi device 40:AE:30:84:34:B6 advertising new SSID 'cohen42'
1790661909.081 INFO: Detected new 802.11 Wi-Fi device 40:AE:30:84:34:B4
1790661909.081 INFO: Detected new 802.11 Wi-Fi access point 40:AE:30:84:5A:16
1790661909.081 INFO: 802.11 Wi-Fi device 40:AE:30:84:5A:16 advertising new SSID 'cohen42'
1790661909.086 INFO: Detected new 802.11 Wi-Fi access point 40:AE:30:84:36:22
1790661909.086 INFO: 802.11 Wi-Fi device 40:AE:30:84:36:22 advertising new SSID 'cohen42'
1790661909.086 INFO: Detected new 802.11 Wi-Fi access point FA:8F:CA:6C:D1:65
1790661909.086 INFO: 802.11 Wi-Fi device FA:8F:CA:6C:D1:65 advertising new SSID 'JBL Bar 5.1_0891.l025'
1790661909.088 INFO: Detected new 802.11 Wi-Fi access point 46:AE:30:84:36:22
1790661909.088 INFO: 802.11 Wi-Fi device 46:AE:30:84:36:22 advertising a new cloaked SSID
1790661913.005 INFO: Detected new 802.11 Wi-Fi device 00:B8:C2:B2:AE:4E
1790661913.512 INFO: Detected new 802.11 Wi-Fi device 94:83:C4:25:9E:39
1790661915.027 INFO: Detected new 802.11 Wi-Fi device D8:D8:E5:B0:E8:E6
1790661915.028 INFO: Detected new 802.11 Wi-Fi device 34:25:B4:F1:92:7C
1790661915.050 INFO: Detected new 802.11 Wi-Fi device FC:3C:D7:86:91:71
1790661915.531 INFO: Detected new 802.11 Wi-Fi device B0:1F:47:17:AF:4A
1790661915.533 INFO: Detected new 802.11 Wi-Fi device FC:F5:C4:BD:9B:CD
1790661917.007 INFO: 802.11 Wi-Fi device 8A:F8:CC:EE:87:D2 advertising a new cloaked SSID
1790661917.013 INFO: Detected new 802.11 Wi-Fi access point DA:D8:E5:C7:6A:14
1790661917.014 INFO: 802.11 Wi-Fi device DA:D8:E5:C7:6A:14 advertising new SSID 'Dayan'
1790661917.518 INFO: Detected new 802.11 Wi-Fi device 04:03:12:27:F2:76
1790661917.525 INFO: Detected new 802.11 Wi-Fi device 48:3F:DA:2A:CB:EC
1790661921.506 INFO: 802.11 Wi-Fi device 00:B8:C2:B2:AE:57 advertising new SSID 'Mor'
1790661925.514 INFO: Detected new 802.11 Wi-Fi device AA:42:A1:05:68:CE
1790661925.532 INFO: Detected new 802.11 Wi-Fi device 44:15:24:51:2C:9F
1790661928.010 INFO: Detected new 802.11 Wi-Fi device B0:1F:47:10:E2:62
1790661928.539 INFO: Detected new 802.11 Wi-Fi access point 42:A2:BA:65:29:F3
1790661928.539 INFO: Detected new 802.11 Wi-Fi device E4:5F:01:49:99:3F
1790661930.531 INFO: Detected new 802.11 Wi-Fi device C2:E3:9D:AE:04:0B
1790661935.025 INFO: Detected new 802.11 Wi-Fi device 4C:2E:5E:D5:FE:E9
1790661943.344 INFO: Detected new 802.11 Wi-Fi device E4:AA:EC:99:04:53
1790661943.721 
1790661943.721 *** KISMET IS SHUTTING DOWN ***
1790661943.721 Shutting down plugins...
1790661943.721 WARNING: Kismet changes the configuration of network devices.
1790661943.721          In most cases you will need to restart networking for
1790661943.721          your interface (varies per distribution and OS), but 
1790661943.721          typically one of:
1790661943.721          sudo service networking restart
1790661943.721          sudo /etc/init.d/networking restart
1790661943.721          or
1790661943.721          nmcli device set [device] managed true
1790661943.721 
1790661943.721 Kismet exiting.
1790661943.721 EXITING: Signal service thread complete.
1790661943.727 KISMET_EXIT=0
