1790682755.289 INFO: Including sub-config file: /home/osh/kismet-install/etc/kismet_httpd.conf
1790682755.289 INFO: Including sub-config file: /home/osh/kismet-install/etc/kismet_memory.conf
1790682755.289 INFO: Including sub-config file: /home/osh/kismet-install/etc/kismet_alerts.conf
1790682755.289 INFO: Including sub-config file: /home/osh/kismet-install/etc/kismet_80211.conf
1790682755.289 INFO: Including sub-config file: /home/osh/kismet-install/etc/kismet_logging.conf
1790682755.289 INFO: Including sub-config file: /home/osh/kismet-install/etc/kismet_filter.conf
1790682755.289 INFO: Including sub-config file: /home/osh/kismet-install/etc/kismet_uav.conf
1790682755.289 INFO: Loading config override file '/home/osh/kismet-install/etc/kismet_package.conf'
1790682755.289 INFO: Optional sub-config file not present: /home/osh/kismet-install/etc/kismet_package.conf
1790682755.289 INFO: Loading config override file '/home/osh/kismet-install/etc/kismet_site.conf'
1790682755.289 INFO: Optional sub-config file not present: /home/osh/kismet-install/etc/kismet_site.conf
1790682755.289 INFO: Generated server UUID 42D6F78E-BBFC-11F1-8667-4B49534D4554 and storing in /tmp/hw3/h3/.kismet//kismet_server_id.conf
1790682755.289 INFO: Setting server UUID 42D6F78E-BBFC-11F1-8667-4B49534D4554
1790682755.289 INFO: Starting Beast webserver on 0.0.0.0:2501
1790682755.289 INFO: Opened OUI file '/home/osh/kismet-install/share/kismet/kismet_manuf.txt.gz
1790682755.289 INFO: Indexing manufacturer db
1790682755.290 INFO: Completed indexing manufacturer db, 38959 lines and 780 indexes.
1790682755.297 INFO: Saving devices to the Kismet database log every 30 seconds
1790682755.302 INFO: Using default rates of 10/min, 1/sec for alert 'DEVICEFOUND'
1790682755.302 INFO: Using default rates of 10/min, 1/sec for alert 'DEVICELOST'
1790682755.302 INFO: Registering support for DLT_PPI packet header decoding
1790682755.302 INFO: Registering support for DLT_RADIOTAP packet header decoding
1790682755.302 INFO: Registering support for DLT_BTLE_RADIO packet header decoding
1790682755.305 INFO: Using default rates of 10/min, 1/sec for alert 'BADFIXLENIE'
1790682755.305 INFO: PHY80211 will only process AP signal levels from beacons
1790682755.305 INFO: Allowing Kismet clients to view WEP keys
1790682755.306 DEBUG: ssid canary FooCanary:ssid="FoobarCanary"
1790682755.306 DEBUG: ssid canary FooCanart2:ssid="(?i:foobarcanary)"
1790682755.306 INFO: Keeping EAPOL packets in memory for easy download and WIDS functionality; this can use more RAM.
1790682755.309 INFO: Registered PHY handler 'IEEE802.11' as ID 0
1790682755.311 INFO: Registered PHY handler 'RFSENSOR' as ID 1
1790682755.312 INFO: Registered PHY handler 'Z-Wave' as ID 2
1790682755.313 INFO: Registered PHY handler 'Bluetooth' as ID 3
1790682755.313 DEBUG: reserve_fields home id 538 app id 539
1790682755.315 INFO: Registered PHY handler 'UAV' as ID 4
1790682755.316 INFO: Registered PHY handler 'NrfMousejack' as ID 5
1790682755.316 ERROR: Tried to re-register duplicate alert FLIPPERZERO
1790682755.317 INFO: Registered PHY handler 'BTLE' as ID 6
1790682755.319 INFO: Registered PHY handler 'METER' as ID 7
1790682755.319 INFO: Indexing ADSB ICAO db
1790682755.580 INFO: Completed indexing ADSB ICAO db, 341068 lines 6822 indexes
1790682755.581 INFO: Registered PHY handler 'ADSB' as ID 8
1790682755.582 INFO: Registered PHY handler '802.15.4' as ID 9
1790682755.583 INFO: Registered PHY handler 'RADIATION' as ID 10
1790682755.589 INFO: (HTTPD) Could not read session data file, skipping loading saved sessions.
1790682755.589 INFO: Serving static file content from /home/osh/kismet-install/share/kismet/httpd/
1790682755.590 INFO: Enabling channel hopping by default on sources which support channel control.
1790682755.590 INFO: Setting default channel hop rate to 5/sec
1790682755.590 INFO: Enabling channel list splitting on sources which share the same list of channels
1790682755.590 INFO: Enabling channel list shuffling to optimize overlaps
1790682755.590 INFO: Sources will be re-opened if they encounter an error
1790682755.590 INFO: Saving datasources to the Kismet database log every 30 seconds
1790682755.590 INFO: Launching remote capture server on 127.0.0.1 3501
1790682755.592 INFO: No data sources defined; Kismet will not capture anything until a source is added.
1790682755.594 ALERT: LOGDISABLED Logging has been disabled via the Kismet config files or the command line.  Pcap, database, and related logs will not be saved.
1790682755.594 INFO: Logging disabled, not enabling any log drivers.
1790682755.594 INFO: GPS track will be logged to the Kismet logfile
1790682755.595 INFO: Starting Kismet web server...
1790682755.595 INFO: HTTP server listening on 0.0.0.0:2501
1790682755.597 INFO: Could not open system plugin directory (/home/osh/kismet-install/lib/kismet/), skipping: No such file or directory
1790682755.597 INFO: Did not find a user plugin directory (/tmp/hw3/h3/.kismet//plugins/), skipping: No such file or directory
1790682755.882 INFO: New remote source esp32c5-ttyACM0 (E5C50001-0000-0000-0000-10BDA3CF0540) connected
1790682756.877 INFO: esp32c5-ttyACM0 - esp32c5-ttyACM0 capturing (wifi)
1790682756.939 INFO: Detected new 802.11 Wi-Fi access point 00:B8:C2:B2:AE:57
1790682756.939 INFO: Detected new 802.11 Wi-Fi device 70:F7:54:55:CB:00
1790682756.939 INFO: Detected new 802.11 Wi-Fi device 00:B8:C2:B2:AE:58
1790682758.362 INFO: 802.11 Wi-Fi device 00:B8:C2:B2:AE:57 advertising new SSID 'Mor'
1790682758.528 INFO: Detected new 802.11 Wi-Fi access point 26:39:F1:AB:05:B2
1790682758.528 INFO: 802.11 Wi-Fi device 26:39:F1:AB:05:B2 advertising new SSID 'osvc-2'
1790682758.714 INFO: Detected new 802.11 Wi-Fi access point 46:AE:30:84:34:B6
1790682758.718 INFO: 802.11 Wi-Fi device 46:AE:30:84:34:B6 advertising a new cloaked SSID
1790682758.766 INFO: Detected new 802.11 Wi-Fi access point 40:AE:30:84:34:B6
1790682758.767 INFO: 802.11 Wi-Fi device 40:AE:30:84:34:B6 advertising new SSID 'cohen42'
1790682758.826 INFO: Detected new 802.11 Wi-Fi device 40:AE:30:84:5A:16
1790682758.826 INFO: Detected new 802.11 Wi-Fi device 04:03:12:27:F2:76
1790682760.623 INFO: Detected new 802.11 Wi-Fi device FA:50:AF:58:56:C3
1790682761.099 ERROR: Data source 'esp32c5-ttyACM0 / esp32c5-ttyACM0' ('esp32c5-ttyACM0') encountered an error: websocket connection closed
1790682770.572 INFO: Matching new remote source 'esp32c5-ttyACM0' with known source with UUID 'E5C50001-0000-0000-0000-10BDA3CF0540'
1790682770.576 INFO: Remote source esp32c5-ttyACM0 (E5C50001-0000-0000-0000-10BDA3CF0540) reconnected
1790682771.577 INFO: esp32c5-ttyACM0 - esp32c5-ttyACM0 capturing (wifi)
1790682773.584 INFO: 802.11 Wi-Fi device 40:AE:30:84:5A:16 advertising new SSID 'cohen42'
1790682774.099 INFO: Detected new 802.11 Wi-Fi device E4:5F:01:49:99:3F
1790682774.099 INFO: Detected new 802.11 Wi-Fi device 42:A2:BA:65:29:F3
1790682774.109 INFO: Detected new 802.11 Wi-Fi device 38:8A:06:37:8E:2A
1790682774.109 INFO: Detected new 802.11 Wi-Fi device 94:83:C4:25:9E:39
1790682774.959 ERROR: Data source 'esp32c5-ttyACM0 / esp32c5-ttyACM0' ('esp32c5-ttyACM0') encountered an error: IPC connection closed
1790682784.365 INFO: Matching new remote source 'esp32c5-ttyACM0' with known source with UUID 'E5C50001-0000-0000-0000-10BDA3CF0540'
1790682784.369 INFO: Remote source esp32c5-ttyACM0 (E5C50001-0000-0000-0000-10BDA3CF0540) reconnected
1790682785.449 INFO: esp32c5-ttyACM0 - esp32c5-ttyACM0 capturing (wifi)
1790682787.173 INFO: Detected new 802.11 Wi-Fi device A8:DB:03:42:DE:68
1790682787.179 INFO: Detected new 802.11 Wi-Fi device 46:AE:30:84:5A:16
1790682787.179 INFO: Detected new 802.11 Wi-Fi device B0:1F:47:17:AF:4A
1790682788.736 ERROR: Data source 'esp32c5-ttyACM0 / esp32c5-ttyACM0' ('esp32c5-ttyACM0') encountered an error: websocket connection closed
1790682798.603 
1790682798.603 *** KISMET IS SHUTTING DOWN ***
1790682798.603 Shutting down plugins...
1790682798.603 WARNING: Kismet changes the configuration of network devices.
1790682798.603          In most cases you will need to restart networking for
1790682798.603          your interface (varies per distribution and OS), but 
1790682798.603          typically one of:
1790682798.603          sudo service networking restart
1790682798.603          sudo /etc/init.d/networking restart
1790682798.604          or
1790682798.604          nmcli device set [device] managed true
1790682798.604 
1790682798.604 Kismet exiting.
1790682798.604 EXITING: Signal service thread complete.
