===== tcp: /home/osh/kismet-install/bin/kismet_cap_esp32c5 --connect 127.0.0.1:3501 --tcp --source esp32c5-ttyACM0
helper parent pid 400693
waitrun: 0.05
capture process (child) pid: 400696
    PID    PPID    PGID STAT                  STARTED CMD
 400693  400691  400127 S    Tue Sep 29 14:52:49 2026 /home/osh/kismet-install/bin/kismet_cap_esp32c5 --connect 127.0.0.1:3501 --tcp --source esp32c5-ttyACM0
 400696  400693  400127 Sl   Tue Sep 29 14:52:49 2026 /home/osh/kismet-install/bin/kismet_cap_esp32c5 --connect 127.0.0.1:3501 --tcp --source esp32c5-ttyACM0
child SigIgn:	0000000000000006
child SigCgt:	0000000100004001
--- /proc/locks before
1: FLOCK  ADVISORY  WRITE 589 00:16:2235 0 EOF
2: FLOCK  ADVISORY  WRITE 400696 00:06:715 0 EOF
3: FLOCK  ADVISORY  WRITE 6786 b3:02:397267 0 EOF
4: FLOCK  ADVISORY  WRITE 6786 b3:02:397266 0 EOF
5: FLOCK  ADVISORY  WRITE 6786 b3:02:397264 0 EOF
6: FLOCK  ADVISORY  WRITE 6786 b3:02:397263 0 EOF
7: FLOCK  ADVISORY  WRITE 6786 b3:02:397262 0 EOF
8: FLOCK  ADVISORY  WRITE 6516 b3:02:397140 0 EOF
9: FLOCK  ADVISORY  WRITE 6786 b3:02:397259 0 EOF
10: FLOCK  ADVISORY  WRITE 6786 b3:02:397243 0 EOF
--- port before: 1790682773.937 /dev/ttyACM0 -> /dev/ttyACM0: holders ['FLOCK WRITE by pid 400696 (/home/osh/kismet-install/bin/kismet_cap_esp32c5 --connect 127.0.0.1:3501 --tcp --source esp32c5-ttyACM0)']
kill -TERM 400693 at 1790682774.953533782
parent exit status 143
--- /proc/locks after
1: FLOCK  ADVISORY  WRITE 589 00:16:2235 0 EOF
2: FLOCK  ADVISORY  WRITE 6786 b3:02:397267 0 EOF
3: FLOCK  ADVISORY  WRITE 6786 b3:02:397266 0 EOF
4: FLOCK  ADVISORY  WRITE 6786 b3:02:397264 0 EOF
5: FLOCK  ADVISORY  WRITE 6786 b3:02:397263 0 EOF
6: FLOCK  ADVISORY  WRITE 6786 b3:02:397262 0 EOF
7: FLOCK  ADVISORY  WRITE 6516 b3:02:397140 0 EOF
8: FLOCK  ADVISORY  WRITE 6786 b3:02:397259 0 EOF
9: FLOCK  ADVISORY  WRITE 6786 b3:02:397243 0 EOF
--- child 400696 alive after: no
--- port after (open attempt): 1790682782.240 /dev/ttyACM0 -> /dev/ttyACM0: holders none; OPENED and flocked (port free)
parent gone +0.041 s, child gone +0.041 s, flock free +0.041 s (holders just before the kill [[]]; at the end []; Kismet running at the end [0])
helper: INFO: Connected to '127.0.0.1:3501'...
helper: INFO: 127.0.0.1:3501 starting capture...
