[fake] booted in wifi mode on /tmp/hw3/h2-pty/silent -> /dev/pts/2
[fake] silent: says nothing, and ignores what it is sent
[fake] silent, ignored: MODE WIFI
[fake] silent, ignored: CHANNELS 1
[fake] silent, ignored: CHANNELS 5
[fake] silent, ignored: CHANNELS 9
[fake] silent, ignored: CHANNELS 13
[fake] silent, ignored: CHANNELS 13
[fake] silent, ignored: START 1790682647363558 4f98a011
[fake] silent, ignored: CHANNELS 44
[fake] silent, ignored: CHANNELS 60
[fake] silent, ignored: CHANNELS 108
[fake] silent, ignored: CHANNELS 124
[fake] silent, ignored: CHANNELS 140
[fake] silent, ignored: CHANNELS 157
[fake] silent, ignored: MODE WIFI
[fake] silent, ignored: CHANNELS 173
[fake] silent, ignored: CHANNELS 2
[fake] silent, ignored: CHANNELS 6
[fake] silent, ignored: CHANNELS 10
[fake] silent, ignored: CHANNELS 10
[fake] silent, ignored: START 1790682649366002 d7496e72
[fake] silent, ignored: CHANNELS 14
[fake] silent, ignored: CHANNELS 48
[fake] silent, ignored: CHANNELS 64
[fake] silent, ignored: CHANNELS 112
[fake] silent, ignored: CHANNELS 128
[fake] silent, ignored: CHANNELS 144
[fake] silent, ignored: MODE WIFI
[fake] silent, ignored: CHANNELS 161
[fake] silent, ignored: CHANNELS 177
[fake] silent, ignored: CHANNELS 3
[fake] silent, ignored: CHANNELS 7
[fake] silent, ignored: CHANNELS 7
[fake] silent, ignored: START 1790682651368429 e7052d7f
[fake] silent, ignored: CHANNELS 11
[fake] silent, ignored: CHANNELS 36
[fake] silent, ignored: CHANNELS 52
[fake] silent, ignored: CHANNELS 100
[fake] silent, ignored: CHANNELS 116
[fake] silent, ignored: CHANNELS 132
[fake] silent, ignored: MODE WIFI
[fake] silent, ignored: CHANNELS 149
[fake] silent, ignored: CHANNELS 165
[fake] silent, ignored: CHANNELS 4
[fake] silent, ignored: CHANNELS 8
[fake] silent, ignored: CHANNELS 8
[fake] silent, ignored: START 1790682653372000 2250e133
[fake] silent, ignored: CHANNELS 12
[fake] silent, ignored: CHANNELS 40
[fake] silent, ignored: CHANNELS 56
[fake] silent, ignored: CHANNELS 104
[fake] silent, ignored: CHANNELS 120
[fake] silent, ignored: CHANNELS 136
[fake] silent, ignored: MODE WIFI
[fake] silent, ignored: CHANNELS 153
[fake] silent, ignored: CHANNELS 169
[fake] silent, ignored: CHANNELS 1
[fake] silent, ignored: CHANNELS 5
[fake] silent, ignored: CHANNELS 5
[fake] silent, ignored: START 1790682655374994 0cbadcba
[fake] silent, ignored: CHANNELS 9
[fake] silent, ignored: CHANNELS 13
[fake] silent, ignored: CHANNELS 44
[fake] silent, ignored: CHANNELS 60
[fake] silent, ignored: CHANNELS 108
[fake] silent, ignored: CHANNELS 124
[fake] silent, ignored: MODE WIFI
[fake] silent, ignored: CHANNELS 140
[fake] silent, ignored: CHANNELS 157
[fake] silent, ignored: CHANNELS 173
[fake] silent, ignored: CHANNELS 2
[fake] silent, ignored: CHANNELS 2
[fake] silent, ignored: START 1790682657378251 4f3adbdb
[fake] silent, ignored: CHANNELS 6
[fake] silent, ignored: CHANNELS 10
[fake] silent, ignored: CHANNELS 14
[fake] silent, ignored: CHANNELS 48
[fake] silent, ignored: CHANNELS 64
[fake] silent, ignored: CHANNELS 112
[fake] silent, ignored: MODE WIFI
[fake] silent, ignored: CHANNELS 128
[fake] silent, ignored: CHANNELS 144
[fake] silent, ignored: CHANNELS 161
[fake] silent, ignored: CHANNELS 177
[fake] silent, ignored: CHANNELS 177
[fake] silent, ignored: START 1790682659382279 2d04a73c
[fake] silent, ignored: CHANNELS 3
[fake] silent, ignored: CHANNELS 7
[fake] silent, ignored: CHANNELS 11
[fake] silent, ignored: CHANNELS 36
[fake] silent, ignored: CHANNELS 52
[fake] silent, ignored: CHANNELS 100
[fake] silent, ignored: MODE WIFI
[fake] silent, ignored: CHANNELS 116
[fake] silent, ignored: CHANNELS 132
[fake] silent, ignored: CHANNELS 149
[fake] silent, ignored: CHANNELS 165
[fake] silent, ignored: CHANNELS 165
[fake] silent, ignored: START 1790682661385277 99d8a0ba
[fake] silent, ignored: CHANNELS 4
[fake] silent, ignored: MODE WIFI
[fake] silent, ignored: CHANNELS 1
[fake] silent, ignored: CHANNELS 5
[fake] silent, ignored: CHANNELS 9
[fake] silent, ignored: CHANNELS 13
[fake] silent, ignored: CHANNELS 13
[fake] silent, ignored: START 1790682667623569 2168d5df
[fake] silent, ignored: CHANNELS 44
[fake] silent, ignored: CHANNELS 60
[fake] silent, ignored: CHANNELS 108
[fake] silent, ignored: CHANNELS 124
[fake] silent, ignored: CHANNELS 140
[fake] silent, ignored: CHANNELS 157
[fake] silent, ignored: MODE WIFI
[fake] silent, ignored: CHANNELS 173
[fake] silent, ignored: CHANNELS 2
[fake] silent, ignored: CHANNELS 6
[fake] silent, ignored: CHANNELS 10
[fake] silent, ignored: CHANNELS 10
[fake] silent, ignored: START 1790682669627411 730e98dd
[fake] silent, ignored: CHANNELS 14
[fake] silent, ignored: CHANNELS 48
[fake] silent, ignored: CHANNELS 64
[fake] silent, ignored: CHANNELS 112
[fake] silent, ignored: CHANNELS 128
[fake] silent, ignored: CHANNELS 144
[fake] silent, ignored: MODE WIFI
[fake] silent, ignored: CHANNELS 161
[fake] silent, ignored: CHANNELS 177
[fake] silent, ignored: CHANNELS 3
[fake] silent, ignored: CHANNELS 7
[fake] silent, ignored: CHANNELS 7
[fake] silent, ignored: START 1790682671631343 d70d5dcb
[fake] silent, ignored: CHANNELS 11
[fake] silent, ignored: CHANNELS 36
[fake] silent, ignored: CHANNELS 52
[fake] silent, ignored: CHANNELS 100
[fake] silent, ignored: CHANNELS 116
[fake] silent, ignored: CHANNELS 132
[fake] silent, ignored: MODE WIFI
[fake] silent, ignored: CHANNELS 149
[fake] silent, ignored: CHANNELS 165
[fake] silent, ignored: CHANNELS 4
[fake] silent, ignored: CHANNELS 8
[fake] silent, ignored: CHANNELS 8
[fake] silent, ignored: START 1790682673634738 3a7f36a5
[fake] silent, ignored: CHANNELS 12
[fake] silent, ignored: CHANNELS 40
[fake] silent, ignored: CHANNELS 56
[fake] silent, ignored: CHANNELS 104
[fake] silent, ignored: CHANNELS 120
[fake] silent, ignored: CHANNELS 136
[fake] silent, ignored: MODE WIFI
[fake] silent, ignored: CHANNELS 153
[fake] silent, ignored: CHANNELS 169
[fake] silent, ignored: CHANNELS 1
[fake] silent, ignored: CHANNELS 5
[fake] silent, ignored: CHANNELS 5
[fake] silent, ignored: START 1790682675638612 70d46a3d
[fake] silent, ignored: CHANNELS 9
[fake] silent, ignored: CHANNELS 13
[fake] silent, ignored: CHANNELS 44
[fake] silent, ignored: CHANNELS 60
[fake] silent, ignored: CHANNELS 108
[fake] silent, ignored: CHANNELS 124
[fake] silent, ignored: MODE WIFI
[fake] silent, ignored: CHANNELS 140
[fake] silent, ignored: CHANNELS 157
[fake] silent, ignored: CHANNELS 173
[fake] silent, ignored: CHANNELS 2
[fake] silent, ignored: CHANNELS 2
[fake] silent, ignored: START 1790682677641808 e4c7c949
[fake] silent, ignored: CHANNELS 6
[fake] silent, ignored: CHANNELS 10
[fake] silent, ignored: CHANNELS 14
[fake] silent, ignored: CHANNELS 48
[fake] silent, ignored: CHANNELS 64
[fake] silent, ignored: CHANNELS 112
[fake] silent, ignored: MODE WIFI
[fake] silent, ignored: CHANNELS 128
[fake] silent, ignored: CHANNELS 144
[fake] silent, ignored: CHANNELS 161
[fake] silent, ignored: CHANNELS 177
[fake] silent, ignored: CHANNELS 177
[fake] silent, ignored: START 1790682679644994 15762315
[fake] silent, ignored: CHANNELS 3
[fake] silent, ignored: CHANNELS 7
[fake] silent, ignored: CHANNELS 11
[fake] silent, ignored: CHANNELS 36
[fake] silent, ignored: CHANNELS 52
[fake] silent, ignored: CHANNELS 100
[fake] silent, ignored: MODE WIFI
[fake] silent, ignored: CHANNELS 116
[fake] silent, ignored: CHANNELS 132
[fake] silent, ignored: CHANNELS 149
[fake] silent, ignored: CHANNELS 165
[fake] silent, ignored: CHANNELS 165
[fake] silent, ignored: START 1790682681648660 d840ee55
[fake] silent, ignored: CHANNELS 4
[fake] silent, ignored: MODE WIFI
[fake] silent, ignored: CHANNELS 1
[fake] silent, ignored: CHANNELS 5
[fake] silent, ignored: CHANNELS 9
[fake] silent, ignored: CHANNELS 13
[fake] silent, ignored: CHANNELS 13
[fake] silent, ignored: START 1790682693323649 9ce7f547
[fake] silent, ignored: CHANNELS 44
[fake] silent, ignored: CHANNELS 60
[fake] silent, ignored: CHANNELS 108
[fake] silent, ignored: CHANNELS 124
[fake] silent, ignored: CHANNELS 140
[fake] silent, ignored: CHANNELS 157
[fake] silent, ignored: MODE WIFI
[fake] silent, ignored: CHANNELS 173
[fake] silent, ignored: CHANNELS 2
[fake] silent, ignored: CHANNELS 6
[fake] silent, ignored: CHANNELS 10
[fake] silent, ignored: CHANNELS 10
[fake] silent, ignored: START 1790682695327379 6f807c9c
[fake] silent, ignored: CHANNELS 14
[fake] silent, ignored: CHANNELS 48
[fake] silent, ignored: CHANNELS 64
[fake] silent, ignored: CHANNELS 112
[fake] silent, ignored: CHANNELS 128
[fake] silent, ignored: CHANNELS 144
[fake] silent, ignored: MODE WIFI
[fake] silent, ignored: CHANNELS 161
[fake] silent, ignored: CHANNELS 177
[fake] silent, ignored: CHANNELS 3
[fake] silent, ignored: CHANNELS 7
[fake] silent, ignored: CHANNELS 7
[fake] silent, ignored: START 1790682697330269 9ba0445a
