fake board pid 398515, port /dev/pts/2
kismet up after 0.59 s, pid 398525, home /tmp/hw3/h2, status.json HTTP 200
silent                     run=1 err=0 rem=0 pkts=0      ch=6    hop=1 nch=42 pid=399294 uuid=E5C50001-0000-0000-0000-023A05B452FD dlt=127 reason=IPC connection closed
kismet 398525 stopped
=== Kismet log lines about the source (t relative to Kismet start)
   0.44 INFO: Found type 'esp32c5' for 'esp32c5:device=/tmp/hw3/h2-pty/silent,name=silent'
   0.46 INFO: Data source 'esp32c5:device=/tmp/hw3/h2-pty/silent,name=silent' launched successfully
   6.49 INFO: silent: no answer, reconnecting
  15.60 ERROR: silent: no capture from the board on /tmp/hw3/h2-pty/silent for 15 seconds; is it flashed with the esp32c5 sniffer firmware, and is nothing else holding the port?
  15.60 ERROR: Data source 'silent / esp32c5:device=/tmp/hw3/h2-pty/silent,name=silent' ('esp32c5') encountered an error: IPC connection closed
  15.60 ALERT: SOURCEERROR Source silent (E5C50001-0000-0000-0000-023A05B452FD) has encountered an error (IPC connection closed) Kismet will attempt to re-open the source in 5 seconds. (1 failures)
  15.60 ERROR: Source silent (E5C50001-0000-0000-0000-023A05B452FD) has encountered an error (IPC connection closed) Kismet will attempt to re-open the source in 5 seconds. (1 failures)
  20.69 INFO: Attempting to re-open source silent
  20.72 ALERT: SOURCEOPEN Source silent (E5C50001-0000-0000-0000-023A05B452FD) successfully re-opened
  26.79 INFO: silent: no answer, reconnecting
  35.90 ERROR: silent: no capture from the board on /tmp/hw3/h2-pty/silent for 15 seconds; is it flashed with the esp32c5 sniffer firmware, and is nothing else holding the port?
  35.90 ERROR: Data source 'silent / esp32c5:device=/tmp/hw3/h2-pty/silent,name=silent' ('esp32c5') encountered an error: IPC connection closed
  35.90 ALERT: SOURCEERROR Source silent (E5C50001-0000-0000-0000-023A05B452FD) has encountered an error (IPC connection closed) Kismet will attempt to re-open the source in 5 seconds. (2 failures)
  35.90 ERROR: Source silent (E5C50001-0000-0000-0000-023A05B452FD) has encountered an error (IPC connection closed) Kismet will attempt to re-open the source in 5 seconds. (2 failures)
  40.99 INFO: Attempting to re-open source silent
  41.00 INFO: Attempting to re-open source silent
  41.00 ERROR: Data source 'silent / esp32c5:device=/tmp/hw3/h2-pty/silent,name=silent' ('esp32c5') encountered an error: IPC connection closed
  41.00 ALERT: SOURCEERROR Source silent (E5C50001-0000-0000-0000-023A05B452FD) has encountered an error (IPC connection closed) Kismet will attempt to re-open the source in 5 seconds. (3 failures)
  41.00 ERROR: Source silent (E5C50001-0000-0000-0000-023A05B452FD) has encountered an error (IPC connection closed) Kismet will attempt to re-open the source in 5 seconds. (3 failures)
  46.39 INFO: Attempting to re-open source silent
  46.42 ALERT: SOURCEOPEN Source silent (E5C50001-0000-0000-0000-023A05B452FD) successfully re-opened
=== error_reason values over time (REST, 2 Hz)
   0.74 running=1 error=0 error_reason=''
  15.74 running=0 error=1 error_reason='IPC connection closed'
  20.74 running=1 error=0 error_reason='IPC connection closed'
  36.25 running=0 error=1 error_reason='IPC connection closed'
  46.75 running=1 error=0 error_reason='IPC connection closed'
=== messagebus (REST) lines with the give-up text
1
200 {'kismet.messagebus.list': [{'kismet.messagebus.message_string': "Registered PHY handler 'Bluetooth' as ID 3", 'kismet.messagebus.message_flags': 2, 'kismet.messagebus.message_time': 1790682646}, {'kismet.messagebus.message_string': "Registered PHY handler 'UAV' as ID 4", 'kismet.messagebus.message_flags': 2, 'kismet.messagebus.message_time': 1790682646}, {'kismet.messagebus.message_string': "Registered PHY handler 'NrfMousejack' as ID 5", 'kismet.messagebus.message_flags': 2, 'kismet.messagebus.message_time': 1790682646}, {'kismet.messagebus.message_string': 'Tried to re-register duplicate alert FLIPPERZERO', 'kismet.messagebus.message_flags': 4, 'kismet.messagebus.message_time': 1790682646}, {'kismet.messagebus.message_string': "Registered PHY handler 'BTLE' as ID 6", 'kismet.messagebus.message_flags': 2, 'kismet.messagebus.message_time': 1790682646}, {'kismet.messagebus.message_string': "Registered PHY handler 'METER' as ID 7", 'kismet.messagebus.message_flags': 2, 'kismet.messagebus.message_time': 1790682646}, {'kismet.messagebus.message_string': 'Indexing ADSB ICAO db', 'kismet.messagebus.message_flags': 2, 'kismet.messagebus.message_time': 1790682646}, {'kismet.messagebus.message_string': 'Completed indexing ADSB ICAO db, 341068 lines 6822 indexes', 'kismet.messagebus.message_flags': 2, 'kismet.messagebus.message_time': 1790682646}, {'kismet.messagebus.message_string': "Registered PHY handler 'ADSB' as ID 8", 'kismet.messagebus.message_flags': 2, 'kismet.messagebus.message_time': 1790682646}, {'kismet.messagebus.message_string': "Registered PHY handler '802.15.4' as ID 9", 'kismet.messagebus.message_flags': 2, 'kismet.messagebus.message_time': 1790682646}, {'kismet.messagebus.message_string': "Registered PHY handler 'RADIATION' as ID 10", 'kismet.messagebus.message_flags': 2, 'kismet.messagebus.message_time': 1790682646}, {'kismet.messagebus.message_string': '(HTTPD) Could not read session data file, skipping loading saved sessions.', 'kismet.messagebus.message_flags': 2, 'kismet.messagebus.message_time': 1790682646}, {'kismet.messagebus.message_string': 'Serving static file content from /home/osh/kismet-install/share/kismet/httpd/', 'kismet.messagebus.message_flags': 2, 'kismet.messagebus.message_time': 1790682646}, {'kismet.messagebus.message_string': 'Enabling channel hopping by default on sources which support channel control.', 'kismet.messagebus.message_flags': 2, 'kismet.messagebus.message_time': 1790682646}, {'kismet.messagebus.message_string': 'Setting default channel hop rate to 5/sec', 'kismet.messagebus.message_flags': 2, 'kismet.messagebus.message_time': 1790682646}, {'kismet.messagebus.message_string': 'Enabling channel list splitting on sources which share the same list of channels', 'kismet.messagebus.message_flags': 2, 'kismet.messagebus.message_time': 1790682646}, {'kismet.messagebus.message_string': 'Enabling channel list shuffling to optimize overlaps', 'kismet.messagebus.message_flags': 2, 'kismet.messagebus.message_time': 1790682646}, {'kismet.messagebus.message_string': 'Sources will be re-opened if they encounter an error', 'kismet.messagebus.message_flags': 2, 'kismet.messagebus.message_time': 1790682646}, {'kismet.messagebus.message_string': 'Saving datasources to the Kismet database log every 30 seconds', 'kismet.messagebus.message_flags': 2, 'kismet.messagebus.message_time': 1790682646}, {'kismet.messagebus.message_string': 'Launching remote capture server on 127.0.0.1 3501', 'kismet.messagebus.message_flags': 2, 'kismet.messagebus.message_time': 1790682646}, {'kismet.messagebus.message_string': 'Data sources passed on the command line (via -c source), ignoring source= definitions in the Kismet config file.', 'kismet.messagebus.message_flags': 2, 'kismet.messagebus.message_time': 1790682646}, {'kismet.messagebus.message_string': "Probing interface 'esp32c5' to find datasource type", 'kismet.messagebus.message_flags': 2, 'kismet.messagebus.message_time': 1790682646}, {'kismet.messagebus.message_string': 'LOGDISABLED Logging has been disabled via the Kismet config files or the command line.  Pcap, database, and related logs will not be saved.', 'kismet.messagebus.message_flags': 8, 'kismet.messagebus.message_time': 1790682646}, {'kismet.messagebus.message_string': 'Logging disabled, not enabling any log drivers.', 'kismet.messagebus.message_flags': 2, 'kismet.messagebus.message_time': 1790682646}, {'kismet.messagebus.message_string': 'GPS track will be logged to the Kismet logfile', 'kismet.messagebus.message_flags': 2, 'kismet.messagebus.message_time': 1790682646}, {'kismet.messagebus.message_string': 'Starting Kismet web server...', 'kismet.messagebus.message_flags': 2, 'kismet.messagebus.message_time': 1790682646}, {'kismet.messagebus.message_string': 'HTTP server listening on 0.0.0.0:2501', 'kismet.messagebus.message_flags': 2, 'kismet.messagebus.message_time': 1790682646}, {'kismet.messagebus.message_string': 'Could not open system plugin directory (/home/osh/kismet-install/lib/kismet/), skipping: No such file or directory', 'kismet.messagebus.message_flags': 2, 'kismet.messagebus.message_time': 1790682646}, {'kismet.messagebus.message_string': 'Did not find a user plugin directory (/tmp/hw3/h2/.kismet//plugins/), skipping: No such file or directory', 'kismet.messagebus.message_flags': 2, 'kismet.messagebus.message_time': 1790682646}, {'kismet.messagebus.message_string': "Found type 'esp32c5' for 'esp32c5:device=/tmp/hw3/h2-pty/silent,name=silent'", 'kismet.messagebus.message_flags': 2, 'kismet.messagebus.message_time': 1790682646}, {'kismet.messagebus.message_string': "Data source 'esp32c5:device=/tmp/hw3/h2-pty/silent,name=silent' launched successfully", 'kismet.messagebus.message_flags': 2, 'kismet.messagebus.message_time': 1790682646}, {'kismet.messagebus.message_string': 'silent: no answer, reconnecting', 'kismet.messagebus.message_flags': 2, 'kismet.messagebus.message_time': 1790682652}, {'kismet.messagebus.message_string': 'silent: no capture from the board on /tmp/hw3/h2-pty/silent for 15 seconds; is it flashed with the esp32c5 sniffer firmware, and is nothing else holding the port?', 'kismet.messagebus.message_flags': 4, 'kismet.messagebus.message_time': 1790682661}, {'kismet.messagebus.message_string': "Data source 'silent / esp32c5:device=/tmp/hw3/h2-pty/silent,name=silent' ('esp32c5') encountered an error: IPC connection closed", 'kismet.messagebus.message_flags': 4, 'kismet.messagebus.message_time': 1790682661}, {'kismet.messagebus.message_string': 'SOURCEERROR Source silent (E5C50001-0000-0000-0000-023A05B452FD) has encountered an error (IPC connection closed) Kismet will attempt to re-open the source in 5 seconds.  (1 failures)', 'kismet.messagebus.message_flags': 8, 'kismet.messagebus.message_time': 1790682661}, {'kismet.messagebus.message_string': 'Source silent (E5C50001-0000-0000-0000-023A05B452FD) has encountered an error (IPC connection closed) Kismet will attempt to re-open the source in 5 seconds.  (1 failures)', 'kismet.messagebus.message_flags': 4, 'kismet.messagebus.message_time': 1790682661}, {'kismet.messagebus.message_string': 'Attempting to re-open source silent', 'kismet.messagebus.message_flags': 2, 'kismet.messagebus.message_time': 1790682666}, {'kismet.messagebus.message_string': 'SOURCEOPEN Source silent (E5C50001-0000-0000-0000-023A05B452FD) successfully re-opened', 'kismet.messagebus.message_flags': 8, 'kismet.messagebus.message_time': 1790682666}, {'kismet.messagebus.message_string': 'silent: no answer, reconnecting', 'kismet.messagebus.message_flags': 2, 'kismet.messagebus.message_time': 1790682672}, {'kismet.messagebus.message_string': 'silent: no capture from the board on /tmp/hw3/h2-pty/silent for 15 seconds; is it flashed with the esp32c5 sniffer firmware, and is nothing else holding the port?', 'kismet.messagebus.message_flags': 4, 'kismet.messagebus.message_time': 1790682681}, {'kismet.messagebus.message_string': "Data source 'silent / esp32c5:device=/tmp/hw3/h2-pty/silent,name=silent' ('esp32c5') encountered an error: IPC connection closed", 'kismet.messagebus.message_flags': 4, 'kismet.messagebus.message_time': 1790682681}, {'kismet.messagebus.message_string': 'SOURCEERROR Source silent (E5C50001-0000-0000-0000-023A05B452FD) has encountered an error (IPC connection closed) Kismet will attempt to re-open the source in 5 seconds.  (2 failures)', 'kismet.messagebus.message_flags': 8, 'kismet.messagebus.message_time': 1790682681}, {'kismet.messagebus.message_string': 'Source silent (E5C50001-0000-0000-0000-023A05B452FD) has encountered an error (IPC connection closed) Kismet will attempt to re-open the source in 5 seconds.  (2 failures)', 'kismet.messagebus.message_flags': 4, 'kismet.messagebus.message_time': 1790682681}, {'kismet.messagebus.message_string': 'Attempting to re-open source silent', 'kismet.messagebus.message_flags': 2, 'kismet.messagebus.message_time': 1790682687}, {'kismet.messagebus.message_string': 'Attempting to re-open source silent', 'kismet.messagebus.message_flags': 2, 'kismet.messagebus.message_time': 1790682687}, {'kismet.messagebus.message_string': "Data source 'silent / esp32c5:device=/tmp/hw3/h2-pty/silent,name=silent' ('esp32c5') encountered an error: IPC connection closed", 'kismet.messagebus.message_flags': 4, 'kismet.messagebus.message_time': 1790682687}, {'kismet.messagebus.message_string': 'SOURCEERROR Source silent (E5C50001-0000-0000-0000-023A05B452FD) has encountered an error (IPC connection closed) Kismet will attempt to re-open the source in 5 seconds.  (3 failures)', 'kismet.messagebus.message_flags': 8, 'kismet.messagebus.message_time': 1790682687}, {'kismet.messagebus.message_string': 'Source silent (E5C50001-0000-0000-0000-023A05B452FD) has encountered an error (IPC connection closed) Kismet will attempt to re-open the source in 5 seconds.  (3 failures)', 'kismet.messagebus.message_flags': 4, 'kismet.messagebus.message_time': 1790682687}, {'kismet.messagebus.message_string': 'Attempting to re-open source silent', 'kismet.messagebus.message_flags': 2, 'kismet.messagebus.message_time': 1790682692}, {'kismet.messagebus.message_string': 'SOURCEOPEN Source silent (E5C50001-0000-0000-0000-023A05B452FD) successfully re-opened', 'kismet.messagebus.message_flags': 8, 'kismet.messagebus.message_time': 1790682692}], 'kismet.messagebus.timestamp': 1790682697}
=== fake board log (first lines)
[fake] booted in wifi mode on /tmp/hw3/h2-pty/silent -> /dev/pts/2
[fake] silent: says nothing, and ignores what it is sent
[fake] silent, ignored: MODE WIFI
[fake] silent, ignored: CHANNELS 1
[fake] silent, ignored: CHANNELS 5
########## the same silent port through the C remote helper (websocket, retry), 40 s
kismet up after 0.59 s, pid 399402, home /tmp/hw3/h2r, status.json HTTP 200
silent                     run=1 err=0 rem=1 pkts=0      ch=6    hop=1 nch=42 pid=0 uuid=E5C50001-0000-0000-0000-023A05B452FD dlt=127 reason=websocket connection closed
C helper exit status 143
kismet 399402 stopped
=== Kismet log lines about the source (t relative to the helper's start)
   0.03 INFO: New remote source silent (E5C50001-0000-0000-0000-023A05B452FD) connected
   6.04 INFO: silent - silent: no answer, reconnecting
  15.06 ERROR: silent - silent: no capture from the board on /tmp/hw3/h2-pty/silent for 15 seconds; is it flashed with the esp32c5 sniffer firmware, and is nothing else holding the port?
  15.06 ERROR: Data source 'silent / esp32c5:device=/tmp/hw3/h2-pty/silent,name=silent' ('esp32c5') encountered an error: websocket connection closed
  20.07 INFO: Matching new remote source 'esp32c5:device=/tmp/hw3/h2-pty/silent,name=silent' with known source with UUID 'E5C50001-0000-0000-0000-023A05B452FD'
  20.08 INFO: Remote source silent (E5C50001-0000-0000-0000-023A05B452FD) reconnected
  26.09 INFO: silent - silent: no answer, reconnecting
  35.10 ERROR: silent - silent: no capture from the board on /tmp/hw3/h2-pty/silent for 15 seconds; is it flashed with the esp32c5 sniffer firmware, and is nothing else holding the port?
  35.11 ERROR: Data source 'silent / esp32c5:device=/tmp/hw3/h2-pty/silent,name=silent' ('esp32c5') encountered an error: websocket connection closed
  40.13 INFO: Matching new remote source 'esp32c5:device=/tmp/hw3/h2-pty/silent,name=silent' with known source with UUID 'E5C50001-0000-0000-0000-023A05B452FD'
  40.13 INFO: Remote source silent (E5C50001-0000-0000-0000-023A05B452FD) reconnected
  40.46 ERROR: Data source 'silent / esp32c5:device=/tmp/hw3/h2-pty/silent,name=silent' ('esp32c5') encountered an error: websocket connection closed
=== C helper stderr
[2026/09/29 14:51:39:6552] W: _lws_smd_msg_send: rejecting message on queue depth 40
INFO: 127.0.0.1:2501 starting capture...
FATAL: Datasource websocket closed
FATAL:  Datasource exiting libwebsocket loop
INFO: capture process exited 0 signal 0
INFO: Sleeping 5 seconds before attempting to reconnect to remote server
[2026/09/29 14:51:59:6958] W: _lws_smd_msg_send: rejecting message on queue depth 40
INFO: 127.0.0.1:2501 starting capture...
FATAL: Datasource websocket closed
FATAL:  Datasource exiting libwebsocket loop
INFO: capture process exited 0 signal 0
INFO: Sleeping 5 seconds before attempting to reconnect to remote server
[2026/09/29 14:52:19:7478] W: _lws_smd_msg_send: rejecting message on queue depth 40
INFO: 127.0.0.1:2501 starting capture...
