### version
2026.09.0-cfe427074
exit=0
### idle: C --list
[stdout: 0 bytes]
[stderr:]
esp32c5 supported data sources:
    esp32c5-ttyACM0:mode=wifi (Espressif USB-Serial-JTAG (10:BD:A3:CF:05:40))
    esp32c5zigbee-ttyACM0:mode=zigbee (Espressif USB-Serial-JTAG (10:BD:A3:CF:05:40))
    esp32c5btle-ttyACM0:mode=btle (Espressif USB-Serial-JTAG (10:BD:A3:CF:05:40))
    esp32c5-ttyACM1:mode=wifi (Espressif USB-Serial-JTAG (38:44:BE:BF:C9:10))
    esp32c5zigbee-ttyACM1:mode=zigbee (Espressif USB-Serial-JTAG (38:44:BE:BF:C9:10))
    esp32c5btle-ttyACM1:mode=btle (Espressif USB-Serial-JTAG (38:44:BE:BF:C9:10))
    esp32c5-ttyACM2:mode=wifi (Espressif USB-Serial-JTAG (38:44:BE:BF:D8:0C))
    esp32c5zigbee-ttyACM2:mode=zigbee (Espressif USB-Serial-JTAG (38:44:BE:BF:D8:0C))
    esp32c5btle-ttyACM2:mode=btle (Espressif USB-Serial-JTAG (38:44:BE:BF:D8:0C))
    esp32c5-ttyACM3:mode=wifi (Espressif USB-Serial-JTAG (10:BD:A3:C8:7D:54))
    esp32c5zigbee-ttyACM3:mode=zigbee (Espressif USB-Serial-JTAG (10:BD:A3:C8:7D:54))
    esp32c5btle-ttyACM3:mode=btle (Espressif USB-Serial-JTAG (10:BD:A3:C8:7D:54))
exit=2
### idle: Python --list
/dev/ttyACM0  10:BD:A3:CF:05:40
    --source esp32c5-ttyACM0
    --source esp32c5zigbee-ttyACM0
    --source esp32c5btle-ttyACM0
/dev/ttyACM1  38:44:BE:BF:C9:10
    --source esp32c5-ttyACM1
    --source esp32c5zigbee-ttyACM1
    --source esp32c5btle-ttyACM1
/dev/ttyACM2  38:44:BE:BF:D8:0C
    --source esp32c5-ttyACM2
    --source esp32c5zigbee-ttyACM2
    --source esp32c5btle-ttyACM2
/dev/ttyACM3  10:BD:A3:C8:7D:54
    --source esp32c5-ttyACM3
    --source esp32c5zigbee-ttyACM3
    --source esp32c5btle-ttyACM3
One source per board: it captures with one radio at a time. Every ESP32 on its native USB port has this USB ID, so a board listed here need not be an ESP32-C5 sniffer.
exit=0
### Python --help (head)
usage: python -m esp32c5_kismet.remote [-h] [--connect HOST:PORT] [--tcp]
                                       [--ssl] [--ssl-certificate CAFILE]
                                       [--user USER] [--password PASSWORD]
                                       [--apikey APIKEY] [--endpoint ENDPOINT]
                                       [--source DEF] [--list] [--debug]
exit=0
kismet up after 0.41 s pid 314152 home /tmp/py/p1
1.39
### locks with C local on ttyACM0
  flock /dev/ttyACM0 by pid 314209 (/home/osh/kismet-install/bin/kismet_cap_esp32c5 --in-fd=11 --out-fd=14 )
### C --list, ttyACM0 held by C local
[stdout: 0 bytes]
[stderr:]
esp32c5 supported data sources:
    esp32c5-ttyACM1:mode=wifi (Espressif USB-Serial-JTAG (38:44:BE:BF:C9:10))
    esp32c5zigbee-ttyACM1:mode=zigbee (Espressif USB-Serial-JTAG (38:44:BE:BF:C9:10))
    esp32c5btle-ttyACM1:mode=btle (Espressif USB-Serial-JTAG (38:44:BE:BF:C9:10))
    esp32c5-ttyACM2:mode=wifi (Espressif USB-Serial-JTAG (38:44:BE:BF:D8:0C))
    esp32c5zigbee-ttyACM2:mode=zigbee (Espressif USB-Serial-JTAG (38:44:BE:BF:D8:0C))
    esp32c5btle-ttyACM2:mode=btle (Espressif USB-Serial-JTAG (38:44:BE:BF:D8:0C))
    esp32c5-ttyACM3:mode=wifi (Espressif USB-Serial-JTAG (10:BD:A3:C8:7D:54))
    esp32c5zigbee-ttyACM3:mode=zigbee (Espressif USB-Serial-JTAG (10:BD:A3:C8:7D:54))
    esp32c5btle-ttyACM3:mode=btle (Espressif USB-Serial-JTAG (10:BD:A3:C8:7D:54))
exit=2
### Python --list, ttyACM0 held by C local
/dev/ttyACM0  10:BD:A3:CF:05:40
    --source esp32c5-ttyACM0
    --source esp32c5zigbee-ttyACM0
    --source esp32c5btle-ttyACM0
/dev/ttyACM1  38:44:BE:BF:C9:10
    --source esp32c5-ttyACM1
    --source esp32c5zigbee-ttyACM1
    --source esp32c5btle-ttyACM1
/dev/ttyACM2  38:44:BE:BF:D8:0C
    --source esp32c5-ttyACM2
    --source esp32c5zigbee-ttyACM2
    --source esp32c5btle-ttyACM2
/dev/ttyACM3  10:BD:A3:C8:7D:54
    --source esp32c5-ttyACM3
    --source esp32c5zigbee-ttyACM3
    --source esp32c5btle-ttyACM3
One source per board: it captures with one radio at a time. Every ESP32 on its native USB port has this USB ID, so a board listed here need not be an ESP32-C5 sniffer.
exit=0
1.17
### locks with C local on ttyACM0 and Python on ttyACM1
  flock /dev/ttyACM0 by pid 314209 (/home/osh/kismet-install/bin/kismet_cap_esp32c5 --in-fd=11 --out-fd=14 )
  flock /dev/ttyACM1 by pid 314310 (/home/osh/esp32c5-venv/bin/python -u -m esp32c5_kismet.remote --connect 127.0.0.1:2501 --user admin )
### C --list, ttyACM0 C local, ttyACM1 Python
[stdout: 0 bytes]
[stderr:]
esp32c5 supported data sources:
    esp32c5-ttyACM2:mode=wifi (Espressif USB-Serial-JTAG (38:44:BE:BF:D8:0C))
    esp32c5zigbee-ttyACM2:mode=zigbee (Espressif USB-Serial-JTAG (38:44:BE:BF:D8:0C))
    esp32c5btle-ttyACM2:mode=btle (Espressif USB-Serial-JTAG (38:44:BE:BF:D8:0C))
    esp32c5-ttyACM3:mode=wifi (Espressif USB-Serial-JTAG (10:BD:A3:C8:7D:54))
    esp32c5zigbee-ttyACM3:mode=zigbee (Espressif USB-Serial-JTAG (10:BD:A3:C8:7D:54))
    esp32c5btle-ttyACM3:mode=btle (Espressif USB-Serial-JTAG (10:BD:A3:C8:7D:54))
exit=2
### Python --list, same
/dev/ttyACM0  10:BD:A3:CF:05:40
    --source esp32c5-ttyACM0
    --source esp32c5zigbee-ttyACM0
    --source esp32c5btle-ttyACM0
/dev/ttyACM1  38:44:BE:BF:C9:10
    --source esp32c5-ttyACM1
    --source esp32c5zigbee-ttyACM1
    --source esp32c5btle-ttyACM1
/dev/ttyACM2  38:44:BE:BF:D8:0C
    --source esp32c5-ttyACM2
    --source esp32c5zigbee-ttyACM2
    --source esp32c5btle-ttyACM2
/dev/ttyACM3  10:BD:A3:C8:7D:54
    --source esp32c5-ttyACM3
    --source esp32c5zigbee-ttyACM3
    --source esp32c5btle-ttyACM3
One source per board: it captures with one radio at a time. Every ESP32 on its native USB port has this USB ID, so a board listed here need not be an ESP32-C5 sniffer.
exit=0
esp32c5-ttyACM0              run=1 err=0 rem=0 pkts=12      ch=6    hop=1 rate=5 off=21 nch=42 pid=314209 uuid=E5C50001-0000-0000-0000-10BDA3CF0540 hw=Espressif USB-Serial-JTAG (10:BD:A3:CF:05:40) capif=esp32c5-ttyACM0 reason=
esp32c5-ttyACM1              run=1 err=0 rem=1 pkts=9       ch=6    hop=1 rate=5 off=0 nch=42 pid=0 uuid=E5C50001-0000-0000-0000-3844BEBFC910 hw=Espressif USB-Serial-JTAG (38:44:BE:BF:C9:10) capif=/dev/ttyACM1 reason=
stopped
### python log
1790663235.361 09:27:15 INFO: esp32c5-ttyACM1: connected, offering it to Kismet as E5C50001-0000-0000-0000-3844BEBFC910
1790663235.363 09:27:15 INFO: esp32c5-ttyACM1: opening /dev/ttyACM1 for wifi
1790663235.369 09:27:15 INFO: /dev/ttyACM1 opened
1790663236.266 09:27:16 INFO: /dev/ttyACM1 capturing
1790663237.100 09:27:17 INFO: stopping
1790663237.186 09:27:17 INFO: esp32c5-ttyACM1: connection ended: stopped
1790663237.246 PY_EXIT=0
### locks at end
