##### A: one Python process, four sources by by-id path, 600 s
kismet up after 0.36 s pid 342463 home /tmp/py/p10a
t+100 python cpu 3.6% rss 24412 kB threads 17 | kismet cpu 8.9% rss 32296 kB | load 0.08 0.10 0.10
t+200 python cpu 4.7% rss 24496 kB threads 17 | kismet cpu 8.2% rss 32884 kB | load 0.01 0.07 0.09
t+300 python cpu 4.6% rss 24524 kB threads 17 | kismet cpu 9.9% rss 33464 kB | load 0.02 0.06 0.08
t+400 python cpu 2.3% rss 24556 kB threads 17 | kismet cpu 7.7% rss 33948 kB | load 0.10 0.08 0.09
t+500 python cpu 3.5% rss 24612 kB threads 17 | kismet cpu 9.7% rss 34516 kB | load 0.08 0.08 0.09
t+600 python cpu 5.0% rss 24660 kB threads 17 | kismet cpu 6.3% rss 35016 kB | load 0.19 0.10 0.09
  pb3                                           samples 600 not-running 0 error 0 packets 9 -> 8588 error_packets 0
  pw0                                           samples 600 not-running 0 error 0 packets 4 -> 16999 error_packets 0
  pw1                                           samples 600 not-running 0 error 0 packets 7 -> 16601 error_packets 0
  pz2                                           samples 600 not-running 0 error 0 packets 0 -> 0 error_packets 0
{"BTLE": 19, "IEEE802.11": 110}
helper log lines other than the normal start: 0
sync/damage lines: 0
1790665711.594 INFO: Sources will be re-opened if they encounter an error
1790666320.695 WARNING: Kismet changes the configuration of network devices.
##### B: mix -- C local Wi-Fi ttyACM0 and btle ttyACM3, Python remote Wi-Fi ttyACM1 and zigbee ttyACM2, 180 s
kismet up after 0.41 s pid 352880 home /tmp/py/p10b
  esp32c5-ttyACM0                               samples 180 not-running 0 error 0 packets 0 -> 4839 error_packets 0
  esp32c5-ttyACM1                               samples 180 not-running 0 error 0 packets 85 -> 5288 error_packets 0
  esp32c5btle-ttyACM3                           samples 180 not-running 0 error 0 packets 8 -> 2688 error_packets 0
  esp32c5zigbee-ttyACM2                         samples 180 not-running 0 error 0 packets 0 -> 0 error_packets 0
esp32c5-ttyACM0              run=1 err=0 rem=0 pkts=4928    ch=6    hop=1 rate=5 off=21 nch=42 pid=352941 uuid=E5C50001-0000-0000-0000-10BDA3CF0540 hw
esp32c5btle-ttyACM3          run=1 err=0 rem=0 pkts=2699    ch=37   hop=1 rate=5 off=0 nch=1 pid=352968 uuid=E5C50003-0000-0000-0000-10BDA3C87D54 hw=E
esp32c5-ttyACM1              run=1 err=0 rem=1 pkts=5290    ch=6    hop=1 rate=5 off=0 nch=42 pid=0 uuid=E5C50001-0000-0000-0000-3844BEBFC910 hw=Espre
esp32c5zigbee-ttyACM2        run=1 err=0 rem=1 pkts=0       ch=15   hop=1 rate=5 off=0 nch=16 pid=0 uuid=E5C50002-0000-0000-0000-3844BEBFD80C hw=Espre
{"BTLE": 12, "IEEE802.11": 84}
1790666322.224 INFO: Splitting channels for interfaces using 'esp32c5' among 2 interfaces
1790666322.988 INFO: esp32c5btle-ttyACM3 capturing (btle)
1790666323.149 INFO: esp32c5zigbee-ttyACM2 - /dev/ttyACM2 capturing
1790666323.225 INFO: esp32c5-ttyACM0 capturing (wifi)
1790666323.247 INFO: esp32c5-ttyACM1 - /dev/ttyACM1 capturing
