1790665711.292 INFO: Including sub-config file: /home/osh/kismet-install/etc/kismet_httpd.conf
1790665711.292 INFO: Including sub-config file: /home/osh/kismet-install/etc/kismet_memory.conf
1790665711.292 INFO: Including sub-config file: /home/osh/kismet-install/etc/kismet_alerts.conf
1790665711.292 INFO: Including sub-config file: /home/osh/kismet-install/etc/kismet_80211.conf
1790665711.292 INFO: Including sub-config file: /home/osh/kismet-install/etc/kismet_logging.conf
1790665711.292 INFO: Including sub-config file: /home/osh/kismet-install/etc/kismet_filter.conf
1790665711.292 INFO: Including sub-config file: /home/osh/kismet-install/etc/kismet_uav.conf
1790665711.292 INFO: Loading config override file '/home/osh/kismet-install/etc/kismet_package.conf'
1790665711.292 INFO: Optional sub-config file not present: /home/osh/kismet-install/etc/kismet_package.conf
1790665711.292 INFO: Loading config override file '/home/osh/kismet-install/etc/kismet_site.conf'
1790665711.292 INFO: Optional sub-config file not present: /home/osh/kismet-install/etc/kismet_site.conf
1790665711.292 INFO: Generated server UUID 93D39304-BBD4-11F1-A1E2-4B49534D4554 and storing in /tmp/py/p10a/.kismet//kismet_server_id.conf
1790665711.292 INFO: Setting server UUID 93D39304-BBD4-11F1-A1E2-4B49534D4554
1790665711.292 INFO: Starting Beast webserver on 0.0.0.0:2501
1790665711.292 INFO: Opened OUI file '/home/osh/kismet-install/share/kismet/kismet_manuf.txt.gz
1790665711.292 INFO: Indexing manufacturer db
1790665711.295 INFO: Completed indexing manufacturer db, 38959 lines and 780 indexes.
1790665711.301 INFO: Saving devices to the Kismet database log every 30 seconds
1790665711.306 INFO: Using default rates of 10/min, 1/sec for alert 'DEVICEFOUND'
1790665711.306 INFO: Using default rates of 10/min, 1/sec for alert 'DEVICELOST'
1790665711.306 INFO: Registering support for DLT_PPI packet header decoding
1790665711.306 INFO: Registering support for DLT_RADIOTAP packet header decoding
1790665711.306 INFO: Registering support for DLT_BTLE_RADIO packet header decoding
1790665711.310 INFO: Using default rates of 10/min, 1/sec for alert 'BADFIXLENIE'
1790665711.310 INFO: PHY80211 will only process AP signal levels from beacons
1790665711.310 INFO: Allowing Kismet clients to view WEP keys
1790665711.311 DEBUG: ssid canary FooCanary:ssid="FoobarCanary"
1790665711.311 DEBUG: ssid canary FooCanart2:ssid="(?i:foobarcanary)"
1790665711.311 INFO: Keeping EAPOL packets in memory for easy download and WIDS functionality; this can use more RAM.
1790665711.313 INFO: Registered PHY handler 'IEEE802.11' as ID 0
1790665711.315 INFO: Registered PHY handler 'RFSENSOR' as ID 1
1790665711.316 INFO: Registered PHY handler 'Z-Wave' as ID 2
1790665711.317 INFO: Registered PHY handler 'Bluetooth' as ID 3
1790665711.317 DEBUG: reserve_fields home id 538 app id 539
1790665711.320 INFO: Registered PHY handler 'UAV' as ID 4
1790665711.321 INFO: Registered PHY handler 'NrfMousejack' as ID 5
1790665711.321 ERROR: Tried to re-register duplicate alert FLIPPERZERO
1790665711.322 INFO: Registered PHY handler 'BTLE' as ID 6
1790665711.323 INFO: Registered PHY handler 'METER' as ID 7
1790665711.323 INFO: Indexing ADSB ICAO db
1790665711.583 INFO: Completed indexing ADSB ICAO db, 341068 lines 6822 indexes
1790665711.585 INFO: Registered PHY handler 'ADSB' as ID 8
1790665711.586 INFO: Registered PHY handler '802.15.4' as ID 9
1790665711.587 INFO: Registered PHY handler 'RADIATION' as ID 10
1790665711.593 INFO: (HTTPD) Could not read session data file, skipping loading saved sessions.
1790665711.593 INFO: Serving static file content from /home/osh/kismet-install/share/kismet/httpd/
1790665711.594 INFO: Enabling channel hopping by default on sources which support channel control.
1790665711.594 INFO: Setting default channel hop rate to 5/sec
1790665711.594 INFO: Enabling channel list splitting on sources which share the same list of channels
1790665711.594 INFO: Enabling channel list shuffling to optimize overlaps
1790665711.594 INFO: Sources will be re-opened if they encounter an error
1790665711.594 INFO: Saving datasources to the Kismet database log every 30 seconds
1790665711.594 INFO: Launching remote capture server on 127.0.0.1 3501
1790665711.597 INFO: No data sources defined; Kismet will not capture anything until a source is added.
1790665711.599 ALERT: LOGDISABLED Logging has been disabled via the Kismet config files or the command line.  Pcap, database, and related logs will not be saved.
1790665711.599 INFO: Logging disabled, not enabling any log drivers.
1790665711.599 INFO: GPS track will be logged to the Kismet logfile
1790665711.600 INFO: Starting Kismet web server...
1790665711.600 INFO: HTTP server listening on 0.0.0.0:2501
1790665711.602 INFO: Could not open system plugin directory (/home/osh/kismet-install/lib/kismet/), skipping: No such file or directory
1790665711.602 INFO: Did not find a user plugin directory (/tmp/py/p10a/.kismet//plugins/), skipping: No such file or directory
1790665712.014 INFO: pw0 - /dev/serial/by-id/usb-Espressif_USB_JTAG_serial_debug_unit_10:BD:A3:CF:05:40-if00 opened
1790665712.017 INFO: New remote source pw0 (E5C50001-0000-0000-0000-10BDA3CF0540) connected
1790665712.017 INFO: pz2 - /dev/serial/by-id/usb-Espressif_USB_JTAG_serial_debug_unit_38:44:BE:BF:D8:0C-if00 opened
1790665712.018 INFO: New remote source pz2 (E5C50002-0000-0000-0000-3844BEBFD80C) connected
1790665712.028 INFO: New remote source pw1 (E5C50001-0000-0000-0000-3844BEBFC910) connected
1790665712.029 INFO: Splitting channels for interfaces using 'esp32c5' among 2 interfaces
1790665712.030 INFO: New remote source pb3 (E5C50003-0000-0000-0000-10BDA3C87D54) connected
1790665712.032 INFO: pw1 - /dev/serial/by-id/usb-Espressif_USB_JTAG_serial_debug_unit_38:44:BE:BF:C9:10-if00 opened
1790665712.032 INFO: pb3 - /dev/serial/by-id/usb-Espressif_USB_JTAG_serial_debug_unit_10:BD:A3:C8:7D:54-if00 opened
1790665712.913 INFO: pw0 - /dev/serial/by-id/usb-Espressif_USB_JTAG_serial_debug_unit_10:BD:A3:CF:05:40-if00 capturing
1790665713.040 INFO: pw1 - /dev/serial/by-id/usb-Espressif_USB_JTAG_serial_debug_unit_38:44:BE:BF:C9:10-if00 capturing
1790665713.168 INFO: pz2 - /dev/serial/by-id/usb-Espressif_USB_JTAG_serial_debug_unit_38:44:BE:BF:D8:0C-if00 capturing
1790665713.175 INFO: pb3 - /dev/serial/by-id/usb-Espressif_USB_JTAG_serial_debug_unit_10:BD:A3:C8:7D:54-if00 capturing
1790665713.228 INFO: Detected new BTLE device 11:A9:7B:00:92:30
1790665713.309 INFO: Detected new BTLE device 75:97:00:9C:73:66
1790665713.620 INFO: Detected new 802.11 Wi-Fi device A8:DB:03:42:DE:68
1790665713.765 INFO: Detected new 802.11 Wi-Fi access point 26:39:F1:AB:05:B2
1790665713.765 INFO: 802.11 Wi-Fi device 26:39:F1:AB:05:B2 advertising new SSID 'osvc-2'
1790665713.855 INFO: Detected new 802.11 Wi-Fi access point 46:AE:30:84:34:B6
1790665713.859 INFO: 802.11 Wi-Fi device 46:AE:30:84:34:B6 advertising a new cloaked SSID
1790665713.971 INFO: Detected new 802.11 Wi-Fi device 46:AE:30:84:5A:16
1790665713.971 INFO: Detected new 802.11 Wi-Fi device 40:AE:30:84:5A:14
1790665714.329 INFO: Detected new 802.11 Wi-Fi device 42:A2:BA:65:29:F3
1790665714.329 INFO: Detected new 802.11 Wi-Fi device 4C:2E:5E:D5:FE:E9
1790665714.329 INFO: Detected new 802.11 Wi-Fi device 94:83:C4:25:9E:39
1790665714.336 INFO: Detected new BTLE device F4:DD:06:5E:7E:19
1790665714.483 INFO: Detected new BTLE device 48:9E:9D:9E:42:7C tcl_AC_t*ap_szkt
1790665714.504 INFO: Detected new 802.11 Wi-Fi access point 00:B8:C2:B2:AE:57
1790665714.504 INFO: 802.11 Wi-Fi device 00:B8:C2:B2:AE:57 advertising new SSID 'Mor'
1790665714.859 INFO: Detected new 802.11 Wi-Fi access point 40:AE:30:84:36:22
1790665714.859 INFO: 802.11 Wi-Fi device 40:AE:30:84:36:22 advertising new SSID 'cohen42'
1790665714.910 INFO: Detected new 802.11 Wi-Fi access point 46:AE:30:84:36:22
1790665714.910 INFO: 802.11 Wi-Fi device 46:AE:30:84:36:22 advertising a new cloaked SSID
1790665714.913 INFO: Detected new 802.11 Wi-Fi access point 40:AE:30:84:5A:16
1790665714.913 INFO: 802.11 Wi-Fi device 40:AE:30:84:5A:16 advertising new SSID 'cohen42'
1790665714.929 INFO: Detected new 802.11 Wi-Fi access point 40:AE:30:84:34:B6
1790665714.929 INFO: 802.11 Wi-Fi device 40:AE:30:84:34:B6 advertising new SSID 'cohen42'
1790665715.002 INFO: Detected new 802.11 Wi-Fi device B0:1F:47:17:AF:4A
1790665715.250 INFO: Detected new 802.11 Wi-Fi device E4:5F:01:49:99:3F
1790665716.317 INFO: Detected new 802.11 Wi-Fi device 40:AE:30:84:5A:17
1790665716.317 INFO: Detected new 802.11 Wi-Fi device DE:85:21:5C:A3:AE
1790665716.396 INFO: Detected new 802.11 Wi-Fi device D2:D8:A4:DB:5E:A5
1790665716.396 INFO: Detected new 802.11 Wi-Fi device 60:3D:26:DA:AF:7D
1790665716.397 INFO: Detected new 802.11 Wi-Fi device D2:D8:A4:DB:5E:A6
1790665716.402 INFO: Detected new 802.11 Wi-Fi device 98:93:CC:AB:AD:67
1790665716.408 INFO: Detected new 802.11 Wi-Fi device F8:3B:1D:4C:A8:77
1790665717.946 INFO: Detected new 802.11 Wi-Fi device FC:F5:C4:BE:0B:A5
1790665719.673 INFO: Detected new 802.11 Wi-Fi access point CA:C9:A3:4D:96:E7
1790665719.678 INFO: 802.11 Wi-Fi device CA:C9:A3:4D:96:E7 advertising new SSID 'ESP-4D96E7'
1790665720.084 INFO: 802.11 Wi-Fi device 46:AE:30:84:5A:16 advertising a new cloaked SSID
1790665720.154 INFO: Detected new 802.11 Wi-Fi device DC:07:F8:9F:12:D8
1790665720.684 INFO: Detected new 802.11 Wi-Fi device 58:FC:20:1B:D9:D0
1790665720.685 INFO: Detected new 802.11 Wi-Fi device 58:FC:20:1B:D9:CF
1790665720.768 INFO: 802.11 Wi-Fi device 58:FC:20:1B:D9:D0 advertising new SSID 'Sivan'
1790665720.807 INFO: Detected new 802.11 Wi-Fi device 00:B8:C2:B2:AE:4E
1790665722.759 INFO: Detected new 802.11 Wi-Fi device D2:62:E6:3C:F3:CD
1790665724.695 INFO: Detected new 802.11 Wi-Fi device 70:F7:54:55:CB:00
1790665724.695 INFO: Detected new 802.11 Wi-Fi device 00:B8:C2:B2:AE:58
1790665726.353 INFO: Detected new 802.11 Wi-Fi device 04:03:12:C0:A2:98
1790665727.922 INFO: Detected new BTLE device 45:38:66:7D:0B:38
1790665728.120 INFO: Detected new 802.11 Wi-Fi device A8:42:A1:B2:27:77
1790665728.120 INFO: Detected new 802.11 Wi-Fi device D4:E8:53:00:37:6A
1790665729.112 INFO: Detected new 802.11 Wi-Fi access point FA:8F:CA:6C:D1:65
1790665729.116 INFO: 802.11 Wi-Fi device FA:8F:CA:6C:D1:65 advertising new SSID 'JBL Bar 5.1_0891.l025'
1790665729.283 INFO: Detected new 802.11 Wi-Fi device 50:8A:06:DA:21:90
1790665729.645 INFO: 802.11 Wi-Fi device 40:AE:30:84:5A:16 advertising new SSID 'cohen42'
1790665729.648 INFO: 802.11 Wi-Fi device 40:AE:30:84:34:B6 advertising new SSID 'cohen42'
1790665733.182 INFO: 802.11 Wi-Fi device D2:D8:A4:DB:5E:A6 advertising a new cloaked SSID
1790665736.961 INFO: Detected new 802.11 Wi-Fi device A8:5B:B7:47:08:0F
1790665737.035 INFO: Detected new 802.11 Wi-Fi device 04:03:12:27:F2:76
1790665737.659 INFO: Detected new 802.11 Wi-Fi device 24:9E:7D:38:9F:74
1790665738.036 INFO: Detected new 802.11 Wi-Fi device 08:54:11:00:55:F2
1790665738.880 INFO: Detected new 802.11 Wi-Fi device EE:E6:9F:46:A6:12
1790665739.622 INFO: 802.11 Wi-Fi device 42:A2:BA:65:29:F3 advertising new SSID 'osvc-52'
1790665740.121 INFO: 802.11 Wi-Fi device 26:39:F1:AB:05:B2 advertising new SSID 'osvc-2'
1790665740.353 INFO: Detected new BTLE device 72:06:17:1C:35:4D
1790665747.670 INFO: Detected new 802.11 Wi-Fi device 20:15:DE:A1:04:FB
1790665755.161 INFO: Detected new BTLE device 73:9D:05:38:6F:C3
1790665758.468 INFO: 802.11 Wi-Fi device D2:D8:A4:DB:5E:A5 advertising new SSID 'Dayan'
1790665758.842 INFO: Detected new 802.11 Wi-Fi device 9C:95:61:17:8E:1C
1790665759.235 INFO: Detected new BTLE device E3:DE:B8:DB:F1:F2
1790665760.109 INFO: Detected new BTLE device 61:BD:49:93:66:3C
1790665760.130 INFO: Detected new BTLE device DA:C3:11:15:7A:74
1790665762.242 INFO: Detected new 802.11 Wi-Fi device 90:15:06:35:4F:84
1790665766.706 INFO: Detected new 802.11 Wi-Fi access point D0:CF:0E:85:DC:54
1790665766.706 INFO: 802.11 Wi-Fi device D0:CF:0E:85:DC:54 advertising new SSID 'Kobi'
1790665773.018 INFO: Detected new 802.11 Wi-Fi device CC:27:46:EB:0E:B5
1790665773.572 INFO: 802.11 Wi-Fi device 00:B8:C2:B2:AE:57 advertising new SSID 'Mor'
1790665773.572 INFO: Detected new 802.11 Wi-Fi device FA:50:AF:58:56:C3
1790665779.761 INFO: Detected new 802.11 Wi-Fi device 36:D1:92:DC:B7:AA
1790665780.254 INFO: 802.11 Wi-Fi device 40:AE:30:84:36:22 advertising new SSID 'cohen42'
1790665780.262 INFO: Detected new 802.11 Wi-Fi device 04:03:12:27:F0:66
1790665782.089 INFO: Detected new 802.11 Wi-Fi device B0:1F:47:10:E2:62
1790665788.164 INFO: Detected new 802.11 Wi-Fi device 64:64:4A:BB:59:65
1790665788.164 INFO: Detected new 802.11 Wi-Fi device E4:AA:EC:99:04:53
1790665788.164 INFO: Detected new 802.11 Wi-Fi device B0:BB:E5:7F:F6:E7
1790665799.104 INFO: Detected new 802.11 Wi-Fi device C8:70:23:73:DA:93
1790665799.104 INFO: Detected new 802.11 Wi-Fi device D8:78:7F:14:D0:6F
1790665804.998 INFO: Detected new 802.11 Wi-Fi device 4A:78:9B:A3:A7:D6
1790665806.655 INFO: Detected new 802.11 Wi-Fi device 1C:4D:89:65:18:2A
1790665810.420 INFO: Detected new BTLE device 46:92:C0:B2:62:26
1790665813.539 INFO: 802.11 Wi-Fi device 58:FC:20:1B:D9:D0 advertising new SSID 'Sivan'
1790665817.507 INFO: Detected new 802.11 Wi-Fi device D8:D8:E5:CC:28:6B
1790665821.526 INFO: Detected new BTLE device C0:73:3B:01:F5:59
1790665834.776 INFO: Detected new 802.11 Wi-Fi device 78:DF:72:44:14:1D
1790665851.820 INFO: Detected new 802.11 Wi-Fi device 2C:E0:32:9D:BF:C5
1790665855.733 INFO: Detected new 802.11 Wi-Fi device 20:50:E7:2A:0F:76
1790665864.032 INFO: 802.11 Wi-Fi device CA:C9:A3:4D:96:E7 advertising new SSID 'ESP-4D96E7'
1790665864.039 INFO: 802.11 Wi-Fi device FA:8F:CA:6C:D1:65 advertising new SSID 'JBL Bar 5.1_0891.l025'
1790665872.443 INFO: Detected new 802.11 Wi-Fi device 0E:0F:C0:17:44:67
1790665885.056 INFO: Detected new 802.11 Wi-Fi device 50:8A:06:B4:2F:49
1790665890.945 INFO: Detected new 802.11 Wi-Fi device 0E:39:41:E5:0B:4E
1790665896.790 INFO: Detected new 802.11 Wi-Fi device 62:D5:ED:42:0F:E1
1790665896.790 INFO: Detected new 802.11 Wi-Fi device D4:9C:DD:6E:24:2A
1790665905.547 INFO: Detected new BTLE device 2D:B6:5E:5B:9A:AE
1790665908.852 INFO: Detected new BTLE device F4:F9:B9:17:B8:0B
1790665921.246 INFO: Detected new BTLE device 6D:5E:BF:0E:12:C4
1790665928.570 INFO: Detected new 802.11 Wi-Fi access point 80:AF:CA:75:C2:23
1790665928.570 INFO: 802.11 Wi-Fi device 80:AF:CA:75:C2:23 advertising new SSID 'Cudy-C223'
1790665933.641 INFO: Detected new 802.11 Wi-Fi device B0:1F:47:0D:E9:B8
1790665933.738 INFO: Detected new 802.11 Wi-Fi device B0:1F:47:0D:E9:B9
1790665942.458 INFO: Detected new 802.11 Wi-Fi device 0E:A3:2B:20:71:3C
1790665945.370 INFO: Detected new 802.11 Wi-Fi access point 82:AF:CA:25:C2:23
1790665945.372 INFO: 802.11 Wi-Fi device 82:AF:CA:25:C2:23 advertising a new cloaked SSID
1790665956.006 INFO: Detected new 802.11 Wi-Fi device 60:D8:A4:DB:B2:8A
1790665965.216 INFO: Detected new 802.11 Wi-Fi device 6E:C1:0C:4D:EE:28
1790665973.048 INFO: Detected new 802.11 Wi-Fi device 04:03:12:C0:A3:85
1790665975.819 INFO: 802.11 Wi-Fi device B0:1F:47:0D:E9:B9 advertising new SSID 'Mor'
1790665998.338 INFO: Detected new 802.11 Wi-Fi device B0:4A:39:03:87:62
1790666007.424 INFO: Detected new 802.11 Wi-Fi device B4:61:E9:05:A3:BE
1790666008.985 INFO: Detected new 802.11 Wi-Fi device 68:25:DD:58:F4:9B
1790666021.161 INFO: 802.11 Wi-Fi device 80:AF:CA:75:C2:23 advertising new SSID 'Cudy-C223'
1790666021.161 INFO: Detected new 802.11 Wi-Fi device 2C:E0:32:D1:17:B1
1790666083.317 INFO: Detected new 802.11 Wi-Fi device 78:DF:72:D3:BB:92
1790666095.751 INFO: Detected new 802.11 Wi-Fi device D8:D8:E5:C7:AA:0B
1790666099.494 INFO: Detected new 802.11 Wi-Fi device 28:C7:09:5E:C8:D6
1790666100.398 INFO: Detected new 802.11 Wi-Fi device 04:03:12:C0:A3:70
1790666102.767 INFO: Detected new 802.11 Wi-Fi device E0:D3:62:78:53:AC
1790666102.770 INFO: Detected new 802.11 Wi-Fi device 00:AE:F7:44:8D:F4
1790666102.770 INFO: Detected new 802.11 Wi-Fi device E0:D3:62:78:53:AA
1790666104.765 INFO: Detected new BTLE device C9:72:55:A2:C2:37
1790666110.717 INFO: Detected new 802.11 Wi-Fi device 62:07:BB:53:85:7C
1790666110.801 INFO: Detected new 802.11 Wi-Fi device 04:7E:4A:3C:78:E3
1790666112.572 INFO: Detected new 802.11 Wi-Fi device 60:D8:A4:DB:9E:9B
1790666116.992 INFO: Detected new 802.11 Wi-Fi device 3C:33:00:3C:D9:72
1790666124.424 INFO: Detected new 802.11 Wi-Fi device 8A:D8:E5:C7:6A:15
1790666124.444 INFO: Detected new 802.11 Wi-Fi device 8A:D8:E5:C7:6A:16
1790666124.465 INFO: Detected new 802.11 Wi-Fi device DA:D8:E5:C7:6A:14
1790666133.897 INFO: Detected new 802.11 Wi-Fi device C0:C9:E3:E5:BF:6E
1790666133.897 INFO: Detected new 802.11 Wi-Fi device 40:AC:BF:1B:33:91
1790666137.551 INFO: 802.11 Wi-Fi device D0:CF:0E:85:DC:54 advertising new SSID 'Kobi'
1790666146.105 INFO: Detected new 802.11 Wi-Fi device D0:CF:0E:85:DC:57
1790666149.551 INFO: Detected new 802.11 Wi-Fi device DA:D8:E5:C7:6A:0C
1790666162.948 INFO: Detected new 802.11 Wi-Fi device 1C:1E:E3:61:BE:7D
1790666172.881 INFO: Detected new 802.11 Wi-Fi device D8:D8:E5:B0:E8:E6
1790666178.860 INFO: 802.11 Wi-Fi device 42:A2:BA:65:29:F3 advertising new SSID 'osvc-52'
1790666178.868 INFO: Detected new 802.11 Wi-Fi device 38:8A:06:37:8E:2A
1790666200.130 INFO: 802.11 Wi-Fi device 8A:D8:E5:C7:6A:15 advertising a new cloaked SSID
1790666201.902 INFO: Detected new 802.11 Wi-Fi device 38:E1:F4:E7:5F:35
1790666201.902 INFO: Detected new 802.11 Wi-Fi device 80:64:7C:98:79:B0
1790666201.902 INFO: Detected new 802.11 Wi-Fi device 38:E1:F4:E7:5F:32
1790666238.279 INFO: Detected new BTLE device 76:35:81:7B:25:49
1790666251.252 INFO: Detected new BTLE device F4:71:EA:CF:BB:7D
1790666259.140 INFO: Detected new 802.11 Wi-Fi device 5E:11:A0:1B:7F:82
1790666261.702 INFO: Detected new 802.11 Wi-Fi device AC:1C:26:64:4C:C3
1790666262.682 INFO: Detected new 802.11 Wi-Fi device A6:9F:76:6D:54:67
1790666271.034 INFO: 802.11 Wi-Fi device C8:70:23:73:DA:93 advertising new SSID 'cohen'
1790666278.575 INFO: Detected new 802.11 Wi-Fi device D8:78:7F:14:D0:70
1790666291.026 INFO: Detected new BTLE device 47:C9:E4:7D:C4:2C
1790666297.750 INFO: Detected new 802.11 Wi-Fi access point 30:E1:71:F0:62:A4
1790666297.751 INFO: 802.11 Wi-Fi device 30:E1:71:F0:62:A4 advertising new SSID 'DIRECT-A3-HP DeskJet 4670 series'
1790666297.751 INFO: Detected new 802.11 Wi-Fi device 84:7A:B6:7D:81:F8
1790666300.592 INFO: Detected new 802.11 Wi-Fi device 40:AE:30:84:34:B4
1790666301.336 INFO: Detected new 802.11 Wi-Fi access point 8A:F8:CC:EE:87:D2
1790666318.201 ERROR: Data source 'pw0 / esp32c5:device=/dev/serial/by-id/usb-Espressif_USB_JTAG_serial_debug_unit_10:BD:A3:CF:05:40-if00,mode=wifi,name=pw0' ('esp32c5') encountered an error: websocket connection closed
1790666318.202 ERROR: Data source 'pw1 / esp32c5:device=/dev/serial/by-id/usb-Espressif_USB_JTAG_serial_debug_unit_38:44:BE:BF:C9:10-if00,mode=wifi,name=pw1' ('esp32c5') encountered an error: websocket connection closed
1790666318.204 ERROR: Data source 'pb3 / esp32c5:device=/dev/serial/by-id/usb-Espressif_USB_JTAG_serial_debug_unit_10:BD:A3:C8:7D:54-if00,mode=btle,name=pb3' ('esp32c5') encountered an error: websocket connection closed
1790666318.213 ERROR: Data source 'pz2 / esp32c5:device=/dev/serial/by-id/usb-Espressif_USB_JTAG_serial_debug_unit_38:44:BE:BF:D8:0C-if00,mode=zigbee,name=pz2' ('esp32c5') encountered an error: websocket connection closed
1790666320.695 
1790666320.695 *** KISMET IS SHUTTING DOWN ***
1790666320.695 Shutting down plugins...
1790666320.695 WARNING: Kismet changes the configuration of network devices.
1790666320.695          In most cases you will need to restart networking for
1790666320.695          your interface (varies per distribution and OS), but 
1790666320.695          typically one of:
1790666320.695          sudo service networking restart
1790666320.695          sudo /etc/init.d/networking restart
1790666320.695          or
1790666320.695          nmcli device set [device] managed true
1790666320.695 
1790666320.695 Kismet exiting.
1790666320.696 EXITING: Signal service thread complete.
1790666320.703 KISMET_EXIT=0
