1790665711.998 10:08:31 INFO: esp32c5:device=/dev/serial/by-id/usb-Espressif_USB_JTAG_serial_debug_unit_38:44:BE:BF:D8:0C-if00,mode=zigbee,name=pz2: connected, offering it to Kismet as E5C50002-0000-0000-0000-3844BEBFD80C
1790665712.000 10:08:31 INFO: esp32c5:device=/dev/serial/by-id/usb-Espressif_USB_JTAG_serial_debug_unit_10:BD:A3:CF:05:40-if00,mode=wifi,name=pw0: connected, offering it to Kismet as E5C50001-0000-0000-0000-10BDA3CF0540
1790665712.001 10:08:32 INFO: esp32c5:device=/dev/serial/by-id/usb-Espressif_USB_JTAG_serial_debug_unit_38:44:BE:BF:D8:0C-if00,mode=zigbee,name=pz2: opening /dev/serial/by-id/usb-Espressif_USB_JTAG_serial_debug_unit_38:44:BE:BF:D8:0C-if00 for zigbee
1790665712.003 10:08:32 INFO: esp32c5:device=/dev/serial/by-id/usb-Espressif_USB_JTAG_serial_debug_unit_10:BD:A3:CF:05:40-if00,mode=wifi,name=pw0: opening /dev/serial/by-id/usb-Espressif_USB_JTAG_serial_debug_unit_10:BD:A3:CF:05:40-if00 for wifi
1790665712.006 10:08:32 INFO: esp32c5:device=/dev/serial/by-id/usb-Espressif_USB_JTAG_serial_debug_unit_38:44:BE:BF:C9:10-if00,mode=wifi,name=pw1: connected, offering it to Kismet as E5C50001-0000-0000-0000-3844BEBFC910
1790665712.008 10:08:32 INFO: esp32c5:device=/dev/serial/by-id/usb-Espressif_USB_JTAG_serial_debug_unit_38:44:BE:BF:C9:10-if00,mode=wifi,name=pw1: opening /dev/serial/by-id/usb-Espressif_USB_JTAG_serial_debug_unit_38:44:BE:BF:C9:10-if00 for wifi
1790665712.010 10:08:32 INFO: esp32c5:device=/dev/serial/by-id/usb-Espressif_USB_JTAG_serial_debug_unit_10:BD:A3:C8:7D:54-if00,mode=btle,name=pb3: connected, offering it to Kismet as E5C50003-0000-0000-0000-10BDA3C87D54
1790665712.012 10:08:32 INFO: esp32c5:device=/dev/serial/by-id/usb-Espressif_USB_JTAG_serial_debug_unit_10:BD:A3:C8:7D:54-if00,mode=btle,name=pb3: opening /dev/serial/by-id/usb-Espressif_USB_JTAG_serial_debug_unit_10:BD:A3:C8:7D:54-if00 for btle
1790665712.014 10:08:32 INFO: /dev/serial/by-id/usb-Espressif_USB_JTAG_serial_debug_unit_10:BD:A3:CF:05:40-if00 opened
1790665712.017 10:08:32 INFO: /dev/serial/by-id/usb-Espressif_USB_JTAG_serial_debug_unit_38:44:BE:BF:D8:0C-if00 opened
1790665712.026 10:08:32 INFO: /dev/serial/by-id/usb-Espressif_USB_JTAG_serial_debug_unit_38:44:BE:BF:C9:10-if00 opened
1790665712.027 10:08:32 INFO: /dev/serial/by-id/usb-Espressif_USB_JTAG_serial_debug_unit_10:BD:A3:C8:7D:54-if00 opened
1790665712.913 10:08:32 INFO: /dev/serial/by-id/usb-Espressif_USB_JTAG_serial_debug_unit_10:BD:A3:CF:05:40-if00 capturing
1790665713.040 10:08:33 INFO: /dev/serial/by-id/usb-Espressif_USB_JTAG_serial_debug_unit_38:44:BE:BF:C9:10-if00 capturing
1790665713.155 10:08:33 INFO: /dev/serial/by-id/usb-Espressif_USB_JTAG_serial_debug_unit_38:44:BE:BF:D8:0C-if00 capturing
1790665713.168 10:08:33 INFO: /dev/serial/by-id/usb-Espressif_USB_JTAG_serial_debug_unit_10:BD:A3:C8:7D:54-if00 capturing
1790666318.169 10:18:38 INFO: stopping
1790666318.202 10:18:38 INFO: esp32c5:device=/dev/serial/by-id/usb-Espressif_USB_JTAG_serial_debug_unit_10:BD:A3:CF:05:40-if00,mode=wifi,name=pw0: connection ended: stopped
1790666318.202 10:18:38 INFO: esp32c5:device=/dev/serial/by-id/usb-Espressif_USB_JTAG_serial_debug_unit_38:44:BE:BF:C9:10-if00,mode=wifi,name=pw1: connection ended: stopped
1790666318.204 10:18:38 INFO: esp32c5:device=/dev/serial/by-id/usb-Espressif_USB_JTAG_serial_debug_unit_10:BD:A3:C8:7D:54-if00,mode=btle,name=pb3: connection ended: stopped
1790666318.213 10:18:38 INFO: esp32c5:device=/dev/serial/by-id/usb-Espressif_USB_JTAG_serial_debug_unit_38:44:BE:BF:D8:0C-if00,mode=zigbee,name=pz2: connection ended: stopped
1790666318.275 PY_EXIT=0
