1790666529.902 INFO: Including sub-config file: /home/osh/kismet-install/etc/kismet_httpd.conf
1790666529.902 INFO: Including sub-config file: /home/osh/kismet-install/etc/kismet_memory.conf
1790666529.902 INFO: Including sub-config file: /home/osh/kismet-install/etc/kismet_alerts.conf
1790666529.902 INFO: Including sub-config file: /home/osh/kismet-install/etc/kismet_80211.conf
1790666529.902 INFO: Including sub-config file: /home/osh/kismet-install/etc/kismet_logging.conf
1790666529.902 INFO: Including sub-config file: /home/osh/kismet-install/etc/kismet_filter.conf
1790666529.902 INFO: Including sub-config file: /home/osh/kismet-install/etc/kismet_uav.conf
1790666529.902 INFO: Loading config override file '/home/osh/kismet-install/etc/kismet_package.conf'
1790666529.902 INFO: Optional sub-config file not present: /home/osh/kismet-install/etc/kismet_package.conf
1790666529.902 INFO: Loading config override file '/home/osh/kismet-install/etc/kismet_site.conf'
1790666529.902 INFO: Optional sub-config file not present: /home/osh/kismet-install/etc/kismet_site.conf
1790666529.902 INFO: Generated server UUID 7BC18B48-BBD6-11F1-B9BF-4B49534D4554 and storing in /tmp/py/p12/.kismet//kismet_server_id.conf
1790666529.902 INFO: Setting server UUID 7BC18B48-BBD6-11F1-B9BF-4B49534D4554
1790666529.902 INFO: Starting Beast webserver on 0.0.0.0:2501
1790666529.902 INFO: Opened OUI file '/home/osh/kismet-install/share/kismet/kismet_manuf.txt.gz
1790666529.902 INFO: Indexing manufacturer db
1790666529.904 INFO: Completed indexing manufacturer db, 38959 lines and 780 indexes.
1790666529.910 INFO: Saving devices to the Kismet database log every 30 seconds
1790666529.915 INFO: Using default rates of 10/min, 1/sec for alert 'DEVICEFOUND'
1790666529.915 INFO: Using default rates of 10/min, 1/sec for alert 'DEVICELOST'
1790666529.916 INFO: Registering support for DLT_PPI packet header decoding
1790666529.916 INFO: Registering support for DLT_RADIOTAP packet header decoding
1790666529.916 INFO: Registering support for DLT_BTLE_RADIO packet header decoding
1790666529.919 INFO: Using default rates of 10/min, 1/sec for alert 'BADFIXLENIE'
1790666529.919 INFO: PHY80211 will only process AP signal levels from beacons
1790666529.919 INFO: Allowing Kismet clients to view WEP keys
1790666529.920 DEBUG: ssid canary FooCanary:ssid="FoobarCanary"
1790666529.920 DEBUG: ssid canary FooCanart2:ssid="(?i:foobarcanary)"
1790666529.920 INFO: Keeping EAPOL packets in memory for easy download and WIDS functionality; this can use more RAM.
1790666529.922 INFO: Registered PHY handler 'IEEE802.11' as ID 0
1790666529.924 INFO: Registered PHY handler 'RFSENSOR' as ID 1
1790666529.925 INFO: Registered PHY handler 'Z-Wave' as ID 2
1790666529.926 INFO: Registered PHY handler 'Bluetooth' as ID 3
1790666529.927 DEBUG: reserve_fields home id 538 app id 539
1790666529.929 INFO: Registered PHY handler 'UAV' as ID 4
1790666529.930 INFO: Registered PHY handler 'NrfMousejack' as ID 5
1790666529.930 ERROR: Tried to re-register duplicate alert FLIPPERZERO
1790666529.931 INFO: Registered PHY handler 'BTLE' as ID 6
1790666529.932 INFO: Registered PHY handler 'METER' as ID 7
1790666529.932 INFO: Indexing ADSB ICAO db
1790666530.195 INFO: Completed indexing ADSB ICAO db, 341068 lines 6822 indexes
1790666530.196 INFO: Registered PHY handler 'ADSB' as ID 8
1790666530.197 INFO: Registered PHY handler '802.15.4' as ID 9
1790666530.199 INFO: Registered PHY handler 'RADIATION' as ID 10
1790666530.207 INFO: (HTTPD) Could not read session data file, skipping loading saved sessions.
1790666530.207 INFO: Serving static file content from /home/osh/kismet-install/share/kismet/httpd/
1790666530.207 INFO: Enabling channel hopping by default on sources which support channel control.
1790666530.207 INFO: Setting default channel hop rate to 5/sec
1790666530.207 INFO: Enabling channel list splitting on sources which share the same list of channels
1790666530.207 INFO: Enabling channel list shuffling to optimize overlaps
1790666530.207 INFO: Sources will be re-opened if they encounter an error
1790666530.207 INFO: Saving datasources to the Kismet database log every 30 seconds
1790666530.207 INFO: Launching remote capture server on 127.0.0.1 3501
1790666530.209 INFO: No data sources defined; Kismet will not capture anything until a source is added.
1790666530.210 ALERT: LOGDISABLED Logging has been disabled via the Kismet config files or the command line.  Pcap, database, and related logs will not be saved.
1790666530.210 INFO: Logging disabled, not enabling any log drivers.
1790666530.210 INFO: GPS track will be logged to the Kismet logfile
1790666530.212 INFO: Starting Kismet web server...
1790666530.212 INFO: HTTP server listening on 0.0.0.0:2501
1790666530.214 INFO: Could not open system plugin directory (/home/osh/kismet-install/lib/kismet/), skipping: No such file or directory
1790666530.214 INFO: Did not find a user plugin directory (/tmp/py/p12/.kismet//plugins/), skipping: No such file or directory
1790666530.505 INFO: New remote source esp32c5-ttyACM3 (E5C50001-0000-0000-0000-10BDA3C87D54) connected
1790666530.506 INFO: esp32c5-ttyACM3 - /dev/ttyACM3 opened
1790666531.762 INFO: esp32c5-ttyACM3 - /dev/ttyACM3 capturing
1790666531.851 ERROR: Data source 'esp32c5-ttyACM3 / esp32c5-ttyACM3' ('esp32c5-ttyACM3') encountered an error: websocket connection closed
1790666532.208 INFO: New remote source esp32c5zigbee-ttyACM3 (E5C50002-0000-0000-0000-10BDA3C87D54) connected
1790666532.209 INFO: esp32c5zigbee-ttyACM3 - /dev/ttyACM3 opened
1790666533.436 INFO: esp32c5zigbee-ttyACM3 - /dev/ttyACM3 capturing
1790666533.641 ERROR: Data source 'esp32c5zigbee-ttyACM3 / esp32c5zigbee-ttyACM3' ('esp32c5zigbee-ttyACM3') encountered an error: websocket connection closed
1790666534.049 INFO: Matching new remote source 'esp32c5-ttyACM3' with known source with UUID 'E5C50001-0000-0000-0000-10BDA3C87D54'
1790666534.056 INFO: Remote source esp32c5-ttyACM3 (E5C50001-0000-0000-0000-10BDA3C87D54) reconnected
1790666534.056 INFO: esp32c5-ttyACM3 - /dev/ttyACM3 opened
1790666535.416 INFO: esp32c5-ttyACM3 - /dev/ttyACM3 capturing
1790666535.592 ERROR: Data source 'esp32c5-ttyACM3 / esp32c5-ttyACM3' ('esp32c5-ttyACM3') encountered an error: websocket connection closed
1790666535.988 INFO: New remote source esp32c5btle-ttyACM3 (E5C50003-0000-0000-0000-10BDA3C87D54) connected
1790666535.989 INFO: esp32c5btle-ttyACM3 - /dev/ttyACM3 opened
1790666537.197 INFO: esp32c5btle-ttyACM3 - /dev/ttyACM3 capturing
1790666537.301 ERROR: Data source 'esp32c5btle-ttyACM3 / esp32c5btle-ttyACM3' ('esp32c5btle-ttyACM3') encountered an error: websocket connection closed
1790666537.693 INFO: Matching new remote source 'esp32c5-ttyACM3' with known source with UUID 'E5C50001-0000-0000-0000-10BDA3C87D54'
1790666537.702 INFO: Remote source esp32c5-ttyACM3 (E5C50001-0000-0000-0000-10BDA3C87D54) reconnected
1790666537.702 INFO: esp32c5-ttyACM3 - /dev/ttyACM3 opened
1790666539.005 INFO: esp32c5-ttyACM3 - /dev/ttyACM3 capturing
1790666539.078 ERROR: Data source 'esp32c5-ttyACM3 / esp32c5-ttyACM3' ('esp32c5-ttyACM3') encountered an error: websocket connection closed
1790666539.439 INFO: Matching new remote source 'esp32c5-ttyACM3' with known source with UUID 'E5C50001-0000-0000-0000-10BDA3C87D54'
1790666539.447 INFO: Remote source esp32c5-ttyACM3 (E5C50001-0000-0000-0000-10BDA3C87D54) reconnected
1790666539.448 INFO: esp32c5-ttyACM3 - /dev/ttyACM3 opened
1790666540.256 INFO: esp32c5-ttyACM3 - /dev/ttyACM3 capturing
1790666540.461 ERROR: Data source 'esp32c5-ttyACM3 / esp32c5-ttyACM3' ('esp32c5-ttyACM3') encountered an error: websocket connection closed
1790666540.838 INFO: Matching new remote source 'esp32c5zigbee-ttyACM3' with known source with UUID 'E5C50002-0000-0000-0000-10BDA3C87D54'
1790666540.847 INFO: Remote source esp32c5zigbee-ttyACM3 (E5C50002-0000-0000-0000-10BDA3C87D54) reconnected
1790666540.848 INFO: esp32c5zigbee-ttyACM3 - /dev/ttyACM3 opened
1790666542.184 INFO: esp32c5zigbee-ttyACM3 - /dev/ttyACM3 capturing
1790666542.389 ERROR: Data source 'esp32c5zigbee-ttyACM3 / esp32c5zigbee-ttyACM3' ('esp32c5zigbee-ttyACM3') encountered an error: websocket connection closed
1790666542.769 INFO: Matching new remote source 'esp32c5-ttyACM3' with known source with UUID 'E5C50001-0000-0000-0000-10BDA3C87D54'
1790666542.777 INFO: Remote source esp32c5-ttyACM3 (E5C50001-0000-0000-0000-10BDA3C87D54) reconnected
1790666542.777 INFO: esp32c5-ttyACM3 - /dev/ttyACM3 opened
1790666544.156 INFO: esp32c5-ttyACM3 - /dev/ttyACM3 capturing
1790666544.298 ERROR: Data source 'esp32c5-ttyACM3 / esp32c5-ttyACM3' ('esp32c5-ttyACM3') encountered an error: websocket connection closed
1790666544.711 INFO: Matching new remote source 'esp32c5btle-ttyACM3' with known source with UUID 'E5C50003-0000-0000-0000-10BDA3C87D54'
1790666544.718 INFO: Remote source esp32c5btle-ttyACM3 (E5C50003-0000-0000-0000-10BDA3C87D54) reconnected
1790666544.719 INFO: esp32c5btle-ttyACM3 - /dev/ttyACM3 opened
1790666546.054 INFO: esp32c5btle-ttyACM3 - /dev/ttyACM3 capturing
1790666546.068 INFO: Detected new BTLE device 19:EA:49:8A:91:44
1790666546.138 INFO: Detected new BTLE device 47:C9:E4:7D:C4:2C
1790666546.252 ERROR: Data source 'esp32c5btle-ttyACM3 / esp32c5btle-ttyACM3' ('esp32c5btle-ttyACM3') encountered an error: websocket connection closed
1790666546.637 INFO: Matching new remote source 'esp32c5-ttyACM3' with known source with UUID 'E5C50001-0000-0000-0000-10BDA3C87D54'
1790666546.644 INFO: Remote source esp32c5-ttyACM3 (E5C50001-0000-0000-0000-10BDA3C87D54) reconnected
1790666546.644 INFO: esp32c5-ttyACM3 - /dev/ttyACM3 opened
1790666547.954 INFO: esp32c5-ttyACM3 - /dev/ttyACM3 capturing
1790666548.024 ERROR: Data source 'esp32c5-ttyACM3 / esp32c5-ttyACM3' ('esp32c5-ttyACM3') encountered an error: websocket connection closed
1790666548.355 INFO: Matching new remote source 'esp32c5-ttyACM3' with known source with UUID 'E5C50001-0000-0000-0000-10BDA3C87D54'
1790666548.362 INFO: Remote source esp32c5-ttyACM3 (E5C50001-0000-0000-0000-10BDA3C87D54) reconnected
1790666548.362 INFO: esp32c5-ttyACM3 - /dev/ttyACM3 opened
1790666549.328 INFO: esp32c5-ttyACM3 - /dev/ttyACM3 capturing
1790666549.425 ERROR: Data source 'esp32c5-ttyACM3 / esp32c5-ttyACM3' ('esp32c5-ttyACM3') encountered an error: websocket connection closed
1790666549.862 INFO: Matching new remote source 'esp32c5zigbee-ttyACM3' with known source with UUID 'E5C50002-0000-0000-0000-10BDA3C87D54'
1790666549.870 INFO: Remote source esp32c5zigbee-ttyACM3 (E5C50002-0000-0000-0000-10BDA3C87D54) reconnected
1790666549.870 INFO: esp32c5zigbee-ttyACM3 - /dev/ttyACM3 opened
1790666551.103 INFO: esp32c5zigbee-ttyACM3 - /dev/ttyACM3 capturing
1790666551.307 ERROR: Data source 'esp32c5zigbee-ttyACM3 / esp32c5zigbee-ttyACM3' ('esp32c5zigbee-ttyACM3') encountered an error: websocket connection closed
1790666551.681 INFO: Matching new remote source 'esp32c5-ttyACM3' with known source with UUID 'E5C50001-0000-0000-0000-10BDA3C87D54'
1790666551.689 INFO: Remote source esp32c5-ttyACM3 (E5C50001-0000-0000-0000-10BDA3C87D54) reconnected
1790666551.691 INFO: esp32c5-ttyACM3 - /dev/ttyACM3 opened
1790666553.050 INFO: esp32c5-ttyACM3 - /dev/ttyACM3 capturing
1790666553.197 ERROR: Data source 'esp32c5-ttyACM3 / esp32c5-ttyACM3' ('esp32c5-ttyACM3') encountered an error: websocket connection closed
1790666553.612 INFO: Matching new remote source 'esp32c5btle-ttyACM3' with known source with UUID 'E5C50003-0000-0000-0000-10BDA3C87D54'
1790666553.619 INFO: Remote source esp32c5btle-ttyACM3 (E5C50003-0000-0000-0000-10BDA3C87D54) reconnected
1790666553.620 INFO: esp32c5btle-ttyACM3 - /dev/ttyACM3 opened
1790666554.853 INFO: esp32c5btle-ttyACM3 - /dev/ttyACM3 capturing
1790666554.876 INFO: Detected new BTLE device 5F:F9:17:66:80:9C
1790666554.957 ERROR: Data source 'esp32c5btle-ttyACM3 / esp32c5btle-ttyACM3' ('esp32c5btle-ttyACM3') encountered an error: websocket connection closed
1790666555.364 INFO: Matching new remote source 'esp32c5-ttyACM3' with known source with UUID 'E5C50001-0000-0000-0000-10BDA3C87D54'
1790666555.373 INFO: Remote source esp32c5-ttyACM3 (E5C50001-0000-0000-0000-10BDA3C87D54) reconnected
1790666555.373 INFO: esp32c5-ttyACM3 - /dev/ttyACM3 opened
1790666556.655 INFO: esp32c5-ttyACM3 - /dev/ttyACM3 capturing
1790666556.726 ERROR: Data source 'esp32c5-ttyACM3 / esp32c5-ttyACM3' ('esp32c5-ttyACM3') encountered an error: websocket connection closed
1790666557.082 INFO: Matching new remote source 'esp32c5-ttyACM3' with known source with UUID 'E5C50001-0000-0000-0000-10BDA3C87D54'
1790666557.091 INFO: Remote source esp32c5-ttyACM3 (E5C50001-0000-0000-0000-10BDA3C87D54) reconnected
1790666557.091 INFO: esp32c5-ttyACM3 - /dev/ttyACM3 opened
1790666557.987 INFO: esp32c5-ttyACM3 - /dev/ttyACM3 capturing
1790666558.034 ERROR: Data source 'esp32c5-ttyACM3 / esp32c5-ttyACM3' ('esp32c5-ttyACM3') encountered an error: websocket connection closed
1790666558.381 INFO: Matching new remote source 'esp32c5zigbee-ttyACM3' with known source with UUID 'E5C50002-0000-0000-0000-10BDA3C87D54'
1790666558.388 INFO: Remote source esp32c5zigbee-ttyACM3 (E5C50002-0000-0000-0000-10BDA3C87D54) reconnected
1790666558.389 INFO: esp32c5zigbee-ttyACM3 - /dev/ttyACM3 opened
1790666559.721 INFO: esp32c5zigbee-ttyACM3 - /dev/ttyACM3 capturing
1790666559.926 ERROR: Data source 'esp32c5zigbee-ttyACM3 / esp32c5zigbee-ttyACM3' ('esp32c5zigbee-ttyACM3') encountered an error: websocket connection closed
1790666560.353 INFO: Matching new remote source 'esp32c5-ttyACM3' with known source with UUID 'E5C50001-0000-0000-0000-10BDA3C87D54'
1790666560.360 INFO: Remote source esp32c5-ttyACM3 (E5C50001-0000-0000-0000-10BDA3C87D54) reconnected
1790666560.360 INFO: esp32c5-ttyACM3 - /dev/ttyACM3 opened
1790666561.733 INFO: esp32c5-ttyACM3 - /dev/ttyACM3 capturing
1790666561.783 ERROR: Data source 'esp32c5-ttyACM3 / esp32c5-ttyACM3' ('esp32c5-ttyACM3') encountered an error: websocket connection closed
1790666562.140 INFO: Matching new remote source 'esp32c5btle-ttyACM3' with known source with UUID 'E5C50003-0000-0000-0000-10BDA3C87D54'
1790666562.148 INFO: Remote source esp32c5btle-ttyACM3 (E5C50003-0000-0000-0000-10BDA3C87D54) reconnected
1790666562.148 INFO: esp32c5btle-ttyACM3 - /dev/ttyACM3 opened
1790666563.381 INFO: esp32c5btle-ttyACM3 - /dev/ttyACM3 capturing
1790666563.405 INFO: Detected new BTLE device CB:43:25:C2:C8:1A
1790666563.507 ERROR: Data source 'esp32c5btle-ttyACM3 / esp32c5btle-ttyACM3' ('esp32c5btle-ttyACM3') encountered an error: websocket connection closed
1790666563.858 INFO: Matching new remote source 'esp32c5-ttyACM3' with known source with UUID 'E5C50001-0000-0000-0000-10BDA3C87D54'
1790666563.865 INFO: Remote source esp32c5-ttyACM3 (E5C50001-0000-0000-0000-10BDA3C87D54) reconnected
1790666563.866 INFO: esp32c5-ttyACM3 - /dev/ttyACM3 opened
1790666565.216 INFO: esp32c5-ttyACM3 - /dev/ttyACM3 capturing
1790666565.361 ERROR: Data source 'esp32c5-ttyACM3 / esp32c5-ttyACM3' ('esp32c5-ttyACM3') encountered an error: websocket connection closed
1790666565.805 INFO: Matching new remote source 'esp32c5-ttyACM3' with known source with UUID 'E5C50001-0000-0000-0000-10BDA3C87D54'
1790666565.813 INFO: Remote source esp32c5-ttyACM3 (E5C50001-0000-0000-0000-10BDA3C87D54) reconnected
1790666565.814 INFO: esp32c5-ttyACM3 - /dev/ttyACM3 opened
1790666566.822 INFO: esp32c5-ttyACM3 - /dev/ttyACM3 capturing
1790666566.859 ERROR: Data source 'esp32c5-ttyACM3 / esp32c5-ttyACM3' ('esp32c5-ttyACM3') encountered an error: websocket connection closed
1790666567.214 INFO: Matching new remote source 'esp32c5zigbee-ttyACM3' with known source with UUID 'E5C50002-0000-0000-0000-10BDA3C87D54'
1790666567.221 INFO: Remote source esp32c5zigbee-ttyACM3 (E5C50002-0000-0000-0000-10BDA3C87D54) reconnected
1790666567.221 INFO: esp32c5zigbee-ttyACM3 - /dev/ttyACM3 opened
1790666568.450 INFO: esp32c5zigbee-ttyACM3 - /dev/ttyACM3 capturing
1790666568.655 ERROR: Data source 'esp32c5zigbee-ttyACM3 / esp32c5zigbee-ttyACM3' ('esp32c5zigbee-ttyACM3') encountered an error: websocket connection closed
1790666569.026 INFO: Matching new remote source 'esp32c5-ttyACM3' with known source with UUID 'E5C50001-0000-0000-0000-10BDA3C87D54'
1790666569.035 INFO: Remote source esp32c5-ttyACM3 (E5C50001-0000-0000-0000-10BDA3C87D54) reconnected
1790666569.035 INFO: esp32c5-ttyACM3 - /dev/ttyACM3 opened
1790666570.398 INFO: esp32c5-ttyACM3 - /dev/ttyACM3 capturing
1790666570.511 ERROR: Data source 'esp32c5-ttyACM3 / esp32c5-ttyACM3' ('esp32c5-ttyACM3') encountered an error: websocket connection closed
1790666570.863 INFO: Matching new remote source 'esp32c5btle-ttyACM3' with known source with UUID 'E5C50003-0000-0000-0000-10BDA3C87D54'
1790666570.870 INFO: Remote source esp32c5btle-ttyACM3 (E5C50003-0000-0000-0000-10BDA3C87D54) reconnected
1790666570.871 INFO: esp32c5btle-ttyACM3 - /dev/ttyACM3 opened
1790666572.197 INFO: esp32c5btle-ttyACM3 - /dev/ttyACM3 capturing
1790666572.296 ERROR: Data source 'esp32c5btle-ttyACM3 / esp32c5btle-ttyACM3' ('esp32c5btle-ttyACM3') encountered an error: websocket connection closed
1790666572.682 INFO: Matching new remote source 'esp32c5-ttyACM3' with known source with UUID 'E5C50001-0000-0000-0000-10BDA3C87D54'
1790666572.690 INFO: Remote source esp32c5-ttyACM3 (E5C50001-0000-0000-0000-10BDA3C87D54) reconnected
1790666572.690 INFO: esp32c5-ttyACM3 - /dev/ttyACM3 opened
1790666574.000 INFO: esp32c5-ttyACM3 - /dev/ttyACM3 capturing
1790666574.041 ERROR: Data source 'esp32c5-ttyACM3 / esp32c5-ttyACM3' ('esp32c5-ttyACM3') encountered an error: websocket connection closed
1790666574.221 
1790666574.221 *** KISMET IS SHUTTING DOWN ***
1790666574.221 Shutting down plugins...
1790666574.221 WARNING: Kismet changes the configuration of network devices.
1790666574.221          In most cases you will need to restart networking for
1790666574.221          your interface (varies per distribution and OS), but 
1790666574.221          typically one of:
1790666574.221          sudo service networking restart
1790666574.221          sudo /etc/init.d/networking restart
1790666574.221          or
1790666574.221          nmcli device set [device] managed true
1790666574.221 
1790666574.221 Kismet exiting.
1790666574.221 EXITING: Signal service thread complete.
1790666574.226 KISMET_EXIT=0
