1 wifi->wifi ok=1 start_to_capturing=1.52 opened_to_capturing=1.26
1 wifi->zigbee ok=1 start_to_capturing=1.49 opened_to_capturing=1.23
1 zigbee->wifi ok=1 start_to_capturing=1.62 opened_to_capturing=1.36
1 wifi->btle ok=1 start_to_capturing=1.48 opened_to_capturing=1.21
1 btle->wifi ok=1 start_to_capturing=1.57 opened_to_capturing=1.30
2 wifi->wifi ok=1 start_to_capturing=1.07 opened_to_capturing=0.81
2 wifi->zigbee ok=1 start_to_capturing=1.60 opened_to_capturing=1.34
2 zigbee->wifi ok=1 start_to_capturing=1.64 opened_to_capturing=1.38
2 wifi->btle ok=1 start_to_capturing=1.59 opened_to_capturing=1.34
2 btle->wifi ok=1 start_to_capturing=1.57 opened_to_capturing=1.31
3 wifi->wifi ok=1 start_to_capturing=1.23 opened_to_capturing=0.97
3 wifi->zigbee ok=1 start_to_capturing=1.49 opened_to_capturing=1.23
3 zigbee->wifi ok=1 start_to_capturing=1.62 opened_to_capturing=1.36
3 wifi->btle ok=1 start_to_capturing=1.49 opened_to_capturing=1.23
3 btle->wifi ok=1 start_to_capturing=1.54 opened_to_capturing=1.28
4 wifi->wifi ok=1 start_to_capturing=1.16 opened_to_capturing=0.90
4 wifi->zigbee ok=1 start_to_capturing=1.60 opened_to_capturing=1.33
4 zigbee->wifi ok=1 start_to_capturing=1.68 opened_to_capturing=1.37
4 wifi->btle ok=1 start_to_capturing=1.50 opened_to_capturing=1.23
4 btle->wifi ok=1 start_to_capturing=1.61 opened_to_capturing=1.35
5 wifi->wifi ok=1 start_to_capturing=1.27 opened_to_capturing=1.01
5 wifi->zigbee ok=1 start_to_capturing=1.50 opened_to_capturing=1.23
5 zigbee->wifi ok=1 start_to_capturing=1.62 opened_to_capturing=1.36
5 wifi->btle ok=1 start_to_capturing=1.59 opened_to_capturing=1.33
5 btle->wifi ok=1 start_to_capturing=1.57 opened_to_capturing=1.31
wifi->wifi     n=5 fails=0 start->capturing min 1.07 med 1.23 max 1.52 | opened->capturing min 0.81 med 0.97 max 1.26
wifi->zigbee   n=5 fails=0 start->capturing min 1.49 med 1.50 max 1.60 | opened->capturing min 1.23 med 1.23 max 1.34
zigbee->wifi   n=5 fails=0 start->capturing min 1.62 med 1.62 max 1.68 | opened->capturing min 1.36 med 1.36 max 1.38
wifi->btle     n=5 fails=0 start->capturing min 1.48 med 1.50 max 1.59 | opened->capturing min 1.21 med 1.23 max 1.34
btle->wifi     n=5 fails=0 start->capturing min 1.54 med 1.57 max 1.61 | opened->capturing min 1.28 med 1.31 max 1.35
4
