1790667393.606 INFO: Including sub-config file: /home/osh/kismet-install/etc/kismet_httpd.conf
1790667393.606 INFO: Including sub-config file: /home/osh/kismet-install/etc/kismet_memory.conf
1790667393.606 INFO: Including sub-config file: /home/osh/kismet-install/etc/kismet_alerts.conf
1790667393.606 INFO: Including sub-config file: /home/osh/kismet-install/etc/kismet_80211.conf
1790667393.606 INFO: Including sub-config file: /home/osh/kismet-install/etc/kismet_logging.conf
1790667393.606 INFO: Including sub-config file: /home/osh/kismet-install/etc/kismet_filter.conf
1790667393.606 INFO: Including sub-config file: /home/osh/kismet-install/etc/kismet_uav.conf
1790667393.606 INFO: Loading config override file '/home/osh/kismet-install/etc/kismet_package.conf'
1790667393.606 INFO: Optional sub-config file not present: /home/osh/kismet-install/etc/kismet_package.conf
1790667393.606 INFO: Loading config override file '/home/osh/kismet-install/etc/kismet_site.conf'
1790667393.606 INFO: Optional sub-config file not present: /home/osh/kismet-install/etc/kismet_site.conf
1790667393.606 INFO: Generated server UUID 7E8F78D8-BBD8-11F1-B535-4B49534D4554 and storing in /tmp/py/p15-1/.kismet//kismet_server_id.conf
1790667393.606 INFO: Setting server UUID 7E8F78D8-BBD8-11F1-B535-4B49534D4554
1790667393.606 INFO: Starting Beast webserver on 0.0.0.0:2501
1790667393.606 INFO: Opened OUI file '/home/osh/kismet-install/share/kismet/kismet_manuf.txt.gz
1790667393.606 INFO: Indexing manufacturer db
1790667393.609 INFO: Completed indexing manufacturer db, 38959 lines and 780 indexes.
1790667393.616 INFO: Saving devices to the Kismet database log every 30 seconds
1790667393.621 INFO: Using default rates of 10/min, 1/sec for alert 'DEVICEFOUND'
1790667393.621 INFO: Using default rates of 10/min, 1/sec for alert 'DEVICELOST'
1790667393.621 INFO: Registering support for DLT_PPI packet header decoding
1790667393.621 INFO: Registering support for DLT_RADIOTAP packet header decoding
1790667393.621 INFO: Registering support for DLT_BTLE_RADIO packet header decoding
1790667393.624 INFO: Using default rates of 10/min, 1/sec for alert 'BADFIXLENIE'
1790667393.624 INFO: PHY80211 will only process AP signal levels from beacons
1790667393.624 INFO: Allowing Kismet clients to view WEP keys
1790667393.625 DEBUG: ssid canary FooCanary:ssid="FoobarCanary"
1790667393.625 DEBUG: ssid canary FooCanart2:ssid="(?i:foobarcanary)"
1790667393.625 INFO: Keeping EAPOL packets in memory for easy download and WIDS functionality; this can use more RAM.
1790667393.628 INFO: Registered PHY handler 'IEEE802.11' as ID 0
1790667393.630 INFO: Registered PHY handler 'RFSENSOR' as ID 1
1790667393.631 INFO: Registered PHY handler 'Z-Wave' as ID 2
1790667393.632 INFO: Registered PHY handler 'Bluetooth' as ID 3
1790667393.632 DEBUG: reserve_fields home id 538 app id 539
1790667393.634 INFO: Registered PHY handler 'UAV' as ID 4
1790667393.635 INFO: Registered PHY handler 'NrfMousejack' as ID 5
1790667393.635 ERROR: Tried to re-register duplicate alert FLIPPERZERO
1790667393.636 INFO: Registered PHY handler 'BTLE' as ID 6
1790667393.637 INFO: Registered PHY handler 'METER' as ID 7
1790667393.638 INFO: Indexing ADSB ICAO db
1790667393.900 INFO: Completed indexing ADSB ICAO db, 341068 lines 6822 indexes
1790667393.901 INFO: Registered PHY handler 'ADSB' as ID 8
1790667393.902 INFO: Registered PHY handler '802.15.4' as ID 9
1790667393.904 INFO: Registered PHY handler 'RADIATION' as ID 10
1790667393.909 INFO: (HTTPD) Could not read session data file, skipping loading saved sessions.
1790667393.909 INFO: Serving static file content from /home/osh/kismet-install/share/kismet/httpd/
1790667393.910 INFO: Enabling channel hopping by default on sources which support channel control.
1790667393.910 INFO: Setting default channel hop rate to 5/sec
1790667393.910 INFO: Enabling channel list splitting on sources which share the same list of channels
1790667393.910 INFO: Enabling channel list shuffling to optimize overlaps
1790667393.910 INFO: Sources will be re-opened if they encounter an error
1790667393.910 INFO: Saving datasources to the Kismet database log every 30 seconds
1790667393.910 INFO: Launching remote capture server on 127.0.0.1 3501
1790667393.913 INFO: No data sources defined; Kismet will not capture anything until a source is added.
1790667393.914 ALERT: LOGDISABLED Logging has been disabled via the Kismet config files or the command line.  Pcap, database, and related logs will not be saved.
1790667393.915 INFO: Logging disabled, not enabling any log drivers.
1790667393.915 INFO: GPS track will be logged to the Kismet logfile
1790667393.916 INFO: Starting Kismet web server...
1790667393.916 INFO: HTTP server listening on 0.0.0.0:2501
1790667393.917 INFO: Could not open system plugin directory (/home/osh/kismet-install/lib/kismet/), skipping: No such file or directory
1790667393.917 INFO: Did not find a user plugin directory (/tmp/py/p15-1/.kismet//plugins/), skipping: No such file or directory
1790667394.554 INFO: New remote source esp32c5-ttyACM0 (E5C50001-0000-0000-0000-10BDA3CF0540) connected
1790667394.554 INFO: esp32c5-ttyACM0 - /dev/ttyACM0 opened
1790667395.529 INFO: esp32c5-ttyACM0 - /dev/ttyACM0 capturing
1790667395.657 INFO: Detected new 802.11 Wi-Fi device E4:5F:01:49:99:3F
1790667395.657 INFO: Detected new 802.11 Wi-Fi device 42:A2:BA:65:29:F3
1790667396.153 ERROR: Data source 'esp32c5-ttyACM0 / esp32c5-ttyACM0' ('esp32c5-ttyACM0') encountered an error: websocket connection closed
1790667396.505 INFO: Matching new remote source 'esp32c5-ttyACM0' with known source with UUID 'E5C50001-0000-0000-0000-10BDA3CF0540'
1790667396.513 INFO: Remote source esp32c5-ttyACM0 (E5C50001-0000-0000-0000-10BDA3CF0540) reconnected
1790667396.513 INFO: esp32c5-ttyACM0 - /dev/ttyACM0 opened
1790667397.511 INFO: esp32c5-ttyACM0 - /dev/ttyACM0 capturing
1790667398.157 ERROR: Data source 'esp32c5-ttyACM0 / esp32c5-ttyACM0' ('esp32c5-ttyACM0') encountered an error: websocket connection closed
1790667398.573 INFO: Matching new remote source 'esp32c5-ttyACM0' with known source with UUID 'E5C50001-0000-0000-0000-10BDA3CF0540'
1790667398.580 INFO: Remote source esp32c5-ttyACM0 (E5C50001-0000-0000-0000-10BDA3CF0540) reconnected
1790667398.580 INFO: esp32c5-ttyACM0 - /dev/ttyACM0 opened
1790667399.622 INFO: esp32c5-ttyACM0 - /dev/ttyACM0 capturing
1790667400.218 ERROR: Data source 'esp32c5-ttyACM0 / esp32c5-ttyACM0' ('esp32c5-ttyACM0') encountered an error: websocket connection closed
1790667400.337 INFO: New remote source esp32c5-ttyACM1 (E5C50001-0000-0000-0000-3844BEBFC910) connected
1790667405.401 INFO: esp32c5-ttyACM1 - esp32c5-ttyACM1 capturing (wifi)
1790667405.419 INFO: Detected new 802.11 Wi-Fi device 00:B8:C2:B2:AE:57
1790667405.419 INFO: Detected new 802.11 Wi-Fi device 00:B8:C2:B2:AE:4E
1790667405.439 INFO: Detected new 802.11 Wi-Fi access point 46:AE:30:84:34:B6
1790667405.440 INFO: 802.11 Wi-Fi device 46:AE:30:84:34:B6 advertising a new cloaked SSID
1790667405.446 INFO: Detected new 802.11 Wi-Fi access point 26:39:F1:AB:05:B2
1790667405.447 INFO: 802.11 Wi-Fi device 26:39:F1:AB:05:B2 advertising new SSID 'osvc-2'
1790667405.465 INFO: Detected new 802.11 Wi-Fi device 4C:2E:5E:D5:FE:E9
1790667405.466 INFO: Detected new 802.11 Wi-Fi device D2:62:E6:3C:F3:CD
1790667405.492 INFO: Detected new 802.11 Wi-Fi device 94:83:C4:25:9E:39
1790667405.509 INFO: Detected new 802.11 Wi-Fi device A8:DB:03:42:DE:68
1790667405.510 INFO: Detected new 802.11 Wi-Fi access point 40:AE:30:84:34:B6
1790667405.510 INFO: 802.11 Wi-Fi device 40:AE:30:84:34:B6 advertising new SSID 'cohen42'
1790667405.511 INFO: 802.11 Wi-Fi device 00:B8:C2:B2:AE:57 advertising new SSID 'Mor'
1790667410.329 ERROR: Data source 'esp32c5-ttyACM1 / esp32c5-ttyACM1' ('esp32c5-ttyACM1') encountered an error: websocket connection closed
1790667410.420 
1790667410.420 *** KISMET IS SHUTTING DOWN ***
1790667410.420 Shutting down plugins...
1790667410.420 WARNING: Kismet changes the configuration of network devices.
1790667410.420          In most cases you will need to restart networking for
1790667410.420          your interface (varies per distribution and OS), but 
1790667410.420          typically one of:
1790667410.420          sudo service networking restart
1790667410.420          sudo /etc/init.d/networking restart
1790667410.420          or
1790667410.420          nmcli device set [device] managed true
1790667410.420 
1790667410.420 Kismet exiting.
1790667410.420 EXITING: Signal service thread complete.
1790667410.425 KISMET_EXIT=0
