[2026/09/29 10:37:14:0156] N: lws_create_context: LWS: 4.3.5-unknown, NET CLI SRV H1 H2 WS ConMon IPV6-on
[2026/09/29 10:37:14:0159] N: __lws_lc_tag:  ++ [wsi|0|pipe] (1)
[2026/09/29 10:37:14:0160] N: __lws_lc_tag:  ++ [vh|0|netlink] (1)
[2026/09/29 10:37:14:0161] N: __lws_lc_tag:  ++ [vh|1|default||-1] (2)
[2026/09/29 10:37:14:0165] N: __lws_lc_tag:  ++ [wsicli|0|WS/h1/default/127.0.0.1] (1)
[2026/09/29 10:37:14:0171] W: _lws_smd_msg_send: rejecting message on queue depth 40
[2026/09/29 10:37:14:0171] W: _lws_smd_msg_send: rejecting message on queue depth 40
[2026/09/29 10:37:14:0171] W: _lws_smd_msg_send: rejecting message on queue depth 40
[2026/09/29 10:37:14:0171] W: _lws_smd_msg_send: rejecting message on queue depth 40
[2026/09/29 10:37:14:0171] W: _lws_smd_msg_send: rejecting message on queue depth 40
[2026/09/29 10:37:14:0171] W: _lws_smd_msg_send: rejecting message on queue depth 40
FATAL: Datasource could not connect websocket client
[2026/09/29 10:37:14:0175] N: __lws_lc_untag:  -- [wsicli|0|WS/h1/default/127.0.0.1] (0) 931μs
FATAL:  Datasource exiting libwebsocket loop
INFO: capture process exited 0 signal 0
INFO: Sleeping 5 seconds before attempting to reconnect to remote server
[2026/09/29 10:37:19:0194] N: lws_create_context: LWS: 4.3.5-unknown, NET CLI SRV H1 H2 WS ConMon IPV6-on
[2026/09/29 10:37:19:0199] N: __lws_lc_tag:  ++ [wsi|0|pipe] (1)
[2026/09/29 10:37:19:0200] N: __lws_lc_tag:  ++ [vh|0|netlink] (1)
[2026/09/29 10:37:19:0203] N: __lws_lc_tag:  ++ [vh|1|default||-1] (2)
[2026/09/29 10:37:19:0214] N: __lws_lc_tag:  ++ [wsicli|0|WS/h1/default/127.0.0.1] (1)
[2026/09/29 10:37:19:0226] W: _lws_smd_msg_send: rejecting message on queue depth 40
[2026/09/29 10:37:19:0227] W: _lws_smd_msg_send: rejecting message on queue depth 40
[2026/09/29 10:37:19:0227] W: _lws_smd_msg_send: rejecting message on queue depth 40
[2026/09/29 10:37:19:0227] W: _lws_smd_msg_send: rejecting message on queue depth 40
[2026/09/29 10:37:19:0227] W: _lws_smd_msg_send: rejecting message on queue depth 40
[2026/09/29 10:37:19:0228] W: _lws_smd_msg_send: rejecting message on queue depth 40
FATAL: Datasource could not connect websocket client
[2026/09/29 10:37:19:0237] N: __lws_lc_untag:  -- [wsicli|0|WS/h1/default/127.0.0.1] (0) 2.251ms
FATAL:  Datasource exiting libwebsocket loop
INFO: capture process exited 0 signal 0
INFO: Sleeping 5 seconds before attempting to reconnect to remote server
