[2026/09/29 10:37:32:0702] N: lws_create_context: LWS: 4.3.5-unknown, NET CLI SRV H1 H2 WS ConMon IPV6-on
[2026/09/29 10:37:32:0706] N: __lws_lc_tag:  ++ [wsi|0|pipe] (1)
[2026/09/29 10:37:32:0706] N: __lws_lc_tag:  ++ [vh|0|netlink] (1)
[2026/09/29 10:37:32:0708] N: __lws_lc_tag:  ++ [vh|1|default||-1] (2)
[2026/09/29 10:37:32:0712] N: __lws_lc_tag:  ++ [wsicli|0|WS/h1/default/127.0.0.1] (1)
[2026/09/29 10:37:32:0717] W: _lws_smd_msg_send: rejecting message on queue depth 40
[2026/09/29 10:37:32:0717] W: _lws_smd_msg_send: rejecting message on queue depth 40
[2026/09/29 10:37:32:0717] W: _lws_smd_msg_send: rejecting message on queue depth 40
[2026/09/29 10:37:32:0717] W: _lws_smd_msg_send: rejecting message on queue depth 40
[2026/09/29 10:37:32:0718] W: _lws_smd_msg_send: rejecting message on queue depth 40
[2026/09/29 10:37:32:0718] W: _lws_smd_msg_send: rejecting message on queue depth 40
[2026/09/29 10:37:32:0722] W: [wsicli|0|WS/h1/default/127.0.0.1]: lws_client_ws_upgrade: got bad HTTP response '401'
FATAL: Datasource could not connect websocket client
[2026/09/29 10:37:32:0723] N: __lws_lc_untag:  -- [wsicli|0|WS/h1/default/127.0.0.1] (0) 1.087ms
FATAL:  Datasource exiting libwebsocket loop
INFO: capture process exited 0 signal 0
INFO: Sleeping 5 seconds before attempting to reconnect to remote server
[2026/09/29 10:37:37:0742] N: lws_create_context: LWS: 4.3.5-unknown, NET CLI SRV H1 H2 WS ConMon IPV6-on
[2026/09/29 10:37:37:0748] N: __lws_lc_tag:  ++ [wsi|0|pipe] (1)
[2026/09/29 10:37:37:0749] N: __lws_lc_tag:  ++ [vh|0|netlink] (1)
[2026/09/29 10:37:37:0752] N: __lws_lc_tag:  ++ [vh|1|default||-1] (2)
[2026/09/29 10:37:37:0763] N: __lws_lc_tag:  ++ [wsicli|0|WS/h1/default/127.0.0.1] (1)
[2026/09/29 10:37:37:0774] W: _lws_smd_msg_send: rejecting message on queue depth 40
[2026/09/29 10:37:37:0775] W: _lws_smd_msg_send: rejecting message on queue depth 40
[2026/09/29 10:37:37:0775] W: _lws_smd_msg_send: rejecting message on queue depth 40
[2026/09/29 10:37:37:0775] W: _lws_smd_msg_send: rejecting message on queue depth 40
[2026/09/29 10:37:37:0775] W: _lws_smd_msg_send: rejecting message on queue depth 40
[2026/09/29 10:37:37:0776] W: _lws_smd_msg_send: rejecting message on queue depth 40
[2026/09/29 10:37:37:0785] W: [wsicli|0|WS/h1/default/127.0.0.1]: lws_client_ws_upgrade: got bad HTTP response '401'
FATAL: Datasource could not connect websocket client
[2026/09/29 10:37:37:0788] N: __lws_lc_untag:  -- [wsicli|0|WS/h1/default/127.0.0.1] (0) 2.503ms
FATAL:  Datasource exiting libwebsocket loop
INFO: capture process exited 0 signal 0
INFO: Sleeping 5 seconds before attempting to reconnect to remote server
