1790667445.268 INFO: Including sub-config file: /home/osh/kismet-install/etc/kismet_httpd.conf
1790667445.268 INFO: Including sub-config file: /home/osh/kismet-install/etc/kismet_memory.conf
1790667445.268 INFO: Including sub-config file: /home/osh/kismet-install/etc/kismet_alerts.conf
1790667445.268 INFO: Including sub-config file: /home/osh/kismet-install/etc/kismet_80211.conf
1790667445.268 INFO: Including sub-config file: /home/osh/kismet-install/etc/kismet_logging.conf
1790667445.268 INFO: Including sub-config file: /home/osh/kismet-install/etc/kismet_filter.conf
1790667445.268 INFO: Including sub-config file: /home/osh/kismet-install/etc/kismet_uav.conf
1790667445.268 INFO: Loading config override file '/home/osh/kismet-install/etc/kismet_package.conf'
1790667445.268 INFO: Optional sub-config file not present: /home/osh/kismet-install/etc/kismet_package.conf
1790667445.268 INFO: Loading config override file '/home/osh/kismet-install/etc/kismet_site.conf'
1790667445.268 INFO: Optional sub-config file not present: /home/osh/kismet-install/etc/kismet_site.conf
1790667445.268 INFO: Generated server UUID 9D5B546C-BBD8-11F1-9DAB-4B49534D4554 and storing in /tmp/py/p15-4/.kismet//kismet_server_id.conf
1790667445.268 INFO: Setting server UUID 9D5B546C-BBD8-11F1-9DAB-4B49534D4554
1790667445.268 INFO: Starting Beast webserver on 0.0.0.0:2501
1790667445.268 INFO: Opened OUI file '/home/osh/kismet-install/share/kismet/kismet_manuf.txt.gz
1790667445.268 INFO: Indexing manufacturer db
1790667445.270 INFO: Completed indexing manufacturer db, 38959 lines and 780 indexes.
1790667445.276 INFO: Saving devices to the Kismet database log every 30 seconds
1790667445.281 INFO: Using default rates of 10/min, 1/sec for alert 'DEVICEFOUND'
1790667445.281 INFO: Using default rates of 10/min, 1/sec for alert 'DEVICELOST'
1790667445.282 INFO: Registering support for DLT_PPI packet header decoding
1790667445.282 INFO: Registering support for DLT_RADIOTAP packet header decoding
1790667445.282 INFO: Registering support for DLT_BTLE_RADIO packet header decoding
1790667445.285 INFO: Using default rates of 10/min, 1/sec for alert 'BADFIXLENIE'
1790667445.285 INFO: PHY80211 will only process AP signal levels from beacons
1790667445.285 INFO: Allowing Kismet clients to view WEP keys
1790667445.286 DEBUG: ssid canary FooCanary:ssid="FoobarCanary"
1790667445.286 DEBUG: ssid canary FooCanart2:ssid="(?i:foobarcanary)"
1790667445.286 INFO: Keeping EAPOL packets in memory for easy download and WIDS functionality; this can use more RAM.
1790667445.289 INFO: Registered PHY handler 'IEEE802.11' as ID 0
1790667445.290 INFO: Registered PHY handler 'RFSENSOR' as ID 1
1790667445.291 INFO: Registered PHY handler 'Z-Wave' as ID 2
1790667445.293 INFO: Registered PHY handler 'Bluetooth' as ID 3
1790667445.293 DEBUG: reserve_fields home id 538 app id 539
1790667445.295 INFO: Registered PHY handler 'UAV' as ID 4
1790667445.296 INFO: Registered PHY handler 'NrfMousejack' as ID 5
1790667445.296 ERROR: Tried to re-register duplicate alert FLIPPERZERO
1790667445.297 INFO: Registered PHY handler 'BTLE' as ID 6
1790667445.298 INFO: Registered PHY handler 'METER' as ID 7
1790667445.299 INFO: Indexing ADSB ICAO db
1790667445.560 INFO: Completed indexing ADSB ICAO db, 341068 lines 6822 indexes
1790667445.562 INFO: Registered PHY handler 'ADSB' as ID 8
1790667445.563 INFO: Registered PHY handler '802.15.4' as ID 9
1790667445.564 INFO: Registered PHY handler 'RADIATION' as ID 10
1790667445.570 INFO: (HTTPD) Could not read session data file, skipping loading saved sessions.
1790667445.570 INFO: Serving static file content from /home/osh/kismet-install/share/kismet/httpd/
1790667445.571 INFO: Enabling channel hopping by default on sources which support channel control.
1790667445.571 INFO: Setting default channel hop rate to 5/sec
1790667445.571 INFO: Enabling channel list splitting on sources which share the same list of channels
1790667445.572 INFO: Enabling channel list shuffling to optimize overlaps
1790667445.572 INFO: Sources will be re-opened if they encounter an error
1790667445.572 INFO: Saving datasources to the Kismet database log every 30 seconds
1790667445.572 INFO: Launching remote capture server on 127.0.0.1 3501
1790667445.575 INFO: No data sources defined; Kismet will not capture anything until a source is added.
1790667445.576 ALERT: LOGDISABLED Logging has been disabled via the Kismet config files or the command line.  Pcap, database, and related logs will not be saved.
1790667445.576 INFO: Logging disabled, not enabling any log drivers.
1790667445.577 INFO: GPS track will be logged to the Kismet logfile
1790667445.578 INFO: Starting Kismet web server...
1790667445.578 INFO: HTTP server listening on 0.0.0.0:2501
1790667445.580 INFO: Could not open system plugin directory (/home/osh/kismet-install/lib/kismet/), skipping: No such file or directory
1790667445.580 INFO: Did not find a user plugin directory (/tmp/py/p15-4/.kismet//plugins/), skipping: No such file or directory
1790667446.106 INFO: New remote source esp32c5-ttyACM0 (E5C50001-0000-0000-0000-10BDA3CF0540) connected
1790667446.107 INFO: esp32c5-ttyACM0 - /dev/ttyACM0 opened
1790667447.177 INFO: esp32c5-ttyACM0 - /dev/ttyACM0 capturing
1790667447.788 ERROR: Data source 'esp32c5-ttyACM0 / esp32c5-ttyACM0' ('esp32c5-ttyACM0') encountered an error: websocket connection closed
1790667448.178 INFO: Matching new remote source 'esp32c5-ttyACM0' with known source with UUID 'E5C50001-0000-0000-0000-10BDA3CF0540'
1790667448.186 INFO: Remote source esp32c5-ttyACM0 (E5C50001-0000-0000-0000-10BDA3CF0540) reconnected
1790667448.186 INFO: esp32c5-ttyACM0 - /dev/ttyACM0 opened
1790667449.205 INFO: esp32c5-ttyACM0 - /dev/ttyACM0 capturing
1790667449.328 INFO: Detected new 802.11 Wi-Fi access point 00:B8:C2:B2:AE:57
1790667449.328 INFO: Detected new 802.11 Wi-Fi device 70:F7:54:55:CB:00
1790667449.328 INFO: Detected new 802.11 Wi-Fi device 00:B8:C2:B2:AE:58
1790667449.846 ERROR: Data source 'esp32c5-ttyACM0 / esp32c5-ttyACM0' ('esp32c5-ttyACM0') encountered an error: websocket connection closed
1790667450.250 INFO: Matching new remote source 'esp32c5-ttyACM0' with known source with UUID 'E5C50001-0000-0000-0000-10BDA3CF0540'
1790667450.258 INFO: Remote source esp32c5-ttyACM0 (E5C50001-0000-0000-0000-10BDA3CF0540) reconnected
1790667450.258 INFO: esp32c5-ttyACM0 - /dev/ttyACM0 opened
1790667451.282 INFO: esp32c5-ttyACM0 - /dev/ttyACM0 capturing
1790667451.927 ERROR: Data source 'esp32c5-ttyACM0 / esp32c5-ttyACM0' ('esp32c5-ttyACM0') encountered an error: websocket connection closed
1790667462.583 
1790667462.583 *** KISMET IS SHUTTING DOWN ***
1790667462.583 Shutting down plugins...
1790667462.583 WARNING: Kismet changes the configuration of network devices.
1790667462.583          In most cases you will need to restart networking for
1790667462.583          your interface (varies per distribution and OS), but 
1790667462.583          typically one of:
1790667462.583          sudo service networking restart
1790667462.583          sudo /etc/init.d/networking restart
1790667462.583          or
1790667462.583          nmcli device set [device] managed true
1790667462.583 
1790667462.583 Kismet exiting.
1790667462.583 EXITING: Signal service thread complete.
1790667462.588 KISMET_EXIT=0
