1790667411.636 INFO: Including sub-config file: /home/osh/kismet-install/etc/kismet_httpd.conf
1790667411.636 INFO: Including sub-config file: /home/osh/kismet-install/etc/kismet_memory.conf
1790667411.636 INFO: Including sub-config file: /home/osh/kismet-install/etc/kismet_alerts.conf
1790667411.636 INFO: Including sub-config file: /home/osh/kismet-install/etc/kismet_80211.conf
1790667411.636 INFO: Including sub-config file: /home/osh/kismet-install/etc/kismet_logging.conf
1790667411.636 INFO: Including sub-config file: /home/osh/kismet-install/etc/kismet_filter.conf
1790667411.636 INFO: Including sub-config file: /home/osh/kismet-install/etc/kismet_uav.conf
1790667411.636 INFO: Loading config override file '/home/osh/kismet-install/etc/kismet_package.conf'
1790667411.636 INFO: Optional sub-config file not present: /home/osh/kismet-install/etc/kismet_package.conf
1790667411.636 INFO: Loading config override file '/home/osh/kismet-install/etc/kismet_site.conf'
1790667411.636 INFO: Optional sub-config file not present: /home/osh/kismet-install/etc/kismet_site.conf
1790667411.636 INFO: Generated server UUID 894F6D00-BBD8-11F1-B098-4B49534D4554 and storing in /tmp/py/p15-2/.kismet//kismet_server_id.conf
1790667411.636 INFO: Setting server UUID 894F6D00-BBD8-11F1-B098-4B49534D4554
1790667411.636 INFO: Starting Beast webserver on 0.0.0.0:2501
1790667411.636 INFO: Opened OUI file '/home/osh/kismet-install/share/kismet/kismet_manuf.txt.gz
1790667411.636 INFO: Indexing manufacturer db
1790667411.637 INFO: Completed indexing manufacturer db, 38959 lines and 780 indexes.
1790667411.644 INFO: Saving devices to the Kismet database log every 30 seconds
1790667411.649 INFO: Using default rates of 10/min, 1/sec for alert 'DEVICEFOUND'
1790667411.649 INFO: Using default rates of 10/min, 1/sec for alert 'DEVICELOST'
1790667411.649 INFO: Registering support for DLT_PPI packet header decoding
1790667411.649 INFO: Registering support for DLT_RADIOTAP packet header decoding
1790667411.649 INFO: Registering support for DLT_BTLE_RADIO packet header decoding
1790667411.652 INFO: Using default rates of 10/min, 1/sec for alert 'BADFIXLENIE'
1790667411.653 INFO: PHY80211 will only process AP signal levels from beacons
1790667411.653 INFO: Allowing Kismet clients to view WEP keys
1790667411.653 DEBUG: ssid canary FooCanary:ssid="FoobarCanary"
1790667411.653 DEBUG: ssid canary FooCanart2:ssid="(?i:foobarcanary)"
1790667411.653 INFO: Keeping EAPOL packets in memory for easy download and WIDS functionality; this can use more RAM.
1790667411.656 INFO: Registered PHY handler 'IEEE802.11' as ID 0
1790667411.658 INFO: Registered PHY handler 'RFSENSOR' as ID 1
1790667411.659 INFO: Registered PHY handler 'Z-Wave' as ID 2
1790667411.660 INFO: Registered PHY handler 'Bluetooth' as ID 3
1790667411.660 DEBUG: reserve_fields home id 538 app id 539
1790667411.662 INFO: Registered PHY handler 'UAV' as ID 4
1790667411.663 INFO: Registered PHY handler 'NrfMousejack' as ID 5
1790667411.664 ERROR: Tried to re-register duplicate alert FLIPPERZERO
1790667411.665 INFO: Registered PHY handler 'BTLE' as ID 6
1790667411.666 INFO: Registered PHY handler 'METER' as ID 7
1790667411.666 INFO: Indexing ADSB ICAO db
1790667411.925 INFO: Completed indexing ADSB ICAO db, 341068 lines 6822 indexes
1790667411.926 INFO: Registered PHY handler 'ADSB' as ID 8
1790667411.927 INFO: Registered PHY handler '802.15.4' as ID 9
1790667411.929 INFO: Registered PHY handler 'RADIATION' as ID 10
1790667411.934 INFO: (HTTPD) Could not read session data file, skipping loading saved sessions.
1790667411.934 INFO: Serving static file content from /home/osh/kismet-install/share/kismet/httpd/
1790667411.936 INFO: Enabling channel hopping by default on sources which support channel control.
1790667411.936 INFO: Setting default channel hop rate to 5/sec
1790667411.936 INFO: Enabling channel list splitting on sources which share the same list of channels
1790667411.936 INFO: Enabling channel list shuffling to optimize overlaps
1790667411.936 INFO: Sources will be re-opened if they encounter an error
1790667411.936 INFO: Saving datasources to the Kismet database log every 30 seconds
1790667411.936 INFO: Launching remote capture server on 127.0.0.1 3501
1790667411.938 INFO: No data sources defined; Kismet will not capture anything until a source is added.
1790667411.940 ALERT: LOGDISABLED Logging has been disabled via the Kismet config files or the command line.  Pcap, database, and related logs will not be saved.
1790667411.940 INFO: Logging disabled, not enabling any log drivers.
1790667411.940 INFO: GPS track will be logged to the Kismet logfile
1790667411.941 INFO: Starting Kismet web server...
1790667411.941 INFO: HTTP server listening on 0.0.0.0:2501
1790667411.943 INFO: Could not open system plugin directory (/home/osh/kismet-install/lib/kismet/), skipping: No such file or directory
1790667411.943 INFO: Did not find a user plugin directory (/tmp/py/p15-2/.kismet//plugins/), skipping: No such file or directory
1790667414.352 INFO: New remote source esp32c5-ttyACM0 (E5C50001-0000-0000-0000-10BDA3CF0540) connected
1790667414.353 INFO: esp32c5-ttyACM0 - /dev/ttyACM0 opened
1790667415.360 INFO: esp32c5-ttyACM0 - /dev/ttyACM0 capturing
1790667416.028 ERROR: Data source 'esp32c5-ttyACM0 / esp32c5-ttyACM0' ('esp32c5-ttyACM0') encountered an error: websocket connection closed
1790667426.446 
1790667426.446 *** KISMET IS SHUTTING DOWN ***
1790667426.446 Shutting down plugins...
1790667426.446 WARNING: Kismet changes the configuration of network devices.
1790667426.446          In most cases you will need to restart networking for
1790667426.446          your interface (varies per distribution and OS), but 
1790667426.446          typically one of:
1790667426.446          sudo service networking restart
1790667426.446          sudo /etc/init.d/networking restart
1790667426.446          or
1790667426.446          nmcli device set [device] managed true
1790667426.446 
1790667426.446 Kismet exiting.
1790667426.446 EXITING: Signal service thread complete.
1790667426.451 KISMET_EXIT=0
