[2026/09/29 10:36:56:1674] N: lws_create_context: LWS: 4.3.5-unknown, NET CLI SRV H1 H2 WS ConMon IPV6-on
[2026/09/29 10:36:56:1677] N: __lws_lc_tag:  ++ [wsi|0|pipe] (1)
[2026/09/29 10:36:56:1678] N: __lws_lc_tag:  ++ [vh|0|netlink] (1)
[2026/09/29 10:36:56:1679] N: __lws_lc_tag:  ++ [vh|1|default||-1] (2)
[2026/09/29 10:36:56:1683] N: __lws_lc_tag:  ++ [wsicli|0|WS/h1/default/127.0.0.1] (1)
[2026/09/29 10:36:56:1688] W: _lws_smd_msg_send: rejecting message on queue depth 40
[2026/09/29 10:36:56:1688] W: _lws_smd_msg_send: rejecting message on queue depth 40
[2026/09/29 10:36:56:1689] W: _lws_smd_msg_send: rejecting message on queue depth 40
[2026/09/29 10:36:56:1689] W: _lws_smd_msg_send: rejecting message on queue depth 40
[2026/09/29 10:36:56:1689] W: _lws_smd_msg_send: rejecting message on queue depth 40
[2026/09/29 10:36:56:1689] W: _lws_smd_msg_send: rejecting message on queue depth 40
[2026/09/29 10:36:56:1693] W: [wsicli|0|WS/h1/default/127.0.0.1]: lws_client_ws_upgrade: got bad HTTP response '401'
FATAL: Datasource could not connect websocket client
[2026/09/29 10:36:56:1694] N: __lws_lc_untag:  -- [wsicli|0|WS/h1/default/127.0.0.1] (0) 1.093ms
FATAL:  Datasource exiting libwebsocket loop
INFO: capture process exited 0 signal 0
INFO: Sleeping 5 seconds before attempting to reconnect to remote server
[2026/09/29 10:37:01:1714] N: lws_create_context: LWS: 4.3.5-unknown, NET CLI SRV H1 H2 WS ConMon IPV6-on
[2026/09/29 10:37:01:1720] N: __lws_lc_tag:  ++ [wsi|0|pipe] (1)
[2026/09/29 10:37:01:1721] N: __lws_lc_tag:  ++ [vh|0|netlink] (1)
[2026/09/29 10:37:01:1724] N: __lws_lc_tag:  ++ [vh|1|default||-1] (2)
[2026/09/29 10:37:01:1735] N: __lws_lc_tag:  ++ [wsicli|0|WS/h1/default/127.0.0.1] (1)
[2026/09/29 10:37:01:1747] W: _lws_smd_msg_send: rejecting message on queue depth 40
[2026/09/29 10:37:01:1758] W: _lws_smd_msg_send: rejecting message on queue depth 40
[2026/09/29 10:37:01:1759] W: _lws_smd_msg_send: rejecting message on queue depth 40
[2026/09/29 10:37:01:1759] W: _lws_smd_msg_send: rejecting message on queue depth 40
[2026/09/29 10:37:01:1759] W: _lws_smd_msg_send: rejecting message on queue depth 40
[2026/09/29 10:37:01:1759] W: _lws_smd_msg_send: rejecting message on queue depth 40
[2026/09/29 10:37:01:1771] W: [wsicli|0|WS/h1/default/127.0.0.1]: lws_client_ws_upgrade: got bad HTTP response '401'
FATAL: Datasource could not connect websocket client
[2026/09/29 10:37:01:1774] N: __lws_lc_untag:  -- [wsicli|0|WS/h1/default/127.0.0.1] (0) 3.893ms
FATAL:  Datasource exiting libwebsocket loop
INFO: capture process exited 0 signal 0
INFO: Sleeping 5 seconds before attempting to reconnect to remote server
