########## password [plainPass1]
REST with basic auth: HTTP 200
  python args: capturing
  python env: capturing
  python key: capturing
  C env: esp32c5-ttyACM1 run=1 err=0 pkts=91 | 
########## password [ab&cd12]
REST with basic auth: HTTP 200
  python args: ERROR: esp32c5-ttyACM0: Kismet refused the websocket: Handshake status 401 Unauthorized -+-+- {'server': 'Kismet', 'content-type': 'text/html', 'content-length'
  python env: ERROR: esp32c5-ttyACM0: Kismet refused the websocket: Handshake status 401 Unauthorized -+-+- {'server': 'Kismet', 'content-type': 'text/html', 'content-length'
  python key: capturing
  C env:  | FATAL: Datasource could not connect websocket client FATAL:  Datasource exiting libwebsocket loop 
########## password [ab cd12]
REST with basic auth: HTTP 200
  python args: capturing
  python env: capturing
  python key: capturing
  C env:  | FATAL: Datasource could not connect websocket client FATAL:  Datasource exiting libwebsocket loop 
########## password [ab%41cd12]
REST with basic auth: HTTP 200
  python args: capturing
  python env: capturing
  python key: capturing
  C env:  | FATAL: Datasource could not connect websocket client FATAL:  Datasource exiting libwebsocket loop 
