1790668049.739 INFO: Including sub-config file: /home/osh/kismet-install/etc/kismet_httpd.conf
1790668049.739 INFO: Including sub-config file: /home/osh/kismet-install/etc/kismet_memory.conf
1790668049.739 INFO: Including sub-config file: /home/osh/kismet-install/etc/kismet_alerts.conf
1790668049.739 INFO: Including sub-config file: /home/osh/kismet-install/etc/kismet_80211.conf
1790668049.739 INFO: Including sub-config file: /home/osh/kismet-install/etc/kismet_logging.conf
1790668049.739 INFO: Including sub-config file: /home/osh/kismet-install/etc/kismet_filter.conf
1790668049.739 INFO: Including sub-config file: /home/osh/kismet-install/etc/kismet_uav.conf
1790668049.739 INFO: Loading config override file '/home/osh/kismet-install/etc/kismet_package.conf'
1790668049.739 INFO: Optional sub-config file not present: /home/osh/kismet-install/etc/kismet_package.conf
1790668049.739 INFO: Loading config override file '/home/osh/kismet-install/etc/kismet_site.conf'
1790668049.739 INFO: Optional sub-config file not present: /home/osh/kismet-install/etc/kismet_site.conf
1790668049.739 INFO: Generated server UUID 05A63FA4-BBDA-11F1-8B3B-4B49534D4554 and storing in /tmp/py/p16/.kismet//kismet_server_id.conf
1790668049.739 INFO: Setting server UUID 05A63FA4-BBDA-11F1-8B3B-4B49534D4554
1790668049.739 INFO: Starting Beast webserver on 0.0.0.0:2501
1790668049.739 INFO: Opened OUI file '/home/osh/kismet-install/share/kismet/kismet_manuf.txt.gz
1790668049.739 INFO: Indexing manufacturer db
1790668049.740 INFO: Completed indexing manufacturer db, 38959 lines and 780 indexes.
1790668049.747 INFO: Saving devices to the Kismet database log every 30 seconds
1790668049.752 INFO: Using default rates of 10/min, 1/sec for alert 'DEVICEFOUND'
1790668049.752 INFO: Using default rates of 10/min, 1/sec for alert 'DEVICELOST'
1790668049.752 INFO: Registering support for DLT_PPI packet header decoding
1790668049.752 INFO: Registering support for DLT_RADIOTAP packet header decoding
1790668049.752 INFO: Registering support for DLT_BTLE_RADIO packet header decoding
1790668049.755 INFO: Using default rates of 10/min, 1/sec for alert 'BADFIXLENIE'
1790668049.756 INFO: PHY80211 will only process AP signal levels from beacons
1790668049.756 INFO: Allowing Kismet clients to view WEP keys
1790668049.756 DEBUG: ssid canary FooCanary:ssid="FoobarCanary"
1790668049.757 DEBUG: ssid canary FooCanart2:ssid="(?i:foobarcanary)"
1790668049.757 INFO: Keeping EAPOL packets in memory for easy download and WIDS functionality; this can use more RAM.
1790668049.759 INFO: Registered PHY handler 'IEEE802.11' as ID 0
1790668049.761 INFO: Registered PHY handler 'RFSENSOR' as ID 1
1790668049.762 INFO: Registered PHY handler 'Z-Wave' as ID 2
1790668049.763 INFO: Registered PHY handler 'Bluetooth' as ID 3
1790668049.763 DEBUG: reserve_fields home id 538 app id 539
1790668049.766 INFO: Registered PHY handler 'UAV' as ID 4
1790668049.767 INFO: Registered PHY handler 'NrfMousejack' as ID 5
1790668049.767 ERROR: Tried to re-register duplicate alert FLIPPERZERO
1790668049.768 INFO: Registered PHY handler 'BTLE' as ID 6
1790668049.769 INFO: Registered PHY handler 'METER' as ID 7
1790668049.769 INFO: Indexing ADSB ICAO db
1790668050.027 INFO: Completed indexing ADSB ICAO db, 341068 lines 6822 indexes
1790668050.029 INFO: Registered PHY handler 'ADSB' as ID 8
1790668050.030 INFO: Registered PHY handler '802.15.4' as ID 9
1790668050.031 INFO: Registered PHY handler 'RADIATION' as ID 10
1790668050.037 INFO: (HTTPD) Could not read session data file, skipping loading saved sessions.
1790668050.037 INFO: Serving static file content from /home/osh/kismet-install/share/kismet/httpd/
1790668050.038 INFO: Enabling channel hopping by default on sources which support channel control.
1790668050.038 INFO: Setting default channel hop rate to 5/sec
1790668050.038 INFO: Enabling channel list splitting on sources which share the same list of channels
1790668050.038 INFO: Enabling channel list shuffling to optimize overlaps
1790668050.038 INFO: Sources will be re-opened if they encounter an error
1790668050.038 INFO: Saving datasources to the Kismet database log every 30 seconds
1790668050.039 INFO: Launching remote capture server on 127.0.0.1 3501
1790668050.041 INFO: No data sources defined; Kismet will not capture anything until a source is added.
1790668050.043 ALERT: LOGDISABLED Logging has been disabled via the Kismet config files or the command line.  Pcap, database, and related logs will not be saved.
1790668050.043 INFO: Logging disabled, not enabling any log drivers.
1790668050.043 INFO: GPS track will be logged to the Kismet logfile
1790668050.044 INFO: Starting Kismet web server...
1790668050.044 INFO: HTTP server listening on 0.0.0.0:2501
1790668050.046 INFO: Could not open system plugin directory (/home/osh/kismet-install/lib/kismet/), skipping: No such file or directory
1790668050.046 INFO: Did not find a user plugin directory (/tmp/py/p16/.kismet//plugins/), skipping: No such file or directory
1790668051.329 INFO: New remote source esp32c5btle (E5C50003-0000-0000-0000-825FEA661641) connected
1790668051.330 INFO: esp32c5btle - /tmp/py/fake opened
1790668052.140 INFO: esp32c5btle - /tmp/py/fake capturing
1790668052.152 INFO: Detected new BTLE device C6:00:00:C5:E5:5A ESP32C5-FAKE
1790668057.827 ERROR: Data source 'esp32c5btle / esp32c5btle:device=/tmp/py/fake' ('esp32c5btle') encountered an error: websocket connection closed
1790668060.048 
1790668060.048 *** KISMET IS SHUTTING DOWN ***
1790668060.048 Shutting down plugins...
1790668060.048 WARNING: Kismet changes the configuration of network devices.
1790668060.048          In most cases you will need to restart networking for
1790668060.048          your interface (varies per distribution and OS), but 
1790668060.048          typically one of:
1790668060.048          sudo service networking restart
1790668060.048          sudo /etc/init.d/networking restart
1790668060.048          or
1790668060.048          nmcli device set [device] managed true
1790668060.048 
1790668060.048 Kismet exiting.
1790668060.048 EXITING: Signal service thread complete.
1790668060.053 KISMET_EXIT=0
