1790668169.760 INFO: Including sub-config file: /home/osh/kismet-install/etc/kismet_httpd.conf
1790668169.760 INFO: Including sub-config file: /home/osh/kismet-install/etc/kismet_memory.conf
1790668169.760 INFO: Including sub-config file: /home/osh/kismet-install/etc/kismet_alerts.conf
1790668169.760 INFO: Including sub-config file: /home/osh/kismet-install/etc/kismet_80211.conf
1790668169.760 INFO: Including sub-config file: /home/osh/kismet-install/etc/kismet_logging.conf
1790668169.760 INFO: Including sub-config file: /home/osh/kismet-install/etc/kismet_filter.conf
1790668169.760 INFO: Including sub-config file: /home/osh/kismet-install/etc/kismet_uav.conf
1790668169.760 INFO: Loading config override file '/home/osh/kismet-install/etc/kismet_package.conf'
1790668169.760 INFO: Optional sub-config file not present: /home/osh/kismet-install/etc/kismet_package.conf
1790668169.760 INFO: Loading config override file '/home/osh/kismet-install/etc/kismet_site.conf'
1790668169.760 INFO: Optional sub-config file not present: /home/osh/kismet-install/etc/kismet_site.conf
1790668169.760 INFO: Generated server UUID 4D2FFC0C-BBDA-11F1-8CF9-4B49534D4554 and storing in /tmp/py/p17/.kismet//kismet_server_id.conf
1790668169.760 INFO: Setting server UUID 4D2FFC0C-BBDA-11F1-8CF9-4B49534D4554
1790668169.760 INFO: Starting Beast webserver on 0.0.0.0:2501
1790668169.760 INFO: Opened OUI file '/home/osh/kismet-install/share/kismet/kismet_manuf.txt.gz
1790668169.760 INFO: Indexing manufacturer db
1790668169.761 INFO: Completed indexing manufacturer db, 38959 lines and 780 indexes.
1790668169.768 INFO: Saving devices to the Kismet database log every 30 seconds
1790668169.773 INFO: Using default rates of 10/min, 1/sec for alert 'DEVICEFOUND'
1790668169.773 INFO: Using default rates of 10/min, 1/sec for alert 'DEVICELOST'
1790668169.773 INFO: Registering support for DLT_PPI packet header decoding
1790668169.773 INFO: Registering support for DLT_RADIOTAP packet header decoding
1790668169.773 INFO: Registering support for DLT_BTLE_RADIO packet header decoding
1790668169.776 INFO: Using default rates of 10/min, 1/sec for alert 'BADFIXLENIE'
1790668169.777 INFO: PHY80211 will only process AP signal levels from beacons
1790668169.777 INFO: Allowing Kismet clients to view WEP keys
1790668169.777 DEBUG: ssid canary FooCanary:ssid="FoobarCanary"
1790668169.777 DEBUG: ssid canary FooCanart2:ssid="(?i:foobarcanary)"
1790668169.778 INFO: Keeping EAPOL packets in memory for easy download and WIDS functionality; this can use more RAM.
1790668169.780 INFO: Registered PHY handler 'IEEE802.11' as ID 0
1790668169.782 INFO: Registered PHY handler 'RFSENSOR' as ID 1
1790668169.783 INFO: Registered PHY handler 'Z-Wave' as ID 2
1790668169.784 INFO: Registered PHY handler 'Bluetooth' as ID 3
1790668169.784 DEBUG: reserve_fields home id 538 app id 539
1790668169.787 INFO: Registered PHY handler 'UAV' as ID 4
1790668169.788 INFO: Registered PHY handler 'NrfMousejack' as ID 5
1790668169.788 ERROR: Tried to re-register duplicate alert FLIPPERZERO
1790668169.789 INFO: Registered PHY handler 'BTLE' as ID 6
1790668169.790 INFO: Registered PHY handler 'METER' as ID 7
1790668169.790 INFO: Indexing ADSB ICAO db
1790668170.049 INFO: Completed indexing ADSB ICAO db, 341068 lines 6822 indexes
1790668170.051 INFO: Registered PHY handler 'ADSB' as ID 8
1790668170.052 INFO: Registered PHY handler '802.15.4' as ID 9
1790668170.053 INFO: Registered PHY handler 'RADIATION' as ID 10
1790668170.060 INFO: (HTTPD) Could not read session data file, skipping loading saved sessions.
1790668170.060 INFO: Serving static file content from /home/osh/kismet-install/share/kismet/httpd/
1790668170.060 INFO: Enabling channel hopping by default on sources which support channel control.
1790668170.060 INFO: Setting default channel hop rate to 5/sec
1790668170.060 INFO: Enabling channel list splitting on sources which share the same list of channels
1790668170.060 INFO: Enabling channel list shuffling to optimize overlaps
1790668170.061 INFO: Sources will be re-opened if they encounter an error
1790668170.061 INFO: Saving datasources to the Kismet database log every 30 seconds
1790668170.061 INFO: Launching remote capture server on 127.0.0.1 3501
1790668170.064 INFO: No data sources defined; Kismet will not capture anything until a source is added.
1790668170.065 ALERT: LOGDISABLED Logging has been disabled via the Kismet config files or the command line.  Pcap, database, and related logs will not be saved.
1790668170.065 INFO: Logging disabled, not enabling any log drivers.
1790668170.065 INFO: GPS track will be logged to the Kismet logfile
1790668170.066 INFO: Starting Kismet web server...
1790668170.067 INFO: HTTP server listening on 0.0.0.0:2501
1790668170.068 INFO: Could not open system plugin directory (/home/osh/kismet-install/lib/kismet/), skipping: No such file or directory
1790668170.068 INFO: Did not find a user plugin directory (/tmp/py/p17/.kismet//plugins/), skipping: No such file or directory
1790668247.570 INFO: New remote source esp32c5-ttyACM0 (E5C50001-0000-0000-0000-10BDA3CF0540) connected
1790668247.571 INFO: esp32c5-ttyACM0 - /dev/ttyACM0 opened
1790668248.517 INFO: esp32c5-ttyACM0 - /dev/ttyACM0 capturing
1790668250.131 INFO: Detected new 802.11 Wi-Fi device FC:F5:C4:BE:0B:A5
1790668250.224 INFO: Detected new 802.11 Wi-Fi access point 26:39:F1:AB:05:B2
1790668250.224 INFO: Detected new 802.11 Wi-Fi device A8:DB:03:42:DE:68
1790668250.546 INFO: Detected new 802.11 Wi-Fi access point 46:AE:30:84:5A:16
1790668250.557 INFO: 802.11 Wi-Fi device 46:AE:30:84:5A:16 advertising a new cloaked SSID
1790668250.559 INFO: Detected new 802.11 Wi-Fi access point 46:AE:30:84:34:B6
1790668250.560 INFO: 802.11 Wi-Fi device 46:AE:30:84:34:B6 advertising a new cloaked SSID
1790668250.586 INFO: Detected new 802.11 Wi-Fi access point 40:AE:30:84:5A:16
1790668250.587 INFO: 802.11 Wi-Fi device 40:AE:30:84:5A:16 advertising new SSID 'cohen42'
1790668254.284 INFO: Detected new 802.11 Wi-Fi access point 80:AF:CA:75:C2:23
1790668254.285 INFO: 802.11 Wi-Fi device 80:AF:CA:75:C2:23 advertising new SSID 'Cudy-C223'
1790668254.287 INFO: Detected new 802.11 Wi-Fi access point 82:AF:CA:25:C2:23
1790668254.291 INFO: 802.11 Wi-Fi device 82:AF:CA:25:C2:23 advertising a new cloaked SSID
1790668254.487 INFO: Detected new 802.11 Wi-Fi device 3A:0A:42:2F:8D:64
1790668254.501 INFO: Detected new 802.11 Wi-Fi device 20:15:DE:A1:04:FB
1790668254.502 INFO: Detected new 802.11 Wi-Fi access point 40:AE:30:84:34:B6
1790668254.503 INFO: 802.11 Wi-Fi device 40:AE:30:84:34:B6 advertising new SSID 'cohen42'
1790668254.696 INFO: Detected new 802.11 Wi-Fi device 2C:E0:32:9D:BF:C5
1790668254.956 INFO: Detected new 802.11 Wi-Fi device E4:5F:01:49:99:3F
1790668254.956 INFO: Detected new 802.11 Wi-Fi device 42:A2:BA:65:29:F3
1790668256.243 INFO: Detected new 802.11 Wi-Fi access point CA:C9:A3:4D:96:E7
1790668256.258 INFO: 802.11 Wi-Fi device CA:C9:A3:4D:96:E7 advertising new SSID 'ESP-4D96E7'
1790668256.660 INFO: Detected new 802.11 Wi-Fi access point 40:AE:30:84:36:22
1790668256.661 INFO: 802.11 Wi-Fi device 40:AE:30:84:36:22 advertising new SSID 'cohen42'
1790668256.713 INFO: Detected new 802.11 Wi-Fi device 40:AE:30:84:5A:14
1790668256.715 INFO: Detected new 802.11 Wi-Fi access point 46:AE:30:84:36:22
1790668256.716 INFO: 802.11 Wi-Fi device 46:AE:30:84:36:22 advertising a new cloaked SSID
1790668258.464 INFO: Detected new 802.11 Wi-Fi access point 00:B8:C2:B2:AE:57
1790668258.465 INFO: 802.11 Wi-Fi device 00:B8:C2:B2:AE:57 advertising new SSID 'Mor'
1790668258.738 INFO: Detected new 802.11 Wi-Fi device 94:83:C4:25:9E:39
1790668258.931 ERROR: Data source 'esp32c5-ttyACM0 / esp32c5-ttyACM0' ('esp32c5-ttyACM0') encountered an error: websocket connection closed
1790668332.555 INFO: Matching new remote source 'esp32c5-ttyACM0' with known source with UUID 'E5C50001-0000-0000-0000-10BDA3CF0540'
1790668332.564 INFO: esp32c5-ttyACM0 - /dev/ttyACM0 opened
1790668332.565 INFO: Remote source esp32c5-ttyACM0 (E5C50001-0000-0000-0000-10BDA3CF0540) reconnected
1790668333.466 INFO: esp32c5-ttyACM0 - /dev/ttyACM0 capturing
1790668333.618 INFO: Detected new 802.11 Wi-Fi device 70:F7:54:55:CB:00
1790668333.619 INFO: Detected new 802.11 Wi-Fi device 00:B8:C2:B2:AE:58
1790668335.211 INFO: 802.11 Wi-Fi device 26:39:F1:AB:05:B2 advertising new SSID 'osvc-2'
1790668335.498 INFO: 802.11 Wi-Fi device 40:AE:30:84:34:B6 advertising new SSID 'cohen42'
1790668335.498 INFO: Detected new 802.11 Wi-Fi device A8:5B:B7:47:08:0F
1790668339.421 INFO: Detected new 802.11 Wi-Fi device 20:0B:74:10:99:0E
1790668341.628 INFO: Detected new 802.11 Wi-Fi device B0:1F:47:17:AF:4A
1790668341.639 INFO: Detected new 802.11 Wi-Fi device DE:85:21:5C:A3:AE
1790668341.712 INFO: Detected new 802.11 Wi-Fi device CC:27:46:EB:0E:B5
1790668341.714 INFO: 802.11 Wi-Fi device 40:AE:30:84:36:22 advertising new SSID 'cohen42'
1790668341.761 INFO: 802.11 Wi-Fi device 40:AE:30:84:5A:16 advertising new SSID 'cohen42'
1790668343.975 ERROR: Data source 'esp32c5-ttyACM0 / esp32c5-ttyACM0' ('esp32c5-ttyACM0') encountered an error: websocket connection closed
1790668415.807 INFO: Matching new remote source 'esp32c5-ttyACM0' with known source with UUID 'E5C50001-0000-0000-0000-10BDA3CF0540'
1790668415.815 INFO: Remote source esp32c5-ttyACM0 (E5C50001-0000-0000-0000-10BDA3CF0540) reconnected
1790668415.816 INFO: esp32c5-ttyACM0 - /dev/ttyACM0 opened
1790668416.716 INFO: esp32c5-ttyACM0 - /dev/ttyACM0 capturing
1790668420.466 INFO: Detected new 802.11 Wi-Fi device 04:7E:4A:3C:7E:D7
1790668424.603 INFO: Detected new 802.11 Wi-Fi device 4C:2E:5E:D5:FE:E9
1790668424.618 INFO: 802.11 Wi-Fi device CA:C9:A3:4D:96:E7 advertising new SSID 'ESP-4D96E7'
1790668427.223 ERROR: Data source 'esp32c5-ttyACM0 / esp32c5-ttyACM0' ('esp32c5-ttyACM0') encountered an error: websocket connection closed
1790668492.723 INFO: Matching new remote source 'esp32c5-ttyACM0' with known source with UUID 'E5C50001-0000-0000-0000-10BDA3CF0540'
1790668492.731 INFO: Remote source esp32c5-ttyACM0 (E5C50001-0000-0000-0000-10BDA3CF0540) reconnected
1790668492.732 INFO: esp32c5-ttyACM0 - /dev/ttyACM0 opened
1790668493.725 INFO: esp32c5-ttyACM0 - /dev/ttyACM0 capturing
1790668499.504 INFO: Detected new 802.11 Wi-Fi device 74:F8:DB:5D:D0:61
1790668501.462 INFO: Detected new 802.11 Wi-Fi device 8A:D8:E5:C7:6A:16
1790668501.465 INFO: Detected new 802.11 Wi-Fi device 8A:D8:E5:C7:6A:15
1790668501.465 INFO: Detected new 802.11 Wi-Fi device 8A:D8:E5:C7:6A:0D
1790668501.568 INFO: Detected new 802.11 Wi-Fi device DA:D8:E5:C7:6A:14
1790668501.568 INFO: Detected new 802.11 Wi-Fi device DA:D8:E5:C7:6A:0C
1790668503.602 INFO: Detected new 802.11 Wi-Fi device 04:7E:4A:3C:78:E3
1790668504.126 ERROR: Data source 'esp32c5-ttyACM0 / esp32c5-ttyACM0' ('esp32c5-ttyACM0') encountered an error: websocket connection closed
1790668504.625 
1790668504.625 *** KISMET IS SHUTTING DOWN ***
1790668504.625 Shutting down plugins...
1790668504.625 WARNING: Kismet changes the configuration of network devices.
1790668504.625          In most cases you will need to restart networking for
1790668504.625          your interface (varies per distribution and OS), but 
1790668504.625          typically one of:
1790668504.625          sudo service networking restart
1790668504.625          sudo /etc/init.d/networking restart
1790668504.625          or
1790668504.625          nmcli device set [device] managed true
1790668504.626 
1790668504.626 Kismet exiting.
1790668504.626 EXITING: Signal service thread complete.
1790668504.631 KISMET_EXIT=0
