1790668551.010 INFO: Including sub-config file: /home/osh/kismet-install/etc/kismet_httpd.conf
1790668551.010 INFO: Including sub-config file: /home/osh/kismet-install/etc/kismet_memory.conf
1790668551.010 INFO: Including sub-config file: /home/osh/kismet-install/etc/kismet_alerts.conf
1790668551.010 INFO: Including sub-config file: /home/osh/kismet-install/etc/kismet_80211.conf
1790668551.010 INFO: Including sub-config file: /home/osh/kismet-install/etc/kismet_logging.conf
1790668551.010 INFO: Including sub-config file: /home/osh/kismet-install/etc/kismet_filter.conf
1790668551.010 INFO: Including sub-config file: /home/osh/kismet-install/etc/kismet_uav.conf
1790668551.010 INFO: Loading config override file '/home/osh/kismet-install/etc/kismet_package.conf'
1790668551.010 INFO: Optional sub-config file not present: /home/osh/kismet-install/etc/kismet_package.conf
1790668551.010 INFO: Loading config override file '/home/osh/kismet-install/etc/kismet_site.conf'
1790668551.010 INFO: Optional sub-config file not present: /home/osh/kismet-install/etc/kismet_site.conf
1790668551.010 INFO: Generated server UUID 306E0EF0-BBDB-11F1-8115-4B49534D4554 and storing in /tmp/py/p20/.kismet//kismet_server_id.conf
1790668551.010 INFO: Setting server UUID 306E0EF0-BBDB-11F1-8115-4B49534D4554
1790668551.010 INFO: Starting Beast webserver on 0.0.0.0:2501
1790668551.010 INFO: Opened OUI file '/home/osh/kismet-install/share/kismet/kismet_manuf.txt.gz
1790668551.010 INFO: Indexing manufacturer db
1790668551.011 INFO: Completed indexing manufacturer db, 38959 lines and 780 indexes.
1790668551.017 INFO: Saving devices to the Kismet database log every 30 seconds
1790668551.023 INFO: Using default rates of 10/min, 1/sec for alert 'DEVICEFOUND'
1790668551.023 INFO: Using default rates of 10/min, 1/sec for alert 'DEVICELOST'
1790668551.023 INFO: Registering support for DLT_PPI packet header decoding
1790668551.023 INFO: Registering support for DLT_RADIOTAP packet header decoding
1790668551.023 INFO: Registering support for DLT_BTLE_RADIO packet header decoding
1790668551.026 INFO: Using default rates of 10/min, 1/sec for alert 'BADFIXLENIE'
1790668551.026 INFO: PHY80211 will only process AP signal levels from beacons
1790668551.026 INFO: Allowing Kismet clients to view WEP keys
1790668551.027 DEBUG: ssid canary FooCanary:ssid="FoobarCanary"
1790668551.027 DEBUG: ssid canary FooCanart2:ssid="(?i:foobarcanary)"
1790668551.027 INFO: Keeping EAPOL packets in memory for easy download and WIDS functionality; this can use more RAM.
1790668551.030 INFO: Registered PHY handler 'IEEE802.11' as ID 0
1790668551.032 INFO: Registered PHY handler 'RFSENSOR' as ID 1
1790668551.033 INFO: Registered PHY handler 'Z-Wave' as ID 2
1790668551.034 INFO: Registered PHY handler 'Bluetooth' as ID 3
1790668551.034 DEBUG: reserve_fields home id 538 app id 539
1790668551.036 INFO: Registered PHY handler 'UAV' as ID 4
1790668551.037 INFO: Registered PHY handler 'NrfMousejack' as ID 5
1790668551.037 ERROR: Tried to re-register duplicate alert FLIPPERZERO
1790668551.038 INFO: Registered PHY handler 'BTLE' as ID 6
1790668551.040 INFO: Registered PHY handler 'METER' as ID 7
1790668551.040 INFO: Indexing ADSB ICAO db
1790668551.299 INFO: Completed indexing ADSB ICAO db, 341068 lines 6822 indexes
1790668551.301 INFO: Registered PHY handler 'ADSB' as ID 8
1790668551.302 INFO: Registered PHY handler '802.15.4' as ID 9
1790668551.303 INFO: Registered PHY handler 'RADIATION' as ID 10
1790668551.309 INFO: (HTTPD) Could not read session data file, skipping loading saved sessions.
1790668551.309 INFO: Serving static file content from /home/osh/kismet-install/share/kismet/httpd/
1790668551.310 INFO: Enabling channel hopping by default on sources which support channel control.
1790668551.310 INFO: Setting default channel hop rate to 5/sec
1790668551.310 INFO: Enabling channel list splitting on sources which share the same list of channels
1790668551.310 INFO: Enabling channel list shuffling to optimize overlaps
1790668551.310 INFO: Sources will be re-opened if they encounter an error
1790668551.310 INFO: Saving datasources to the Kismet database log every 30 seconds
1790668551.310 INFO: Launching remote capture server on 127.0.0.1 3501
1790668551.313 INFO: No data sources defined; Kismet will not capture anything until a source is added.
1790668551.315 ALERT: LOGDISABLED Logging has been disabled via the Kismet config files or the command line.  Pcap, database, and related logs will not be saved.
1790668551.315 INFO: Logging disabled, not enabling any log drivers.
1790668551.315 INFO: GPS track will be logged to the Kismet logfile
1790668551.316 INFO: Starting Kismet web server...
1790668551.316 INFO: HTTP server listening on 0.0.0.0:2501
1790668551.318 INFO: Could not open system plugin directory (/home/osh/kismet-install/lib/kismet/), skipping: No such file or directory
1790668551.318 INFO: Did not find a user plugin directory (/tmp/py/p20/.kismet//plugins/), skipping: No such file or directory
1790668551.703 INFO: win-ble - /dev/ttyACM3 opened
1790668551.704 INFO: New remote source win-ble (E5C50003-0000-0000-0000-10BDA3C87D54) connected
1790668551.709 INFO: New remote source win-wifi (E5C50001-0000-0000-0000-10BDA3CF0540) connected
1790668551.711 INFO: win-wifi - /dev/ttyACM0 opened
1790668552.605 INFO: win-wifi - /dev/ttyACM0 capturing
1790668552.647 INFO: win-ble - /dev/ttyACM3 capturing
1790668552.679 INFO: Detected new BTLE device 74:DC:44:92:E7:34
1790668552.760 INFO: Detected new BTLE device 09:19:9C:A8:93:8E
1790668553.025 INFO: Detected new BTLE device 53:66:04:00:4F:F5
1790668553.301 INFO: Detected new BTLE device 48:9E:9D:9E:42:7C tcl_AC_t*ap_szkt
1790668553.342 INFO: Detected new BTLE device E0:B7:2F:28:A0:C1
1790668554.190 INFO: Detected new 802.11 Wi-Fi access point 00:B8:C2:B2:AE:57
1790668554.190 INFO: 802.11 Wi-Fi device 00:B8:C2:B2:AE:57 advertising new SSID 'Mor'
1790668554.348 INFO: Detected new 802.11 Wi-Fi access point 26:39:F1:AB:05:B2
1790668554.349 INFO: 802.11 Wi-Fi device 26:39:F1:AB:05:B2 advertising new SSID 'osvc-2'
1790668554.613 INFO: Detected new 802.11 Wi-Fi access point 40:AE:30:84:34:B6
1790668554.613 INFO: 802.11 Wi-Fi device 40:AE:30:84:34:B6 advertising new SSID 'cohen42'
1790668554.660 INFO: Detected new 802.11 Wi-Fi access point 46:AE:30:84:5A:16
1790668554.664 INFO: 802.11 Wi-Fi device 46:AE:30:84:5A:16 advertising a new cloaked SSID
1790668554.711 INFO: Detected new 802.11 Wi-Fi access point 40:AE:30:84:5A:16
1790668554.711 INFO: 802.11 Wi-Fi device 40:AE:30:84:5A:16 advertising new SSID 'cohen42'
1790668554.713 INFO: Detected new 802.11 Wi-Fi device 10:FF:E0:76:96:8C
1790668555.114 INFO: Detected new 802.11 Wi-Fi device E4:5F:01:49:99:3F
1790668555.114 INFO: Detected new 802.11 Wi-Fi device 42:A2:BA:65:29:F3
1790668557.070 INFO: Detected new 802.11 Wi-Fi access point D2:D8:A4:DB:5E:A5
1790668557.076 INFO: 802.11 Wi-Fi device D2:D8:A4:DB:5E:A5 advertising new SSID 'Dayan'
1790668557.132 INFO: Detected new BTLE device 77:45:B0:FB:EC:12
1790668558.409 INFO: Detected new 802.11 Wi-Fi access point 80:AF:CA:75:C2:23
1790668558.410 INFO: 802.11 Wi-Fi device 80:AF:CA:75:C2:23 advertising new SSID 'Cudy-C223'
1790668558.559 INFO: Detected new 802.11 Wi-Fi access point 46:AE:30:84:34:B6
1790668558.560 INFO: 802.11 Wi-Fi device 46:AE:30:84:34:B6 advertising a new cloaked SSID
1790668559.066 INFO: Detected new 802.11 Wi-Fi device DE:85:21:5C:A3:AE
1790668559.376 INFO: Detected new BTLE device F4:DD:06:5E:7E:19
1790668560.109 INFO: Detected new 802.11 Wi-Fi device A8:DB:03:42:DE:68
1790668560.364 INFO: Detected new 802.11 Wi-Fi access point CA:C9:A3:4D:96:E7
1790668560.379 INFO: 802.11 Wi-Fi device CA:C9:A3:4D:96:E7 advertising new SSID 'ESP-4D96E7'
1790668560.857 INFO: Detected new 802.11 Wi-Fi device 40:AE:30:84:5A:15
1790668563.086 INFO: Detected new 802.11 Wi-Fi device B0:1F:47:17:AF:4A
1790668563.136 INFO: 802.11 Wi-Fi device 40:AE:30:84:34:B6 advertising new SSID 'cohen42'
1790668564.844 ERROR: Data source 'win-wifi / esp32c5-ttyACM0:name=win-wifi' ('esp32c5-ttyACM0') encountered an error: websocket connection closed
1790668564.867 ERROR: Data source 'win-ble / esp32c5btle-ttyACM3:name=win-ble' ('esp32c5btle-ttyACM3') encountered an error: websocket connection closed
1790668567.321 
1790668567.321 *** KISMET IS SHUTTING DOWN ***
1790668567.321 Shutting down plugins...
1790668567.321 WARNING: Kismet changes the configuration of network devices.
1790668567.321          In most cases you will need to restart networking for
1790668567.321          your interface (varies per distribution and OS), but 
1790668567.321          typically one of:
1790668567.321          sudo service networking restart
1790668567.321          sudo /etc/init.d/networking restart
1790668567.321          or
1790668567.321          nmcli device set [device] managed true
1790668567.321 
1790668567.321 Kismet exiting.
1790668567.321 EXITING: Signal service thread complete.
1790668567.327 KISMET_EXIT=0
