1790668763.181 INFO: Including sub-config file: /home/osh/kismet-install/etc/kismet_httpd.conf
1790668763.181 INFO: Including sub-config file: /home/osh/kismet-install/etc/kismet_memory.conf
1790668763.181 INFO: Including sub-config file: /home/osh/kismet-install/etc/kismet_alerts.conf
1790668763.181 INFO: Including sub-config file: /home/osh/kismet-install/etc/kismet_80211.conf
1790668763.181 INFO: Including sub-config file: /home/osh/kismet-install/etc/kismet_logging.conf
1790668763.181 INFO: Including sub-config file: /home/osh/kismet-install/etc/kismet_filter.conf
1790668763.181 INFO: Including sub-config file: /home/osh/kismet-install/etc/kismet_uav.conf
1790668763.181 INFO: Loading config override file '/home/osh/kismet-install/etc/kismet_package.conf'
1790668763.181 INFO: Optional sub-config file not present: /home/osh/kismet-install/etc/kismet_package.conf
1790668763.181 INFO: Loading config override file '/home/osh/kismet-install/etc/kismet_site.conf'
1790668763.181 INFO: Optional sub-config file not present: /home/osh/kismet-install/etc/kismet_site.conf
1790668763.181 INFO: Generated server UUID AEE4AA50-BBDB-11F1-AD05-4B49534D4554 and storing in /tmp/py/p21b/.kismet//kismet_server_id.conf
1790668763.181 INFO: Setting server UUID AEE4AA50-BBDB-11F1-AD05-4B49534D4554
1790668763.181 INFO: Starting Beast webserver on 0.0.0.0:2501
1790668763.181 INFO: Opened OUI file '/home/osh/kismet-install/share/kismet/kismet_manuf.txt.gz
1790668763.181 INFO: Indexing manufacturer db
1790668763.182 INFO: Completed indexing manufacturer db, 38959 lines and 780 indexes.
1790668763.189 INFO: Saving devices to the Kismet database log every 30 seconds
1790668763.194 INFO: Using default rates of 10/min, 1/sec for alert 'DEVICEFOUND'
1790668763.194 INFO: Using default rates of 10/min, 1/sec for alert 'DEVICELOST'
1790668763.194 INFO: Registering support for DLT_PPI packet header decoding
1790668763.194 INFO: Registering support for DLT_RADIOTAP packet header decoding
1790668763.194 INFO: Registering support for DLT_BTLE_RADIO packet header decoding
1790668763.197 INFO: Using default rates of 10/min, 1/sec for alert 'BADFIXLENIE'
1790668763.198 INFO: PHY80211 will only process AP signal levels from beacons
1790668763.198 INFO: Allowing Kismet clients to view WEP keys
1790668763.198 DEBUG: ssid canary FooCanary:ssid="FoobarCanary"
1790668763.198 DEBUG: ssid canary FooCanart2:ssid="(?i:foobarcanary)"
1790668763.199 INFO: Keeping EAPOL packets in memory for easy download and WIDS functionality; this can use more RAM.
1790668763.201 INFO: Registered PHY handler 'IEEE802.11' as ID 0
1790668763.203 INFO: Registered PHY handler 'RFSENSOR' as ID 1
1790668763.204 INFO: Registered PHY handler 'Z-Wave' as ID 2
1790668763.205 INFO: Registered PHY handler 'Bluetooth' as ID 3
1790668763.205 DEBUG: reserve_fields home id 538 app id 539
1790668763.208 INFO: Registered PHY handler 'UAV' as ID 4
1790668763.209 INFO: Registered PHY handler 'NrfMousejack' as ID 5
1790668763.209 ERROR: Tried to re-register duplicate alert FLIPPERZERO
1790668763.210 INFO: Registered PHY handler 'BTLE' as ID 6
1790668763.211 INFO: Registered PHY handler 'METER' as ID 7
1790668763.211 INFO: Indexing ADSB ICAO db
1790668763.474 INFO: Completed indexing ADSB ICAO db, 341068 lines 6822 indexes
1790668763.475 INFO: Registered PHY handler 'ADSB' as ID 8
1790668763.477 INFO: Registered PHY handler '802.15.4' as ID 9
1790668763.478 INFO: Registered PHY handler 'RADIATION' as ID 10
1790668763.484 INFO: (HTTPD) Could not read session data file, skipping loading saved sessions.
1790668763.484 INFO: Serving static file content from /home/osh/kismet-install/share/kismet/httpd/
1790668763.485 INFO: Enabling channel hopping by default on sources which support channel control.
1790668763.485 INFO: Setting default channel hop rate to 5/sec
1790668763.485 INFO: Enabling channel list splitting on sources which share the same list of channels
1790668763.485 INFO: Enabling channel list shuffling to optimize overlaps
1790668763.485 INFO: Sources will be re-opened if they encounter an error
1790668763.485 INFO: Saving datasources to the Kismet database log every 30 seconds
1790668763.485 INFO: Launching remote capture server on 127.0.0.1 3501
1790668763.488 INFO: No data sources defined; Kismet will not capture anything until a source is added.
1790668763.490 ALERT: LOGDISABLED Logging has been disabled via the Kismet config files or the command line.  Pcap, database, and related logs will not be saved.
1790668763.490 INFO: Logging disabled, not enabling any log drivers.
1790668763.490 INFO: GPS track will be logged to the Kismet logfile
1790668763.491 INFO: Starting Kismet web server...
1790668763.491 INFO: HTTP server listening on 0.0.0.0:2501
1790668763.493 INFO: Could not open system plugin directory (/home/osh/kismet-install/lib/kismet/), skipping: No such file or directory
1790668763.493 INFO: Did not find a user plugin directory (/tmp/py/p21b/.kismet//plugins/), skipping: No such file or directory
1790668763.801 INFO: esp32c5-ttyACM2 - /dev/ttyACM2 is already in use by another capture (an esp32c5 source or another program holds it); a board captures with one radio at a time; waiting for it
1790668763.802 ERROR: Data source 'esp32c5-ttyACM2 / esp32c5-ttyACM2' ('esp32c5-ttyACM2') encountered an error: /dev/ttyACM2 is already in use by another capture (an esp32c5 source or another program holds it); a board captures with one radio at a time
1790668763.802 ERROR: Error connecting new remote source esp32c5-ttyACM2 (E5C50001-0000-0000-0000-3844BEBFD80C) - /dev/ttyACM2 is already in use by another capture (an esp32c5 source or another program holds it); a board captures with one radio at a time
1790668768.839 INFO: esp32c5-ttyACM2 - /dev/ttyACM2 is already in use by another capture (an esp32c5 source or another program holds it); a board captures with one radio at a time; waiting for it
1790668768.840 ERROR: Data source 'esp32c5-ttyACM2 / esp32c5-ttyACM2' ('esp32c5-ttyACM2') encountered an error: /dev/ttyACM2 is already in use by another capture (an esp32c5 source or another program holds it); a board captures with one radio at a time
1790668768.840 ERROR: Error connecting new remote source esp32c5-ttyACM2 (E5C50001-0000-0000-0000-3844BEBFD80C) - /dev/ttyACM2 is already in use by another capture (an esp32c5 source or another program holds it); a board captures with one radio at a time
1790668773.894 INFO: esp32c5-ttyACM2 - /dev/ttyACM2 is already in use by another capture (an esp32c5 source or another program holds it); a board captures with one radio at a time; waiting for it
1790668773.895 ERROR: Data source 'esp32c5-ttyACM2 / esp32c5-ttyACM2' ('esp32c5-ttyACM2') encountered an error: /dev/ttyACM2 is already in use by another capture (an esp32c5 source or another program holds it); a board captures with one radio at a time
1790668773.895 ERROR: Error connecting new remote source esp32c5-ttyACM2 (E5C50001-0000-0000-0000-3844BEBFD80C) - /dev/ttyACM2 is already in use by another capture (an esp32c5 source or another program holds it); a board captures with one radio at a time
1790668778.948 INFO: esp32c5-ttyACM2 - /dev/ttyACM2 is already in use by another capture (an esp32c5 source or another program holds it); a board captures with one radio at a time; waiting for it
1790668778.949 ERROR: Data source 'esp32c5-ttyACM2 / esp32c5-ttyACM2' ('esp32c5-ttyACM2') encountered an error: /dev/ttyACM2 is already in use by another capture (an esp32c5 source or another program holds it); a board captures with one radio at a time
1790668778.949 ERROR: Error connecting new remote source esp32c5-ttyACM2 (E5C50001-0000-0000-0000-3844BEBFD80C) - /dev/ttyACM2 is already in use by another capture (an esp32c5 source or another program holds it); a board captures with one radio at a time
1790668783.987 INFO: esp32c5-ttyACM2 - /dev/ttyACM2 is already in use by another capture (an esp32c5 source or another program holds it); a board captures with one radio at a time; waiting for it
1790668783.988 ERROR: Data source 'esp32c5-ttyACM2 / esp32c5-ttyACM2' ('esp32c5-ttyACM2') encountered an error: /dev/ttyACM2 is already in use by another capture (an esp32c5 source or another program holds it); a board captures with one radio at a time
1790668783.988 ERROR: Error connecting new remote source esp32c5-ttyACM2 (E5C50001-0000-0000-0000-3844BEBFD80C) - /dev/ttyACM2 is already in use by another capture (an esp32c5 source or another program holds it); a board captures with one radio at a time
1790668791.236 INFO: py-minicom - /dev/ttyACM2 is already in use by another capture (an esp32c5 source or another program holds it); a board captures with one radio at a time; waiting for it
1790668791.237 ERROR: Data source 'py-minicom / esp32c5-ttyACM2:name=py-minicom' ('esp32c5-ttyACM2') encountered an error: /dev/ttyACM2 is already in use by another capture (an esp32c5 source or another program holds it); a board captures with one radio at a time
1790668791.237 ERROR: Error connecting new remote source py-minicom (E5C50001-0000-0000-0000-3844BEBFD80C) - /dev/ttyACM2 is already in use by another capture (an esp32c5 source or another program holds it); a board captures with one radio at a time
1790668796.290 INFO: py-minicom - /dev/ttyACM2 is already in use by another capture (an esp32c5 source or another program holds it); a board captures with one radio at a time; waiting for it
1790668796.291 ERROR: Data source 'py-minicom / esp32c5-ttyACM2:name=py-minicom' ('esp32c5-ttyACM2') encountered an error: /dev/ttyACM2 is already in use by another capture (an esp32c5 source or another program holds it); a board captures with one radio at a time
1790668796.291 ERROR: Error connecting new remote source py-minicom (E5C50001-0000-0000-0000-3844BEBFD80C) - /dev/ttyACM2 is already in use by another capture (an esp32c5 source or another program holds it); a board captures with one radio at a time
1790668802.508 INFO: Probing interface 'esp32c5btle-ttyACM2' to find datasource type
1790668802.609 interface: esp32c5btle-ttyACM2
1790668802.609 INFO: Found type 'esp32c5' for 'esp32c5btle-ttyACM2:name=c-minicom'
1790668802.616 ERROR: Data source 'c-minicom / esp32c5btle-ttyACM2:name=c-minicom' ('esp32c5btle-ttyACM2') encountered an error: /dev/ttyACM2 is already in use by another capture (an esp32c5 source or another program holds it); a board captures with one radio at a time
1790668802.616 ALERT: SOURCEERROR Source c-minicom (00000000-0000-0000-0000-000000000000) has encountered an error (/dev/ttyACM2 is already in use by another capture (an esp32c5 source or another program holds it); a board captures with one radio at a time) Kismet will attempt to re-open the source in 5 seconds.  (1 failures)
1790668802.616 ERROR: Source c-minicom (00000000-0000-0000-0000-000000000000) has encountered an error (/dev/ttyACM2 is already in use by another capture (an esp32c5 source or another program holds it); a board captures with one radio at a time) Kismet will attempt to re-open the source in 5 seconds.  (1 failures)
1790668802.616 DEBUG: Attempt to send 17 on closed external interface
1790668802.617 ERROR: Kismet datasource failed sending v3 CONFIGREQ
1790668807.701 INFO: Attempting to re-open source c-minicom
1790668807.723 ERROR: Data source 'c-minicom / esp32c5btle-ttyACM2:name=c-minicom' ('esp32c5btle-ttyACM2') encountered an error: /dev/ttyACM2 is already in use by another capture (an esp32c5 source or another program holds it); a board captures with one radio at a time
1790668807.723 ALERT: SOURCEERROR Source c-minicom (00000000-0000-0000-0000-000000000000) has encountered an error (/dev/ttyACM2 is already in use by another capture (an esp32c5 source or another program holds it); a board captures with one radio at a time) Kismet will attempt to re-open the source in 5 seconds.  (2 failures)
1790668807.723 ERROR: Source c-minicom (00000000-0000-0000-0000-000000000000) has encountered an error (/dev/ttyACM2 is already in use by another capture (an esp32c5 source or another program holds it); a board captures with one radio at a time) Kismet will attempt to re-open the source in 5 seconds.  (2 failures)
1790668812.800 INFO: Attempting to re-open source c-minicom
1790668812.810 ERROR: Data source 'c-minicom / esp32c5btle-ttyACM2:name=c-minicom' ('esp32c5btle-ttyACM2') encountered an error: /dev/ttyACM2 is already in use by another capture (an esp32c5 source or another program holds it); a board captures with one radio at a time
1790668812.810 ALERT: SOURCEERROR Source c-minicom (00000000-0000-0000-0000-000000000000) has encountered an error (/dev/ttyACM2 is already in use by another capture (an esp32c5 source or another program holds it); a board captures with one radio at a time) Kismet will attempt to re-open the source in 5 seconds.  (3 failures)
1790668812.810 ERROR: Source c-minicom (00000000-0000-0000-0000-000000000000) has encountered an error (/dev/ttyACM2 is already in use by another capture (an esp32c5 source or another program holds it); a board captures with one radio at a time) Kismet will attempt to re-open the source in 5 seconds.  (3 failures)
1790668814.663 INFO: py-screen - /dev/ttyACM2 is already in use by another capture (an esp32c5 source or another program holds it); a board captures with one radio at a time; waiting for it
1790668814.663 ERROR: Data source 'py-screen / esp32c5-ttyACM2:name=py-screen' ('esp32c5-ttyACM2') encountered an error: /dev/ttyACM2 is already in use by another capture (an esp32c5 source or another program holds it); a board captures with one radio at a time
1790668814.663 ERROR: Error connecting new remote source py-screen (E5C50001-0000-0000-0000-3844BEBFD80C) - /dev/ttyACM2 is already in use by another capture (an esp32c5 source or another program holds it); a board captures with one radio at a time
1790668817.901 INFO: Attempting to re-open source c-minicom
1790668817.923 ERROR: Data source 'c-minicom / esp32c5btle-ttyACM2:name=c-minicom' ('esp32c5btle-ttyACM2') encountered an error: /dev/ttyACM2 is already in use by another capture (an esp32c5 source or another program holds it); a board captures with one radio at a time
1790668817.923 ALERT: SOURCEERROR Source c-minicom (00000000-0000-0000-0000-000000000000) has encountered an error (/dev/ttyACM2 is already in use by another capture (an esp32c5 source or another program holds it); a board captures with one radio at a time) Kismet will attempt to re-open the source in 5 seconds.  (4 failures)
1790668817.923 ERROR: Source c-minicom (00000000-0000-0000-0000-000000000000) has encountered an error (/dev/ttyACM2 is already in use by another capture (an esp32c5 source or another program holds it); a board captures with one radio at a time) Kismet will attempt to re-open the source in 5 seconds.  (4 failures)
1790668819.710 INFO: py-screen - /dev/ttyACM2 is already in use by another capture (an esp32c5 source or another program holds it); a board captures with one radio at a time; waiting for it
1790668819.711 ERROR: Data source 'py-screen / esp32c5-ttyACM2:name=py-screen' ('esp32c5-ttyACM2') encountered an error: /dev/ttyACM2 is already in use by another capture (an esp32c5 source or another program holds it); a board captures with one radio at a time
1790668819.711 ERROR: Error connecting new remote source py-screen (E5C50001-0000-0000-0000-3844BEBFD80C) - /dev/ttyACM2 is already in use by another capture (an esp32c5 source or another program holds it); a board captures with one radio at a time
1790668823.001 INFO: Attempting to re-open source c-minicom
1790668823.005 INFO: Attempting to re-open source c-minicom
1790668823.027 ERROR: Data source 'c-minicom / esp32c5btle-ttyACM2:name=c-minicom' ('esp32c5btle-ttyACM2') encountered an error: /dev/ttyACM2 is already in use by another capture (an esp32c5 source or another program holds it); a board captures with one radio at a time
1790668823.027 ALERT: SOURCEERROR Source c-minicom (00000000-0000-0000-0000-000000000000) has encountered an error (/dev/ttyACM2 is already in use by another capture (an esp32c5 source or another program holds it); a board captures with one radio at a time) Kismet will attempt to re-open the source in 5 seconds.  (5 failures)
1790668823.027 ERROR: Source c-minicom (00000000-0000-0000-0000-000000000000) has encountered an error (/dev/ttyACM2 is already in use by another capture (an esp32c5 source or another program holds it); a board captures with one radio at a time) Kismet will attempt to re-open the source in 5 seconds.  (5 failures)
1790668825.988 INFO: Probing interface 'esp32c5btle-ttyACM2' to find datasource type
1790668826.091 interface: esp32c5btle-ttyACM2
1790668826.091 INFO: Found type 'esp32c5' for 'esp32c5btle-ttyACM2:name=c-screen'
1790668826.102 ERROR: Data source 'c-screen / esp32c5btle-ttyACM2:name=c-screen' ('esp32c5btle-ttyACM2') encountered an error: /dev/ttyACM2 is already in use by another capture (an esp32c5 source or another program holds it); a board captures with one radio at a time
1790668826.102 ALERT: SOURCEERROR Source c-screen (00000000-0000-0000-0000-000000000000) has encountered an error (/dev/ttyACM2 is already in use by another capture (an esp32c5 source or another program holds it); a board captures with one radio at a time) Kismet will attempt to re-open the source in 5 seconds.  (1 failures)
1790668826.102 ERROR: Source c-screen (00000000-0000-0000-0000-000000000000) has encountered an error (/dev/ttyACM2 is already in use by another capture (an esp32c5 source or another program holds it); a board captures with one radio at a time) Kismet will attempt to re-open the source in 5 seconds.  (1 failures)
1790668826.102 DEBUG: Attempt to send 17 on closed external interface
1790668826.102 ERROR: Kismet datasource failed sending v3 CONFIGREQ
1790668826.102 ERROR: Conflict of new datasource c-screen/00000000-0000-0000-0000-000000000000 and existing datasource c-minicom with the same UUID.  Datasource UUIDs must be unique, check the Kismet documentation for the datasources you are using, and ensure that any manually defined UUIDs are unique.
1790668828.300 INFO: Attempting to re-open source c-minicom
1790668828.310 ERROR: Data source 'c-minicom / esp32c5btle-ttyACM2:name=c-minicom' ('esp32c5btle-ttyACM2') encountered an error: /dev/ttyACM2 is already in use by another capture (an esp32c5 source or another program holds it); a board captures with one radio at a time
1790668828.310 ALERT: SOURCEERROR Source c-minicom (00000000-0000-0000-0000-000000000000) has encountered an error (/dev/ttyACM2 is already in use by another capture (an esp32c5 source or another program holds it); a board captures with one radio at a time) Kismet will attempt to re-open the source in 5 seconds.  (6 failures)
1790668828.310 ERROR: Source c-minicom (00000000-0000-0000-0000-000000000000) has encountered an error (/dev/ttyACM2 is already in use by another capture (an esp32c5 source or another program holds it); a board captures with one radio at a time) Kismet will attempt to re-open the source in 5 seconds.  (6 failures)
1790668831.201 INFO: Attempting to re-open source c-screen
1790668831.220 ERROR: Data source 'c-screen / esp32c5btle-ttyACM2:name=c-screen' ('esp32c5btle-ttyACM2') encountered an error: /dev/ttyACM2 is already in use by another capture (an esp32c5 source or another program holds it); a board captures with one radio at a time
1790668831.221 ALERT: SOURCEERROR Source c-screen (00000000-0000-0000-0000-000000000000) has encountered an error (/dev/ttyACM2 is already in use by another capture (an esp32c5 source or another program holds it); a board captures with one radio at a time) Kismet will attempt to re-open the source in 5 seconds.  (2 failures)
1790668831.221 ERROR: Source c-screen (00000000-0000-0000-0000-000000000000) has encountered an error (/dev/ttyACM2 is already in use by another capture (an esp32c5 source or another program holds it); a board captures with one radio at a time) Kismet will attempt to re-open the source in 5 seconds.  (2 failures)
1790668833.401 INFO: Attempting to re-open source c-minicom
1790668833.423 ERROR: Data source 'c-minicom / esp32c5btle-ttyACM2:name=c-minicom' ('esp32c5btle-ttyACM2') encountered an error: /dev/ttyACM2 is already in use by another capture (an esp32c5 source or another program holds it); a board captures with one radio at a time
1790668833.424 ALERT: SOURCEERROR Source c-minicom (00000000-0000-0000-0000-000000000000) has encountered an error (/dev/ttyACM2 is already in use by another capture (an esp32c5 source or another program holds it); a board captures with one radio at a time) Kismet will attempt to re-open the source in 5 seconds.  (7 failures)
1790668833.424 ERROR: Source c-minicom (00000000-0000-0000-0000-000000000000) has encountered an error (/dev/ttyACM2 is already in use by another capture (an esp32c5 source or another program holds it); a board captures with one radio at a time) Kismet will attempt to re-open the source in 5 seconds.  (7 failures)
1790668836.006 
1790668836.006 *** KISMET IS SHUTTING DOWN ***
1790668836.006 Shutting down plugins...
1790668836.006 WARNING: Kismet changes the configuration of network devices.
1790668836.006          In most cases you will need to restart networking for
1790668836.006          your interface (varies per distribution and OS), but 
1790668836.006          typically one of:
1790668836.006          sudo service networking restart
1790668836.006          sudo /etc/init.d/networking restart
1790668836.006          or
1790668836.006          nmcli device set [device] managed true
1790668836.006 
1790668836.006 Kismet exiting.
1790668836.006 EXITING: Signal service thread complete.
1790668836.011 KISMET_EXIT=0
