1790668763.788 10:59:23 INFO: esp32c5-ttyACM2: connected, offering it to Kismet as E5C50001-0000-0000-0000-3844BEBFD80C
1790668763.791 10:59:23 INFO: esp32c5-ttyACM2: opening /dev/ttyACM2 for wifi
1790668763.800 10:59:23 INFO: /dev/ttyACM2 is already in use by another capture (an esp32c5 source or another program holds it); a board captures with one radio at a time; waiting for it
1790668763.803 10:59:23 INFO: esp32c5-ttyACM2: connection ended: could not open /dev/ttyACM2 is already in use by another capture (an esp32c5 source or another program holds it); a board captures with one radio at a time
1790668768.822 10:59:28 INFO: esp32c5-ttyACM2: connected, offering it to Kismet as E5C50001-0000-0000-0000-3844BEBFD80C
1790668768.824 10:59:28 INFO: esp32c5-ttyACM2: opening /dev/ttyACM2 for wifi
1790668768.838 10:59:28 INFO: /dev/ttyACM2 is already in use by another capture (an esp32c5 source or another program holds it); a board captures with one radio at a time; waiting for it
1790668768.840 10:59:28 INFO: esp32c5-ttyACM2: connection ended: could not open /dev/ttyACM2 is already in use by another capture (an esp32c5 source or another program holds it); a board captures with one radio at a time
1790668773.869 10:59:33 INFO: esp32c5-ttyACM2: connected, offering it to Kismet as E5C50001-0000-0000-0000-3844BEBFD80C
1790668773.872 10:59:33 INFO: esp32c5-ttyACM2: opening /dev/ttyACM2 for wifi
1790668773.893 10:59:33 INFO: /dev/ttyACM2 is already in use by another capture (an esp32c5 source or another program holds it); a board captures with one radio at a time; waiting for it
1790668773.895 10:59:33 INFO: esp32c5-ttyACM2: connection ended: could not open /dev/ttyACM2 is already in use by another capture (an esp32c5 source or another program holds it); a board captures with one radio at a time
1790668778.922 10:59:38 INFO: esp32c5-ttyACM2: connected, offering it to Kismet as E5C50001-0000-0000-0000-3844BEBFD80C
1790668778.926 10:59:38 INFO: esp32c5-ttyACM2: opening /dev/ttyACM2 for wifi
1790668778.947 10:59:38 INFO: /dev/ttyACM2 is already in use by another capture (an esp32c5 source or another program holds it); a board captures with one radio at a time; waiting for it
1790668778.949 10:59:38 INFO: esp32c5-ttyACM2: connection ended: could not open /dev/ttyACM2 is already in use by another capture (an esp32c5 source or another program holds it); a board captures with one radio at a time
1790668783.976 10:59:43 INFO: esp32c5-ttyACM2: connected, offering it to Kismet as E5C50001-0000-0000-0000-3844BEBFD80C
1790668783.979 10:59:43 INFO: esp32c5-ttyACM2: opening /dev/ttyACM2 for wifi
1790668783.987 10:59:43 INFO: /dev/ttyACM2 is already in use by another capture (an esp32c5 source or another program holds it); a board captures with one radio at a time; waiting for it
1790668783.989 10:59:43 INFO: esp32c5-ttyACM2: connection ended: could not open /dev/ttyACM2 is already in use by another capture (an esp32c5 source or another program holds it); a board captures with one radio at a time
1790668786.915 10:59:46 INFO: stopping
1790668786.977 PY_EXIT=0
