1790663806.603 INFO: Including sub-config file: /home/osh/kismet-install/etc/kismet_httpd.conf
1790663806.604 INFO: Including sub-config file: /home/osh/kismet-install/etc/kismet_memory.conf
1790663806.604 INFO: Including sub-config file: /home/osh/kismet-install/etc/kismet_alerts.conf
1790663806.604 INFO: Including sub-config file: /home/osh/kismet-install/etc/kismet_80211.conf
1790663806.604 INFO: Including sub-config file: /home/osh/kismet-install/etc/kismet_logging.conf
1790663806.604 INFO: Including sub-config file: /home/osh/kismet-install/etc/kismet_filter.conf
1790663806.604 INFO: Including sub-config file: /home/osh/kismet-install/etc/kismet_uav.conf
1790663806.604 INFO: Loading config override file '/home/osh/kismet-install/etc/kismet_package.conf'
1790663806.604 INFO: Optional sub-config file not present: /home/osh/kismet-install/etc/kismet_package.conf
1790663806.604 INFO: Loading config override file '/home/osh/kismet-install/etc/kismet_site.conf'
1790663806.604 INFO: Optional sub-config file not present: /home/osh/kismet-install/etc/kismet_site.conf
1790663806.604 INFO: Generated server UUID 248B2358-BBD0-11F1-8B71-4B49534D4554 and storing in /tmp/py/p2a/.kismet//kismet_server_id.conf
1790663806.604 INFO: Setting server UUID 248B2358-BBD0-11F1-8B71-4B49534D4554
1790663806.604 INFO: Starting Beast webserver on 0.0.0.0:2501
1790663806.604 INFO: Opened OUI file '/home/osh/kismet-install/share/kismet/kismet_manuf.txt.gz
1790663806.604 INFO: Indexing manufacturer db
1790663806.605 INFO: Completed indexing manufacturer db, 38959 lines and 780 indexes.
1790663806.612 INFO: Saving devices to the Kismet database log every 30 seconds
1790663806.617 INFO: Using default rates of 10/min, 1/sec for alert 'DEVICEFOUND'
1790663806.617 INFO: Using default rates of 10/min, 1/sec for alert 'DEVICELOST'
1790663806.617 INFO: Registering support for DLT_PPI packet header decoding
1790663806.617 INFO: Registering support for DLT_RADIOTAP packet header decoding
1790663806.617 INFO: Registering support for DLT_BTLE_RADIO packet header decoding
1790663806.620 INFO: Using default rates of 10/min, 1/sec for alert 'BADFIXLENIE'
1790663806.621 INFO: PHY80211 will only process AP signal levels from beacons
1790663806.621 INFO: Allowing Kismet clients to view WEP keys
1790663806.621 DEBUG: ssid canary FooCanary:ssid="FoobarCanary"
1790663806.621 DEBUG: ssid canary FooCanart2:ssid="(?i:foobarcanary)"
1790663806.621 INFO: Keeping EAPOL packets in memory for easy download and WIDS functionality; this can use more RAM.
1790663806.624 INFO: Registered PHY handler 'IEEE802.11' as ID 0
1790663806.626 INFO: Registered PHY handler 'RFSENSOR' as ID 1
1790663806.627 INFO: Registered PHY handler 'Z-Wave' as ID 2
1790663806.628 INFO: Registered PHY handler 'Bluetooth' as ID 3
1790663806.628 DEBUG: reserve_fields home id 538 app id 539
1790663806.631 INFO: Registered PHY handler 'UAV' as ID 4
1790663806.632 INFO: Registered PHY handler 'NrfMousejack' as ID 5
1790663806.632 ERROR: Tried to re-register duplicate alert FLIPPERZERO
1790663806.633 INFO: Registered PHY handler 'BTLE' as ID 6
1790663806.634 INFO: Registered PHY handler 'METER' as ID 7
1790663806.634 INFO: Indexing ADSB ICAO db
1790663806.896 INFO: Completed indexing ADSB ICAO db, 341068 lines 6822 indexes
1790663806.897 INFO: Registered PHY handler 'ADSB' as ID 8
1790663806.898 INFO: Registered PHY handler '802.15.4' as ID 9
1790663806.900 INFO: Registered PHY handler 'RADIATION' as ID 10
1790663806.906 INFO: (HTTPD) Could not read session data file, skipping loading saved sessions.
1790663806.906 INFO: Serving static file content from /home/osh/kismet-install/share/kismet/httpd/
1790663806.907 INFO: Enabling channel hopping by default on sources which support channel control.
1790663806.907 INFO: Setting default channel hop rate to 5/sec
1790663806.907 INFO: Enabling channel list splitting on sources which share the same list of channels
1790663806.907 INFO: Enabling channel list shuffling to optimize overlaps
1790663806.907 INFO: Sources will be re-opened if they encounter an error
1790663806.907 INFO: Saving datasources to the Kismet database log every 30 seconds
1790663806.907 INFO: Launching remote capture server on 127.0.0.1 3501
1790663806.910 INFO: No data sources defined; Kismet will not capture anything until a source is added.
1790663806.911 ALERT: LOGDISABLED Logging has been disabled via the Kismet config files or the command line.  Pcap, database, and related logs will not be saved.
1790663806.911 INFO: Logging disabled, not enabling any log drivers.
1790663806.911 INFO: GPS track will be logged to the Kismet logfile
1790663806.913 INFO: Starting Kismet web server...
1790663806.913 INFO: HTTP server listening on 0.0.0.0:2501
1790663806.914 INFO: Could not open system plugin directory (/home/osh/kismet-install/lib/kismet/), skipping: No such file or directory
1790663806.914 INFO: Did not find a user plugin directory (/tmp/py/p2a/.kismet//plugins/), skipping: No such file or directory
1790663807.242 INFO: New remote source esp32c5zigbee (E5C50002-0000-0000-0000-3844BEBFD80C) connected
1790663807.245 INFO: esp32c5zigbee - /dev/serial/by-id/usb-Espressif_USB_JTAG_serial_debug_unit_38:44:BE:BF:D8:0C-if00 opened
1790663807.245 INFO: esp32c5btle-ttyACM3 - /dev/ttyACM3 opened
1790663807.245 INFO: New remote source esp32c5btle-ttyACM3 (E5C50003-0000-0000-0000-10BDA3C87D54) connected
1790663807.250 INFO: New remote source esp32c5-ttyACM0 (E5C50001-0000-0000-0000-10BDA3CF0540) connected
1790663807.251 INFO: esp32c5-ttyACM0 - /dev/ttyACM0 opened
1790663808.122 INFO: esp32c5btle-ttyACM3 - /dev/ttyACM3 capturing
1790663808.159 INFO: esp32c5zigbee - /dev/serial/by-id/usb-Espressif_USB_JTAG_serial_debug_unit_38:44:BE:BF:D8:0C-if00 capturing
1790663808.202 INFO: esp32c5-ttyACM0 - /dev/ttyACM0 capturing
1790663808.231 INFO: Detected new BTLE device 34:01:E5:9C:7C:26
1790663808.306 INFO: Detected new 802.11 Wi-Fi device E4:5F:01:49:99:3F
1790663808.307 INFO: Detected new 802.11 Wi-Fi device 42:A2:BA:65:29:F3
1790663808.381 INFO: Detected new BTLE device 4C:F9:2E:24:3B:28
1790663809.154 INFO: Detected new BTLE device F4:DD:06:5E:7E:19
1790663809.580 INFO: Detected new BTLE device 48:9E:9D:9E:42:7C tcl_AC_t*ap_szkt
1790663810.137 INFO: Detected new 802.11 Wi-Fi access point 46:AE:30:84:34:B6
1790663810.141 INFO: 802.11 Wi-Fi device 46:AE:30:84:34:B6 advertising a new cloaked SSID
1790663812.296 INFO: Detected new 802.11 Wi-Fi access point 30:E1:71:F0:62:A4
1790663812.296 INFO: 802.11 Wi-Fi device 30:E1:71:F0:62:A4 advertising new SSID 'DIRECT-A3-HP DeskJet 4670 series'
1790663812.296 INFO: Detected new 802.11 Wi-Fi device 84:7A:B6:7D:81:F8
1790663813.569 INFO: Detected new 802.11 Wi-Fi device A8:DB:03:42:DE:68
1790663814.212 INFO: Detected new 802.11 Wi-Fi device 46:AE:30:84:5A:16
1790663814.212 INFO: Detected new 802.11 Wi-Fi device 40:AE:30:84:5A:14
1790663814.270 INFO: Detected new 802.11 Wi-Fi access point D0:CF:0E:85:DC:54
1790663814.270 INFO: 802.11 Wi-Fi device D0:CF:0E:85:DC:54 advertising new SSID 'Kobi'
1790663815.966 INFO: Detected new 802.11 Wi-Fi device A8:42:A1:B2:27:77
1790663815.966 INFO: Detected new 802.11 Wi-Fi device D4:E8:53:00:37:6A
1790663816.062 INFO: Detected new 802.11 Wi-Fi access point CA:C9:A3:4D:96:E7
1790663816.067 INFO: 802.11 Wi-Fi device CA:C9:A3:4D:96:E7 advertising new SSID 'ESP-4D96E7'
1790663816.308 INFO: Detected new 802.11 Wi-Fi access point 40:AE:30:84:5A:16
1790663816.308 INFO: 802.11 Wi-Fi device 40:AE:30:84:5A:16 advertising new SSID 'cohen42'
1790663816.326 INFO: Detected new 802.11 Wi-Fi access point 40:AE:30:84:34:B6
1790663816.327 INFO: 802.11 Wi-Fi device 40:AE:30:84:34:B6 advertising new SSID 'cohen42'
1790663816.411 INFO: Detected new 802.11 Wi-Fi access point 46:AE:30:84:36:22
1790663816.411 INFO: 802.11 Wi-Fi device 46:AE:30:84:36:22 advertising a new cloaked SSID
1790663816.455 INFO: 802.11 Wi-Fi device 46:AE:30:84:5A:16 advertising a new cloaked SSID
1790663818.158 INFO: Detected new 802.11 Wi-Fi device 00:B8:C2:B2:AE:57
1790663818.158 INFO: Detected new 802.11 Wi-Fi device 00:B8:C2:B2:AE:4E
1790663818.623 INFO: Detected new 802.11 Wi-Fi device B0:1F:47:17:AF:4A
1790663818.944 INFO: Detected new 802.11 Wi-Fi device 70:F7:54:55:CB:00
1790663818.944 INFO: Detected new 802.11 Wi-Fi device 00:B8:C2:B2:AE:58
1790663822.327 INFO: Detected new 802.11 Wi-Fi access point 82:AF:CA:25:C2:23
1790663822.328 INFO: 802.11 Wi-Fi device 82:AF:CA:25:C2:23 advertising a new cloaked SSID
1790663822.431 INFO: Detected new 802.11 Wi-Fi access point 80:AF:CA:75:C2:23
1790663822.432 INFO: 802.11 Wi-Fi device 80:AF:CA:75:C2:23 advertising new SSID 'Cudy-C223'
1790663822.635 INFO: Detected new 802.11 Wi-Fi device B0:4A:39:03:87:62
1790663824.883 INFO: Detected new 802.11 Wi-Fi device 20:15:DE:A1:04:FB
1790663826.742 INFO: Detected new 802.11 Wi-Fi access point 26:39:F1:AB:05:B2
1790663826.742 INFO: 802.11 Wi-Fi device 26:39:F1:AB:05:B2 advertising new SSID 'osvc-2'
1790663829.133 INFO: Detected new 802.11 Wi-Fi device 94:83:C4:25:9E:39
1790663835.126 INFO: Detected new 802.11 Wi-Fi device 4C:2E:5E:D5:FE:E9
1790663835.347 INFO: Detected new 802.11 Wi-Fi device 78:72:64:41:E9:F6
1790663835.439 INFO: 802.11 Wi-Fi device 40:AE:30:84:34:B6 advertising new SSID 'cohen42'
1790663839.197 INFO: Detected new 802.11 Wi-Fi device D8:D8:E5:B0:E8:E6
1790663841.203 INFO: Detected new 802.11 Wi-Fi device DA:D8:E5:C7:6A:14
1790663841.204 INFO: Detected new 802.11 Wi-Fi device 10:C2:5A:CF:19:A3
1790663841.237 INFO: Detected new 802.11 Wi-Fi device 98:93:CC:A9:5B:D9
1790663843.913 INFO: Detected new 802.11 Wi-Fi device 08:54:11:00:55:F2
1790663844.552 INFO: Detected new BTLE device 77:80:9A:9D:9D:34
1790663851.840 INFO: 802.11 Wi-Fi device 00:B8:C2:B2:AE:57 advertising new SSID 'Mor'
1790663855.491 ERROR: Data source 'esp32c5zigbee / esp32c5zigbee:device=/dev/serial/by-id/usb-Espressif_USB_JTAG_serial_debug_unit_38:44:BE:BF:D8:0C-if00' ('esp32c5zigbee') encountered an error: websocket connection closed
1790663855.496 ERROR: Data source 'esp32c5-ttyACM0 / esp32c5-ttyACM0' ('esp32c5-ttyACM0') encountered an error: websocket connection closed
1790663855.565 ERROR: Data source 'esp32c5btle-ttyACM3 / esp32c5btle-ttyACM3' ('esp32c5btle-ttyACM3') encountered an error: websocket connection closed
1790663857.922 
1790663857.922 *** KISMET IS SHUTTING DOWN ***
1790663857.922 Shutting down plugins...
1790663857.922 WARNING: Kismet changes the configuration of network devices.
1790663857.922          In most cases you will need to restart networking for
1790663857.922          your interface (varies per distribution and OS), but 
1790663857.922          typically one of:
1790663857.922          sudo service networking restart
1790663857.922          sudo /etc/init.d/networking restart
1790663857.922          or
1790663857.922          nmcli device set [device] managed true
1790663857.922 
1790663857.922 Kismet exiting.
1790663857.922 EXITING: Signal service thread complete.
1790663857.928 KISMET_EXIT=0
