1790663870.556 INFO: Including sub-config file: /home/osh/kismet-install/etc/kismet_httpd.conf
1790663870.556 INFO: Including sub-config file: /home/osh/kismet-install/etc/kismet_memory.conf
1790663870.556 INFO: Including sub-config file: /home/osh/kismet-install/etc/kismet_alerts.conf
1790663870.556 INFO: Including sub-config file: /home/osh/kismet-install/etc/kismet_80211.conf
1790663870.556 INFO: Including sub-config file: /home/osh/kismet-install/etc/kismet_logging.conf
1790663870.556 INFO: Including sub-config file: /home/osh/kismet-install/etc/kismet_filter.conf
1790663870.556 INFO: Including sub-config file: /home/osh/kismet-install/etc/kismet_uav.conf
1790663870.556 INFO: Loading config override file '/home/osh/kismet-install/etc/kismet_package.conf'
1790663870.556 INFO: Optional sub-config file not present: /home/osh/kismet-install/etc/kismet_package.conf
1790663870.556 INFO: Loading config override file '/home/osh/kismet-install/etc/kismet_site.conf'
1790663870.556 INFO: Optional sub-config file not present: /home/osh/kismet-install/etc/kismet_site.conf
1790663870.556 INFO: Generated server UUID 4AA98796-BBD0-11F1-9074-4B49534D4554 and storing in /tmp/py/p2c/.kismet//kismet_server_id.conf
1790663870.556 INFO: Setting server UUID 4AA98796-BBD0-11F1-9074-4B49534D4554
1790663870.556 INFO: Starting Beast webserver on 0.0.0.0:2501
1790663870.556 INFO: Opened OUI file '/home/osh/kismet-install/share/kismet/kismet_manuf.txt.gz
1790663870.556 INFO: Indexing manufacturer db
1790663870.557 INFO: Completed indexing manufacturer db, 38959 lines and 780 indexes.
1790663870.564 INFO: Saving devices to the Kismet database log every 30 seconds
1790663870.569 INFO: Using default rates of 10/min, 1/sec for alert 'DEVICEFOUND'
1790663870.569 INFO: Using default rates of 10/min, 1/sec for alert 'DEVICELOST'
1790663870.569 INFO: Registering support for DLT_PPI packet header decoding
1790663870.569 INFO: Registering support for DLT_RADIOTAP packet header decoding
1790663870.569 INFO: Registering support for DLT_BTLE_RADIO packet header decoding
1790663870.572 INFO: Using default rates of 10/min, 1/sec for alert 'BADFIXLENIE'
1790663870.573 INFO: PHY80211 will only process AP signal levels from beacons
1790663870.573 INFO: Allowing Kismet clients to view WEP keys
1790663870.573 DEBUG: ssid canary FooCanary:ssid="FoobarCanary"
1790663870.574 DEBUG: ssid canary FooCanart2:ssid="(?i:foobarcanary)"
1790663870.574 INFO: Keeping EAPOL packets in memory for easy download and WIDS functionality; this can use more RAM.
1790663870.576 INFO: Registered PHY handler 'IEEE802.11' as ID 0
1790663870.578 INFO: Registered PHY handler 'RFSENSOR' as ID 1
1790663870.579 INFO: Registered PHY handler 'Z-Wave' as ID 2
1790663870.580 INFO: Registered PHY handler 'Bluetooth' as ID 3
1790663870.580 DEBUG: reserve_fields home id 538 app id 539
1790663870.583 INFO: Registered PHY handler 'UAV' as ID 4
1790663870.584 INFO: Registered PHY handler 'NrfMousejack' as ID 5
1790663870.584 ERROR: Tried to re-register duplicate alert FLIPPERZERO
1790663870.585 INFO: Registered PHY handler 'BTLE' as ID 6
1790663870.586 INFO: Registered PHY handler 'METER' as ID 7
1790663870.586 INFO: Indexing ADSB ICAO db
1790663870.845 INFO: Completed indexing ADSB ICAO db, 341068 lines 6822 indexes
1790663870.847 INFO: Registered PHY handler 'ADSB' as ID 8
1790663870.848 INFO: Registered PHY handler '802.15.4' as ID 9
1790663870.849 INFO: Registered PHY handler 'RADIATION' as ID 10
1790663870.856 INFO: (HTTPD) Could not read session data file, skipping loading saved sessions.
1790663870.856 INFO: Serving static file content from /home/osh/kismet-install/share/kismet/httpd/
1790663870.857 INFO: Enabling channel hopping by default on sources which support channel control.
1790663870.857 INFO: Setting default channel hop rate to 5/sec
1790663870.857 INFO: Enabling channel list splitting on sources which share the same list of channels
1790663870.857 INFO: Enabling channel list shuffling to optimize overlaps
1790663870.857 INFO: Sources will be re-opened if they encounter an error
1790663870.857 INFO: Saving datasources to the Kismet database log every 30 seconds
1790663870.857 INFO: Launching remote capture server on 127.0.0.1 3501
1790663870.859 INFO: No data sources defined; Kismet will not capture anything until a source is added.
1790663870.861 ALERT: LOGDISABLED Logging has been disabled via the Kismet config files or the command line.  Pcap, database, and related logs will not be saved.
1790663870.861 INFO: Logging disabled, not enabling any log drivers.
1790663870.861 INFO: GPS track will be logged to the Kismet logfile
1790663870.862 INFO: Starting Kismet web server...
1790663870.862 INFO: HTTP server listening on 0.0.0.0:2501
1790663870.864 INFO: Could not open system plugin directory (/home/osh/kismet-install/lib/kismet/), skipping: No such file or directory
1790663870.864 INFO: Did not find a user plugin directory (/tmp/py/p2c/.kismet//plugins/), skipping: No such file or directory
1790663870.919 INFO: New remote source esp32c5btle-ttyACM3 (E5C50003-0000-0000-0000-10BDA3C87D54) connected
1790663870.923 INFO: New remote source esp32c5zigbee (E5C50002-0000-0000-0000-3844BEBFD80C) connected
1790663870.924 INFO: New remote source esp32c5-ttyACM0 (E5C50001-0000-0000-0000-10BDA3CF0540) connected
1790663876.003 INFO: esp32c5zigbee - esp32c5zigbee capturing (zigbee)
1790663876.003 INFO: esp32c5btle-ttyACM3 - esp32c5btle-ttyACM3 capturing (btle)
1790663876.003 INFO: esp32c5-ttyACM0 - esp32c5-ttyACM0 capturing (wifi)
1790663876.030 INFO: Detected new BTLE device 77:80:9A:9D:9D:34
1790663876.038 INFO: Detected new BTLE device 34:01:E5:9C:7C:26
1790663876.052 INFO: Detected new 802.11 Wi-Fi device E4:5F:01:49:99:3F
1790663876.052 INFO: Detected new 802.11 Wi-Fi device 42:A2:BA:65:29:F3
1790663876.057 INFO: Detected new 802.11 Wi-Fi device A8:DB:03:42:DE:68
1790663876.064 INFO: Detected new 802.11 Wi-Fi access point 26:39:F1:AB:05:B2
1790663876.064 INFO: 802.11 Wi-Fi device 26:39:F1:AB:05:B2 advertising new SSID 'osvc-2'
1790663876.067 INFO: Detected new 802.11 Wi-Fi access point 40:AE:30:84:5A:16
1790663876.068 INFO: 802.11 Wi-Fi device 40:AE:30:84:5A:16 advertising new SSID 'cohen42'
1790663876.076 INFO: Detected new BTLE device F4:DD:06:5E:7E:19
1790663876.088 INFO: Detected new 802.11 Wi-Fi device 00:B8:C2:B2:AE:57
1790663876.088 INFO: Detected new 802.11 Wi-Fi device EE:06:19:9A:8C:51
1790663876.096 INFO: Detected new BTLE device 48:9E:9D:9E:42:7C tcl_AC_t*ap_szkt
1790663876.098 INFO: Detected new 802.11 Wi-Fi access point 40:AE:30:84:34:B6
1790663876.098 INFO: 802.11 Wi-Fi device 40:AE:30:84:34:B6 advertising new SSID 'cohen42'
1790663876.104 INFO: Detected new 802.11 Wi-Fi device FC:F5:C4:BE:0B:A5
1790663881.036 INFO: Detected new 802.11 Wi-Fi access point 82:AF:CA:25:C2:23
1790663881.039 INFO: 802.11 Wi-Fi device 82:AF:CA:25:C2:23 advertising a new cloaked SSID
1790663881.054 INFO: Detected new 802.11 Wi-Fi access point 46:AE:30:84:5A:16
1790663881.064 INFO: 802.11 Wi-Fi device 46:AE:30:84:5A:16 advertising a new cloaked SSID
1790663881.067 INFO: Detected new 802.11 Wi-Fi access point 46:AE:30:84:34:B6
1790663881.067 INFO: 802.11 Wi-Fi device 46:AE:30:84:34:B6 advertising a new cloaked SSID
1790663881.083 INFO: Detected new 802.11 Wi-Fi device B0:4A:39:03:87:62
1790663881.087 INFO: Detected new 802.11 Wi-Fi access point CA:C9:A3:4D:96:E7
1790663881.100 INFO: 802.11 Wi-Fi device CA:C9:A3:4D:96:E7 advertising new SSID 'ESP-4D96E7'
1790663884.613 ERROR: Data source 'esp32c5-ttyACM0 / esp32c5-ttyACM0' ('esp32c5-ttyACM0') encountered an error: websocket connection closed
1790663884.613 ERROR: Data source 'esp32c5zigbee / esp32c5zigbee:device=/dev/serial/by-id/usb-Espressif_USB_JTAG_serial_debug_unit_38:44:BE:BF:D8:0C-if00' ('esp32c5zigbee') encountered an error: websocket connection closed
1790663884.614 ERROR: Data source 'esp32c5btle-ttyACM3 / esp32c5btle-ttyACM3' ('esp32c5btle-ttyACM3') encountered an error: websocket connection closed
1790663886.866 
1790663886.867 *** KISMET IS SHUTTING DOWN ***
1790663886.867 Shutting down plugins...
1790663886.867 WARNING: Kismet changes the configuration of network devices.
1790663886.867          In most cases you will need to restart networking for
1790663886.867          your interface (varies per distribution and OS), but 
1790663886.867          typically one of:
1790663886.867          sudo service networking restart
1790663886.867          sudo /etc/init.d/networking restart
1790663886.867          or
1790663886.867          nmcli device set [device] managed true
1790663886.867 
1790663886.867 Kismet exiting.
1790663886.867 EXITING: Signal service thread complete.
1790663886.872 KISMET_EXIT=0
