kismet up after 0.48 s pid 323478 home /tmp/py/p3
### 1: hopping zigbee source for 10 s
{"name": "esp32c5zigbee-ttyACM2", "definition": "esp32c5zigbee-ttyACM2", "interface": "esp32c5zigbee-ttyACM2", "capture_interface": "/dev/ttyACM2", "hardware": "Espressif USB-Serial-JTAG (38:44:BE:BF:D8:0C)", "uuid": "E5C50002-0000-0000-0000-3844BEBFD80C", "remote": 1, "running": 1, "error": 0, "error_reason": "", "num_packets": 0, "num_error_packets": 0, "dlt": 230, "channel": "15", "hopping": 1, "hop_rate": 5, "hop_offset": 0, "hop_channels": "16: 11..26"}
### after stop: esp32c5zigbee-ttyACM2        run=0 err=1 rem=1 pkts=0       ch=15   hop=1 rate=5 off=0 nch=16 pid=0 uuid=E5C50002-0000-0
### 2: locked source, same UUID
{"name": "esp32c5zigbee-ttyACM2", "definition": "esp32c5zigbee-ttyACM2:channel=20,channel_hop=false", "interface": "esp32c5zigbee-ttyACM2", "capture_interface": "/dev/ttyACM2", "hardware": "Espressif USB-Serial-JTAG (38:44:BE:BF:D8:0C)", "uuid": "E5C50002-0000-0000-0000-3844BEBFD80C", "remote": 1, "running": 1, "error": 0, "error_reason": "websocket connection closed", "num_packets": 0, "num_error_packets": 0, "dlt": 230, "channel": "20", "hopping": 0, "hop_rate": 5, "hop_offset": 0, "hop_channels": "16: 11..26"}
### TXTEST with the wiki script, venv python, from the repo root (1790663992.789127801)
script exit=0 (1790663999.907067982)
### after TXTEST 1: esp32c5zigbee-ttyACM2        run=1 err=0 rem=1 pkts=200     ch=20   hop=0 rate=5 off=0 nch=16 pid=0 uuid=E5C50002-0000-0000-0000-3844BEBFD80
### TXTEST again with /usr/bin/python3 (dpkg python3-serial 3.5-2)
script exit=0 (1790664009.278757532)
### after TXTEST 2: esp32c5zigbee-ttyACM2        run=1 err=0 rem=1 pkts=400     ch=20   hop=0 rate=5 off=0 nch=16 pid=0 uuid=E5C50002-0000-0000-0000-3844BEBFD80
{"name": "esp32c5zigbee-ttyACM2", "definition": "esp32c5zigbee-ttyACM2:channel=20,channel_hop=false", "interface": "esp32c5zigbee-ttyACM2", "capture_interface": "/dev/ttyACM2", "hardware": "Espressif USB-Serial-JTAG (38:44:BE:BF:D8:0C)", "uuid": "E5C50002-0000-0000-0000-3844BEBFD80C", "remote": 1, "running": 1, "error": 0, "error_reason": "websocket connection closed", "num_packets": 400, "num_error_packets": 0, "dlt": 230, "channel": "20", "hopping": 0, "hop_rate": 5, "hop_offset": 0, "hop_channels": "16: 11..26"}
{"802.15.4": 2}
{"macaddr": "00:01", "name": "", "commonname": "00:01", "channel": "20", "frequency": 2450000, "packets.total": 200, "signal": 6, "type": "802.15.4", "manuf": "EQUIP'TRANS"}
{"macaddr": "FF:FF", "name": "", "commonname": "FF:FF", "channel": "20", "frequency": 2450000, "packets.total": 200, "signal": 6, "type": "802.15.4", "manuf": "Unknown"}
{"mac": "00:01", "name": "", "type": "802.15.4", "channel": "20", "frequency": 2450000, "packets": 200, "rx": 0, "tx": 200, "last_signal": 6, "min_signal": 6, "max_signal": 7, "freq_khz_map": {"2450000": 200}}
   keys: ['802154.device']
{"mac": "FF:FF", "name": "", "type": "802.15.4", "channel": "20", "frequency": 2450000, "packets": 200, "rx": 200, "tx": 0, "last_signal": 6, "min_signal": 6, "max_signal": 7, "freq_khz_map": {"2450000": 200}}
   keys: ['802154.device']
230 seq=0 len=45 payload=b'esp32c5-wireshark-sniffer self test\x00'
230 seq=1 len=45 payload=b'esp32c5-wireshark-sniffer self test\x00'
{
 "file": "p3.pcapng",
 "interfaces": [
  {
   "linktype": 230,
   "name": "esp32c5zigbee-ttyACM2",
   "desc": "capture interface for esp32c5zigbee-ttyACM2"
  }
 ],
 "packets": 400,
 "per_interface": {
  "if0/lt230": {
   "count": 400,
   "fc=0x8841 pan=0x1234 dst=0xffff src=0x0001": 400
  }
 }
}
stopped
### serial writes by the locked Python helper (strace)
      1 write(4, "MODE 802154\n
      1 write(4, "CHANNELS 20\nDWELL 250\nSTART 1790
1790663967.380 INFO: Opened OUI file '/home/osh/kismet-install/share/kismet/kismet_manuf.txt.gz
1790663967.421 ERROR: Tried to re-register duplicate alert FLIPPERZERO
1790663967.686 INFO: Registered PHY handler '802.15.4' as ID 9
1790663967.694 INFO: Sources will be re-opened if they encounter an error
1790663967.701 INFO: Opened kismetdb log file './/p3-20260929-06-39-27-1.kismet'
1790663968.113 INFO: New remote source esp32c5zigbee-ttyACM2 (E5C50002-0000-0000-0000-3844BEBFD80C) connected
1790663968.115 INFO: esp32c5zigbee-ttyACM2 - /dev/ttyACM2 opened
1790663969.059 INFO: esp32c5zigbee-ttyACM2 - /dev/ttyACM2 capturing
1790663981.489 ERROR: Data source 'esp32c5zigbee-ttyACM2 / esp32c5zigbee-ttyACM2' ('esp32c5zigbee-ttyACM2') encountered an error: websocket connection closed
1790663985.040 INFO: Matching new remote source 'esp32c5zigbee-ttyACM2:channel=20,channel_hop=false' with known source with UUID 'E5C50002-0000-0000-0000-3844BEBFD80C'
1790663985.052 INFO: Remote source esp32c5zigbee-ttyACM2 (E5C50002-0000-0000-0000-3844BEBFD80C) reconnected
1790663985.052 INFO: esp32c5zigbee-ttyACM2 - /dev/ttyACM2 opened
1790663985.960 INFO: esp32c5zigbee-ttyACM2 - /dev/ttyACM2 capturing
1790663994.881 INFO: Detected new 802.15.4 device 00:01
1790663994.892 INFO: Detected new 802.15.4 device FF:FF
1790664015.253 ERROR: Data source 'esp32c5zigbee-ttyACM2 / esp32c5zigbee-ttyACM2:channel=20,channel_hop=false' ('esp32c5zigbee-ttyACM2') encountered an error: websocket connection closed
### helper logs
1790663968.098 09:39:28 INFO: esp32c5zigbee-ttyACM2: connected, offering it to Kismet as E5C50002-0000-0000-0000-3844BEBFD80C
1790663968.100 09:39:28 INFO: esp32c5zigbee-ttyACM2: opening /dev/ttyACM2 for zigbee
1790663968.110 09:39:28 INFO: /dev/ttyACM2 opened
1790663969.059 09:39:29 INFO: /dev/ttyACM2 capturing
1790663981.385 09:39:41 INFO: stopping
1790663981.489 09:39:41 INFO: esp32c5zigbee-ttyACM2: connection ended: stopped
1790663981.549 PY_EXIT=0
1790663985.040 09:39:45 INFO: esp32c5zigbee-ttyACM2:channel=20,channel_hop=false: connected, offering it to Kismet as E5C50002-0000-0000-0000-3844BEBFD80C
1790663985.042 09:39:45 INFO: esp32c5zigbee-ttyACM2:channel=20,channel_hop=false: opening /dev/ttyACM2 for zigbee
1790663985.051 09:39:45 INFO: /dev/ttyACM2 opened
1790663985.959 09:39:45 INFO: /dev/ttyACM2 capturing
1790664015.156 09:40:15 INFO: stopping
1790664015.254 09:40:15 INFO: esp32c5zigbee-ttyACM2:channel=20,channel_hop=false: connection ended: stopped
1790664015.317 PY_EXIT=0
### kismetdb 802.15.4 packets (frequency, signal, dlt)
db: /tmp/py/p3/p3-20260929-06-39-27-1.kismet
packets by (phy, dlt, frequency): {('802.15.4', 230, 0.0): 200, ('Unknown', 230, 0.0): 200}
802.15.4 signal histogram: {6: 393, 7: 7}
802.15.4 src/dst: {('00:01', 'FF:FF'): 200, ('00:00:00:00:00:00', '00:00:00:00:00:00'): 200}
