1790664055.293 INFO: Including sub-config file: /home/osh/kismet-install/etc/kismet_httpd.conf
1790664055.294 INFO: Including sub-config file: /home/osh/kismet-install/etc/kismet_memory.conf
1790664055.294 INFO: Including sub-config file: /home/osh/kismet-install/etc/kismet_alerts.conf
1790664055.294 INFO: Including sub-config file: /home/osh/kismet-install/etc/kismet_80211.conf
1790664055.294 INFO: Including sub-config file: /home/osh/kismet-install/etc/kismet_logging.conf
1790664055.294 INFO: Including sub-config file: /home/osh/kismet-install/etc/kismet_filter.conf
1790664055.294 INFO: Including sub-config file: /home/osh/kismet-install/etc/kismet_uav.conf
1790664055.294 INFO: Loading config override file '/home/osh/kismet-install/etc/kismet_package.conf'
1790664055.294 INFO: Optional sub-config file not present: /home/osh/kismet-install/etc/kismet_package.conf
1790664055.294 INFO: Loading config override file '/home/osh/kismet-install/etc/kismet_site.conf'
1790664055.294 INFO: Optional sub-config file not present: /home/osh/kismet-install/etc/kismet_site.conf
1790664055.294 INFO: Generated server UUID B8C642E6-BBD0-11F1-B684-4B49534D4554 and storing in /tmp/py/p4/.kismet//kismet_server_id.conf
1790664055.294 INFO: Setting server UUID B8C642E6-BBD0-11F1-B684-4B49534D4554
1790664055.294 INFO: Starting Beast webserver on 0.0.0.0:2501
1790664055.294 INFO: Opened OUI file '/home/osh/kismet-install/share/kismet/kismet_manuf.txt.gz
1790664055.294 INFO: Indexing manufacturer db
1790664055.295 INFO: Completed indexing manufacturer db, 38959 lines and 780 indexes.
1790664055.302 INFO: Saving devices to the Kismet database log every 30 seconds
1790664055.307 INFO: Using default rates of 10/min, 1/sec for alert 'DEVICEFOUND'
1790664055.307 INFO: Using default rates of 10/min, 1/sec for alert 'DEVICELOST'
1790664055.307 INFO: Registering support for DLT_PPI packet header decoding
1790664055.307 INFO: Registering support for DLT_RADIOTAP packet header decoding
1790664055.307 INFO: Registering support for DLT_BTLE_RADIO packet header decoding
1790664055.310 INFO: Using default rates of 10/min, 1/sec for alert 'BADFIXLENIE'
1790664055.311 INFO: PHY80211 will only process AP signal levels from beacons
1790664055.311 INFO: Allowing Kismet clients to view WEP keys
1790664055.311 DEBUG: ssid canary FooCanary:ssid="FoobarCanary"
1790664055.311 DEBUG: ssid canary FooCanart2:ssid="(?i:foobarcanary)"
1790664055.311 INFO: Keeping EAPOL packets in memory for easy download and WIDS functionality; this can use more RAM.
1790664055.314 INFO: Registered PHY handler 'IEEE802.11' as ID 0
1790664055.316 INFO: Registered PHY handler 'RFSENSOR' as ID 1
1790664055.317 INFO: Registered PHY handler 'Z-Wave' as ID 2
1790664055.318 INFO: Registered PHY handler 'Bluetooth' as ID 3
1790664055.318 DEBUG: reserve_fields home id 538 app id 539
1790664055.320 INFO: Registered PHY handler 'UAV' as ID 4
1790664055.321 INFO: Registered PHY handler 'NrfMousejack' as ID 5
1790664055.322 ERROR: Tried to re-register duplicate alert FLIPPERZERO
1790664055.323 INFO: Registered PHY handler 'BTLE' as ID 6
1790664055.324 INFO: Registered PHY handler 'METER' as ID 7
1790664055.324 INFO: Indexing ADSB ICAO db
1790664055.584 INFO: Completed indexing ADSB ICAO db, 341068 lines 6822 indexes
1790664055.586 INFO: Registered PHY handler 'ADSB' as ID 8
1790664055.587 INFO: Registered PHY handler '802.15.4' as ID 9
1790664055.588 INFO: Registered PHY handler 'RADIATION' as ID 10
1790664055.594 INFO: (HTTPD) Could not read session data file, skipping loading saved sessions.
1790664055.594 INFO: Serving static file content from /home/osh/kismet-install/share/kismet/httpd/
1790664055.595 INFO: Enabling channel hopping by default on sources which support channel control.
1790664055.595 INFO: Setting default channel hop rate to 5/sec
1790664055.595 INFO: Enabling channel list splitting on sources which share the same list of channels
1790664055.595 INFO: Enabling channel list shuffling to optimize overlaps
1790664055.595 INFO: Sources will be re-opened if they encounter an error
1790664055.595 INFO: Saving datasources to the Kismet database log every 30 seconds
1790664055.595 INFO: Launching remote capture server on 127.0.0.1 3501
1790664055.598 INFO: No data sources defined; Kismet will not capture anything until a source is added.
1790664055.600 ALERT: LOGDISABLED Logging has been disabled via the Kismet config files or the command line.  Pcap, database, and related logs will not be saved.
1790664055.600 INFO: Logging disabled, not enabling any log drivers.
1790664055.600 INFO: GPS track will be logged to the Kismet logfile
1790664055.601 INFO: Starting Kismet web server...
1790664055.601 INFO: HTTP server listening on 0.0.0.0:2501
1790664055.603 INFO: Could not open system plugin directory (/home/osh/kismet-install/lib/kismet/), skipping: No such file or directory
1790664055.603 INFO: Did not find a user plugin directory (/tmp/py/p4/.kismet//plugins/), skipping: No such file or directory
1790664056.020 INFO: New remote source w36 (E5C50001-0000-0000-0000-10BDA3CF0540) connected
1790664056.021 INFO: w36 - /dev/ttyACM0 opened
1790664056.943 INFO: w36 - /dev/ttyACM0 capturing
1790664057.914 INFO: Detected new 802.11 Wi-Fi device E4:5F:01:49:99:3F
1790664057.914 INFO: Detected new 802.11 Wi-Fi device 42:A2:BA:65:29:F3
1790664058.124 INFO: Detected new 802.11 Wi-Fi access point 40:AE:30:84:5A:17
1790664058.124 INFO: Detected new 802.11 Wi-Fi device DE:85:21:5C:A3:AE
1790664059.518 INFO: Detected new 802.11 Wi-Fi device 4C:2E:5E:D5:FE:E9
1790664061.333 INFO: Detected new 802.11 Wi-Fi device A8:DB:03:42:DE:68
1790664069.441 ERROR: Data source 'w36 / esp32c5-ttyACM0:channel=36,channel_hop=false,name=w36' ('esp32c5-ttyACM0') encountered an error: websocket connection closed
1790664071.789 INFO: Matching new remote source 'esp32c5-ttyACM0:channel=36,name=w36h' with known source with UUID 'E5C50001-0000-0000-0000-10BDA3CF0540'
1790664071.819 INFO: Remote source w36h (E5C50001-0000-0000-0000-10BDA3CF0540) reconnected
1790664071.820 INFO: w36h - /dev/ttyACM0 opened
1790664072.630 INFO: w36h - /dev/ttyACM0 capturing
1790664076.136 ERROR: Data source 'w36h / esp32c5-ttyACM0:channel=36,channel_hop=false,name=w36h' ('esp32c5-ttyACM0') encountered an error: websocket connection closed
1790664078.585 INFO: New remote source esp32c5btle-ttyACM3 (E5C50003-0000-0000-0000-10BDA3C87D54) connected
1790664078.586 INFO: esp32c5btle-ttyACM3 - /dev/ttyACM3 opened
1790664079.451 INFO: esp32c5btle-ttyACM3 - /dev/ttyACM3 capturing
1790664079.522 INFO: Detected new BTLE device 77:80:9A:9D:9D:34
1790664079.567 INFO: Detected new BTLE device 34:01:E5:9C:7C:26
1790664079.608 INFO: Detected new BTLE device 48:58:A7:76:6E:55
1790664079.774 INFO: Detected new BTLE device F4:DD:06:5E:7E:19
1790664079.951 INFO: Detected new BTLE device 48:9E:9D:9E:42:7C tcl_AC_t*ap_szkt
1790664082.020 INFO: Source 'esp32c5btle-ttyACM3' (E5C50003-0000-0000-0000-10BDA3C87D54) setting channel 38
1790664082.022 INFO: Detected new BTLE device F7:07:9C:9A:C1:14
1790664084.415 ERROR: Data source 'esp32c5btle-ttyACM3 / esp32c5btle-ttyACM3:channel=38' ('esp32c5btle-ttyACM3') encountered an error: websocket connection closed
1790664086.624 INFO: Matching new remote source 'esp32c5btle-ttyACM3:channel=38,channel_hop=false' with known source with UUID 'E5C50003-0000-0000-0000-10BDA3C87D54'
1790664086.632 INFO: esp32c5btle-ttyACM3 - /dev/ttyACM3 opened
1790664086.632 INFO: Remote source esp32c5btle-ttyACM3 (E5C50003-0000-0000-0000-10BDA3C87D54) reconnected
1790664087.450 INFO: esp32c5btle-ttyACM3 - /dev/ttyACM3 capturing
1790664089.036 ERROR: Data source 'esp32c5btle-ttyACM3 / esp32c5btle-ttyACM3:channel=38,channel_hop=false' ('esp32c5btle-ttyACM3') encountered an error: websocket connection closed
1790664091.201 INFO: Probing interface 'esp32c5-ttyACM1' to find datasource type
1790664091.299 interface: esp32c5-ttyACM1
1790664091.304 INFO: Found type 'esp32c5' for 'esp32c5-ttyACM1'
1790664091.642 INFO: Matching new remote source 'esp32c5-ttyACM0' with known source with UUID 'E5C50001-0000-0000-0000-10BDA3CF0540'
1790664091.660 INFO: Remote source w36h (E5C50001-0000-0000-0000-10BDA3CF0540) reconnected
1790664091.660 INFO: w36h - /dev/ttyACM0 opened
1790664092.573 INFO: w36h - /dev/ttyACM0 capturing
1790664092.821 INFO: esp32c5-ttyACM1 capturing (wifi)
1790664093.827 INFO: Detected new 802.11 Wi-Fi access point 00:B8:C2:B2:AE:57
1790664093.827 INFO: 802.11 Wi-Fi device 00:B8:C2:B2:AE:57 advertising new SSID 'Mor'
1790664094.331 INFO: Detected new 802.11 Wi-Fi access point FA:8F:CA:6C:D1:65
1790664094.333 INFO: 802.11 Wi-Fi device FA:8F:CA:6C:D1:65 advertising new SSID 'JBL Bar 5.1_0891.l025'
1790664094.334 INFO: Detected new 802.11 Wi-Fi access point 40:AE:30:84:36:22
1790664094.334 INFO: 802.11 Wi-Fi device 40:AE:30:84:36:22 advertising new SSID 'cohen42'
1790664094.336 INFO: Detected new 802.11 Wi-Fi access point 40:AE:30:84:34:B6
1790664094.336 INFO: 802.11 Wi-Fi device 40:AE:30:84:34:B6 advertising new SSID 'cohen42'
1790664094.341 INFO: Detected new 802.11 Wi-Fi access point 26:39:F1:AB:05:B2
1790664094.341 INFO: 802.11 Wi-Fi device 26:39:F1:AB:05:B2 advertising new SSID 'osvc-2'
1790664094.347 INFO: Detected new 802.11 Wi-Fi access point 46:AE:30:84:34:B6
1790664094.347 INFO: 802.11 Wi-Fi device 46:AE:30:84:34:B6 advertising a new cloaked SSID
1790664096.339 INFO: Detected new 802.11 Wi-Fi device 94:83:C4:25:9E:39
1790664100.408 INFO: Detected new 802.11 Wi-Fi access point CA:C9:A3:4D:96:E7
1790664100.413 INFO: 802.11 Wi-Fi device CA:C9:A3:4D:96:E7 advertising new SSID 'ESP-4D96E7'
1790664100.414 INFO: Detected new 802.11 Wi-Fi access point 40:AE:30:84:5A:16
1790664100.414 INFO: 802.11 Wi-Fi device 40:AE:30:84:5A:16 advertising new SSID 'cohen42'
1790664100.916 INFO: Detected new 802.11 Wi-Fi access point 46:AE:30:84:5A:16
1790664100.916 INFO: 802.11 Wi-Fi device 46:AE:30:84:5A:16 advertising a new cloaked SSID
1790664100.917 INFO: Detected new 802.11 Wi-Fi access point 46:AE:30:84:36:22
1790664100.917 INFO: 802.11 Wi-Fi device 46:AE:30:84:36:22 advertising a new cloaked SSID
1790664102.507 INFO: Detected new 802.11 Wi-Fi access point B0:1F:47:0D:E9:B9
1790664102.508 INFO: 802.11 Wi-Fi device B0:1F:47:0D:E9:B9 advertising new SSID 'Mor'
1790664107.007 INFO: Detected new 802.11 Wi-Fi device 20:0B:74:10:99:0E
1790664108.505 INFO: Detected new 802.11 Wi-Fi access point 58:FC:20:1B:D9:D0
1790664108.506 INFO: 802.11 Wi-Fi device 58:FC:20:1B:D9:D0 advertising new SSID 'Sivan'
1790664111.006 INFO: Detected new 802.11 Wi-Fi device B0:1F:47:17:AF:4A
1790664111.506 INFO: Detected new 802.11 Wi-Fi device 40:AE:30:84:5A:14
1790664114.481 INFO: Source 'w36h' (E5C50001-0000-0000-0000-10BDA3CF0540) setting channel list and hopping
1790664114.483 ERROR: w36h - Removed 2 channels from the channel list because the source could not tune to them: 15, 38
1790664117.211 INFO: 802.11 Wi-Fi device 58:FC:20:1B:D9:D0 advertising new SSID 'Sivan'
1790664117.211 INFO: Detected new 802.11 Wi-Fi device B2:27:56:FA:6F:0D
1790664117.221 INFO: Detected new 802.11 Wi-Fi device 96:C7:EE:6C:AF:38
1790664117.708 INFO: Detected new 802.11 Wi-Fi device 1C:4D:89:65:18:2A
1790664117.709 INFO: Detected new 802.11 Wi-Fi device 40:AE:30:84:5A:15
1790664118.986 INFO: Source 'esp32c5-ttyACM1' (E5C50001-0000-0000-0000-3844BEBFC910) setting channel list and hopping
1790664119.489 INFO: Detected new 802.11 Wi-Fi device B0:1F:47:0D:E9:B8
1790664119.490 INFO: Detected new 802.11 Wi-Fi device B0:1F:47:10:E2:62
1790664119.491 INFO: Detected new 802.11 Wi-Fi device 58:FC:20:1B:D9:CF
1790664120.990 INFO: 802.11 Wi-Fi device FA:8F:CA:6C:D1:65 advertising new SSID 'JBL Bar 5.1_0891.l025'
1790664120.991 INFO: 802.11 Wi-Fi device CA:C9:A3:4D:96:E7 advertising new SSID 'ESP-4D96E7'
1790664120.998 INFO: Detected new 802.11 Wi-Fi device A8:42:A1:B2:27:77
1790664120.998 INFO: Detected new 802.11 Wi-Fi device D4:E8:53:00:37:6A
1790664121.491 INFO: 802.11 Wi-Fi device 26:39:F1:AB:05:B2 advertising new SSID 'osvc-2'
1790664122.911 INFO: Detected new 802.11 Wi-Fi device 70:F7:54:59:32:1C
1790664123.908 INFO: Detected new 802.11 Wi-Fi device DE:F1:C7:6A:51:69
1790664124.937 INFO: Detected new 802.11 Wi-Fi device CE:59:74:BD:60:CC
1790664126.407 INFO: Detected new 802.11 Wi-Fi device D2:62:E6:3C:F3:CD
1790664126.414 INFO: Detected new 802.11 Wi-Fi device 1C:1E:E3:61:BE:7D
1790664126.499 INFO: Source 'w36h' (E5C50001-0000-0000-0000-10BDA3CF0540) setting channel 15
1790664126.500 ERROR: Data source 'w36h / esp32c5-ttyACM0:channel=36,channel_hop=false,name=w36h' ('esp32c5-ttyACM0') encountered an error: 15 is not a channel the board can tune to in wifi mode
1790664126.500 ERROR: Source 'w36h' (E5C50001-0000-0000-0000-10BDA3CF0540) failed to set channel 15
1790664127.502 INFO: Detected new 802.11 Wi-Fi device 00:B8:C2:B2:AE:4E
1790664127.509 INFO: Detected new 802.11 Wi-Fi device 64:64:4A:BB:59:65
1790664127.509 INFO: Detected new 802.11 Wi-Fi device 78:DF:72:D3:BB:92
1790664127.509 INFO: Detected new 802.11 Wi-Fi device B0:BB:E5:7F:F6:E7
1790664128.508 INFO: Detected new 802.11 Wi-Fi device 04:7E:4A:3C:7F:DB
1790664128.991 INFO: Source 'esp32c5-ttyACM1' (E5C50001-0000-0000-0000-3844BEBFC910) setting channel 15
1790664128.995 INFO: Detected new 802.11 Wi-Fi device 50:8A:06:DA:21:90
1790664129.506 INFO: Detected new 802.11 Wi-Fi device A8:42:A1:F5:68:CE
1790664129.506 INFO: Detected new 802.11 Wi-Fi device 4C:60:BA:54:25:60
1790664129.506 INFO: Detected new 802.11 Wi-Fi device 44:15:24:51:2C:9F
1790664129.994 INFO: Detected new 802.11 Wi-Fi device 04:7E:4A:3C:7E:D7
1790664129.995 INFO: Detected new 802.11 Wi-Fi device 78:DF:72:44:14:1D
1790664129.998 INFO: 802.11 Wi-Fi device 00:B8:C2:B2:AE:57 advertising new SSID 'Mor'
1790664131.012 INFO: Detected new 802.11 Wi-Fi device 2C:E0:32:9D:BF:C5
1790664131.536 INFO: Matching new remote source 'esp32c5-ttyACM0' with known source with UUID 'E5C50001-0000-0000-0000-10BDA3CF0540'
1790664131.552 INFO: Remote source w36h (E5C50001-0000-0000-0000-10BDA3CF0540) reconnected
1790664131.552 INFO: w36h - /dev/ttyACM0 opened
1790664132.363 INFO: w36h - /dev/ttyACM0 capturing
1790664133.009 INFO: Detected new 802.11 Wi-Fi device 24:9E:7D:38:9F:74
1790664133.510 INFO: Detected new 802.11 Wi-Fi device EE:E6:9F:46:A6:12
1790664134.511 INFO: Detected new 802.11 Wi-Fi device 62:CD:6E:0D:5A:99
1790664135.511 INFO: Detected new 802.11 Wi-Fi device 22:E4:AA:F9:82:CC
1790664137.014 INFO: 802.11 Wi-Fi device B0:1F:47:0D:E9:B9 advertising new SSID 'Mor'
1790664137.014 INFO: Detected new 802.11 Wi-Fi device 4C:FC:AA:83:7B:C9
1790664140.016 INFO: Detected new 802.11 Wi-Fi device C0:C9:E3:E5:BF:6E
1790664140.016 INFO: Detected new 802.11 Wi-Fi device 40:AC:BF:1B:33:91
1790664140.510 INFO: Detected new 802.11 Wi-Fi device B0:AC:82:2E:44:AB
1790664141.765 INFO: Source 'w36h' (E5C50001-0000-0000-0000-10BDA3CF0540) setting channel 200
1790664141.766 ERROR: Data source 'w36h / esp32c5-ttyACM0:channel=36,channel_hop=false,name=w36h' ('esp32c5-ttyACM0') encountered an error: 200 is not a channel the board can tune to in wifi mode
1790664141.766 ERROR: Source 'w36h' (E5C50001-0000-0000-0000-10BDA3CF0540) failed to set channel 200
1790664142.514 INFO: Detected new 802.11 Wi-Fi device 44:DF:65:2C:1A:3B
1790664144.310 INFO: Source 'esp32c5-ttyACM1' (E5C50001-0000-0000-0000-3844BEBFC910) setting channel 200
1790664145.317 INFO: Detected new 802.11 Wi-Fi device CC:27:46:EB:0E:B5
1790664146.323 INFO: Detected new 802.11 Wi-Fi device BE:15:7E:86:F4:61
1790664146.328 INFO: Detected new 802.11 Wi-Fi device 02:FA:9A:09:21:CF
1790664146.817 INFO: Matching new remote source 'esp32c5-ttyACM0' with known source with UUID 'E5C50001-0000-0000-0000-10BDA3CF0540'
1790664146.832 INFO: Remote source w36h (E5C50001-0000-0000-0000-10BDA3CF0540) reconnected
1790664146.832 INFO: w36h - /dev/ttyACM0 opened
1790664147.677 INFO: w36h - /dev/ttyACM0 capturing
1790664148.506 INFO: Detected new 802.11 Wi-Fi device 56:5F:6C:C8:38:45
1790664152.008 INFO: Detected new 802.11 Wi-Fi device 36:D1:92:DC:B7:AA
1790664153.505 INFO: Detected new 802.11 Wi-Fi device 5E:C8:14:F2:9F:92
1790664155.510 INFO: Detected new 802.11 Wi-Fi device E4:AA:EC:99:04:53
1790664157.037 INFO: Source 'w36h' (E5C50001-0000-0000-0000-10BDA3CF0540) setting channel 48
1790664159.016 INFO: Detected new 802.11 Wi-Fi device C2:48:0E:0B:3F:58
1790664159.514 INFO: Detected new 802.11 Wi-Fi device 80:AF:CA:F9:F7:3E
1790664159.970 INFO: 802.11 Wi-Fi device 42:A2:BA:65:29:F3 advertising new SSID 'osvc-52'
1790664160.666 ERROR: Data source 'w36h / esp32c5-ttyACM0:channel=36,channel_hop=false,name=w36h' ('esp32c5-ttyACM0') encountered an error: websocket connection closed
1790664163.120 
1790664163.120 *** KISMET IS SHUTTING DOWN ***
1790664163.120 Shutting down plugins...
1790664163.120 WARNING: Kismet changes the configuration of network devices.
1790664163.120          In most cases you will need to restart networking for
1790664163.120          your interface (varies per distribution and OS), but 
1790664163.120          typically one of:
1790664163.120          sudo service networking restart
1790664163.120          sudo /etc/init.d/networking restart
1790664163.120          or
1790664163.120          nmcli device set [device] managed true
1790664163.120 
1790664163.120 Kismet exiting.
1790664163.120 EXITING: Signal service thread complete.
1790664163.127 KISMET_EXIT=0
