1790664071.789 09:41:11 INFO: esp32c5-ttyACM0:channel=36,name=w36h: connected, offering it to Kismet as E5C50001-0000-0000-0000-10BDA3CF0540
1790664071.810 09:41:11 INFO: esp32c5-ttyACM0:channel=36,channel_hop=false,name=w36h: opening /dev/ttyACM0 for wifi
1790664071.818 09:41:11 INFO: /dev/ttyACM0 opened
1790664072.629 09:41:12 INFO: /dev/ttyACM0 capturing
1790664076.119 09:41:16 INFO: stopping
1790664076.137 09:41:16 INFO: esp32c5-ttyACM0:channel=36,name=w36h: connection ended: stopped
1790664076.199 PY_EXIT=0
1790664233.353 INFO: Including sub-config file: /home/osh/kismet-install/etc/kismet_httpd.conf
1790664233.353 INFO: Including sub-config file: /home/osh/kismet-install/etc/kismet_memory.conf
1790664233.353 INFO: Including sub-config file: /home/osh/kismet-install/etc/kismet_alerts.conf
1790664233.353 INFO: Including sub-config file: /home/osh/kismet-install/etc/kismet_80211.conf
1790664233.353 INFO: Including sub-config file: /home/osh/kismet-install/etc/kismet_logging.conf
1790664233.353 INFO: Including sub-config file: /home/osh/kismet-install/etc/kismet_filter.conf
1790664233.353 INFO: Including sub-config file: /home/osh/kismet-install/etc/kismet_uav.conf
1790664233.353 INFO: Loading config override file '/home/osh/kismet-install/etc/kismet_package.conf'
1790664233.353 INFO: Optional sub-config file not present: /home/osh/kismet-install/etc/kismet_package.conf
1790664233.353 INFO: Loading config override file '/home/osh/kismet-install/etc/kismet_site.conf'
1790664233.353 INFO: Optional sub-config file not present: /home/osh/kismet-install/etc/kismet_site.conf
1790664233.353 INFO: Generated server UUID 22E7CE74-BBD1-11F1-95D6-4B49534D4554 and storing in /tmp/py/p4b/.kismet//kismet_server_id.conf
1790664233.353 INFO: Setting server UUID 22E7CE74-BBD1-11F1-95D6-4B49534D4554
1790664233.353 INFO: Starting Beast webserver on 0.0.0.0:2501
1790664233.353 INFO: Opened OUI file '/home/osh/kismet-install/share/kismet/kismet_manuf.txt.gz
1790664233.353 INFO: Indexing manufacturer db
1790664233.354 INFO: Completed indexing manufacturer db, 38959 lines and 780 indexes.
1790664233.360 INFO: Saving devices to the Kismet database log every 30 seconds
1790664233.365 INFO: Using default rates of 10/min, 1/sec for alert 'DEVICEFOUND'
1790664233.365 INFO: Using default rates of 10/min, 1/sec for alert 'DEVICELOST'
1790664233.365 INFO: Registering support for DLT_PPI packet header decoding
1790664233.365 INFO: Registering support for DLT_RADIOTAP packet header decoding
1790664233.365 INFO: Registering support for DLT_BTLE_RADIO packet header decoding
1790664233.368 INFO: Using default rates of 10/min, 1/sec for alert 'BADFIXLENIE'
1790664233.369 INFO: PHY80211 will only process AP signal levels from beacons
1790664233.369 INFO: Allowing Kismet clients to view WEP keys
1790664233.369 DEBUG: ssid canary FooCanary:ssid="FoobarCanary"
1790664233.369 DEBUG: ssid canary FooCanart2:ssid="(?i:foobarcanary)"
1790664233.369 INFO: Keeping EAPOL packets in memory for easy download and WIDS functionality; this can use more RAM.
1790664233.372 INFO: Registered PHY handler 'IEEE802.11' as ID 0
1790664233.373 INFO: Registered PHY handler 'RFSENSOR' as ID 1
1790664233.374 INFO: Registered PHY handler 'Z-Wave' as ID 2
1790664233.376 INFO: Registered PHY handler 'Bluetooth' as ID 3
1790664233.376 DEBUG: reserve_fields home id 538 app id 539
1790664233.378 INFO: Registered PHY handler 'UAV' as ID 4
1790664233.379 INFO: Registered PHY handler 'NrfMousejack' as ID 5
1790664233.379 ERROR: Tried to re-register duplicate alert FLIPPERZERO
1790664233.380 INFO: Registered PHY handler 'BTLE' as ID 6
1790664233.381 INFO: Registered PHY handler 'METER' as ID 7
1790664233.381 INFO: Indexing ADSB ICAO db
1790664233.645 INFO: Completed indexing ADSB ICAO db, 341068 lines 6822 indexes
1790664233.647 INFO: Registered PHY handler 'ADSB' as ID 8
1790664233.648 INFO: Registered PHY handler '802.15.4' as ID 9
1790664233.649 INFO: Registered PHY handler 'RADIATION' as ID 10
1790664233.655 INFO: (HTTPD) Could not read session data file, skipping loading saved sessions.
1790664233.655 INFO: Serving static file content from /home/osh/kismet-install/share/kismet/httpd/
1790664233.656 INFO: Enabling channel hopping by default on sources which support channel control.
1790664233.656 INFO: Setting default channel hop rate to 5/sec
1790664233.656 INFO: Enabling channel list splitting on sources which share the same list of channels
1790664233.656 INFO: Enabling channel list shuffling to optimize overlaps
1790664233.656 INFO: Sources will be re-opened if they encounter an error
1790664233.656 INFO: Saving datasources to the Kismet database log every 30 seconds
1790664233.656 INFO: Launching remote capture server on 127.0.0.1 3501
1790664233.659 INFO: No data sources defined; Kismet will not capture anything until a source is added.
1790664233.660 ALERT: LOGDISABLED Logging has been disabled via the Kismet config files or the command line.  Pcap, database, and related logs will not be saved.
1790664233.660 INFO: Logging disabled, not enabling any log drivers.
1790664233.660 INFO: GPS track will be logged to the Kismet logfile
1790664233.661 INFO: Starting Kismet web server...
1790664233.661 INFO: HTTP server listening on 0.0.0.0:2501
1790664233.663 INFO: Could not open system plugin directory (/home/osh/kismet-install/lib/kismet/), skipping: No such file or directory
1790664233.663 INFO: Did not find a user plugin directory (/tmp/py/p4b/.kismet//plugins/), skipping: No such file or directory
1790664234.094 INFO: New remote source lock36 (E5C50001-0000-0000-0000-10BDA3CF0540) connected
1790664234.094 INFO: lock36 - /dev/ttyACM0 opened
1790664234.917 INFO: lock36 - /dev/ttyACM0 capturing
1790664234.943 INFO: Detected new 802.11 Wi-Fi device E4:5F:01:49:99:3F
1790664234.943 INFO: Detected new 802.11 Wi-Fi device 42:A2:BA:65:29:F3
1790664238.377 INFO: Detected new 802.11 Wi-Fi device 4C:2E:5E:D5:FE:E9
1790664239.678 INFO: Detected new 802.11 Wi-Fi device A8:DB:03:42:DE:68
1790664240.722 ERROR: Data source 'lock36 / esp32c5-ttyACM0:channel=36,channel_hop=false,name=lock36' ('esp32c5-ttyACM0') encountered an error: websocket connection closed
1790664244.148 INFO: Matching new remote source 'esp32c5-ttyACM0' with known source with UUID 'E5C50001-0000-0000-0000-10BDA3CF0540'
1790664244.182 INFO: Remote source lock36 (E5C50001-0000-0000-0000-10BDA3CF0540) reconnected
1790664244.182 INFO: lock36 - /dev/ttyACM0 opened
1790664245.012 INFO: lock36 - /dev/ttyACM0 capturing
1790664250.799 ERROR: Data source 'lock36 / esp32c5-ttyACM0:channel=36,channel_hop=false,name=lock36' ('esp32c5-ttyACM0') encountered an error: websocket connection closed
1790664253.830 INFO: Matching new remote source 'esp32c5-ttyACM0' with known source with UUID 'E5C50001-0000-0000-0000-10BDA3CF0540'
1790664253.839 INFO: Remote source lock36 (E5C50001-0000-0000-0000-10BDA3CF0540) reconnected
1790664258.902 INFO: lock36 - lock36 capturing (wifi)
1790664263.340 ERROR: Data source 'lock36 / esp32c5-ttyACM0:channel=36,channel_hop=false,name=lock36' ('esp32c5-ttyACM0') encountered an error: websocket connection closed
1790664263.735 INFO: Matching new remote source 'esp32c5-ttyACM0:channel_hop=true' with known source with UUID 'E5C50001-0000-0000-0000-10BDA3CF0540'
1790664263.769 INFO: Remote source lock36 (E5C50001-0000-0000-0000-10BDA3CF0540) reconnected
1790664263.770 INFO: lock36 - /dev/ttyACM0 opened
1790664264.734 INFO: lock36 - /dev/ttyACM0 capturing
1790664266.595 INFO: Detected new 802.11 Wi-Fi access point 40:AE:30:84:34:B6
1790664266.596 INFO: 802.11 Wi-Fi device 40:AE:30:84:34:B6 advertising new SSID 'cohen42'
1790664266.720 INFO: Detected new 802.11 Wi-Fi access point 46:AE:30:84:5A:16
1790664266.723 INFO: 802.11 Wi-Fi device 46:AE:30:84:5A:16 advertising a new cloaked SSID
1790664266.743 INFO: Detected new 802.11 Wi-Fi access point 46:AE:30:84:34:B6
1790664266.744 INFO: 802.11 Wi-Fi device 46:AE:30:84:34:B6 advertising a new cloaked SSID
1790664266.770 INFO: Detected new 802.11 Wi-Fi access point 40:AE:30:84:5A:16
1790664266.771 INFO: 802.11 Wi-Fi device 40:AE:30:84:5A:16 advertising new SSID 'cohen42'
1790664270.390 ERROR: Data source 'lock36 / esp32c5-ttyACM0:channel=36,channel_hop=true,name=lock36' ('esp32c5-ttyACM0') encountered an error: websocket connection closed
1790664273.807 INFO: Matching new remote source 'esp32c5-ttyACM0:name=plain' with known source with UUID 'E5C50001-0000-0000-0000-10BDA3CF0540'
1790664273.838 INFO: Remote source plain (E5C50001-0000-0000-0000-10BDA3CF0540) reconnected
1790664273.838 INFO: plain - /dev/ttyACM0 opened
1790664274.893 INFO: plain - /dev/ttyACM0 capturing
1790664276.518 INFO: Detected new 802.11 Wi-Fi device 26:39:F1:AB:05:B2
1790664276.519 INFO: Detected new 802.11 Wi-Fi device 94:83:C4:25:9E:39
1790664276.666 INFO: Detected new 802.11 Wi-Fi device B0:1F:47:17:AF:4A
1790664276.730 INFO: Detected new 802.11 Wi-Fi device DE:85:21:5C:A3:AE
1790664280.459 ERROR: Data source 'plain / esp32c5-ttyACM0:channel=36,channel_hop=true,name=plain' ('esp32c5-ttyACM0') encountered an error: websocket connection closed
1790664283.671 
1790664283.671 *** KISMET IS SHUTTING DOWN ***
1790664283.671 Shutting down plugins...
1790664283.671 WARNING: Kismet changes the configuration of network devices.
1790664283.671          In most cases you will need to restart networking for
1790664283.671          your interface (varies per distribution and OS), but 
1790664283.671          typically one of:
1790664283.671          sudo service networking restart
1790664283.671          sudo /etc/init.d/networking restart
1790664283.671          or
1790664283.671          nmcli device set [device] managed true
1790664283.671 
1790664283.672 Kismet exiting.
1790664283.672 EXITING: Signal service thread complete.
1790664283.678 KISMET_EXIT=0
