1790664285.464 09:44:45 INFO: esp32c5-ttyACM0:channel=36: connected, offering it to Kismet as E5C50001-0000-0000-0000-10BDA3CF0540
1790664285.467 09:44:45 INFO: esp32c5-ttyACM0:channel=36: opening /dev/ttyACM0 for wifi
1790664285.477 09:44:45 INFO: /dev/ttyACM0 opened
1790664286.489 09:44:46 INFO: /dev/ttyACM0 capturing
1790664294.081 09:44:54 INFO: esp32c5-ttyACM0:channel=36: connection ended: Connection to remote host was lost.
1790664299.131 09:44:59 ERROR: esp32c5-ttyACM0:channel=36: [Errno 111] Connection refused
1790664304.189 09:45:04 ERROR: esp32c5-ttyACM0:channel=36: [Errno 111] Connection refused
1790664309.245 09:45:09 ERROR: esp32c5-ttyACM0:channel=36: [Errno 111] Connection refused
1790664314.295 09:45:14 ERROR: esp32c5-ttyACM0:channel=36: [Errno 111] Connection refused
1790664317.777 09:45:17 INFO: stopping
1790664317.855 PY_EXIT=0
 40:AE:30:84:5A:15
1790664288.429 INFO: Detected new 802.11 Wi-Fi access point 46:AE:30:84:5A:16
1790664288.433 INFO: 802.11 Wi-Fi device 46:AE:30:84:5A:16 advertising a new cloaked SSID
1790664288.739 INFO: Detected new 802.11 Wi-Fi access point 00:B8:C2:B2:AE:57
1790664288.739 INFO: Detected new 802.11 Wi-Fi device 70:F7:54:55:CB:00
1790664288.739 INFO: Detected new 802.11 Wi-Fi device 00:B8:C2:B2:AE:58
1790664288.777 INFO: Detected new 802.11 Wi-Fi device 42:A2:BA:65:29:F3
1790664288.777 INFO: Detected new 802.11 Wi-Fi device 4C:2E:5E:D5:FE:E9
1790664288.777 INFO: Detected new 802.11 Wi-Fi device D2:62:E6:3C:F3:CD
1790664290.714 INFO: Detected new 802.11 Wi-Fi device E4:5F:01:49:99:3F
1790664292.393 INFO: Detected new 802.11 Wi-Fi access point D0:CF:0E:85:DC:54
1790664292.393 INFO: 802.11 Wi-Fi device D0:CF:0E:85:DC:54 advertising new SSID 'Kobi'
1790664292.395 INFO: Detected new 802.11 Wi-Fi access point 40:AE:30:84:34:B6
1790664292.395 INFO: 802.11 Wi-Fi device 40:AE:30:84:34:B6 advertising new SSID 'cohen42'
1790664293.978 
1790664293.978 *** KISMET IS SHUTTING DOWN ***
1790664293.978 Shutting down plugins...
1790664293.978 WARNING: Kismet changes the configuration of network devices.
1790664293.978          In most cases you will need to restart networking for
1790664293.978          your interface (varies per distribution and OS), but 
1790664293.978          typically one of:
1790664293.978          sudo service networking restart
1790664293.978          sudo /etc/init.d/networking restart
1790664293.978          or
1790664293.978          nmcli device set [device] managed true
1790664293.978 
1790664293.978 Kismet exiting.
1790664293.980 EXITING: Signal service thread complete.
1790664293.984 KISMET_EXIT=0
