1790664384.563 09:46:24 INFO: esp32c5btle-ttyACM1: connected, offering it to Kismet as E5C50003-0000-0000-0000-3844BEBFC910
1790664384.565 09:46:24 INFO: esp32c5btle-ttyACM1: opening /dev/ttyACM1 for btle
1790664384.573 09:46:24 INFO: /dev/ttyACM1 is already in use by another capture (an esp32c5 source or another program holds it); a board captures with one radio at a time; waiting for it
1790664384.575 09:46:24 INFO: esp32c5btle-ttyACM1: connection ended: could not open /dev/ttyACM1 is already in use by another capture (an esp32c5 source or another program holds it); a board captures with one radio at a time
1790664389.602 09:46:29 INFO: esp32c5btle-ttyACM1: connected, offering it to Kismet as E5C50003-0000-0000-0000-3844BEBFC910
1790664389.606 09:46:29 INFO: esp32c5btle-ttyACM1: opening /dev/ttyACM1 for btle
1790664389.627 09:46:29 INFO: /dev/ttyACM1 is already in use by another capture (an esp32c5 source or another program holds it); a board captures with one radio at a time; waiting for it
1790664389.629 09:46:29 INFO: esp32c5btle-ttyACM1: connection ended: could not open /dev/ttyACM1 is already in use by another capture (an esp32c5 source or another program holds it); a board captures with one radio at a time
1790664394.656 09:46:34 INFO: esp32c5btle-ttyACM1: connected, offering it to Kismet as E5C50003-0000-0000-0000-3844BEBFC910
1790664394.659 09:46:34 INFO: esp32c5btle-ttyACM1: opening /dev/ttyACM1 for btle
1790664394.673 09:46:34 INFO: /dev/ttyACM1 is already in use by another capture (an esp32c5 source or another program holds it); a board captures with one radio at a time; waiting for it
1790664394.675 09:46:34 INFO: esp32c5btle-ttyACM1: connection ended: could not open /dev/ttyACM1 is already in use by another capture (an esp32c5 source or another program holds it); a board captures with one radio at a time
1790664399.702 09:46:39 INFO: esp32c5btle-ttyACM1: connected, offering it to Kismet as E5C50003-0000-0000-0000-3844BEBFC910
1790664399.705 09:46:39 INFO: esp32c5btle-ttyACM1: opening /dev/ttyACM1 for btle
1790664399.726 09:46:39 INFO: /dev/ttyACM1 is already in use by another capture (an esp32c5 source or another program holds it); a board captures with one radio at a time; waiting for it
1790664399.729 09:46:39 INFO: esp32c5btle-ttyACM1: connection ended: could not open /dev/ttyACM1 is already in use by another capture (an esp32c5 source or another program holds it); a board captures with one radio at a time
1790664404.755 09:46:44 INFO: esp32c5btle-ttyACM1: connected, offering it to Kismet as E5C50003-0000-0000-0000-3844BEBFC910
1790664404.758 09:46:44 INFO: esp32c5btle-ttyACM1: opening /dev/ttyACM1 for btle
1790664404.779 09:46:44 INFO: /dev/ttyACM1 is already in use by another capture (an esp32c5 source or another program holds it); a board captures with one radio at a time; waiting for it
1790664404.781 09:46:44 INFO: esp32c5btle-ttyACM1: connection ended: could not open /dev/ttyACM1 is already in use by another capture (an esp32c5 source or another program holds it); a board captures with one radio at a time
1790664409.808 09:46:49 INFO: esp32c5btle-ttyACM1: connected, offering it to Kismet as E5C50003-0000-0000-0000-3844BEBFC910
1790664409.811 09:46:49 INFO: esp32c5btle-ttyACM1: opening /dev/ttyACM1 for btle
1790664409.832 09:46:49 INFO: /dev/ttyACM1 is already in use by another capture (an esp32c5 source or another program holds it); a board captures with one radio at a time; waiting for it
1790664409.835 09:46:49 INFO: esp32c5btle-ttyACM1: connection ended: could not open /dev/ttyACM1 is already in use by another capture (an esp32c5 source or another program holds it); a board captures with one radio at a time
1790664414.855 09:46:54 INFO: esp32c5btle-ttyACM1: connected, offering it to Kismet as E5C50003-0000-0000-0000-3844BEBFC910
1790664414.857 09:46:54 INFO: esp32c5btle-ttyACM1: opening /dev/ttyACM1 for btle
1790664414.871 09:46:54 INFO: /dev/ttyACM1 is already in use by another capture (an esp32c5 source or another program holds it); a board captures with one radio at a time; waiting for it
1790664414.873 09:46:54 INFO: esp32c5btle-ttyACM1: connection ended: could not open /dev/ttyACM1 is already in use by another capture (an esp32c5 source or another program holds it); a board captures with one radio at a time
1790664417.230 09:46:57 INFO: stopping
1790664417.292 PY_EXIT=0
