kismet up after 0.38 s pid 327817 home /tmp/py/p5
##### check 4: Python helper holds ttyACM0
1.13
### locks
  flock /dev/ttyACM1 by pid 327874 (/home/osh/kismet-install/bin/kismet_cap_esp32c5 --in-fd=11 --out-fd=14 )
  flock /dev/ttyACM0 by pid 327923 (/home/osh/esp32c5-venv/bin/python -u -m esp32c5_kismet.remote --connect 127.0.0.1:2501 --user admin )
### tty exclusive flag? (TIOCGEXCL via python)
/dev/ttyACM0 open: EBUSY Device or resource busy
### openers on ttyACM0 and its by-id link
os.open O_RDWR|O_NOCTTY: errno 16 EBUSY (Device or resource busy)
pyserial open exclusive=False: [Errno 16] could not open port /dev/ttyACM0: [Errno 16] Device or resource busy: '/dev/ttyACM0'
pyserial open exclusive=True: [Errno 16] could not open port /dev/ttyACM0: [Errno 16] Device or resource busy: '/dev/ttyACM0'
os.open O_RDWR|O_NOCTTY: errno 16 EBUSY (Device or resource busy)
pyserial open exclusive=False: [Errno 16] could not open port /dev/serial/by-id/usb-Espressif_USB_JTAG_serial_debug_unit_10:BD:A3:CF:05:40-if00: [Errno 16] Device or resource busy: '/dev/serial/by-id/usb-Espressif_USB_JTAG_serial_debug_unit_10:BD:A3:CF:05:40-if00'
pyserial open exclusive=True: [Errno 16] could not open port /dev/serial/by-id/usb-Espressif_USB_JTAG_serial_debug_unit_10:BD:A3:CF:05:40-if00: [Errno 16] Device or resource busy: '/dev/serial/by-id/usb-Espressif_USB_JTAG_serial_debug_unit_10:BD:A3:CF:05:40-if00'
### esptool chip-id on the by-id link

ERROR: A fatal error occurred: Could not open /dev/serial/by-id/usb-Espressif_USB_JTAG_serial_debug_unit_10:BD:A3:CF:05:40-if00, the port is busy or doesn't exist.
([Errno 16] could not open port /dev/serial/by-id/usb-Espressif_USB_JTAG_serial_debug_unit_10:BD:A3:CF:05:40-if00: [Errno 16] Device or resource busy: '/dev/serial/by-id/usb-Espressif_USB_JTAG_serial_debug_unit_10:BD:A3:CF:05:40-if00')

esptool exit=2
### the wiki TXTEST opener (board.open_serial) on ttyACM0
    raise PortBusy(IN_USE % port)
esp32c5_kismet.board.PortBusy: /dev/ttyACM0 is already in use by another capture (an esp32c5 source or another program holds it); a board captures with one radio at a time
### Kismet local source for another radio of the same board (add_source esp32c5btle-ttyACM0)
HTTP 500
{}
esp32c5-ttyACM0              run=1 err=0 rem=1 pkts=136     ch=6    hop=1 rate=5 off=0 nch=42 pid=0 uuid=E5C50001-0000-0000-0000-10BDA3CF0540 hw=Espressif USB-Serial-JTAG (10:BD:A3:CF:05:40) capif=/dev/ttyACM0 reason=
esp32c5btle-ttyACM0          run=0 err=1 rem=0 pkts=0       ch=     hop=0 rate=0 off=0 nch=0 pid=328049 uuid=00000000-0000-0000-0000-000000000000 hw= capif= reason=/dev/ttyACM0 is already in use by another capture (an esp32c5 source or another program holds it); a board captures with one radio at a time
### second Python helper, other radio (esp32c5zigbee-ttyACM0), 14 s
t+2 esp32c5-ttyACM1 run=1 err=0 pkts=212;esp32c5-ttyACM0 run=1 err=0 pkts=190;esp32c5btle-ttyACM0 run=0 err=1 pkts=0;
t+4 esp32c5-ttyACM1 run=1 err=0 pkts=267;esp32c5-ttyACM0 run=1 err=0 pkts=213;esp32c5btle-ttyACM0 run=0 err=1 pkts=0;
t+6 esp32c5-ttyACM1 run=1 err=0 pkts=279;esp32c5-ttyACM0 run=1 err=0 pkts=332;esp32c5btle-ttyACM0 run=0 err=1 pkts=0;
t+8 esp32c5-ttyACM1 run=1 err=0 pkts=292;esp32c5-ttyACM0 run=1 err=0 pkts=362;esp32c5btle-ttyACM0 run=0 err=1 pkts=0;
t+10 esp32c5-ttyACM1 run=1 err=0 pkts=383;esp32c5-ttyACM0 run=1 err=0 pkts=408;esp32c5btle-ttyACM0 run=0 err=1 pkts=0;
t+12 esp32c5-ttyACM1 run=1 err=0 pkts=412;esp32c5-ttyACM0 run=1 err=0 pkts=476;esp32c5btle-ttyACM0 run=0 err=1 pkts=0;
t+14 esp32c5-ttyACM1 run=1 err=0 pkts=446;esp32c5-ttyACM0 run=1 err=0 pkts=481;esp32c5btle-ttyACM0 run=0 err=1 pkts=0;
### third Python helper, same radio and UUID as the holder (esp32c5-ttyACM0), 14 s
t+2 esp32c5-ttyACM1 run=1 err=0 pkts=496;esp32c5-ttyACM0 run=0 err=1 pkts=488;esp32c5btle-ttyACM0 run=0 err=1 pkts=0;
t+4 esp32c5-ttyACM1 run=1 err=0 pkts=534;esp32c5-ttyACM0 run=0 err=1 pkts=488;esp32c5btle-ttyACM0 run=1 err=0 pkts=0;
t+6 esp32c5-ttyACM1 run=1 err=0 pkts=619;esp32c5-ttyACM0 run=0 err=1 pkts=488;esp32c5btle-ttyACM0 run=1 err=0 pkts=20;
t+8 esp32c5-ttyACM1 run=1 err=0 pkts=734;esp32c5-ttyACM0 run=0 err=1 pkts=488;esp32c5btle-ttyACM0 run=1 err=0 pkts=49;
t+10 esp32c5-ttyACM1 run=1 err=0 pkts=785;esp32c5-ttyACM0 run=0 err=1 pkts=488;esp32c5btle-ttyACM0 run=1 err=0 pkts=84;
t+12 esp32c5-ttyACM1 run=1 err=0 pkts=823;esp32c5-ttyACM0 run=0 err=1 pkts=488;esp32c5btle-ttyACM0 run=1 err=0 pkts=110;
t+14 esp32c5-ttyACM1 run=1 err=0 pkts=876;esp32c5-ttyACM0 run=0 err=1 pkts=488;esp32c5btle-ttyACM0 run=1 err=0 pkts=144;
### holder still capturing?
esp32c5-ttyACM1 run=1 err=0 pkts=1055;esp32c5-ttyACM0 run=0 err=1 pkts=488;esp32c5btle-ttyACM0 run=1 err=0 pkts=212;
  flock /dev/ttyACM1 by pid 327874 (/home/osh/kismet-install/bin/kismet_cap_esp32c5 --in-fd=11 --out-fd=14 )
  flock /dev/ttyACM0 by pid 328515 (/home/osh/kismet-install/bin/kismet_cap_esp32c5 --in-fd=11 --out-fd=16 )
### messages since T1
### second/third helper logs
1790664345.312 09:45:45 INFO: esp32c5zigbee-ttyACM0: connected, offering it to Kismet as E5C50002-0000-0000-0000-10BDA3CF0540
1790664345.314 09:45:45 INFO: esp32c5zigbee-ttyACM0: opening /dev/ttyACM0 for zigbee
1790664345.322 09:45:45 INFO: /dev/ttyACM0 is already in use by another capture (an esp32c5 source or another program holds it); a board captures with one radio at a time; waiting for it
1790664345.324 09:45:45 INFO: esp32c5zigbee-ttyACM0: connection ended: could not open /dev/ttyACM0 is already in use by another capture (an esp32c5 source or another program holds it); a board captures with one radio at a time
1790664350.347 09:45:50 INFO: esp32c5zigbee-ttyACM0: connected, offering it to Kismet as E5C50002-0000-0000-0000-10BDA3CF0540
1790664350.350 09:45:50 INFO: esp32c5zigbee-ttyACM0: opening /dev/ttyACM0 for zigbee
1790664350.368 09:45:50 INFO: /dev/ttyACM0 is already in use by another capture (an esp32c5 source or another program holds it); a board captures with one radio at a time; waiting for it
1790664350.370 09:45:50 INFO: esp32c5zigbee-ttyACM0: connection ended: could not open /dev/ttyACM0 is already in use by another capture (an esp32c5 source or another program holds it); a board captures with one radio at a time
1790664355.380 09:45:55 INFO: esp32c5zigbee-ttyACM0: connected, offering it to Kismet as E5C50002-0000-0000-0000-10BDA3CF0540
1790664355.382 09:45:55 INFO: esp32c5zigbee-ttyACM0: opening /dev/ttyACM0 for zigbee
1790664355.389 09:45:55 INFO: /dev/ttyACM0 is already in use by another capture (an esp32c5 source or another program holds it); a board captures with one radio at a time; waiting for it
1790664355.390 09:45:55 INFO: esp32c5zigbee-ttyACM0: connection ended: could not open /dev/ttyACM0 is already in use by another capture (an esp32c5 source or another program holds it); a board captures with one radio at a time
1790664360.400 09:46:00 INFO: esp32c5zigbee-ttyACM0: connected, offering it to Kismet as E5C50002-0000-0000-0000-10BDA3CF0540
1790664360.402 09:46:00 INFO: esp32c5zigbee-ttyACM0: opening /dev/ttyACM0 for zigbee
1790664360.409 09:46:00 INFO: /dev/ttyACM0 is already in use by another capture (an esp32c5 source or another program holds it); a board captures with one radio at a time; waiting for it
1790664360.410 09:46:00 INFO: esp32c5zigbee-ttyACM0: connection ended: could not open /dev/ttyACM0 is already in use by another capture (an esp32c5 source or another program holds it); a board captures with one radio at a time
1790664361.247 09:46:01 INFO: stopping
1790664361.310 PY_EXIT=0
1790664363.004 09:46:03 INFO: esp32c5-ttyACM0: connected, offering it to Kismet as E5C50001-0000-0000-0000-10BDA3CF0540
1790664363.006 09:46:03 INFO: esp32c5-ttyACM0: connection ended: Connection to remote host was lost.
1790664368.017 09:46:08 INFO: esp32c5-ttyACM0: connected, offering it to Kismet as E5C50001-0000-0000-0000-10BDA3CF0540
1790664368.019 09:46:08 INFO: esp32c5-ttyACM0: opening /dev/ttyACM0 for wifi
1790664368.026 09:46:08 INFO: /dev/ttyACM0 is already in use by another capture (an esp32c5 source or another program holds it); a board captures with one radio at a time; waiting for it
1790664368.028 09:46:08 INFO: esp32c5-ttyACM0: connection ended: could not open /dev/ttyACM0 is already in use by another capture (an esp32c5 source or another program holds it); a board captures with one radio at a time
1790664373.038 09:46:13 INFO: esp32c5-ttyACM0: connected, offering it to Kismet as E5C50001-0000-0000-0000-10BDA3CF0540
1790664373.039 09:46:13 INFO: esp32c5-ttyACM0: opening /dev/ttyACM0 for wifi
1790664373.047 09:46:13 INFO: /dev/ttyACM0 is already in use by another capture (an esp32c5 source or another program holds it); a board captures with one radio at a time; waiting for it
1790664373.048 09:46:13 INFO: esp32c5-ttyACM0: connection ended: could not open /dev/ttyACM0 is already in use by another capture (an esp32c5 source or another program holds it); a board captures with one radio at a time
1790664378.076 09:46:18 INFO: esp32c5-ttyACM0: connected, offering it to Kismet as E5C50001-0000-0000-0000-10BDA3CF0540
1790664378.078 09:46:18 INFO: esp32c5-ttyACM0: opening /dev/ttyACM0 for wifi
1790664378.098 09:46:18 INFO: /dev/ttyACM0 is already in use by another capture (an esp32c5 source or another program holds it); a board captures with one radio at a time; waiting for it
1790664378.100 09:46:18 INFO: esp32c5-ttyACM0: connection ended: could not open /dev/ttyACM0 is already in use by another capture (an esp32c5 source or another program holds it); a board captures with one radio at a time
1790664378.830 09:46:18 INFO: stopping
1790664378.891 PY_EXIT=0
##### check 8: Python source on the board the C local source holds (esp32c5btle-ttyACM1), 32 s
### messagebus over 32 s
count: 1
### helper log
1790664384.563 09:46:24 INFO: esp32c5btle-ttyACM1: connected, offering it to Kismet as E5C50003-0000-0000-0000-3844BEBFC910
1790664384.565 09:46:24 INFO: esp32c5btle-ttyACM1: opening /dev/ttyACM1 for btle
1790664384.573 09:46:24 INFO: /dev/ttyACM1 is already in use by another capture (an esp32c5 source or another program holds it); a board captures with one radio at a time; waiting for it
1790664384.575 09:46:24 INFO: esp32c5btle-ttyACM1: connection ended: could not open /dev/ttyACM1 is already in use by another capture (an esp32c5 source or another program holds it); a board captures with one radio at a time
1790664389.602 09:46:29 INFO: esp32c5btle-ttyACM1: connected, offering it to Kismet as E5C50003-0000-0000-0000-3844BEBFC910
1790664389.606 09:46:29 INFO: esp32c5btle-ttyACM1: opening /dev/ttyACM1 for btle
1790664389.627 09:46:29 INFO: /dev/ttyACM1 is already in use by another capture (an esp32c5 source or another program holds it); a board captures with one radio at a time; waiting for it
1790664389.629 09:46:29 INFO: esp32c5btle-ttyACM1: connection ended: could not open /dev/ttyACM1 is already in use by another capture (an esp32c5 source or another program holds it); a board captures with one radio at a time
1790664394.656 09:46:34 INFO: esp32c5btle-ttyACM1: connected, offering it to Kismet as E5C50003-0000-0000-0000-3844BEBFC910
1790664394.659 09:46:34 INFO: esp32c5btle-ttyACM1: opening /dev/ttyACM1 for btle
1790664394.673 09:46:34 INFO: /dev/ttyACM1 is already in use by another capture (an esp32c5 source or another program holds it); a board captures with one radio at a time; waiting for it
1790664394.675 09:46:34 INFO: esp32c5btle-ttyACM1: connection ended: could not open /dev/ttyACM1 is already in use by another capture (an esp32c5 source or another program holds it); a board captures with one radio at a time
1790664399.702 09:46:39 INFO: esp32c5btle-ttyACM1: connected, offering it to Kismet as E5C50003-0000-0000-0000-3844BEBFC910
1790664399.705 09:46:39 INFO: esp32c5btle-ttyACM1: opening /dev/ttyACM1 for btle
1790664399.726 09:46:39 INFO: /dev/ttyACM1 is already in use by another capture (an esp32c5 source or another program holds it); a board captures with one radio at a time; waiting for it
1790664399.729 09:46:39 INFO: esp32c5btle-ttyACM1: connection ended: could not open /dev/ttyACM1 is already in use by another capture (an esp32c5 source or another program holds it); a board captures with one radio at a time
1790664404.755 09:46:44 INFO: esp32c5btle-ttyACM1: connected, offering it to Kismet as E5C50003-0000-0000-0000-3844BEBFC910
1790664404.758 09:46:44 INFO: esp32c5btle-ttyACM1: opening /dev/ttyACM1 for btle
1790664404.779 09:46:44 INFO: /dev/ttyACM1 is already in use by another capture (an esp32c5 source or another program holds it); a board captures with one radio at a time; waiting for it
1790664404.781 09:46:44 INFO: esp32c5btle-ttyACM1: connection ended: could not open /dev/ttyACM1 is already in use by another capture (an esp32c5 source or another program holds it); a board captures with one radio at a time
1790664409.808 09:46:49 INFO: esp32c5btle-ttyACM1: connected, offering it to Kismet as E5C50003-0000-0000-0000-3844BEBFC910
1790664409.811 09:46:49 INFO: esp32c5btle-ttyACM1: opening /dev/ttyACM1 for btle
1790664409.832 09:46:49 INFO: /dev/ttyACM1 is already in use by another capture (an esp32c5 source or another program holds it); a board captures with one radio at a time; waiting for it
1790664409.835 09:46:49 INFO: esp32c5btle-ttyACM1: connection ended: could not open /dev/ttyACM1 is already in use by another capture (an esp32c5 source or another program holds it); a board captures with one radio at a time
1790664414.855 09:46:54 INFO: esp32c5btle-ttyACM1: connected, offering it to Kismet as E5C50003-0000-0000-0000-3844BEBFC910
1790664414.857 09:46:54 INFO: esp32c5btle-ttyACM1: opening /dev/ttyACM1 for btle
1790664414.871 09:46:54 INFO: /dev/ttyACM1 is already in use by another capture (an esp32c5 source or another program holds it); a board captures with one radio at a time; waiting for it
1790664414.873 09:46:54 INFO: esp32c5btle-ttyACM1: connection ended: could not open /dev/ttyACM1 is already in use by another capture (an esp32c5 source or another program holds it); a board captures with one radio at a time
1790664417.230 09:46:57 INFO: stopping
1790664417.292 PY_EXIT=0
##### check 6: stops
--- SIGINT to 329487 at 1790664423.342949004
flocks held before: 2
gone at 1790664423.848212476
1790664423.624 09:47:03 INFO: stopping
1790664423.694 09:47:03 INFO: esp32c5-ttyACM2: connection ended: stopped
1790664423.725 09:47:03 INFO: esp32c5-ttyACM3: connection ended: stopped
1790664423.809 PY_EXIT=0
flocks held after: 0
esp32c5-ttyACM2              run=0 err=1 rem=1 pkts=122     ch=6    hop=1 rate=5 off=30 nch=42 pid=0 uuid=E5C5
esp32c5-ttyACM3              run=0 err=1 rem=1 pkts=70      ch=6    hop=1 rate=5 off=0 nch=42 pid=0 uuid=E5C50
esp32c5-ttyACM2 running 0 error 1 reason 'websocket connection closed'
esp32c5-ttyACM3 running 0 error 1 reason 'websocket connection closed'
--- SIGTERM to 329761 at 1790664427.814995862
flocks held before: 2
gone at 1790664428.175104348
1790664428.008 09:47:08 INFO: stopping
1790664428.062 09:47:08 INFO: esp32c5-ttyACM2: connection ended: stopped
1790664428.063 09:47:08 INFO: esp32c5-ttyACM3: connection ended: stopped
1790664428.133 PY_EXIT=0
flocks held after: 0
esp32c5-ttyACM2              run=0 err=1 rem=1 pkts=182     ch=6    hop=1 rate=5 off=30 nch=42 pid=0 uuid=E5C5
esp32c5-ttyACM3              run=0 err=1 rem=1 pkts=81      ch=6    hop=1 rate=5 off=0 nch=42 pid=0 uuid=E5C50
esp32c5-ttyACM2 running 0 error 1 reason 'websocket connection closed'
esp32c5-ttyACM3 running 0 error 1 reason 'websocket connection closed'
--- a source whose board is not there (esp32c5-ttyACM9) and one held by the C helper (esp32c5zigbee-ttyACM1), 14 s
1790664429.612 09:47:09 WARNING: esp32c5-ttyACM9: /dev/ttyACM9 is not there; is the board plugged in? (waiting for it) (will keep looking)
1790664429.613 09:47:09 ERROR: esp32c5-ttyACM9: /dev/ttyACM9 is not there; is the board plugged in? (waiting for it)
1790664434.614 09:47:14 ERROR: esp32c5-ttyACM9: /dev/ttyACM9 is not there; is the board plugged in? (waiting for it)
1790664439.614 09:47:19 ERROR: esp32c5-ttyACM9: /dev/ttyACM9 is not there; is the board plugged in? (waiting for it)
1790664443.582 09:47:23 INFO: stopping
1790664443.674 PY_EXIT=0
1790664429.790 09:47:09 INFO: esp32c5zigbee-ttyACM1: connected, offering it to Kismet as E5C50002-0000-0000-0000-3844BEBFC910
1790664429.792 09:47:09 INFO: esp32c5zigbee-ttyACM1: opening /dev/ttyACM1 for zigbee
1790664429.801 09:47:09 INFO: /dev/ttyACM1 is already in use by another capture (an esp32c5 source or another program holds it); a board captures with one radio at a time; waiting for it
1790664429.802 09:47:09 INFO: esp32c5zigbee-ttyACM1: connection ended: could not open /dev/ttyACM1 is already in use by another capture (an esp32c5 source or another program holds it); a board captures with one radio at a time
1790664434.830 09:47:14 INFO: esp32c5zigbee-ttyACM1: connected, offering it to Kismet as E5C50002-0000-0000-0000-3844BEBFC910
1790664434.833 09:47:14 INFO: esp32c5zigbee-ttyACM1: opening /dev/ttyACM1 for zigbee
1790664434.855 09:47:14 INFO: /dev/ttyACM1 is already in use by another capture (an esp32c5 source or another program holds it); a board captures with one radio at a time; waiting for it
1790664434.857 09:47:14 INFO: esp32c5zigbee-ttyACM1: connection ended: could not open /dev/ttyACM1 is already in use by another capture (an esp32c5 source or another program holds it); a board captures with one radio at a time
1790664439.867 09:47:19 INFO: esp32c5zigbee-ttyACM1: connected, offering it to Kismet as E5C50002-0000-0000-0000-3844BEBFC910
1790664439.869 09:47:19 INFO: esp32c5zigbee-ttyACM1: opening /dev/ttyACM1 for zigbee
1790664439.876 09:47:19 INFO: /dev/ttyACM1 is already in use by another capture (an esp32c5 source or another program holds it); a board captures with one radio at a time; waiting for it
1790664439.878 09:47:19 INFO: esp32c5zigbee-ttyACM1: connection ended: could not open /dev/ttyACM1 is already in use by another capture (an esp32c5 source or another program holds it); a board captures with one radio at a time
1790664443.582 09:47:23 INFO: stopping
1790664443.674 PY_EXIT=0
stopped
