1790664566.382 09:49:26 INFO: esp32c5-ttyACM0: connected, offering it to Kismet as E5C50001-0000-0000-0000-10BDA3CF0540
1790664566.383 09:49:26 DEBUG: -> KDS_NEWSOURCE, 86 bytes
1790664566.384 09:49:26 DEBUG: <- KDS_OPENREQ seqno 20
1790664566.384 09:49:26 INFO: esp32c5-ttyACM0: opening /dev/ttyACM0 for wifi
1790664566.392 09:49:26 INFO: /dev/ttyACM0 is already in use by another capture (an esp32c5 source or another program holds it); a board captures with one radio at a time; waiting for it
1790664566.392 09:49:26 DEBUG: -> CMD_MESSAGE, 182 bytes
1790664566.393 09:49:26 DEBUG: -> KDS_OPENREPORT, 190 bytes
1790664566.394 09:49:26 DEBUG: Socket already closed during abort
1790664566.394 09:49:26 INFO: esp32c5-ttyACM0: connection ended: could not open /dev/ttyACM0 is already in use by another capture (an esp32c5 source or another program holds it); a board captures with one radio at a time
1790664571.405 09:49:31 INFO: esp32c5-ttyACM0: connected, offering it to Kismet as E5C50001-0000-0000-0000-10BDA3CF0540
1790664571.405 09:49:31 DEBUG: -> KDS_NEWSOURCE, 86 bytes
1790664571.406 09:49:31 DEBUG: <- KDS_OPENREQ seqno 21
1790664571.406 09:49:31 INFO: esp32c5-ttyACM0: opening /dev/ttyACM0 for wifi
1790664571.414 09:49:31 INFO: /dev/ttyACM0 is already in use by another capture (an esp32c5 source or another program holds it); a board captures with one radio at a time; waiting for it
1790664571.414 09:49:31 DEBUG: -> CMD_MESSAGE, 182 bytes
1790664571.415 09:49:31 DEBUG: -> KDS_OPENREPORT, 190 bytes
1790664571.416 09:49:31 INFO: esp32c5-ttyACM0: connection ended: could not open /dev/ttyACM0 is already in use by another capture (an esp32c5 source or another program holds it); a board captures with one radio at a time
1790664575.489 09:49:35 DEBUG: stop signal SIGTERM
1790664575.489 09:49:35 INFO: stopping
1790664575.552 PY_EXIT=0
