1790664531.819 09:48:51 DEBUG: the Kismet login comes from KISMET_CAP_APIKEY
1790664531.912 09:48:51 INFO: esp32c5-ttyACM0: connected, offering it to Kismet as E5C50001-0000-0000-0000-10BDA3CF0540
1790664531.912 09:48:51 DEBUG: -> KDS_NEWSOURCE, 86 bytes
1790664531.914 09:48:51 DEBUG: <- KDS_OPENREQ seqno 9
1790664531.914 09:48:51 INFO: esp32c5-ttyACM0: opening /dev/ttyACM0 for wifi
1790664531.922 09:48:51 INFO: /dev/ttyACM0 is already in use by another capture (an esp32c5 source or another program holds it); a board captures with one radio at a time; waiting for it
1790664531.922 09:48:51 DEBUG: -> CMD_MESSAGE, 182 bytes
1790664531.923 09:48:51 DEBUG: -> KDS_OPENREPORT, 190 bytes
1790664531.923 09:48:51 DEBUG: Socket already closed during abort
1790664531.923 09:48:51 INFO: esp32c5-ttyACM0: connection ended: could not open /dev/ttyACM0 is already in use by another capture (an esp32c5 source or another program holds it); a board captures with one radio at a time
1790664536.951 09:48:56 INFO: esp32c5-ttyACM0: connected, offering it to Kismet as E5C50001-0000-0000-0000-10BDA3CF0540
1790664536.951 09:48:56 DEBUG: -> KDS_NEWSOURCE, 86 bytes
1790664536.953 09:48:56 DEBUG: <- KDS_OPENREQ seqno 10
1790664536.954 09:48:56 INFO: esp32c5-ttyACM0: opening /dev/ttyACM0 for wifi
1790664536.975 09:48:56 INFO: /dev/ttyACM0 is already in use by another capture (an esp32c5 source or another program holds it); a board captures with one radio at a time; waiting for it
1790664536.975 09:48:56 DEBUG: -> CMD_MESSAGE, 182 bytes
1790664536.976 09:48:56 DEBUG: -> KDS_OPENREPORT, 190 bytes
1790664536.978 09:48:56 INFO: esp32c5-ttyACM0: connection ended: could not open /dev/ttyACM0 is already in use by another capture (an esp32c5 source or another program holds it); a board captures with one radio at a time
1790664541.218 09:49:01 DEBUG: stop signal SIGTERM
1790664541.219 09:49:01 INFO: stopping
1790664541.313 PY_EXIT=0
