1790664541.999 09:49:01 DEBUG: the Kismet login comes from KISMET_CAP_APIKEY
1790664542.093 09:49:02 INFO: esp32c5-ttyACM0: connected, offering it to Kismet as E5C50001-0000-0000-0000-10BDA3CF0540
1790664542.093 09:49:02 DEBUG: -> KDS_NEWSOURCE, 86 bytes
1790664542.094 09:49:02 DEBUG: <- KDS_OPENREQ seqno 11
1790664542.095 09:49:02 INFO: esp32c5-ttyACM0: opening /dev/ttyACM0 for wifi
1790664542.102 09:49:02 INFO: /dev/ttyACM0 is already in use by another capture (an esp32c5 source or another program holds it); a board captures with one radio at a time; waiting for it
1790664542.103 09:49:02 DEBUG: -> CMD_MESSAGE, 182 bytes
1790664542.103 09:49:02 DEBUG: -> KDS_OPENREPORT, 190 bytes
1790664542.104 09:49:02 INFO: esp32c5-ttyACM0: connection ended: could not open /dev/ttyACM0 is already in use by another capture (an esp32c5 source or another program holds it); a board captures with one radio at a time
1790664547.130 09:49:07 INFO: esp32c5-ttyACM0: connected, offering it to Kismet as E5C50001-0000-0000-0000-10BDA3CF0540
1790664547.130 09:49:07 DEBUG: -> KDS_NEWSOURCE, 86 bytes
1790664547.132 09:49:07 DEBUG: <- KDS_OPENREQ seqno 12
1790664547.134 09:49:07 INFO: esp32c5-ttyACM0: opening /dev/ttyACM0 for wifi
1790664547.140 09:49:07 INFO: /dev/ttyACM0 opened
1790664547.140 09:49:07 DEBUG: -> CMD_MESSAGE, 44 bytes
1790664547.141 09:49:07 DEBUG: -> KDS_OPENREPORT, 294 bytes
1790664547.143 09:49:07 DEBUG: <- KDS_CONFIGREQ seqno 13
1790664547.144 09:49:07 DEBUG: -> KDS_CONFIGREPORT, 180 bytes
1790664548.150 09:49:08 INFO: /dev/ttyACM0 capturing
1790664548.150 09:49:08 DEBUG: -> CMD_MESSAGE, 47 bytes
1790664549.200 09:49:09 DEBUG: stop signal SIGTERM
1790664549.201 09:49:09 INFO: stopping
1790664549.248 09:49:09 INFO: esp32c5-ttyACM0: connection ended: stopped
1790664549.331 PY_EXIT=0
