kismet up after 0.36 s pid 330473 home /tmp/py/p6
datasource key: 80CD34... (32 chars); admin key 32 chars
HTTP 200
[{"kismet.httpd.auth.name": "py-ds","kismet.httpd.auth.role": "datasource","kismet.httpd.auth.expiration": 0,"kismet.httpd.auth.token": "80CD34932CBE9E9A15369DC659A02A21"},{"kismet.httpd.auth.name": "py-admin","kismet.httpd.auth.role": "admin","kismet.httpd.auth.expiration": 0,"kismet.httpd.auth.token": "27028BDB26D6F7E5160C34F1C48D1F1D"}]
=== envboth: env [KISMET_CAP_USER=admin KISMET_CAP_PASSWORD=py-Pass-77] args [--connect 127.0.0.1:2501 --source esp32c5-ttyACM0]
  cmdline: /home/osh/esp32c5-venv/bin/python -u -m esp32c5_kismet.remote --debug --connect 127.0.0.1:2501 
  environ has: KISMET_CAP_PASSWORD KISMET_CAP_USER 
09:48:42 DEBUG: the Kismet login comes from KISMET_CAP_USER and KISMET_CAP_PASSWORD
09:48:42 INFO: esp32c5-ttyACM0: connected, offering it to Kismet as E5C50001-0000-0000-0000-10BDA3CF0540
09:48:42 INFO: esp32c5-ttyACM0: opening /dev/ttyACM0 for wifi
09:48:42 INFO: /dev/ttyACM0 opened
09:48:43 INFO: /dev/ttyACM0 capturing
09:48:44 DEBUG: stop signal SIGTERM
09:48:44 INFO: stopping
09:48:44 INFO: esp32c5-ttyACM0: connection ended: stopped
PY_EXIT=0
=== user_envpw: env [KISMET_CAP_PASSWORD=py-Pass-77] args [--user admin --connect 127.0.0.1:2501 --source esp32c5-ttyACM0]
  cmdline: /home/osh/esp32c5-venv/bin/python -u -m esp32c5_kismet.remote --debug --user admin --connect 127.0.0.1:2501 
  environ has: KISMET_CAP_PASSWORD 
09:48:45 DEBUG: the Kismet login comes from KISMET_CAP_PASSWORD
09:48:45 INFO: esp32c5-ttyACM0: connected, offering it to Kismet as E5C50001-0000-0000-0000-10BDA3CF0540
09:48:45 INFO: esp32c5-ttyACM0: opening /dev/ttyACM0 for wifi
09:48:45 INFO: /dev/ttyACM0 opened
09:48:46 INFO: /dev/ttyACM0 capturing
09:48:47 DEBUG: stop signal SIGTERM
09:48:47 INFO: stopping
09:48:47 INFO: esp32c5-ttyACM0: connection ended: stopped
PY_EXIT=0
=== pw_envuser: env [KISMET_CAP_USER=admin] args [--password py-Pass-77 --connect 127.0.0.1:2501 --source esp32c5-ttyACM0]
  cmdline: /home/osh/esp32c5-venv/bin/python -u -m esp32c5_kismet.remote --debug --password py-Pass-77 --connect 127.0.0.1:2501 
  environ has: KISMET_CAP_USER 
09:48:48 DEBUG: the Kismet login comes from KISMET_CAP_USER
09:48:48 INFO: esp32c5-ttyACM0: connected, offering it to Kismet as E5C50001-0000-0000-0000-10BDA3CF0540
09:48:48 INFO: esp32c5-ttyACM0: opening /dev/ttyACM0 for wifi
09:48:48 INFO: /dev/ttyACM0 opened
09:48:49 INFO: /dev/ttyACM0 capturing
09:48:50 DEBUG: stop signal SIGTERM
09:48:50 INFO: stopping
09:48:51 INFO: esp32c5-ttyACM0: connection ended: stopped
PY_EXIT=0
=== envkey: env [KISMET_CAP_APIKEY=80CD34932CBE9E9A15369DC659A02A21] args [--connect 127.0.0.1:2501 --source esp32c5-ttyACM0]
  cmdline: /home/osh/esp32c5-venv/bin/python -u -m esp32c5_kismet.remote --debug --connect 127.0.0.1:2501 
  environ has: KISMET_CAP_APIKEY 
09:48:51 DEBUG: the Kismet login comes from KISMET_CAP_APIKEY
09:48:51 INFO: esp32c5-ttyACM0: connected, offering it to Kismet as E5C50001-0000-0000-0000-10BDA3CF0540
09:48:51 INFO: esp32c5-ttyACM0: opening /dev/ttyACM0 for wifi
09:48:51 INFO: /dev/ttyACM0 is already in use by another capture (an esp32c5 source or another program holds it); a board captures with one radio at a time; waiting for it
09:48:51 DEBUG: Socket already closed during abort
09:48:51 INFO: esp32c5-ttyACM0: connection ended: could not open /dev/ttyACM0 is already in use by another capture (an esp32c5 source or another program holds it); a board captures with one radio at a time
09:48:56 INFO: esp32c5-ttyACM0: connected, offering it to Kismet as E5C50001-0000-0000-0000-10BDA3CF0540
09:48:56 INFO: esp32c5-ttyACM0: opening /dev/ttyACM0 for wifi
09:48:56 INFO: /dev/ttyACM0 is already in use by another capture (an esp32c5 source or another program holds it); a board captures with one radio at a time; waiting for it
09:48:56 INFO: esp32c5-ttyACM0: connection ended: could not open /dev/ttyACM0 is already in use by another capture (an esp32c5 source or another program holds it); a board captures with one radio at a time
09:49:01 DEBUG: stop signal SIGTERM
09:49:01 INFO: stopping
PY_EXIT=0
=== envkey_and_userpw: env [KISMET_CAP_APIKEY=80CD34932CBE9E9A15369DC659A02A21 KISMET_CAP_USER=admin KISMET_CAP_PASSWORD=wrong] args [--connect 127.0.0.1:2501 --source esp32c5-ttyACM0]
  cmdline: /home/osh/esp32c5-venv/bin/python -u -m esp32c5_kismet.remote --debug --connect 127.0.0.1:2501 
  environ has: KISMET_CAP_PASSWORD KISMET_CAP_APIKEY KISMET_CAP_USER 
09:49:01 DEBUG: the Kismet login comes from KISMET_CAP_APIKEY
09:49:02 INFO: esp32c5-ttyACM0: connected, offering it to Kismet as E5C50001-0000-0000-0000-10BDA3CF0540
09:49:02 INFO: esp32c5-ttyACM0: opening /dev/ttyACM0 for wifi
09:49:02 INFO: /dev/ttyACM0 is already in use by another capture (an esp32c5 source or another program holds it); a board captures with one radio at a time; waiting for it
09:49:02 INFO: esp32c5-ttyACM0: connection ended: could not open /dev/ttyACM0 is already in use by another capture (an esp32c5 source or another program holds it); a board captures with one radio at a time
09:49:07 INFO: esp32c5-ttyACM0: connected, offering it to Kismet as E5C50001-0000-0000-0000-10BDA3CF0540
09:49:07 INFO: esp32c5-ttyACM0: opening /dev/ttyACM0 for wifi
09:49:07 INFO: /dev/ttyACM0 opened
09:49:08 INFO: /dev/ttyACM0 capturing
09:49:09 DEBUG: stop signal SIGTERM
09:49:09 INFO: stopping
09:49:09 INFO: esp32c5-ttyACM0: connection ended: stopped
PY_EXIT=0
=== emptykey_userpw: env [KISMET_CAP_APIKEY= KISMET_CAP_USER=admin KISMET_CAP_PASSWORD=py-Pass-77] args [--connect 127.0.0.1:2501 --source esp32c5-ttyACM0]
  cmdline: /home/osh/esp32c5-venv/bin/python -u -m esp32c5_kismet.remote --debug --connect 127.0.0.1:2501 
  environ has: KISMET_CAP_PASSWORD KISMET_CAP_APIKEY KISMET_CAP_USER 
09:49:10 DEBUG: the Kismet login comes from KISMET_CAP_USER and KISMET_CAP_PASSWORD
09:49:10 INFO: esp32c5-ttyACM0: connected, offering it to Kismet as E5C50001-0000-0000-0000-10BDA3CF0540
09:49:10 INFO: esp32c5-ttyACM0: opening /dev/ttyACM0 for wifi
09:49:10 INFO: /dev/ttyACM0 opened
09:49:11 INFO: /dev/ttyACM0 capturing
09:49:12 DEBUG: stop signal SIGTERM
09:49:12 INFO: stopping
09:49:12 INFO: esp32c5-ttyACM0: connection ended: stopped
PY_EXIT=0
=== user_only: env [] args [--user admin --connect 127.0.0.1:2501 --source esp32c5-ttyACM0]
python -m esp32c5_kismet.remote: error: give both --user and --password (the one left out may also be in KISMET_CAP_USER or KISMET_CAP_PASSWORD)
PY_EXIT=2
=== password_only: env [] args [--password py-Pass-77 --connect 127.0.0.1:2501 --source esp32c5-ttyACM0]
python -m esp32c5_kismet.remote: error: give both --user and --password (the one left out may also be in KISMET_CAP_USER or KISMET_CAP_PASSWORD)
PY_EXIT=2
=== envuser_only: env [KISMET_CAP_USER=admin] args [--connect 127.0.0.1:2501 --source esp32c5-ttyACM0]
python -m esp32c5_kismet.remote: error: a user and password, or an API key, are required for the websocket protocol (--user and --password, --apikey, or KISMET_CAP_APIKEY or KISMET_CAP_USER and KISMET_CAP_PASSWORD in the environment)
PY_EXIT=2
=== nothing: env [] args [--connect 127.0.0.1:2501 --source esp32c5-ttyACM0]
python -m esp32c5_kismet.remote: error: a user and password, or an API key, are required for the websocket protocol (--user and --password, --apikey, or KISMET_CAP_APIKEY or KISMET_CAP_USER and KISMET_CAP_PASSWORD in the environment)
PY_EXIT=2
=== user_envkey: env [KISMET_CAP_APIKEY=80CD34932CBE9E9A15369DC659A02A21] args [--user admin --connect 127.0.0.1:2501 --source esp32c5-ttyACM0]
python -m esp32c5_kismet.remote: error: give both --user and --password (the one left out may also be in KISMET_CAP_USER or KISMET_CAP_PASSWORD)
PY_EXIT=2
=== wrongpw_env: env [KISMET_CAP_USER=admin KISMET_CAP_PASSWORD=nope] args [--connect 127.0.0.1:2501 --source esp32c5-ttyACM0]
  cmdline: /home/osh/esp32c5-venv/bin/python -u -m esp32c5_kismet.remote --debug --connect 127.0.0.1:2501 
  environ has: KISMET_CAP_PASSWORD KISMET_CAP_USER 
09:49:22 DEBUG: the Kismet login comes from KISMET_CAP_USER and KISMET_CAP_PASSWORD
09:49:22 ERROR: esp32c5-ttyACM0: Kismet refused the websocket: Handshake status 401 Unauthorized -+-+- {'server': 'Kismet', 'content-type': 'text/html', 'content-length': '165'} -+-+- <html><head><title>401 Permission denied</title></head><body><h1>401 Permiss
 (check the login -- --user/--password or KISMET_CAP_USER/KISMET_CAP_PASSWORD -- or the API key -- --apikey or KISMET_CAP_APIKEY; the key needs the datasource role)
09:49:23 DEBUG: stop signal SIGTERM
09:49:23 INFO: stopping
PY_EXIT=0
=== wrongkey: env [] args [--apikey 0123456789ABCDEF --connect 127.0.0.1:2501 --source esp32c5-ttyACM0]
  cmdline: /home/osh/esp32c5-venv/bin/python -u -m esp32c5_kismet.remote --debug --apikey 0123456789ABCDEF --connect 127.0.0.1:2501 
  environ has: 
09:49:24 ERROR: esp32c5-ttyACM0: Kismet refused the websocket: Handshake status 401 Unauthorized -+-+- {'server': 'Kismet', 'content-type': 'text/html', 'content-length': '165'} -+-+- <html><head><title>401 Permission denied</title></head><body><h1>401 Permiss
 (check the login -- --user/--password or KISMET_CAP_USER/KISMET_CAP_PASSWORD -- or the API key -- --apikey or KISMET_CAP_APIKEY; the key needs the datasource role)
09:49:25 DEBUG: stop signal SIGTERM
09:49:25 INFO: stopping
PY_EXIT=0
=== adminkey: env [] args [--apikey 27028BDB26D6F7E5160C34F1C48D1F1D --connect 127.0.0.1:2501 --source esp32c5-ttyACM0]
  cmdline: /home/osh/esp32c5-venv/bin/python -u -m esp32c5_kismet.remote --debug --apikey 27028BDB26D6F7E5160C34F1C48D1F1D --connect 127.0.0.1:2501 
  environ has: 
09:49:26 INFO: esp32c5-ttyACM0: connected, offering it to Kismet as E5C50001-0000-0000-0000-10BDA3CF0540
09:49:26 INFO: esp32c5-ttyACM0: opening /dev/ttyACM0 for wifi
09:49:26 INFO: /dev/ttyACM0 is already in use by another capture (an esp32c5 source or another program holds it); a board captures with one radio at a time; waiting for it
09:49:26 DEBUG: Socket already closed during abort
09:49:26 INFO: esp32c5-ttyACM0: connection ended: could not open /dev/ttyACM0 is already in use by another capture (an esp32c5 source or another program holds it); a board captures with one radio at a time
09:49:31 INFO: esp32c5-ttyACM0: connected, offering it to Kismet as E5C50001-0000-0000-0000-10BDA3CF0540
09:49:31 INFO: esp32c5-ttyACM0: opening /dev/ttyACM0 for wifi
09:49:31 INFO: /dev/ttyACM0 is already in use by another capture (an esp32c5 source or another program holds it); a board captures with one radio at a time; waiting for it
09:49:31 INFO: esp32c5-ttyACM0: connection ended: could not open /dev/ttyACM0 is already in use by another capture (an esp32c5 source or another program holds it); a board captures with one radio at a time
09:49:35 DEBUG: stop signal SIGTERM
09:49:35 INFO: stopping
PY_EXIT=0
=== login_and_key: env [] args [--user admin --password py-Pass-77 --apikey 80CD34932CBE9E9A15369DC659A02A21 --connect 127.0.0.1:2501 --source esp32c5-ttyACM0]
  cmdline: /home/osh/esp32c5-venv/bin/python -u -m esp32c5_kismet.remote --debug --user admin --password py-Pass-77 --apikey 80CD34932CBE9E9A15369DC659A02A21 --connect 127.0.0.1:2501 
  environ has: 
09:49:36 WARNING: ignoring --apikey and using the login
09:49:36 INFO: esp32c5-ttyACM0: connected, offering it to Kismet as E5C50001-0000-0000-0000-10BDA3CF0540
09:49:36 INFO: esp32c5-ttyACM0: opening /dev/ttyACM0 for wifi
09:49:36 INFO: /dev/ttyACM0 is already in use by another capture (an esp32c5 source or another program holds it); a board captures with one radio at a time; waiting for it
09:49:36 INFO: esp32c5-ttyACM0: connection ended: could not open /dev/ttyACM0 is already in use by another capture (an esp32c5 source or another program holds it); a board captures with one radio at a time
09:49:41 INFO: esp32c5-ttyACM0: connected, offering it to Kismet as E5C50001-0000-0000-0000-10BDA3CF0540
09:49:41 INFO: esp32c5-ttyACM0: opening /dev/ttyACM0 for wifi
09:49:41 INFO: /dev/ttyACM0 opened
09:49:42 INFO: /dev/ttyACM0 capturing
09:49:43 DEBUG: stop signal SIGTERM
09:49:43 INFO: stopping
09:49:43 INFO: esp32c5-ttyACM0: connection ended: stopped
PY_EXIT=0
=== tcp_env: env [KISMET_CAP_USER=admin KISMET_CAP_PASSWORD=py-Pass-77 KISMET_CAP_APIKEY=80CD34932CBE9E9A15369DC659A02A21] args [--connect 127.0.0.1:3501 --tcp --source esp32c5-ttyACM0]
  cmdline: /home/osh/esp32c5-venv/bin/python -u -m esp32c5_kismet.remote --debug --connect 127.0.0.1:3501 --tcp 
  environ has: KISMET_CAP_PASSWORD KISMET_CAP_APIKEY KISMET_CAP_USER 
09:49:44 INFO: esp32c5-ttyACM0: connected, offering it to Kismet as E5C50001-0000-0000-0000-10BDA3CF0540
09:49:44 INFO: esp32c5-ttyACM0: opening /dev/ttyACM0 for wifi
09:49:44 INFO: /dev/ttyACM0 opened
09:49:45 INFO: /dev/ttyACM0 capturing
09:49:46 DEBUG: stop signal SIGTERM
09:49:46 INFO: stopping
09:49:46 INFO: esp32c5-ttyACM0: connection ended: stopped
PY_EXIT=0
=== tcp_args: env [] args [--connect 127.0.0.1:3501 --tcp --user admin --password py-Pass-77 --source esp32c5-ttyACM0]
  cmdline: /home/osh/esp32c5-venv/bin/python -u -m esp32c5_kismet.remote --debug --connect 127.0.0.1:3501 --tcp --user admin --password py-Pass-77 
  environ has: 
09:49:47 WARNING: ignoring the user, password and API key in legacy TCP mode
09:49:47 INFO: esp32c5-ttyACM0: connected, offering it to Kismet as E5C50001-0000-0000-0000-10BDA3CF0540
09:49:47 INFO: esp32c5-ttyACM0: opening /dev/ttyACM0 for wifi
09:49:47 INFO: /dev/ttyACM0 is already in use by another capture (an esp32c5 source or another program holds it); a board captures with one radio at a time; waiting for it
09:49:47 INFO: esp32c5-ttyACM0: connection ended: sending to Kismet failed: [Errno 32] Broken pipe
09:49:52 INFO: esp32c5-ttyACM0: connected, offering it to Kismet as E5C50001-0000-0000-0000-10BDA3CF0540
09:49:52 INFO: esp32c5-ttyACM0: opening /dev/ttyACM0 for wifi
09:49:52 INFO: /dev/ttyACM0 is already in use by another capture (an esp32c5 source or another program holds it); a board captures with one radio at a time; waiting for it
09:49:52 INFO: esp32c5-ttyACM0: connection ended: could not open /dev/ttyACM0 is already in use by another capture (an esp32c5 source or another program holds it); a board captures with one radio at a time
09:49:56 DEBUG: stop signal SIGTERM
09:49:56 INFO: stopping
PY_EXIT=0
=== port3501_ws: env [KISMET_CAP_APIKEY=80CD34932CBE9E9A15369DC659A02A21] args [--connect 127.0.0.1:3501 --source esp32c5-ttyACM0]
  cmdline: /home/osh/esp32c5-venv/bin/python -u -m esp32c5_kismet.remote --debug --connect 127.0.0.1:3501 
  environ has: KISMET_CAP_APIKEY 
09:49:57 DEBUG: the Kismet login comes from KISMET_CAP_APIKEY
09:49:57 WARNING: port 3501 is Kismet's legacy TCP port; did you mean --tcp, or port 2501?
09:49:57 ERROR: esp32c5-ttyACM0: Connection to remote host was lost.
09:49:58 DEBUG: stop signal SIGTERM
09:49:58 INFO: stopping
PY_EXIT=0
### listening sockets
LISTEN 0      4096                       0.0.0.0:2501       0.0.0.0:*   
LISTEN 0      4096                     127.0.0.1:3501       0.0.0.0:*   
stopped
1790664522.643 INFO: New remote source esp32c5-ttyACM0 (E5C50001-0000-0000-0000-10BDA3CF0540) connected
1790664525.711 INFO: Matching new remote source 'esp32c5-ttyACM0' with known source with UUID 'E5C50001-0000-0000-0000-10BDA3CF0540'
1790664525.719 INFO: Remote source esp32c5-ttyACM0 (E5C50001-0000-0000-0000-10BDA3CF0540) reconnected
1790664526.280 ERROR: Incoming remote connection for source 'E5C50001-0000-0000-0000-10BDA3CF0540' matches existing source 'esp32c5-ttyACM0', which is still running.  The running instance will be closed; make sure that m
1790664526.285 ERROR: Error reconnecting remote source esp32c5-ttyACM0 (E5C50001-0000-0000-0000-10BDA3CF0540) - failed to send v3 OPENREQ
1790664528.830 INFO: Matching new remote source 'esp32c5-ttyACM0' with known source with UUID 'E5C50001-0000-0000-0000-10BDA3CF0540'
1790664528.839 INFO: Remote source esp32c5-ttyACM0 (E5C50001-0000-0000-0000-10BDA3CF0540) reconnected
1790664531.291 INFO: Matching new remote source 'esp32c5-ttyACM0' with known source with UUID 'E5C50001-0000-0000-0000-10BDA3CF0540'
1790664531.298 INFO: Remote source esp32c5-ttyACM0 (E5C50001-0000-0000-0000-10BDA3CF0540) reconnected
1790664531.913 ERROR: Incoming remote connection for source 'E5C50001-0000-0000-0000-10BDA3CF0540' matches existing source 'esp32c5-ttyACM0', which is still running.  The running instance will be closed; make sure that m
1790664531.913 ERROR: Error reconnecting remote source esp32c5-ttyACM0 (E5C50001-0000-0000-0000-10BDA3CF0540) - source closed
1790664536.952 INFO: Matching new remote source 'esp32c5-ttyACM0' with known source with UUID 'E5C50001-0000-0000-0000-10BDA3CF0540'
1790664536.977 ERROR: Error reconnecting remote source esp32c5-ttyACM0 (E5C50001-0000-0000-0000-10BDA3CF0540) - /dev/ttyACM0 is already in use by another capture (an esp32c5 source or another program holds it); a board c
1790664542.094 INFO: Matching new remote source 'esp32c5-ttyACM0' with known source with UUID 'E5C50001-0000-0000-0000-10BDA3CF0540'
1790664542.104 ERROR: Error reconnecting remote source esp32c5-ttyACM0 (E5C50001-0000-0000-0000-10BDA3CF0540) - /dev/ttyACM0 is already in use by another capture (an esp32c5 source or another program holds it); a board c
1790664547.131 INFO: Matching new remote source 'esp32c5-ttyACM0' with known source with UUID 'E5C50001-0000-0000-0000-10BDA3CF0540'
1790664547.142 INFO: Remote source esp32c5-ttyACM0 (E5C50001-0000-0000-0000-10BDA3CF0540) reconnected
1790664550.177 INFO: Matching new remote source 'esp32c5-ttyACM0' with known source with UUID 'E5C50001-0000-0000-0000-10BDA3CF0540'
1790664550.184 INFO: Remote source esp32c5-ttyACM0 (E5C50001-0000-0000-0000-10BDA3CF0540) reconnected
1790664551.351 ERROR: Incoming remote connection for source 'E5C50001-0000-0000-0000-10BDA3CF0540' matches existing source 'esp32c5-ttyACM0', which is still running.  The running instance will be closed; make sure that m
1790664551.351 ERROR: Error reconnecting remote source esp32c5-ttyACM0 (E5C50001-0000-0000-0000-10BDA3CF0540) - source closed
1790664556.362 INFO: Matching new remote source 'esp32c5-ttyACM0' with known source with UUID 'E5C50001-0000-0000-0000-10BDA3CF0540'
1790664556.370 INFO: Remote source esp32c5-ttyACM0 (E5C50001-0000-0000-0000-10BDA3CF0540) reconnected
1790664566.383 ERROR: Incoming remote connection for source 'E5C50001-0000-0000-0000-10BDA3CF0540' matches existing source 'esp32c5-ttyACM0', which is still running.  The running instance will be closed; make sure that m
1790664566.384 ERROR: Error reconnecting remote source esp32c5-ttyACM0 (E5C50001-0000-0000-0000-10BDA3CF0540) - source closed
1790664571.406 INFO: Matching new remote source 'esp32c5-ttyACM0' with known source with UUID 'E5C50001-0000-0000-0000-10BDA3CF0540'
1790664571.416 ERROR: Error reconnecting remote source esp32c5-ttyACM0 (E5C50001-0000-0000-0000-10BDA3CF0540) - /dev/ttyACM0 is already in use by another capture (an esp32c5 source or another program holds it); a board c
1790664576.403 INFO: Matching new remote source 'esp32c5-ttyACM0' with known source with UUID 'E5C50001-0000-0000-0000-10BDA3CF0540'
1790664576.413 ERROR: Error reconnecting remote source esp32c5-ttyACM0 (E5C50001-0000-0000-0000-10BDA3CF0540) - /dev/ttyACM0 is already in use by another capture (an esp32c5 source or another program holds it); a board c
1790664581.433 INFO: Matching new remote source 'esp32c5-ttyACM0' with known source with UUID 'E5C50001-0000-0000-0000-10BDA3CF0540'
