1790664587.640 09:49:47 WARNING: ignoring the user, password and API key in legacy TCP mode
1790664587.660 09:49:47 INFO: esp32c5-ttyACM0: connected, offering it to Kismet as E5C50001-0000-0000-0000-10BDA3CF0540
1790664587.661 09:49:47 DEBUG: -> KDS_NEWSOURCE, 86 bytes
1790664587.662 09:49:47 DEBUG: <- KDS_OPENREQ seqno 30
1790664587.662 09:49:47 INFO: esp32c5-ttyACM0: opening /dev/ttyACM0 for wifi
1790664587.669 09:49:47 INFO: /dev/ttyACM0 is already in use by another capture (an esp32c5 source or another program holds it); a board captures with one radio at a time; waiting for it
1790664587.670 09:49:47 DEBUG: -> CMD_MESSAGE, 182 bytes
1790664587.670 09:49:47 DEBUG: -> KDS_OPENREPORT, 190 bytes
1790664587.671 09:49:47 INFO: esp32c5-ttyACM0: connection ended: sending to Kismet failed: [Errno 32] Broken pipe
1790664592.679 09:49:52 INFO: esp32c5-ttyACM0: connected, offering it to Kismet as E5C50001-0000-0000-0000-10BDA3CF0540
1790664592.679 09:49:52 DEBUG: -> KDS_NEWSOURCE, 86 bytes
1790664592.680 09:49:52 DEBUG: <- KDS_OPENREQ seqno 31
1790664592.680 09:49:52 INFO: esp32c5-ttyACM0: opening /dev/ttyACM0 for wifi
1790664592.687 09:49:52 INFO: /dev/ttyACM0 is already in use by another capture (an esp32c5 source or another program holds it); a board captures with one radio at a time; waiting for it
1790664592.688 09:49:52 DEBUG: -> CMD_MESSAGE, 182 bytes
1790664592.688 09:49:52 DEBUG: -> KDS_OPENREPORT, 190 bytes
1790664592.689 09:49:52 INFO: esp32c5-ttyACM0: connection ended: could not open /dev/ttyACM0 is already in use by another capture (an esp32c5 source or another program holds it); a board captures with one radio at a time
1790664596.930 09:49:56 DEBUG: stop signal SIGTERM
1790664596.930 09:49:56 INFO: stopping
1790664596.972 PY_EXIT=0
