1790664859.734 INFO: Including sub-config file: /home/osh/kismet-install/etc/kismet_httpd.conf
1790664859.734 INFO: Including sub-config file: /home/osh/kismet-install/etc/kismet_memory.conf
1790664859.734 INFO: Including sub-config file: /home/osh/kismet-install/etc/kismet_alerts.conf
1790664859.734 INFO: Including sub-config file: /home/osh/kismet-install/etc/kismet_80211.conf
1790664859.734 INFO: Including sub-config file: /home/osh/kismet-install/etc/kismet_logging.conf
1790664859.734 INFO: Including sub-config file: /home/osh/kismet-install/etc/kismet_filter.conf
1790664859.735 INFO: Including sub-config file: /home/osh/kismet-install/etc/kismet_uav.conf
1790664859.735 INFO: Loading config override file '/home/osh/kismet-install/etc/kismet_package.conf'
1790664859.735 INFO: Optional sub-config file not present: /home/osh/kismet-install/etc/kismet_package.conf
1790664859.735 INFO: Loading config override file '/home/osh/kismet-install/etc/kismet_site.conf'
1790664859.735 INFO: Optional sub-config file not present: /home/osh/kismet-install/etc/kismet_site.conf
1790664859.735 INFO: Generated server UUID 98423708-BBD2-11F1-8400-4B49534D4554 and storing in /tmp/py/p6b/.kismet//kismet_server_id.conf
1790664859.735 INFO: Setting server UUID 98423708-BBD2-11F1-8400-4B49534D4554
1790664859.735 INFO: Starting Beast webserver on 0.0.0.0:2501
1790664859.735 INFO: Opened OUI file '/home/osh/kismet-install/share/kismet/kismet_manuf.txt.gz
1790664859.735 INFO: Indexing manufacturer db
1790664859.736 INFO: Completed indexing manufacturer db, 38959 lines and 780 indexes.
1790664859.743 INFO: Saving devices to the Kismet database log every 30 seconds
1790664859.748 INFO: Using default rates of 10/min, 1/sec for alert 'DEVICEFOUND'
1790664859.748 INFO: Using default rates of 10/min, 1/sec for alert 'DEVICELOST'
1790664859.748 INFO: Registering support for DLT_PPI packet header decoding
1790664859.748 INFO: Registering support for DLT_RADIOTAP packet header decoding
1790664859.748 INFO: Registering support for DLT_BTLE_RADIO packet header decoding
1790664859.751 INFO: Using default rates of 10/min, 1/sec for alert 'BADFIXLENIE'
1790664859.752 INFO: PHY80211 will only process AP signal levels from beacons
1790664859.752 INFO: Allowing Kismet clients to view WEP keys
1790664859.752 DEBUG: ssid canary FooCanary:ssid="FoobarCanary"
1790664859.752 DEBUG: ssid canary FooCanart2:ssid="(?i:foobarcanary)"
1790664859.752 INFO: Keeping EAPOL packets in memory for easy download and WIDS functionality; this can use more RAM.
1790664859.755 INFO: Registered PHY handler 'IEEE802.11' as ID 0
1790664859.757 INFO: Registered PHY handler 'RFSENSOR' as ID 1
1790664859.758 INFO: Registered PHY handler 'Z-Wave' as ID 2
1790664859.759 INFO: Registered PHY handler 'Bluetooth' as ID 3
1790664859.759 DEBUG: reserve_fields home id 538 app id 539
1790664859.761 INFO: Registered PHY handler 'UAV' as ID 4
1790664859.762 INFO: Registered PHY handler 'NrfMousejack' as ID 5
1790664859.763 ERROR: Tried to re-register duplicate alert FLIPPERZERO
1790664859.764 INFO: Registered PHY handler 'BTLE' as ID 6
1790664859.765 INFO: Registered PHY handler 'METER' as ID 7
1790664859.765 INFO: Indexing ADSB ICAO db
1790664860.024 INFO: Completed indexing ADSB ICAO db, 341068 lines 6822 indexes
1790664860.026 INFO: Registered PHY handler 'ADSB' as ID 8
1790664860.027 INFO: Registered PHY handler '802.15.4' as ID 9
1790664860.028 INFO: Registered PHY handler 'RADIATION' as ID 10
1790664860.034 INFO: (HTTPD) Could not read session data file, skipping loading saved sessions.
1790664860.034 INFO: Serving static file content from /home/osh/kismet-install/share/kismet/httpd/
1790664860.035 INFO: Enabling channel hopping by default on sources which support channel control.
1790664860.035 INFO: Setting default channel hop rate to 5/sec
1790664860.035 INFO: Enabling channel list splitting on sources which share the same list of channels
1790664860.035 INFO: Enabling channel list shuffling to optimize overlaps
1790664860.035 INFO: Sources will be re-opened if they encounter an error
1790664860.035 INFO: Saving datasources to the Kismet database log every 30 seconds
1790664860.036 INFO: Launching remote capture server on 127.0.0.1 3501
1790664860.038 INFO: No data sources defined; Kismet will not capture anything until a source is added.
1790664860.040 ALERT: LOGDISABLED Logging has been disabled via the Kismet config files or the command line.  Pcap, database, and related logs will not be saved.
1790664860.040 INFO: Logging disabled, not enabling any log drivers.
1790664860.040 INFO: GPS track will be logged to the Kismet logfile
1790664860.041 INFO: Starting Kismet web server...
1790664860.041 INFO: HTTP server listening on 0.0.0.0:2501
1790664860.043 INFO: Could not open system plugin directory (/home/osh/kismet-install/lib/kismet/), skipping: No such file or directory
1790664860.043 INFO: Did not find a user plugin directory (/tmp/py/p6b/.kismet//plugins/), skipping: No such file or directory
1790664860.986 INFO: New remote source esp32c5-ttyACM0 (E5C50001-0000-0000-0000-10BDA3CF0540) connected
1790664860.987 INFO: esp32c5-ttyACM0 - /dev/ttyACM0 opened
1790664861.983 INFO: esp32c5-ttyACM0 - /dev/ttyACM0 capturing
1790664862.058 INFO: Detected new 802.11 Wi-Fi device E4:5F:01:49:99:3F
1790664862.058 INFO: Detected new 802.11 Wi-Fi device 42:A2:BA:65:29:F3
1790664863.173 ERROR: Data source 'esp32c5-ttyACM0 / esp32c5-ttyACM0' ('esp32c5-ttyACM0') encountered an error: websocket connection closed
1790664864.048 INFO: Matching new remote source 'esp32c5-ttyACM0' with known source with UUID 'E5C50001-0000-0000-0000-10BDA3CF0540'
1790664864.055 INFO: Remote source esp32c5-ttyACM0 (E5C50001-0000-0000-0000-10BDA3CF0540) reconnected
1790664864.056 INFO: esp32c5-ttyACM0 - /dev/ttyACM0 opened
1790664865.028 INFO: esp32c5-ttyACM0 - /dev/ttyACM0 capturing
1790664865.040 INFO: Detected new 802.11 Wi-Fi device A8:DB:03:42:DE:68
1790664866.266 ERROR: Data source 'esp32c5-ttyACM0 / esp32c5-ttyACM0' ('esp32c5-ttyACM0') encountered an error: websocket connection closed
1790664867.106 INFO: Matching new remote source 'esp32c5-ttyACM0' with known source with UUID 'E5C50001-0000-0000-0000-10BDA3CF0540'
1790664867.113 INFO: Remote source esp32c5-ttyACM0 (E5C50001-0000-0000-0000-10BDA3CF0540) reconnected
1790664867.113 INFO: esp32c5-ttyACM0 - /dev/ttyACM0 opened
1790664868.153 INFO: esp32c5-ttyACM0 - /dev/ttyACM0 capturing
1790664869.300 ERROR: Data source 'esp32c5-ttyACM0 / esp32c5-ttyACM0' ('esp32c5-ttyACM0') encountered an error: IPC connection closed
1790664870.045 
1790664870.045 *** KISMET IS SHUTTING DOWN ***
1790664870.045 Shutting down plugins...
1790664870.045 WARNING: Kismet changes the configuration of network devices.
1790664870.045          In most cases you will need to restart networking for
1790664870.045          your interface (varies per distribution and OS), but 
1790664870.045          typically one of:
1790664870.045          sudo service networking restart
1790664870.045          sudo /etc/init.d/networking restart
1790664870.045          or
1790664870.045          nmcli device set [device] managed true
1790664870.045 
1790664870.045 Kismet exiting.
1790664870.045 EXITING: Signal service thread complete.
1790664870.050 KISMET_EXIT=0
