1790664943.069 INFO: Including sub-config file: /home/osh/kismet-install/etc/kismet_httpd.conf
1790664943.069 INFO: Including sub-config file: /home/osh/kismet-install/etc/kismet_memory.conf
1790664943.069 INFO: Including sub-config file: /home/osh/kismet-install/etc/kismet_alerts.conf
1790664943.069 INFO: Including sub-config file: /home/osh/kismet-install/etc/kismet_80211.conf
1790664943.069 INFO: Including sub-config file: /home/osh/kismet-install/etc/kismet_logging.conf
1790664943.069 INFO: Including sub-config file: /home/osh/kismet-install/etc/kismet_filter.conf
1790664943.069 INFO: Including sub-config file: /home/osh/kismet-install/etc/kismet_uav.conf
1790664943.069 INFO: Loading config override file '/home/osh/kismet-install/etc/kismet_package.conf'
1790664943.069 INFO: Optional sub-config file not present: /home/osh/kismet-install/etc/kismet_package.conf
1790664943.069 INFO: Loading config override file '/home/osh/kismet-install/etc/kismet_site.conf'
1790664943.069 INFO: Optional sub-config file not present: /home/osh/kismet-install/etc/kismet_site.conf
1790664943.069 INFO: Setting server UUID B2985966-BBD2-11F1-AE29-4B49534D4554
1790664943.069 INFO: Starting Beast webserver on 0.0.0.0:2501
1790664943.069 INFO: Opened OUI file '/home/osh/kismet-install/share/kismet/kismet_manuf.txt.gz
1790664943.069 INFO: Indexing manufacturer db
1790664943.072 INFO: Completed indexing manufacturer db, 38959 lines and 780 indexes.
1790664943.078 INFO: Saving devices to the Kismet database log every 30 seconds
1790664943.082 INFO: Using default rates of 10/min, 1/sec for alert 'DEVICEFOUND'
1790664943.082 INFO: Using default rates of 10/min, 1/sec for alert 'DEVICELOST'
1790664943.082 INFO: Registering support for DLT_PPI packet header decoding
1790664943.082 INFO: Registering support for DLT_RADIOTAP packet header decoding
1790664943.082 INFO: Registering support for DLT_BTLE_RADIO packet header decoding
1790664943.085 INFO: Using default rates of 10/min, 1/sec for alert 'BADFIXLENIE'
1790664943.086 INFO: PHY80211 will only process AP signal levels from beacons
1790664943.086 INFO: Allowing Kismet clients to view WEP keys
1790664943.086 DEBUG: ssid canary FooCanary:ssid="FoobarCanary"
1790664943.086 DEBUG: ssid canary FooCanart2:ssid="(?i:foobarcanary)"
1790664943.086 INFO: Keeping EAPOL packets in memory for easy download and WIDS functionality; this can use more RAM.
1790664943.089 INFO: Registered PHY handler 'IEEE802.11' as ID 0
1790664943.091 INFO: Registered PHY handler 'RFSENSOR' as ID 1
1790664943.092 INFO: Registered PHY handler 'Z-Wave' as ID 2
1790664943.093 INFO: Registered PHY handler 'Bluetooth' as ID 3
1790664943.093 DEBUG: reserve_fields home id 538 app id 539
1790664943.095 INFO: Registered PHY handler 'UAV' as ID 4
1790664943.096 INFO: Registered PHY handler 'NrfMousejack' as ID 5
1790664943.096 ERROR: Tried to re-register duplicate alert FLIPPERZERO
1790664943.097 INFO: Registered PHY handler 'BTLE' as ID 6
1790664943.098 INFO: Registered PHY handler 'METER' as ID 7
1790664943.099 INFO: Indexing ADSB ICAO db
1790664943.365 INFO: Completed indexing ADSB ICAO db, 341068 lines 6822 indexes
1790664943.367 INFO: Registered PHY handler 'ADSB' as ID 8
1790664943.368 INFO: Registered PHY handler '802.15.4' as ID 9
1790664943.370 INFO: Registered PHY handler 'RADIATION' as ID 10
1790664943.376 INFO: (HTTPD) Could not read session data file, skipping loading saved sessions.
1790664943.376 INFO: Serving static file content from /home/osh/kismet-install/share/kismet/httpd/
1790664943.377 INFO: Enabling channel hopping by default on sources which support channel control.
1790664943.377 INFO: Setting default channel hop rate to 5/sec
1790664943.377 INFO: Enabling channel list splitting on sources which share the same list of channels
1790664943.377 INFO: Enabling channel list shuffling to optimize overlaps
1790664943.377 INFO: Sources will be re-opened if they encounter an error
1790664943.377 INFO: Saving datasources to the Kismet database log every 30 seconds
1790664943.377 INFO: Launching remote capture server on 127.0.0.1 3501
1790664943.380 INFO: No data sources defined; Kismet will not capture anything until a source is added.
1790664943.381 ALERT: LOGDISABLED Logging has been disabled via the Kismet config files or the command line.  Pcap, database, and related logs will not be saved.
1790664943.381 INFO: Logging disabled, not enabling any log drivers.
1790664943.381 INFO: GPS track will be logged to the Kismet logfile
1790664943.382 INFO: Starting Kismet web server...
1790664943.382 INFO: HTTP server listening on 0.0.0.0:2501
1790664943.384 INFO: Could not open system plugin directory (/home/osh/kismet-install/lib/kismet/), skipping: No such file or directory
1790664943.384 INFO: Did not find a user plugin directory (/tmp/py/p7home/.kismet//plugins/), skipping: No such file or directory
1790664943.685 INFO: New remote source esp32c5-ttyACM0 (E5C50001-0000-0000-0000-10BDA3CF0540) connected
1790664943.686 INFO: esp32c5-ttyACM0 - /dev/ttyACM0 opened
1790664944.718 INFO: esp32c5-ttyACM0 - /dev/ttyACM0 capturing
1790664944.789 INFO: Detected new 802.11 Wi-Fi device E4:5F:01:49:99:3F
1790664944.789 INFO: Detected new 802.11 Wi-Fi device 42:A2:BA:65:29:F3
1790664946.542 INFO: Detected new 802.11 Wi-Fi access point 40:AE:30:84:34:B6
1790664946.543 INFO: 802.11 Wi-Fi device 40:AE:30:84:34:B6 advertising new SSID 'cohen42'
1790664946.576 INFO: Detected new 802.11 Wi-Fi access point 46:AE:30:84:34:B6
1790664946.588 INFO: 802.11 Wi-Fi device 46:AE:30:84:34:B6 advertising a new cloaked SSID
1790664946.605 INFO: Detected new 802.11 Wi-Fi access point 40:AE:30:84:5A:16
1790664946.605 INFO: 802.11 Wi-Fi device 40:AE:30:84:5A:16 advertising new SSID 'cohen42'
1790664947.938 INFO: Detected new 802.11 Wi-Fi device 4C:2E:5E:D5:FE:E9
1790664948.128 KISMET_EXIT=137
