1790664934.753 INFO: Including sub-config file: /home/osh/kismet-install/etc/kismet_httpd.conf
1790664934.753 INFO: Including sub-config file: /home/osh/kismet-install/etc/kismet_memory.conf
1790664934.753 INFO: Including sub-config file: /home/osh/kismet-install/etc/kismet_alerts.conf
1790664934.753 INFO: Including sub-config file: /home/osh/kismet-install/etc/kismet_80211.conf
1790664934.753 INFO: Including sub-config file: /home/osh/kismet-install/etc/kismet_logging.conf
1790664934.753 INFO: Including sub-config file: /home/osh/kismet-install/etc/kismet_filter.conf
1790664934.753 INFO: Including sub-config file: /home/osh/kismet-install/etc/kismet_uav.conf
1790664934.753 INFO: Loading config override file '/home/osh/kismet-install/etc/kismet_package.conf'
1790664934.753 INFO: Optional sub-config file not present: /home/osh/kismet-install/etc/kismet_package.conf
1790664934.753 INFO: Loading config override file '/home/osh/kismet-install/etc/kismet_site.conf'
1790664934.753 INFO: Optional sub-config file not present: /home/osh/kismet-install/etc/kismet_site.conf
1790664934.753 INFO: Setting server UUID B2985966-BBD2-11F1-AE29-4B49534D4554
1790664934.753 INFO: Starting Beast webserver on 0.0.0.0:2501
1790664934.753 INFO: Opened OUI file '/home/osh/kismet-install/share/kismet/kismet_manuf.txt.gz
1790664934.753 INFO: Indexing manufacturer db
1790664934.755 INFO: Completed indexing manufacturer db, 38959 lines and 780 indexes.
1790664934.761 INFO: Saving devices to the Kismet database log every 30 seconds
1790664934.765 INFO: Using default rates of 10/min, 1/sec for alert 'DEVICEFOUND'
1790664934.765 INFO: Using default rates of 10/min, 1/sec for alert 'DEVICELOST'
1790664934.765 INFO: Registering support for DLT_PPI packet header decoding
1790664934.765 INFO: Registering support for DLT_RADIOTAP packet header decoding
1790664934.765 INFO: Registering support for DLT_BTLE_RADIO packet header decoding
1790664934.769 INFO: Using default rates of 10/min, 1/sec for alert 'BADFIXLENIE'
1790664934.769 INFO: PHY80211 will only process AP signal levels from beacons
1790664934.769 INFO: Allowing Kismet clients to view WEP keys
1790664934.770 DEBUG: ssid canary FooCanary:ssid="FoobarCanary"
1790664934.770 DEBUG: ssid canary FooCanart2:ssid="(?i:foobarcanary)"
1790664934.770 INFO: Keeping EAPOL packets in memory for easy download and WIDS functionality; this can use more RAM.
1790664934.772 INFO: Registered PHY handler 'IEEE802.11' as ID 0
1790664934.774 INFO: Registered PHY handler 'RFSENSOR' as ID 1
1790664934.775 INFO: Registered PHY handler 'Z-Wave' as ID 2
1790664934.776 INFO: Registered PHY handler 'Bluetooth' as ID 3
1790664934.776 DEBUG: reserve_fields home id 538 app id 539
1790664934.779 INFO: Registered PHY handler 'UAV' as ID 4
1790664934.780 INFO: Registered PHY handler 'NrfMousejack' as ID 5
1790664934.780 ERROR: Tried to re-register duplicate alert FLIPPERZERO
1790664934.781 INFO: Registered PHY handler 'BTLE' as ID 6
1790664934.782 INFO: Registered PHY handler 'METER' as ID 7
1790664934.782 INFO: Indexing ADSB ICAO db
1790664935.042 INFO: Completed indexing ADSB ICAO db, 341068 lines 6822 indexes
1790664935.043 INFO: Registered PHY handler 'ADSB' as ID 8
1790664935.044 INFO: Registered PHY handler '802.15.4' as ID 9
1790664935.046 INFO: Registered PHY handler 'RADIATION' as ID 10
1790664935.052 INFO: (HTTPD) Could not read session data file, skipping loading saved sessions.
1790664935.052 INFO: Serving static file content from /home/osh/kismet-install/share/kismet/httpd/
1790664935.053 INFO: Enabling channel hopping by default on sources which support channel control.
1790664935.053 INFO: Setting default channel hop rate to 5/sec
1790664935.053 INFO: Enabling channel list splitting on sources which share the same list of channels
1790664935.053 INFO: Enabling channel list shuffling to optimize overlaps
1790664935.053 INFO: Sources will be re-opened if they encounter an error
1790664935.053 INFO: Saving datasources to the Kismet database log every 30 seconds
1790664935.053 INFO: Launching remote capture server on 127.0.0.1 3501
1790664935.056 INFO: No data sources defined; Kismet will not capture anything until a source is added.
1790664935.057 ALERT: LOGDISABLED Logging has been disabled via the Kismet config files or the command line.  Pcap, database, and related logs will not be saved.
1790664935.057 INFO: Logging disabled, not enabling any log drivers.
1790664935.057 INFO: GPS track will be logged to the Kismet logfile
1790664935.059 INFO: Starting Kismet web server...
1790664935.059 INFO: HTTP server listening on 0.0.0.0:2501
1790664935.061 INFO: Could not open system plugin directory (/home/osh/kismet-install/lib/kismet/), skipping: No such file or directory
1790664935.061 INFO: Did not find a user plugin directory (/tmp/py/p7home/.kismet//plugins/), skipping: No such file or directory
1790664939.278 INFO: New remote source esp32c5-ttyACM0 (E5C50001-0000-0000-0000-10BDA3CF0540) connected
1790664939.279 INFO: esp32c5-ttyACM0 - /dev/ttyACM0 opened
1790664940.202 INFO: esp32c5-ttyACM0 - /dev/ttyACM0 capturing
1790664941.563 ERROR: Data source 'esp32c5-ttyACM0 / esp32c5-ttyACM0' ('esp32c5-ttyACM0') encountered an error: websocket connection closed
1790664942.062 
1790664942.062 *** KISMET IS SHUTTING DOWN ***
1790664942.062 Shutting down plugins...
1790664942.062 WARNING: Kismet changes the configuration of network devices.
1790664942.062          In most cases you will need to restart networking for
1790664942.062          your interface (varies per distribution and OS), but 
1790664942.062          typically one of:
1790664942.062          sudo service networking restart
1790664942.062          sudo /etc/init.d/networking restart
1790664942.062          or
1790664942.062          nmcli device set [device] managed true
1790664942.062 
1790664942.062 Kismet exiting.
1790664942.062 EXITING: Signal service thread complete.
1790664942.067 KISMET_EXIT=0
