1790664904.567 09:55:04 INFO: esp32c5-ttyACM0: connected, offering it to Kismet as E5C50001-0000-0000-0000-10BDA3CF0540
1790664904.569 09:55:04 INFO: esp32c5-ttyACM0: opening /dev/ttyACM0 for wifi
1790664904.576 09:55:04 INFO: /dev/ttyACM0 opened
1790664905.551 09:55:05 INFO: /dev/ttyACM0 capturing
1790664909.283 09:55:09 INFO: esp32c5-ttyACM0: connection ended: Connection to remote host was lost.
1790664914.291 09:55:14 ERROR: esp32c5-ttyACM0: [Errno 111] Connection refused
1790664919.299 09:55:19 ERROR: esp32c5-ttyACM0: [Errno 111] Connection refused
1790664924.322 09:55:24 INFO: esp32c5-ttyACM0: connected, offering it to Kismet as E5C50001-0000-0000-0000-10BDA3CF0540
1790664924.325 09:55:24 INFO: esp32c5-ttyACM0: opening /dev/ttyACM0 for wifi
1790664924.332 09:55:24 INFO: /dev/ttyACM0 opened
1790664925.311 09:55:25 INFO: /dev/ttyACM0 capturing
1790664926.796 09:55:26 INFO: esp32c5-ttyACM0: connection ended: Connection to remote host was lost.
1790664931.806 09:55:31 INFO: esp32c5-ttyACM0: connected, offering it to Kismet as E5C50001-0000-0000-0000-10BDA3CF0540
1790664931.808 09:55:31 INFO: esp32c5-ttyACM0: opening /dev/ttyACM0 for wifi
1790664931.813 09:55:31 INFO: /dev/ttyACM0 opened
1790664932.790 09:55:32 INFO: /dev/ttyACM0 capturing
1790664934.260 09:55:34 INFO: esp32c5-ttyACM0: connection ended: Connection to remote host was lost.
1790664939.269 09:55:39 INFO: esp32c5-ttyACM0: connected, offering it to Kismet as E5C50001-0000-0000-0000-10BDA3CF0540
1790664939.271 09:55:39 INFO: esp32c5-ttyACM0: opening /dev/ttyACM0 for wifi
1790664939.277 09:55:39 INFO: /dev/ttyACM0 opened
1790664940.201 09:55:40 INFO: /dev/ttyACM0 capturing
1790664941.534 09:55:41 INFO: stopping
1790664941.563 09:55:41 INFO: esp32c5-ttyACM0: connection ended: stopped
1790664941.624 PY_EXIT=0
