/tmp/py/venv-ws1.8.0: websocket-client 1.8.0 pyserial 3.5
/tmp/py/venv-ws1.7.0: websocket-client 1.7.0 pyserial 3.5
########## websocket-client 1.9.2
before: esp32c5-ttyACM0 run=1 err=0 pkts=137 uuid=E5C50001-0000-0000-0000-10BDA3CF0540;
--- (a) SIGTERM Kismet at 1790664909.016760412, restart 10 s later
kismet up at 1790664920.671211904
after: esp32c5-ttyACM0 run=1 err=0 pkts=45 uuid=E5C50001-0000-0000-0000-10BDA3CF0540;
  +3.65 s after Kismet up: INFO: esp32c5-ttyACM0: connected, offering it to Kismet as E5C50001-0000-0000-0000-10BDA3CF0540
  +4.64 s after Kismet up: INFO: /dev/ttyACM0 capturing
--- (b) SIGKILL Kismet mid-stream at 1790664926.749133226, restart 3 s later
helper alive: yes
kismet up at 1790664930.843366447
after: esp32c5-ttyACM0 run=1 err=0 pkts=5 uuid=E5C50001-0000-0000-0000-10BDA3CF0540;
  +0.96 s after Kismet up: INFO: esp32c5-ttyACM0: connected, offering it to Kismet as E5C50001-0000-0000-0000-10BDA3CF0540
  +1.95 s after Kismet up: INFO: /dev/ttyACM0 capturing
--- (b2) SIGKILL again, restart at once
kismet up at 1790664935.112322929
after: esp32c5-ttyACM0 run=1 err=0 pkts=46 uuid=E5C50001-0000-0000-0000-10BDA3CF0540;
  +4.16 s after Kismet up: INFO: esp32c5-ttyACM0: connected, offering it to Kismet as E5C50001-0000-0000-0000-10BDA3CF0540
  +5.09 s after Kismet up: INFO: /dev/ttyACM0 capturing
--- helper log
09:55:04 INFO: esp32c5-ttyACM0: connected, offering it to Kismet as E5C50001-0000-0000-0000-10BDA3CF0540
09:55:04 INFO: esp32c5-ttyACM0: opening /dev/ttyACM0 for wifi
09:55:04 INFO: /dev/ttyACM0 opened
09:55:05 INFO: /dev/ttyACM0 capturing
09:55:09 INFO: esp32c5-ttyACM0: connection ended: Connection to remote host was lost.
09:55:14 ERROR: esp32c5-ttyACM0: [Errno 111] Connection refused
09:55:19 ERROR: esp32c5-ttyACM0: [Errno 111] Connection refused
09:55:24 INFO: esp32c5-ttyACM0: connected, offering it to Kismet as E5C50001-0000-0000-0000-10BDA3CF0540
09:55:24 INFO: esp32c5-ttyACM0: opening /dev/ttyACM0 for wifi
09:55:24 INFO: /dev/ttyACM0 opened
09:55:25 INFO: /dev/ttyACM0 capturing
09:55:26 INFO: esp32c5-ttyACM0: connection ended: Connection to remote host was lost.
09:55:31 INFO: esp32c5-ttyACM0: connected, offering it to Kismet as E5C50001-0000-0000-0000-10BDA3CF0540
09:55:31 INFO: esp32c5-ttyACM0: opening /dev/ttyACM0 for wifi
09:55:31 INFO: /dev/ttyACM0 opened
09:55:32 INFO: /dev/ttyACM0 capturing
09:55:34 INFO: esp32c5-ttyACM0: connection ended: Connection to remote host was lost.
09:55:39 INFO: esp32c5-ttyACM0: connected, offering it to Kismet as E5C50001-0000-0000-0000-10BDA3CF0540
09:55:39 INFO: esp32c5-ttyACM0: opening /dev/ttyACM0 for wifi
09:55:39 INFO: /dev/ttyACM0 opened
09:55:40 INFO: /dev/ttyACM0 capturing
09:55:41 INFO: stopping
09:55:41 INFO: esp32c5-ttyACM0: connection ended: stopped
PY_EXIT=0
tracebacks: 0
########## websocket-client 1.8.0
before: esp32c5-ttyACM0 run=1 err=0 pkts=133 uuid=E5C50001-0000-0000-0000-10BDA3CF0540;
--- (b) SIGKILL Kismet mid-stream at 1790664948.093019627, restart 3 s later
helper alive: yes
kismet up at 1790664952.069199413
after: esp32c5-ttyACM0 run=1 err=0 pkts=48 uuid=E5C50001-0000-0000-0000-10BDA3CF0540;
  +1.11 s after Kismet up: INFO: esp32c5-ttyACM0: connected, offering it to Kismet as E5C50001-0000-0000-0000-10BDA3CF0540
  +2.07 s after Kismet up: INFO: /dev/ttyACM0 capturing
--- (b2) SIGKILL again, restart at once
kismet up at 1790664956.481822172
after: esp32c5-ttyACM0 run=1 err=0 pkts=78 uuid=E5C50001-0000-0000-0000-10BDA3CF0540;
  +4.18 s after Kismet up: INFO: esp32c5-ttyACM0: connected, offering it to Kismet as E5C50001-0000-0000-0000-10BDA3CF0540
  +5.19 s after Kismet up: INFO: /dev/ttyACM0 capturing
--- helper log
09:55:43 INFO: esp32c5-ttyACM0: connected, offering it to Kismet as E5C50001-0000-0000-0000-10BDA3CF0540
09:55:43 INFO: esp32c5-ttyACM0: opening /dev/ttyACM0 for wifi
09:55:43 INFO: /dev/ttyACM0 opened
09:55:44 INFO: /dev/ttyACM0 capturing
09:55:48 INFO: esp32c5-ttyACM0: connection ended: Connection to remote host was lost.
09:55:53 INFO: esp32c5-ttyACM0: connected, offering it to Kismet as E5C50001-0000-0000-0000-10BDA3CF0540
09:55:53 INFO: esp32c5-ttyACM0: opening /dev/ttyACM0 for wifi
09:55:53 INFO: /dev/ttyACM0 opened
09:55:54 INFO: /dev/ttyACM0 capturing
09:55:55 INFO: esp32c5-ttyACM0: connection ended: Connection to remote host was lost.
09:56:00 INFO: esp32c5-ttyACM0: connected, offering it to Kismet as E5C50001-0000-0000-0000-10BDA3CF0540
09:56:00 INFO: esp32c5-ttyACM0: opening /dev/ttyACM0 for wifi
09:56:00 INFO: /dev/ttyACM0 opened
09:56:01 INFO: /dev/ttyACM0 capturing
09:56:02 INFO: stopping
09:56:03 INFO: esp32c5-ttyACM0: connection ended: stopped
PY_EXIT=0
tracebacks: 0
########## websocket-client 1.7.0
before: esp32c5-ttyACM0 run=1 err=0 pkts=81 uuid=E5C50001-0000-0000-0000-10BDA3CF0540;
--- (b) SIGKILL Kismet mid-stream at 1790664969.625031748, restart 3 s later
helper alive: yes
kismet up at 1790664973.650807976
after: esp32c5-ttyACM0 run=1 err=0 pkts=77 uuid=E5C50001-0000-0000-0000-10BDA3CF0540;
  +1.05 s after Kismet up: INFO: esp32c5-ttyACM0: connected, offering it to Kismet as E5C50001-0000-0000-0000-10BDA3CF0540
  +2.07 s after Kismet up: INFO: /dev/ttyACM0 capturing
--- (b2) SIGKILL again, restart at once
kismet up at 1790664978.029065408
after: esp32c5-ttyACM0 run=1 err=0 pkts=26 uuid=E5C50001-0000-0000-0000-10BDA3CF0540;
  +4.10 s after Kismet up: INFO: esp32c5-ttyACM0: connected, offering it to Kismet as E5C50001-0000-0000-0000-10BDA3CF0540
  +5.12 s after Kismet up: INFO: /dev/ttyACM0 capturing
--- helper log
09:56:05 INFO: esp32c5-ttyACM0: connected, offering it to Kismet as E5C50001-0000-0000-0000-10BDA3CF0540
09:56:05 INFO: esp32c5-ttyACM0: opening /dev/ttyACM0 for wifi
09:56:05 INFO: /dev/ttyACM0 opened
09:56:06 INFO: /dev/ttyACM0 capturing
09:56:09 INFO: esp32c5-ttyACM0: connection ended: Connection to remote host was lost.
09:56:14 INFO: esp32c5-ttyACM0: connected, offering it to Kismet as E5C50001-0000-0000-0000-10BDA3CF0540
09:56:14 INFO: esp32c5-ttyACM0: opening /dev/ttyACM0 for wifi
09:56:14 INFO: /dev/ttyACM0 opened
09:56:15 INFO: /dev/ttyACM0 capturing
09:56:17 INFO: esp32c5-ttyACM0: connection ended: Connection to remote host was lost.
09:56:22 INFO: esp32c5-ttyACM0: connected, offering it to Kismet as E5C50001-0000-0000-0000-10BDA3CF0540
09:56:22 INFO: esp32c5-ttyACM0: opening /dev/ttyACM0 for wifi
09:56:22 INFO: /dev/ttyACM0 opened
09:56:23 INFO: /dev/ttyACM0 capturing
09:56:24 INFO: stopping
09:56:24 INFO: esp32c5-ttyACM0: connection ended: stopped
PY_EXIT=0
tracebacks: 0
