1790665046.137 INFO: Including sub-config file: /home/osh/kismet-install/etc/kismet_httpd.conf
1790665046.137 INFO: Including sub-config file: /home/osh/kismet-install/etc/kismet_memory.conf
1790665046.137 INFO: Including sub-config file: /home/osh/kismet-install/etc/kismet_alerts.conf
1790665046.137 INFO: Including sub-config file: /home/osh/kismet-install/etc/kismet_80211.conf
1790665046.137 INFO: Including sub-config file: /home/osh/kismet-install/etc/kismet_logging.conf
1790665046.137 INFO: Including sub-config file: /home/osh/kismet-install/etc/kismet_filter.conf
1790665046.137 INFO: Including sub-config file: /home/osh/kismet-install/etc/kismet_uav.conf
1790665046.137 INFO: Loading config override file '/home/osh/kismet-install/etc/kismet_package.conf'
1790665046.137 INFO: Optional sub-config file not present: /home/osh/kismet-install/etc/kismet_package.conf
1790665046.137 INFO: Loading config override file '/home/osh/kismet-install/etc/kismet_site.conf'
1790665046.137 INFO: Optional sub-config file not present: /home/osh/kismet-install/etc/kismet_site.conf
1790665046.137 INFO: Generated server UUID 075CF6F0-BBD3-11F1-8C97-4B49534D4554 and storing in /tmp/py/p8/.kismet//kismet_server_id.conf
1790665046.137 INFO: Setting server UUID 075CF6F0-BBD3-11F1-8C97-4B49534D4554
1790665046.137 INFO: Starting Beast webserver on 0.0.0.0:2501
1790665046.137 INFO: Opened OUI file '/home/osh/kismet-install/share/kismet/kismet_manuf.txt.gz
1790665046.137 INFO: Indexing manufacturer db
1790665046.139 INFO: Completed indexing manufacturer db, 38959 lines and 780 indexes.
1790665046.146 INFO: Saving devices to the Kismet database log every 30 seconds
1790665046.151 INFO: Using default rates of 10/min, 1/sec for alert 'DEVICEFOUND'
1790665046.151 INFO: Using default rates of 10/min, 1/sec for alert 'DEVICELOST'
1790665046.152 INFO: Registering support for DLT_PPI packet header decoding
1790665046.152 INFO: Registering support for DLT_RADIOTAP packet header decoding
1790665046.152 INFO: Registering support for DLT_BTLE_RADIO packet header decoding
1790665046.155 INFO: Using default rates of 10/min, 1/sec for alert 'BADFIXLENIE'
1790665046.155 INFO: PHY80211 will only process AP signal levels from beacons
1790665046.155 INFO: Allowing Kismet clients to view WEP keys
1790665046.156 DEBUG: ssid canary FooCanary:ssid="FoobarCanary"
1790665046.156 DEBUG: ssid canary FooCanart2:ssid="(?i:foobarcanary)"
1790665046.156 INFO: Keeping EAPOL packets in memory for easy download and WIDS functionality; this can use more RAM.
1790665046.158 INFO: Registered PHY handler 'IEEE802.11' as ID 0
1790665046.160 INFO: Registered PHY handler 'RFSENSOR' as ID 1
1790665046.161 INFO: Registered PHY handler 'Z-Wave' as ID 2
1790665046.162 INFO: Registered PHY handler 'Bluetooth' as ID 3
1790665046.162 DEBUG: reserve_fields home id 538 app id 539
1790665046.165 INFO: Registered PHY handler 'UAV' as ID 4
1790665046.166 INFO: Registered PHY handler 'NrfMousejack' as ID 5
1790665046.166 ERROR: Tried to re-register duplicate alert FLIPPERZERO
1790665046.167 INFO: Registered PHY handler 'BTLE' as ID 6
1790665046.168 INFO: Registered PHY handler 'METER' as ID 7
1790665046.168 INFO: Indexing ADSB ICAO db
1790665046.429 INFO: Completed indexing ADSB ICAO db, 341068 lines 6822 indexes
1790665046.431 INFO: Registered PHY handler 'ADSB' as ID 8
1790665046.432 INFO: Registered PHY handler '802.15.4' as ID 9
1790665046.433 INFO: Registered PHY handler 'RADIATION' as ID 10
1790665046.439 INFO: (HTTPD) Could not read session data file, skipping loading saved sessions.
1790665046.439 INFO: Serving static file content from /home/osh/kismet-install/share/kismet/httpd/
1790665046.440 INFO: Enabling channel hopping by default on sources which support channel control.
1790665046.440 INFO: Setting default channel hop rate to 5/sec
1790665046.440 INFO: Enabling channel list splitting on sources which share the same list of channels
1790665046.440 INFO: Enabling channel list shuffling to optimize overlaps
1790665046.440 INFO: Sources will be re-opened if they encounter an error
1790665046.440 INFO: Saving datasources to the Kismet database log every 30 seconds
1790665046.440 INFO: Launching remote capture server on 127.0.0.1 3501
1790665046.443 INFO: No data sources defined; Kismet will not capture anything until a source is added.
1790665046.445 ALERT: LOGDISABLED Logging has been disabled via the Kismet config files or the command line.  Pcap, database, and related logs will not be saved.
1790665046.445 INFO: Logging disabled, not enabling any log drivers.
1790665046.445 INFO: GPS track will be logged to the Kismet logfile
1790665046.446 INFO: Starting Kismet web server...
1790665046.446 INFO: HTTP server listening on 0.0.0.0:2501
1790665046.448 INFO: Could not open system plugin directory (/home/osh/kismet-install/lib/kismet/), skipping: No such file or directory
1790665046.448 INFO: Did not find a user plugin directory (/tmp/py/p8/.kismet//plugins/), skipping: No such file or directory
1790665046.840 INFO: New remote source esp32c5-ttyACM2 (E5C50001-0000-0000-0000-3844BEBFD80C) connected
1790665046.841 INFO: esp32c5-ttyACM2 - /dev/ttyACM2 opened
1790665052.870 INFO: esp32c5-ttyACM2 - /dev/ttyACM2: no answer for 6 s, reopening
1790665062.085 INFO: Kismet external interface shutting down: the board on /dev/ttyACM2 has not been capturing for 15 s (last: /dev/ttyACM2 opened)
1790665062.085 ERROR: Data source 'esp32c5-ttyACM2 / esp32c5-ttyACM2' ('esp32c5-ttyACM2') encountered an error: remote connection triggered shutdown: the board on /dev/ttyACM2 has not been capturing for 15 s (last: /dev/ttyACM2 opened)
1790665067.160 INFO: Matching new remote source 'esp32c5-ttyACM2' with known source with UUID 'E5C50001-0000-0000-0000-3844BEBFD80C'
1790665067.172 INFO: Remote source esp32c5-ttyACM2 (E5C50001-0000-0000-0000-3844BEBFD80C) reconnected
1790665067.173 INFO: esp32c5-ttyACM2 - /dev/ttyACM2 opened
1790665073.204 INFO: esp32c5-ttyACM2 - /dev/ttyACM2: no answer for 6 s, reopening
1790665082.426 INFO: Kismet external interface shutting down: the board on /dev/ttyACM2 has not been capturing for 15 s (last: /dev/ttyACM2 opened)
1790665082.427 ERROR: Data source 'esp32c5-ttyACM2 / esp32c5-ttyACM2' ('esp32c5-ttyACM2') encountered an error: remote connection triggered shutdown: the board on /dev/ttyACM2 has not been capturing for 15 s (last: /dev/ttyACM2 opened)
1790665087.484 INFO: Matching new remote source 'esp32c5-ttyACM2' with known source with UUID 'E5C50001-0000-0000-0000-3844BEBFD80C'
1790665087.495 INFO: Remote source esp32c5-ttyACM2 (E5C50001-0000-0000-0000-3844BEBFD80C) reconnected
1790665087.495 INFO: esp32c5-ttyACM2 - /dev/ttyACM2 opened
1790665093.524 INFO: esp32c5-ttyACM2 - /dev/ttyACM2: no answer for 6 s, reopening
1790665098.551 ERROR: Data source 'esp32c5-ttyACM2 / esp32c5-ttyACM2' ('esp32c5-ttyACM2') encountered an error: websocket connection closed
1790665100.966 INFO: Probing interface 'esp32c5-ttyACM2' to find datasource type
1790665101.063 INFO: Found type 'esp32c5' for 'esp32c5-ttyACM2:name=c-silent'
1790665101.066 interface: esp32c5-ttyACM2
1790665101.078 ERROR: Conflict of new datasource c-silent/E5C50001-0000-0000-0000-3844BEBFD80C and existing datasource esp32c5-ttyACM2 with the same UUID.  Datasource UUIDs must be unique, check the Kismet documentation for the datasources you are using, and ensure that any manually defined UUIDs are unique.
1790665152.551 INFO: Closing source 'esp32c5-ttyACM2' (E5C50001-0000-0000-0000-3844BEBFD80C)
1790665159.569 INFO: esp32c5-ttyACM0 - /dev/ttyACM0 opened
1790665159.571 INFO: New remote source esp32c5-ttyACM0 (E5C50001-0000-0000-0000-10BDA3CF0540) connected
1790665160.578 INFO: esp32c5-ttyACM0 - /dev/ttyACM0 capturing
1790665160.658 INFO: Detected new 802.11 Wi-Fi device E4:5F:01:49:99:3F
1790665160.659 INFO: Detected new 802.11 Wi-Fi device 42:A2:BA:65:29:F3
1790665162.431 INFO: Detected new 802.11 Wi-Fi access point 46:AE:30:84:34:B6
1790665162.435 INFO: 802.11 Wi-Fi device 46:AE:30:84:34:B6 advertising a new cloaked SSID
1790665162.484 INFO: Detected new 802.11 Wi-Fi access point 40:AE:30:84:34:B6
1790665162.484 INFO: 802.11 Wi-Fi device 40:AE:30:84:34:B6 advertising new SSID 'cohen42'
1790665162.496 INFO: Detected new 802.11 Wi-Fi device 46:AE:30:84:5A:16
1790665162.496 INFO: Detected new 802.11 Wi-Fi device 40:AE:30:84:5A:14
1790665182.702 ERROR: Data source 'esp32c5-ttyACM0 / esp32c5-ttyACM0' ('esp32c5-ttyACM0') encountered an error: did not get a ping response from the capture
1790665182.703 INFO: Matching new remote source 'esp32c5-ttyACM0' with known source with UUID 'E5C50001-0000-0000-0000-10BDA3CF0540'
1790665182.707 ERROR: Error reconnecting remote source esp32c5-ttyACM0 (E5C50001-0000-0000-0000-10BDA3CF0540) - source closed
1790665182.711 INFO: Detected new 802.11 Wi-Fi device A8:DB:03:42:DE:68
1790665182.713 INFO: 802.11 Wi-Fi device 42:A2:BA:65:29:F3 advertising new SSID 'osvc-52'
1790665187.847 INFO: Matching new remote source 'esp32c5-ttyACM0' with known source with UUID 'E5C50001-0000-0000-0000-10BDA3CF0540'
1790665187.857 INFO: Remote source esp32c5-ttyACM0 (E5C50001-0000-0000-0000-10BDA3CF0540) reconnected
1790665187.858 INFO: esp32c5-ttyACM0 - /dev/ttyACM0 opened
1790665188.910 INFO: esp32c5-ttyACM0 - /dev/ttyACM0 capturing
1790665190.747 INFO: Detected new 802.11 Wi-Fi device 40:AE:30:84:5A:16
1790665190.747 INFO: Detected new 802.11 Wi-Fi device B0:1F:47:17:AF:4A
1790665190.826 INFO: 802.11 Wi-Fi device 40:AE:30:84:5A:16 advertising new SSID 'cohen42'
1790665193.127 INFO: Detected new 802.11 Wi-Fi access point D2:D8:A4:DB:5E:A6
1790665193.128 INFO: 802.11 Wi-Fi device D2:D8:A4:DB:5E:A6 advertising a new cloaked SSID
1790665193.400 INFO: Closing source 'esp32c5-ttyACM0' (E5C50001-0000-0000-0000-10BDA3CF0540)
1790665198.448 INFO: Matching new remote source 'esp32c5-ttyACM0' with known source with UUID 'E5C50001-0000-0000-0000-10BDA3CF0540'
1790665198.456 INFO: Remote source esp32c5-ttyACM0 (E5C50001-0000-0000-0000-10BDA3CF0540) reconnected
1790665198.457 INFO: esp32c5-ttyACM0 - /dev/ttyACM0 opened
1790665199.512 INFO: esp32c5-ttyACM0 - /dev/ttyACM0 capturing
1790665200.944 INFO: Detected new 802.11 Wi-Fi device 4C:2E:5E:D5:FE:E9
1790665201.183 INFO: Detected new 802.11 Wi-Fi access point 26:39:F1:AB:05:B2
1790665201.327 INFO: 802.11 Wi-Fi device 40:AE:30:84:5A:16 advertising new SSID 'cohen42'
1790665201.424 INFO: 802.11 Wi-Fi device 46:AE:30:84:5A:16 advertising a new cloaked SSID
1790665201.719 INFO: Detected new 802.11 Wi-Fi access point 00:B8:C2:B2:AE:57
1790665201.719 INFO: Detected new 802.11 Wi-Fi device 70:F7:54:55:CB:00
1790665201.719 INFO: Detected new 802.11 Wi-Fi device 00:B8:C2:B2:AE:58
1790665205.469 INFO: Detected new 802.11 Wi-Fi access point D0:CF:0E:85:DC:54
1790665205.469 INFO: 802.11 Wi-Fi device D0:CF:0E:85:DC:54 advertising new SSID 'Kobi'
1790665207.177 INFO: Detected new 802.11 Wi-Fi access point FA:8F:CA:6C:D1:65
1790665207.179 INFO: 802.11 Wi-Fi device FA:8F:CA:6C:D1:65 advertising new SSID 'JBL Bar 5.1_0891.l025'
1790665207.242 INFO: Detected new 802.11 Wi-Fi device 62:D5:ED:42:0F:E1
1790665207.243 INFO: Detected new 802.11 Wi-Fi device 6A:D5:ED:42:0F:E9
1790665207.255 INFO: Detected new 802.11 Wi-Fi device 8A:F8:CC:EE:87:D1
1790665207.255 INFO: Detected new 802.11 Wi-Fi device 1C:F4:3F:57:42:AC
1790665207.261 INFO: Detected new 802.11 Wi-Fi access point CA:C9:A3:4D:96:E7
1790665207.266 INFO: 802.11 Wi-Fi device CA:C9:A3:4D:96:E7 advertising new SSID 'ESP-4D96E7'
1790665207.622 INFO: Detected new 802.11 Wi-Fi access point 46:AE:30:84:36:22
1790665207.623 INFO: 802.11 Wi-Fi device 46:AE:30:84:36:22 advertising a new cloaked SSID
1790665209.519 INFO: 802.11 Wi-Fi device 26:39:F1:AB:05:B2 advertising new SSID 'osvc-2'
1790665209.647 INFO: 802.11 Wi-Fi device 26:39:F1:AB:05:B2 advertising new SSID 'osvc-2'
1790665209.670 INFO: Detected new 802.11 Wi-Fi access point F4:5E:AB:98:45:A6
1790665209.671 INFO: 802.11 Wi-Fi device F4:5E:AB:98:45:A6 advertising new SSID 'WiFiER9845a6'
1790665209.779 INFO: Detected new 802.11 Wi-Fi device 1C:4D:89:65:18:2A
1790665209.817 INFO: 802.11 Wi-Fi device 40:AE:30:84:34:B6 advertising new SSID 'cohen42'
1790665213.727 INFO: Detected new 802.11 Wi-Fi device FC:F5:C4:BE:0B:A5
1790665213.772 INFO: Detected new 802.11 Wi-Fi device 20:15:DE:A1:04:FB
1790665215.531 INFO: Detected new 802.11 Wi-Fi access point 58:FC:20:1B:D9:D0
1790665215.532 INFO: 802.11 Wi-Fi device 58:FC:20:1B:D9:D0 advertising new SSID 'Sivan'
1790665215.633 INFO: Detected new 802.11 Wi-Fi device 58:FC:20:1B:D9:CF
1790665215.683 INFO: Detected new 802.11 Wi-Fi device 64:64:4A:BB:59:65
1790665215.683 INFO: Detected new 802.11 Wi-Fi device 78:DF:72:44:14:1D
1790665215.683 INFO: Detected new 802.11 Wi-Fi device B0:BB:E5:7F:F6:E7
1790665224.364 ERROR: Data source 'esp32c5-ttyACM0 / esp32c5-ttyACM0' ('esp32c5-ttyACM0') encountered an error: websocket connection closed
1790665226.703 
1790665226.703 *** KISMET IS SHUTTING DOWN ***
1790665226.703 Shutting down plugins...
1790665226.703 WARNING: Kismet changes the configuration of network devices.
1790665226.703          In most cases you will need to restart networking for
1790665226.703          your interface (varies per distribution and OS), but 
1790665226.704          typically one of:
1790665226.704          sudo service networking restart
1790665226.704          sudo /etc/init.d/networking restart
1790665226.704          or
1790665226.704          nmcli device set [device] managed true
1790665226.704 
1790665226.704 Kismet exiting.
1790665226.704 EXITING: Signal service thread complete.
1790665226.709 KISMET_EXIT=0
