### by-id before
usb-Espressif_USB_JTAG_serial_debug_unit_10:BD:A3:C8:7D:54-if00
usb-Espressif_USB_JTAG_serial_debug_unit_10:BD:A3:CF:05:40-if00
usb-Espressif_USB_JTAG_serial_debug_unit_38:44:BE:BF:C9:10-if00
usb-Espressif_USB_JTAG_serial_debug_unit_38:44:BE:BF:D8:0C-if00
### esptool --after no-reset chip-id on ttyACM2 (1790665044.183940682)
MAC_EXT:            ff:fe

Uploading stub flasher...
Running stub flasher...
Stub flasher running.

WARNING: ESP32-C5 has no chip ID. Reading MAC address instead.
MAC:                38:44:be:ff:fe:bf:d8:0c
BASE MAC:           38:44:be:bf:d8:0c
MAC_EXT:            ff:fe

Staying in bootloader.
esptool exit=0
### by-id in download mode
usb-Espressif_USB_JTAG_serial_debug_unit_10:BD:A3:C8:7D:54-if00 -> ../../ttyACM3
usb-Espressif_USB_JTAG_serial_debug_unit_10:BD:A3:CF:05:40-if00 -> ../../ttyACM0
usb-Espressif_USB_JTAG_serial_debug_unit_38:44:BE:BF:C9:10-if00 -> ../../ttyACM1
usb-Espressif_USB_JTAG_serial_debug_unit_38:44:BE:BF:D8:0C-if00 -> ../../ttyACM2
kismet up after 0.36 s pid 335164 home /tmp/py/p8
### Python source on the silent board, 42 s (1790665046.471861610)
t+3 esp32c5-ttyACM2 run=1 err=0 pkts=0;
t+6 esp32c5-ttyACM2 run=1 err=0 pkts=0;
t+9 esp32c5-ttyACM2 run=1 err=0 pkts=0;
t+12 esp32c5-ttyACM2 run=1 err=0 pkts=0;
t+15 esp32c5-ttyACM2 run=0 err=1 pkts=0;
t+18 esp32c5-ttyACM2 run=1 err=0 pkts=0;
t+21 esp32c5-ttyACM2 run=1 err=0 pkts=0;
t+24 esp32c5-ttyACM2 run=1 err=0 pkts=0;
t+27 esp32c5-ttyACM2 run=1 err=0 pkts=0;
t+30 esp32c5-ttyACM2 run=0 err=1 pkts=0;
t+33 esp32c5-ttyACM2 run=0 err=1 pkts=0;
t+36 esp32c5-ttyACM2 run=1 err=0 pkts=0;
t+39 esp32c5-ttyACM2 run=1 err=0 pkts=0;
t+42 esp32c5-ttyACM2 run=1 err=0 pkts=0;
1790665046.822 09:57:26 INFO: esp32c5-ttyACM2: connected, offering it to Kismet as E5C50001-0000-0000-0000-3844BEBFD80C
1790665046.825 09:57:26 INFO: esp32c5-ttyACM2: opening /dev/ttyACM2 for wifi
1790665046.838 09:57:26 INFO: /dev/ttyACM2 opened
1790665052.870 09:57:32 INFO: /dev/ttyACM2: no answer for 6 s, reopening
1790665053.879 09:57:33 DEBUG: /dev/ttyACM2 opened
1790665059.902 09:57:39 DEBUG: /dev/ttyACM2: no answer for 6 s, reopening
1790665060.917 09:57:40 DEBUG: /dev/ttyACM2 opened
1790665062.084 09:57:42 ERROR: esp32c5-ttyACM2: the board on /dev/ttyACM2 has not been capturing for 15 s (last: /dev/ttyACM2 opened)
1790665062.128 09:57:42 INFO: esp32c5-ttyACM2: connection ended: the board on /dev/ttyACM2 has not been capturing for 15 s (last: /dev/ttyACM2 opened)
1790665067.159 09:57:47 INFO: esp32c5-ttyACM2: connected, offering it to Kismet as E5C50001-0000-0000-0000-3844BEBFD80C
1790665067.161 09:57:47 INFO: esp32c5-ttyACM2: opening /dev/ttyACM2 for wifi
1790665067.171 09:57:47 INFO: /dev/ttyACM2 opened
1790665073.203 09:57:53 INFO: /dev/ttyACM2: no answer for 6 s, reopening
1790665074.211 09:57:54 DEBUG: /dev/ttyACM2 opened
1790665080.235 09:58:00 DEBUG: /dev/ttyACM2: no answer for 6 s, reopening
1790665081.243 09:58:01 DEBUG: /dev/ttyACM2 opened
1790665082.421 09:58:02 ERROR: esp32c5-ttyACM2: the board on /dev/ttyACM2 has not been capturing for 15 s (last: /dev/ttyACM2 opened)
1790665082.452 09:58:02 INFO: esp32c5-ttyACM2: connection ended: the board on /dev/ttyACM2 has not been capturing for 15 s (last: /dev/ttyACM2 opened)
1790665087.483 09:58:07 INFO: esp32c5-ttyACM2: connected, offering it to Kismet as E5C50001-0000-0000-0000-3844BEBFD80C
1790665087.487 09:58:07 INFO: esp32c5-ttyACM2: opening /dev/ttyACM2 for wifi
1790665087.494 09:58:07 INFO: /dev/ttyACM2 opened
1790665093.523 09:58:13 INFO: /dev/ttyACM2: no answer for 6 s, reopening
1790665094.532 09:58:14 DEBUG: /dev/ttyACM2 opened
1790665098.514 09:58:18 DEBUG: stop signal SIGTERM
1790665098.515 09:58:18 INFO: stopping
1790665098.551 09:58:18 INFO: esp32c5-ttyACM2: connection ended: stopped
1790665098.612 PY_EXIT=0
### serial writes (silent board)
335220 09:57:26.940860 write(4, "MODE WIFI
335221 09:57:27.042618 write(4, "CHANNELS 1
335221 09:57:27.243199 write(4, "CHANNELS 5
335221 09:57:27.443718 write(4, "CHANNELS 9
335221 09:57:27.644285 write(4, "CHANNELS 13
335220 09:57:27.743772 write(4, "CHANNELS 13
335221 09:57:27.844946 write(4, "CHANNELS 44
335221 09:57:28.045508 write(4, "CHANNELS 60
335221 09:57:28.246083 write(4, "CHANNELS 108
335221 09:57:28.446674 write(4, "CHANNELS 124
335221 09:57:28.647244 write(4, "CHANNELS 140
335221 09:57:28.847860 write(4, "CHANNELS 157
335220 09:57:28.947643 write(4, "MODE WIFI
335221 09:57:29.048606 write(4, "CHANNELS 173
335221 09:57:29.249251 write(4, "CHANNELS 2
335221 09:57:29.450689 write(4, "CHANNELS 6
335221 09:57:29.652093 write(4, "CHANNELS 10
335220 09:57:29.753269 write(4, "CHANNELS 10
335221 09:57:29.853273 write(4, "CHANNELS 14
335221 09:57:30.054808 write(4, "CHANNELS 48
335221 09:57:30.255886 write(4, "CHANNELS 64
335221 09:57:30.457105 write(4, "CHANNELS 112
335221 09:57:30.657772 write(4, "CHANNELS 128
335221 09:57:30.858245 write(4, "CHANNELS 144
335220 09:57:30.958685 write(4, "MODE WIFI
335221 09:57:31.058771 write(4, "CHANNELS 161
335221 09:57:31.259338 write(4, "CHANNELS 177
335221 09:57:31.460179 write(4, "CHANNELS 3
335221 09:57:31.661003 write(4, "CHANNELS 7
335220 09:57:31.761680 write(4, "CHANNELS 7
### Kismet messages for it
1790665052 esp32c5-ttyACM2 - /dev/ttyACM2: no answer for 6 s, reopening
1790665062 Kismet external interface shutting down: the board on /dev/ttyACM2 has not been capturing for 15 s (last: /dev/ttyACM2 opened)
1790665062 Data source 'esp32c5-ttyACM2 / esp32c5-ttyACM2' ('esp32c5-ttyACM2') encountered an error: remote connection triggered shutdown: the board on /dev/ttyACM2 has not been capturing for 15 s (last: /dev/ttyACM2 opened)
1790665067 Matching new remote source 'esp32c5-ttyACM2' with known source with UUID 'E5C50001-0000-0000-0000-3844BEBFD80C'
1790665067 Remote source esp32c5-ttyACM2 (E5C50001-0000-0000-0000-3844BEBFD80C) reconnected
1790665067 esp32c5-ttyACM2 - /dev/ttyACM2 opened
1790665073 esp32c5-ttyACM2 - /dev/ttyACM2: no answer for 6 s, reopening
1790665082 Kismet external interface shutting down: the board on /dev/ttyACM2 has not been capturing for 15 s (last: /dev/ttyACM2 opened)
1790665082 Data source 'esp32c5-ttyACM2 / esp32c5-ttyACM2' ('esp32c5-ttyACM2') encountered an error: remote connection triggered shutdown: the board on /dev/ttyACM2 has not been capturing for 15 s (last: /dev/ttyACM2 opened)
1790665087 Matching new remote source 'esp32c5-ttyACM2' with known source with UUID 'E5C50001-0000-0000-0000-3844BEBFD80C'
1790665087 Remote source esp32c5-ttyACM2 (E5C50001-0000-0000-0000-3844BEBFD80C) reconnected
1790665087 esp32c5-ttyACM2 - /dev/ttyACM2 opened
1790665093 esp32c5-ttyACM2 - /dev/ttyACM2: no answer for 6 s, reopening
1790665098 Data source 'esp32c5-ttyACM2 / esp32c5-ttyACM2' ('esp32c5-ttyACM2') encountered an error: websocket connection closed
### C local source on the silent board (add_source), 40 s
HTTP 200
{"kismet.datasource.source_number": 1, "kismet.datasource.so
t+4 c-silent run=0 err=0 pkts=0
t+8 c-silent run=0 err=0 pkts=0
t+12 c-silent run=0 err=0 pkts=0
t+16 c-silent run=0 err=0 pkts=0
t+20 c-silent run=0 err=0 pkts=0
t+24 c-silent run=0 err=0 pkts=0
t+28 c-silent run=0 err=0 pkts=0
t+32 c-silent run=0 err=0 pkts=0
t+36 c-silent run=0 err=0 pkts=0
t+40 c-silent run=0 err=0 pkts=0
c-silent                     run=0 err=0 rem=0 pkts=0       ch=6    hop=0 rate=0 off=0 nch=42 pid=336306 uuid=E5C50001-0000-0000-0000-3844BEBFD80C hw=Espressif USB-Serial-JTAG (38:44:BE:BF:D8:0C) capif=esp32c5-ttyACM2 reason=
### Kismet messages (C)
1790665101 Found type 'esp32c5' for 'esp32c5-ttyACM2:name=c-silent'
1790665101 Conflict of new datasource c-silent/E5C50001-0000-0000-0000-3844BEBFD80C and existing datasource esp32c5-ttyACM2 with the same UUID.  Datasource UUIDs must be unique, check the Kismet documentation for the datasources you are using, and en
1790665152 Closing source 'esp32c5-ttyACM2' (E5C50001-0000-0000-0000-3844BEBFD80C)
### recover: esptool --after hard-reset chip-id (1790665154.825116654)
BASE MAC:           38:44:be:bf:d8:0c
MAC_EXT:            ff:fe

Hard resetting via RTS pin...
esptool exit=0
usb-Espressif_USB_JTAG_serial_debug_unit_10:BD:A3:C8:7D:54-if00
usb-Espressif_USB_JTAG_serial_debug_unit_10:BD:A3:CF:05:40-if00
usb-Espressif_USB_JTAG_serial_debug_unit_38:44:BE:BF:C9:10-if00
usb-Espressif_USB_JTAG_serial_debug_unit_38:44:BE:BF:D8:0C-if00
{"port": "/dev/ttyACM2", "opened_s": 0.004, "start": {"nonce": "535b88a1", "magic": "a1b2c3d4", "version": "2.4", "snaplen": 65535, "linktype": 127, "bytes_before_marker": 2150, "attempt": 1}, "start_
### no PING from Kismet: Python source on ttyACM0, SIGSTOP Kismet for 20 s
1.05
SIGSTOP 335164 at 1790665162.692245571
SIGCONT at 1790665182.701494909
esp32c5-ttyACM2              run=0 err=1 rem=1 pkts=0       ch=6    hop=1 rate=5 off=0 nch=42 pid=0 uuid=E5C50001-0000-0
c-silent                     run=0 err=0 rem=0 pkts=0       ch=6    hop=0 rate=0 off=0 nch=42 pid=336306 uuid=E5C50001-0
esp32c5-ttyACM0              run=1 err=0 rem=1 pkts=211     ch=6    hop=1 rate=5 off=0 nch=42 pid=0 uuid=E5C50001-0000-0
### close_source.cmd on the Python source (1790665192.951579865)
HTTP 200
{"kismet.datasource.source_number": 2, "kismet.datasource.so
t+2 esp32c5-ttyACM0 run=0 err=1 pkts=218
t+4 esp32c5-ttyACM0 run=1 err=0 pkts=218
t+6 esp32c5-ttyACM0 run=1 err=0 pkts=250
t+8 esp32c5-ttyACM0 run=1 err=0 pkts=292
t+10 esp32c5-ttyACM0 run=1 err=0 pkts=326
t+12 esp32c5-ttyACM0 run=1 err=0 pkts=382
t+14 esp32c5-ttyACM0 run=1 err=0 pkts=435
### open_source.cmd (1790665211.451676171)
HTTP 500
ERROR: source already running

t+2 esp32c5-ttyACM0 run=1 err=0 pkts=468
t+4 esp32c5-ttyACM0 run=1 err=0 pkts=557
t+6 esp32c5-ttyACM0 run=1 err=0 pkts=646
t+8 esp32c5-ttyACM0 run=1 err=0 pkts=704
t+10 esp32c5-ttyACM0 run=1 err=0 pkts=769
1790665159.561 INFO: esp32c5-ttyACM0: connected, offering it to Kismet as E5C50001-0000-0000-0000-10BDA3CF0540
1790665159.563 INFO: esp32c5-ttyACM0: opening /dev/ttyACM0 for wifi
1790665159.568 INFO: /dev/ttyACM0 opened
1790665160.578 INFO: /dev/ttyACM0 capturing
1790665174.607 INFO: esp32c5-ttyACM0: connection ended: no PING from Kismet for 15 s
1790665182.702 INFO: esp32c5-ttyACM0: connected, offering it to Kismet as E5C50001-0000-0000-0000-10BDA3CF0540
1790665182.706 INFO: esp32c5-ttyACM0: opening /dev/ttyACM0 for wifi
1790665182.713 INFO: /dev/ttyACM0 opened
1790665182.819 INFO: esp32c5-ttyACM0: connection ended: Connection to remote host was lost.
1790665187.846 INFO: esp32c5-ttyACM0: connected, offering it to Kismet as E5C50001-0000-0000-0000-10BDA3CF0540
1790665187.848 INFO: esp32c5-ttyACM0: opening /dev/ttyACM0 for wifi
1790665187.856 INFO: /dev/ttyACM0 opened
1790665188.909 INFO: /dev/ttyACM0 capturing
1790665193.436 INFO: esp32c5-ttyACM0: connection ended: Connection to remote host was lost.
1790665198.447 INFO: esp32c5-ttyACM0: connected, offering it to Kismet as E5C50001-0000-0000-0000-10BDA3CF0540
1790665198.448 INFO: esp32c5-ttyACM0: opening /dev/ttyACM0 for wifi
1790665198.455 INFO: /dev/ttyACM0 opened
1790665199.512 INFO: /dev/ttyACM0 capturing
1790665224.343 INFO: stopping
1790665224.365 INFO: esp32c5-ttyACM0: connection ended: stopped
1790665224.426 PY_EXIT=0
1790665046.156 INFO: Keeping EAPOL packets in memory for easy download and WIDS functionality; this can use more RAM.
1790665046.439 INFO: (HTTPD) Could not read session data file, skipping loading saved sessions.
1790665046.440 INFO: Enabling channel hopping by default on sources which support channel control.
1790665046.448 INFO: Could not open system plugin directory (/home/osh/kismet-install/lib/kismet/), skipping: No such file or directory
1790665046.448 INFO: Did not find a user plugin directory (/tmp/py/p8/.kismet//plugins/), skipping: No such file or directory
1790665062.085 INFO: Kismet external interface shutting down: the board on /dev/ttyACM2 has not been capturing for 15 s (last: /dev/ttyACM2 opened)
1790665062.085 ERROR: Data source 'esp32c5-ttyACM2 / esp32c5-ttyACM2' ('esp32c5-ttyACM2') encountered an error: remote connection triggered shutdown: the board on /dev/ttyACM2 has not been capturing for 15 s (last: /dev/ttyACM2 op
1790665082.426 INFO: Kismet external interface shutting down: the board on /dev/ttyACM2 has not been capturing for 15 s (last: /dev/ttyACM2 opened)
1790665082.427 ERROR: Data source 'esp32c5-ttyACM2 / esp32c5-ttyACM2' ('esp32c5-ttyACM2') encountered an error: remote connection triggered shutdown: the board on /dev/ttyACM2 has not been capturing for 15 s (last: /dev/ttyACM2 op
1790665152.551 INFO: Closing source 'esp32c5-ttyACM2' (E5C50001-0000-0000-0000-3844BEBFD80C)
1790665159.569 INFO: esp32c5-ttyACM0 - /dev/ttyACM0 opened
1790665159.571 INFO: New remote source esp32c5-ttyACM0 (E5C50001-0000-0000-0000-10BDA3CF0540) connected
1790665160.578 INFO: esp32c5-ttyACM0 - /dev/ttyACM0 capturing
1790665182.702 ERROR: Data source 'esp32c5-ttyACM0 / esp32c5-ttyACM0' ('esp32c5-ttyACM0') encountered an error: did not get a ping response from the capture
1790665182.703 INFO: Matching new remote source 'esp32c5-ttyACM0' with known source with UUID 'E5C50001-0000-0000-0000-10BDA3CF0540'
1790665182.707 ERROR: Error reconnecting remote source esp32c5-ttyACM0 (E5C50001-0000-0000-0000-10BDA3CF0540) - source closed
1790665187.847 INFO: Matching new remote source 'esp32c5-ttyACM0' with known source with UUID 'E5C50001-0000-0000-0000-10BDA3CF0540'
1790665187.857 INFO: Remote source esp32c5-ttyACM0 (E5C50001-0000-0000-0000-10BDA3CF0540) reconnected
1790665187.858 INFO: esp32c5-ttyACM0 - /dev/ttyACM0 opened
1790665188.910 INFO: esp32c5-ttyACM0 - /dev/ttyACM0 capturing
1790665193.400 INFO: Closing source 'esp32c5-ttyACM0' (E5C50001-0000-0000-0000-10BDA3CF0540)
1790665198.448 INFO: Matching new remote source 'esp32c5-ttyACM0' with known source with UUID 'E5C50001-0000-0000-0000-10BDA3CF0540'
1790665198.456 INFO: Remote source esp32c5-ttyACM0 (E5C50001-0000-0000-0000-10BDA3CF0540) reconnected
1790665198.457 INFO: esp32c5-ttyACM0 - /dev/ttyACM0 opened
1790665199.512 INFO: esp32c5-ttyACM0 - /dev/ttyACM0 capturing
1790665224.364 ERROR: Data source 'esp32c5-ttyACM0 / esp32c5-ttyACM0' ('esp32c5-ttyACM0') encountered an error: websocket connection closed
1790665226.703 *** KISMET IS SHUTTING DOWN ***
1790665226.703 Shutting down plugins...
### MODE -> START gaps (p3 zigbee switch and this run)
323846 09:39:45.152794 write(4, "MODE
323846 09:39:45.955466 write(4, "CHANNELS 20\nDWELL
335220 09:57:26.940860 write(4, "MODE
335220 09:57:27.743772 write(4, "CHANNELS 13\nDWELL
335220 09:57:28.947643 write(4, "MODE
335220 09:57:29.753269 write(4, "CHANNELS 10\nDWELL
335220 09:57:30.958685 write(4, "MODE
335220 09:57:31.761680 write(4, "CHANNELS 7\nDWELL
