1790665159.561 09:59:19 INFO: esp32c5-ttyACM0: connected, offering it to Kismet as E5C50001-0000-0000-0000-10BDA3CF0540
1790665159.563 09:59:19 INFO: esp32c5-ttyACM0: opening /dev/ttyACM0 for wifi
1790665159.568 09:59:19 INFO: /dev/ttyACM0 opened
1790665160.578 09:59:20 INFO: /dev/ttyACM0 capturing
1790665174.607 09:59:34 INFO: esp32c5-ttyACM0: connection ended: no PING from Kismet for 15 s
1790665182.702 09:59:42 INFO: esp32c5-ttyACM0: connected, offering it to Kismet as E5C50001-0000-0000-0000-10BDA3CF0540
1790665182.706 09:59:42 INFO: esp32c5-ttyACM0: opening /dev/ttyACM0 for wifi
1790665182.713 09:59:42 INFO: /dev/ttyACM0 opened
1790665182.819 09:59:42 INFO: esp32c5-ttyACM0: connection ended: Connection to remote host was lost.
1790665187.846 09:59:47 INFO: esp32c5-ttyACM0: connected, offering it to Kismet as E5C50001-0000-0000-0000-10BDA3CF0540
1790665187.848 09:59:47 INFO: esp32c5-ttyACM0: opening /dev/ttyACM0 for wifi
1790665187.856 09:59:47 INFO: /dev/ttyACM0 opened
1790665188.909 09:59:48 INFO: /dev/ttyACM0 capturing
1790665193.436 09:59:53 INFO: esp32c5-ttyACM0: connection ended: Connection to remote host was lost.
1790665198.447 09:59:58 INFO: esp32c5-ttyACM0: connected, offering it to Kismet as E5C50001-0000-0000-0000-10BDA3CF0540
1790665198.448 09:59:58 INFO: esp32c5-ttyACM0: opening /dev/ttyACM0 for wifi
1790665198.455 09:59:58 INFO: /dev/ttyACM0 opened
1790665199.512 09:59:59 INFO: /dev/ttyACM0 capturing
1790665224.343 10:00:24 INFO: stopping
1790665224.365 10:00:24 INFO: esp32c5-ttyACM0: connection ended: stopped
1790665224.426 PY_EXIT=0
