1790665046.822 09:57:26 INFO: esp32c5-ttyACM2: connected, offering it to Kismet as E5C50001-0000-0000-0000-3844BEBFD80C
1790665046.823 09:57:26 DEBUG: -> KDS_NEWSOURCE, 86 bytes
1790665046.825 09:57:26 DEBUG: <- KDS_OPENREQ seqno 1
1790665046.825 09:57:26 INFO: esp32c5-ttyACM2: opening /dev/ttyACM2 for wifi
1790665046.838 09:57:26 INFO: /dev/ttyACM2 opened
1790665046.839 09:57:26 DEBUG: -> KDS_OPENREPORT, 294 bytes
1790665046.839 09:57:26 DEBUG: -> CMD_MESSAGE, 44 bytes
1790665046.841 09:57:26 DEBUG: <- KDS_CONFIGREQ seqno 2
1790665046.843 09:57:26 DEBUG: -> KDS_CONFIGREPORT, 180 bytes
1790665051.901 09:57:31 DEBUG: -> CMD_PONG, 20 bytes
1790665052.870 09:57:32 INFO: /dev/ttyACM2: no answer for 6 s, reopening
1790665052.870 09:57:32 DEBUG: -> CMD_MESSAGE, 68 bytes
1790665053.879 09:57:33 DEBUG: /dev/ttyACM2 opened
1790665057.001 09:57:37 DEBUG: -> CMD_PONG, 20 bytes
1790665057.003 09:57:37 DEBUG: -> CMD_PONG, 20 bytes
1790665059.902 09:57:39 DEBUG: /dev/ttyACM2: no answer for 6 s, reopening
1790665060.917 09:57:40 DEBUG: /dev/ttyACM2 opened
1790665062.001 09:57:42 DEBUG: -> CMD_PONG, 20 bytes
1790665062.002 09:57:42 DEBUG: -> CMD_PONG, 20 bytes
1790665062.084 09:57:42 ERROR: esp32c5-ttyACM2: the board on /dev/ttyACM2 has not been capturing for 15 s (last: /dev/ttyACM2 opened)
1790665062.084 09:57:42 DEBUG: -> CMD_ERROR, 109 bytes
1790665062.085 09:57:42 DEBUG: -> CMD_SHUTDOWN, 109 bytes
1790665062.128 09:57:42 INFO: esp32c5-ttyACM2: connection ended: the board on /dev/ttyACM2 has not been capturing for 15 s (last: /dev/ttyACM2 opened)
1790665067.159 09:57:47 INFO: esp32c5-ttyACM2: connected, offering it to Kismet as E5C50001-0000-0000-0000-3844BEBFD80C
1790665067.159 09:57:47 DEBUG: -> KDS_NEWSOURCE, 86 bytes
1790665067.161 09:57:47 DEBUG: <- KDS_OPENREQ seqno 8
1790665067.161 09:57:47 INFO: esp32c5-ttyACM2: opening /dev/ttyACM2 for wifi
1790665067.171 09:57:47 INFO: /dev/ttyACM2 opened
1790665067.171 09:57:47 DEBUG: -> KDS_OPENREPORT, 294 bytes
1790665067.172 09:57:47 DEBUG: -> CMD_MESSAGE, 44 bytes
1790665067.173 09:57:47 DEBUG: <- KDS_CONFIGREQ seqno 9
1790665067.174 09:57:47 DEBUG: -> KDS_CONFIGREPORT, 180 bytes
1790665072.202 09:57:52 DEBUG: -> CMD_PONG, 20 bytes
1790665073.203 09:57:53 INFO: /dev/ttyACM2: no answer for 6 s, reopening
1790665073.203 09:57:53 DEBUG: -> CMD_MESSAGE, 68 bytes
1790665074.211 09:57:54 DEBUG: /dev/ttyACM2 opened
1790665077.301 09:57:57 DEBUG: -> CMD_PONG, 20 bytes
1790665080.235 09:58:00 DEBUG: /dev/ttyACM2: no answer for 6 s, reopening
1790665081.243 09:58:01 DEBUG: /dev/ttyACM2 opened
1790665082.421 09:58:02 ERROR: esp32c5-ttyACM2: the board on /dev/ttyACM2 has not been capturing for 15 s (last: /dev/ttyACM2 opened)
1790665082.425 09:58:02 DEBUG: -> CMD_ERROR, 109 bytes
1790665082.425 09:58:02 DEBUG: -> CMD_SHUTDOWN, 109 bytes
1790665082.452 09:58:02 INFO: esp32c5-ttyACM2: connection ended: the board on /dev/ttyACM2 has not been capturing for 15 s (last: /dev/ttyACM2 opened)
1790665087.483 09:58:07 INFO: esp32c5-ttyACM2: connected, offering it to Kismet as E5C50001-0000-0000-0000-3844BEBFD80C
1790665087.487 09:58:07 DEBUG: -> KDS_NEWSOURCE, 86 bytes
1790665087.487 09:58:07 DEBUG: <- KDS_OPENREQ seqno 12
1790665087.487 09:58:07 INFO: esp32c5-ttyACM2: opening /dev/ttyACM2 for wifi
1790665087.494 09:58:07 INFO: /dev/ttyACM2 opened
1790665087.494 09:58:07 DEBUG: -> KDS_OPENREPORT, 294 bytes
1790665087.494 09:58:07 DEBUG: -> CMD_MESSAGE, 44 bytes
1790665087.496 09:58:07 DEBUG: <- KDS_CONFIGREQ seqno 13
1790665087.497 09:58:07 DEBUG: -> KDS_CONFIGREPORT, 180 bytes
1790665092.501 09:58:12 DEBUG: -> CMD_PONG, 20 bytes
1790665093.523 09:58:13 INFO: /dev/ttyACM2: no answer for 6 s, reopening
1790665093.524 09:58:13 DEBUG: -> CMD_MESSAGE, 68 bytes
1790665094.532 09:58:14 DEBUG: /dev/ttyACM2 opened
1790665098.001 09:58:18 DEBUG: -> CMD_PONG, 20 bytes
1790665098.002 09:58:18 DEBUG: -> CMD_PONG, 20 bytes
1790665098.514 09:58:18 DEBUG: stop signal SIGTERM
1790665098.515 09:58:18 INFO: stopping
1790665098.551 09:58:18 INFO: esp32c5-ttyACM2: connection ended: stopped
1790665098.612 PY_EXIT=0
