1790665263.241 INFO: Including sub-config file: /home/osh/kismet-install/etc/kismet_httpd.conf
1790665263.241 INFO: Including sub-config file: /home/osh/kismet-install/etc/kismet_memory.conf
1790665263.241 INFO: Including sub-config file: /home/osh/kismet-install/etc/kismet_alerts.conf
1790665263.241 INFO: Including sub-config file: /home/osh/kismet-install/etc/kismet_80211.conf
1790665263.241 INFO: Including sub-config file: /home/osh/kismet-install/etc/kismet_logging.conf
1790665263.241 INFO: Including sub-config file: /home/osh/kismet-install/etc/kismet_filter.conf
1790665263.241 INFO: Including sub-config file: /home/osh/kismet-install/etc/kismet_uav.conf
1790665263.241 INFO: Loading config override file '/home/osh/kismet-install/etc/kismet_package.conf'
1790665263.241 INFO: Optional sub-config file not present: /home/osh/kismet-install/etc/kismet_package.conf
1790665263.241 INFO: Loading config override file '/home/osh/kismet-install/etc/kismet_site.conf'
1790665263.241 INFO: Optional sub-config file not present: /home/osh/kismet-install/etc/kismet_site.conf
1790665263.241 INFO: Generated server UUID 88C4678C-BBD3-11F1-911E-4B49534D4554 and storing in /tmp/py/p8b/.kismet//kismet_server_id.conf
1790665263.241 INFO: Setting server UUID 88C4678C-BBD3-11F1-911E-4B49534D4554
1790665263.241 INFO: Starting Beast webserver on 0.0.0.0:2501
1790665263.241 INFO: Opened OUI file '/home/osh/kismet-install/share/kismet/kismet_manuf.txt.gz
1790665263.241 INFO: Indexing manufacturer db
1790665263.242 INFO: Completed indexing manufacturer db, 38959 lines and 780 indexes.
1790665263.249 INFO: Saving devices to the Kismet database log every 30 seconds
1790665263.254 INFO: Using default rates of 10/min, 1/sec for alert 'DEVICEFOUND'
1790665263.254 INFO: Using default rates of 10/min, 1/sec for alert 'DEVICELOST'
1790665263.254 INFO: Registering support for DLT_PPI packet header decoding
1790665263.255 INFO: Registering support for DLT_RADIOTAP packet header decoding
1790665263.255 INFO: Registering support for DLT_BTLE_RADIO packet header decoding
1790665263.258 INFO: Using default rates of 10/min, 1/sec for alert 'BADFIXLENIE'
1790665263.258 INFO: PHY80211 will only process AP signal levels from beacons
1790665263.258 INFO: Allowing Kismet clients to view WEP keys
1790665263.259 DEBUG: ssid canary FooCanary:ssid="FoobarCanary"
1790665263.259 DEBUG: ssid canary FooCanart2:ssid="(?i:foobarcanary)"
1790665263.259 INFO: Keeping EAPOL packets in memory for easy download and WIDS functionality; this can use more RAM.
1790665263.261 INFO: Registered PHY handler 'IEEE802.11' as ID 0
1790665263.263 INFO: Registered PHY handler 'RFSENSOR' as ID 1
1790665263.264 INFO: Registered PHY handler 'Z-Wave' as ID 2
1790665263.265 INFO: Registered PHY handler 'Bluetooth' as ID 3
1790665263.266 DEBUG: reserve_fields home id 538 app id 539
1790665263.268 INFO: Registered PHY handler 'UAV' as ID 4
1790665263.269 INFO: Registered PHY handler 'NrfMousejack' as ID 5
1790665263.269 ERROR: Tried to re-register duplicate alert FLIPPERZERO
1790665263.270 INFO: Registered PHY handler 'BTLE' as ID 6
1790665263.272 INFO: Registered PHY handler 'METER' as ID 7
1790665263.272 INFO: Indexing ADSB ICAO db
1790665263.531 INFO: Completed indexing ADSB ICAO db, 341068 lines 6822 indexes
1790665263.533 INFO: Registered PHY handler 'ADSB' as ID 8
1790665263.534 INFO: Registered PHY handler '802.15.4' as ID 9
1790665263.535 INFO: Registered PHY handler 'RADIATION' as ID 10
1790665263.541 INFO: (HTTPD) Could not read session data file, skipping loading saved sessions.
1790665263.541 INFO: Serving static file content from /home/osh/kismet-install/share/kismet/httpd/
1790665263.542 INFO: Enabling channel hopping by default on sources which support channel control.
1790665263.542 INFO: Setting default channel hop rate to 5/sec
1790665263.542 INFO: Enabling channel list splitting on sources which share the same list of channels
1790665263.542 INFO: Enabling channel list shuffling to optimize overlaps
1790665263.542 INFO: Sources will be re-opened if they encounter an error
1790665263.542 INFO: Saving datasources to the Kismet database log every 30 seconds
1790665263.542 INFO: Launching remote capture server on 127.0.0.1 3501
1790665263.545 INFO: Data sources passed on the command line (via -c source), ignoring source= definitions in the Kismet config file.
1790665263.547 INFO: Probing interface 'esp32c5-ttyACM2' to find datasource type
1790665263.547 ALERT: LOGDISABLED Logging has been disabled via the Kismet config files or the command line.  Pcap, database, and related logs will not be saved.
1790665263.547 INFO: Logging disabled, not enabling any log drivers.
1790665263.547 INFO: GPS track will be logged to the Kismet logfile
1790665263.548 INFO: Starting Kismet web server...
1790665263.548 INFO: HTTP server listening on 0.0.0.0:2501
1790665263.550 INFO: Could not open system plugin directory (/home/osh/kismet-install/lib/kismet/), skipping: No such file or directory
1790665263.550 INFO: Did not find a user plugin directory (/tmp/py/p8b/.kismet//plugins/), skipping: No such file or directory
1790665263.647 interface: esp32c5-ttyACM2
1790665263.655 INFO: Found type 'esp32c5' for 'esp32c5-ttyACM2'
1790665263.671 INFO: Data source 'esp32c5-ttyACM2' launched successfully
1790665269.702 INFO: esp32c5-ttyACM2: no answer, reconnecting
1790665278.801 ERROR: Data source 'esp32c5-ttyACM2 / esp32c5-ttyACM2' ('esp32c5-ttyACM2') encountered an error: IPC connection closed
1790665278.801 ALERT: SOURCEERROR Source esp32c5-ttyACM2 (E5C50001-0000-0000-0000-3844BEBFD80C) has encountered an error (IPC connection closed) Kismet will attempt to re-open the source in 5 seconds.  (1 failures)
1790665278.801 ERROR: Source esp32c5-ttyACM2 (E5C50001-0000-0000-0000-3844BEBFD80C) has encountered an error (IPC connection closed) Kismet will attempt to re-open the source in 5 seconds.  (1 failures)
1790665283.900 INFO: Attempting to re-open source esp32c5-ttyACM2
1790665283.912 ALERT: SOURCEOPEN Source esp32c5-ttyACM2 (E5C50001-0000-0000-0000-3844BEBFD80C) successfully re-opened
1790665290.002 INFO: esp32c5-ttyACM2: no answer, reconnecting
1790665299.003 ERROR: Data source 'esp32c5-ttyACM2 / esp32c5-ttyACM2' ('esp32c5-ttyACM2') encountered an error: IPC connection closed
1790665299.004 ALERT: SOURCEERROR Source esp32c5-ttyACM2 (E5C50001-0000-0000-0000-3844BEBFD80C) has encountered an error (IPC connection closed) Kismet will attempt to re-open the source in 5 seconds.  (2 failures)
1790665299.004 ERROR: Source esp32c5-ttyACM2 (E5C50001-0000-0000-0000-3844BEBFD80C) has encountered an error (IPC connection closed) Kismet will attempt to re-open the source in 5 seconds.  (2 failures)
1790665305.000 INFO: Attempting to re-open source esp32c5-ttyACM2
1790665305.003 INFO: Attempting to re-open source esp32c5-ttyACM2
1790665305.008 ERROR: Data source 'esp32c5-ttyACM2 / esp32c5-ttyACM2' ('esp32c5-ttyACM2') encountered an error: IPC connection closed
1790665305.008 ALERT: SOURCEERROR Source esp32c5-ttyACM2 (E5C50001-0000-0000-0000-3844BEBFD80C) has encountered an error (IPC connection closed) Kismet will attempt to re-open the source in 5 seconds.  (3 failures)
1790665305.008 ERROR: Source esp32c5-ttyACM2 (E5C50001-0000-0000-0000-3844BEBFD80C) has encountered an error (IPC connection closed) Kismet will attempt to re-open the source in 5 seconds.  (3 failures)
1790665305.011 FATAL: Remote side closed read pipe
1790665310.301 INFO: Attempting to re-open source esp32c5-ttyACM2
1790665310.327 ALERT: SOURCEOPEN Source esp32c5-ttyACM2 (E5C50001-0000-0000-0000-3844BEBFD80C) successfully re-opened
1790665316.402 INFO: esp32c5-ttyACM2: no answer, reconnecting
1790665320.059 
1790665320.059 *** KISMET IS SHUTTING DOWN ***
1790665320.059 Shutting down plugins...
1790665320.059 WARNING: Kismet changes the configuration of network devices.
1790665320.059          In most cases you will need to restart networking for
1790665320.059          your interface (varies per distribution and OS), but 
1790665320.059          typically one of:
1790665320.059          sudo service networking restart
1790665320.059          sudo /etc/init.d/networking restart
1790665320.059          or
1790665320.059          nmcli device set [device] managed true
1790665320.059 
1790665320.059 Kismet exiting.
1790665320.060 EXITING: Signal service thread complete.
1790665320.064 KISMET_EXIT=0
