1790665392.083 INFO: Including sub-config file: /home/osh/kismet-install/etc/kismet_httpd.conf
1790665392.083 INFO: Including sub-config file: /home/osh/kismet-install/etc/kismet_memory.conf
1790665392.083 INFO: Including sub-config file: /home/osh/kismet-install/etc/kismet_alerts.conf
1790665392.083 INFO: Including sub-config file: /home/osh/kismet-install/etc/kismet_80211.conf
1790665392.083 INFO: Including sub-config file: /home/osh/kismet-install/etc/kismet_logging.conf
1790665392.083 INFO: Including sub-config file: /home/osh/kismet-install/etc/kismet_filter.conf
1790665392.083 INFO: Including sub-config file: /home/osh/kismet-install/etc/kismet_uav.conf
1790665392.083 INFO: Loading config override file '/home/osh/kismet-install/etc/kismet_package.conf'
1790665392.083 INFO: Optional sub-config file not present: /home/osh/kismet-install/etc/kismet_package.conf
1790665392.083 INFO: Loading config override file '/home/osh/kismet-install/etc/kismet_site.conf'
1790665392.083 INFO: Optional sub-config file not present: /home/osh/kismet-install/etc/kismet_site.conf
1790665392.083 INFO: Generated server UUID D59042F2-BBD3-11F1-A750-4B49534D4554 and storing in /tmp/py/p9/.kismet//kismet_server_id.conf
1790665392.083 INFO: Setting server UUID D59042F2-BBD3-11F1-A750-4B49534D4554
1790665392.083 INFO: Starting Beast webserver on 0.0.0.0:2501
1790665392.083 INFO: Opened OUI file '/home/osh/kismet-install/share/kismet/kismet_manuf.txt.gz
1790665392.083 INFO: Indexing manufacturer db
1790665392.085 INFO: Completed indexing manufacturer db, 38959 lines and 780 indexes.
1790665392.092 INFO: Saving devices to the Kismet database log every 30 seconds
1790665392.097 INFO: Using default rates of 10/min, 1/sec for alert 'DEVICEFOUND'
1790665392.097 INFO: Using default rates of 10/min, 1/sec for alert 'DEVICELOST'
1790665392.098 INFO: Registering support for DLT_PPI packet header decoding
1790665392.098 INFO: Registering support for DLT_RADIOTAP packet header decoding
1790665392.098 INFO: Registering support for DLT_BTLE_RADIO packet header decoding
1790665392.101 INFO: Using default rates of 10/min, 1/sec for alert 'BADFIXLENIE'
1790665392.101 INFO: PHY80211 will only process AP signal levels from beacons
1790665392.101 INFO: Allowing Kismet clients to view WEP keys
1790665392.102 DEBUG: ssid canary FooCanary:ssid="FoobarCanary"
1790665392.102 DEBUG: ssid canary FooCanart2:ssid="(?i:foobarcanary)"
1790665392.102 INFO: Keeping EAPOL packets in memory for easy download and WIDS functionality; this can use more RAM.
1790665392.104 INFO: Registered PHY handler 'IEEE802.11' as ID 0
1790665392.106 INFO: Registered PHY handler 'RFSENSOR' as ID 1
1790665392.107 INFO: Registered PHY handler 'Z-Wave' as ID 2
1790665392.108 INFO: Registered PHY handler 'Bluetooth' as ID 3
1790665392.109 DEBUG: reserve_fields home id 538 app id 539
1790665392.111 INFO: Registered PHY handler 'UAV' as ID 4
1790665392.112 INFO: Registered PHY handler 'NrfMousejack' as ID 5
1790665392.112 ERROR: Tried to re-register duplicate alert FLIPPERZERO
1790665392.113 INFO: Registered PHY handler 'BTLE' as ID 6
1790665392.114 INFO: Registered PHY handler 'METER' as ID 7
1790665392.114 INFO: Indexing ADSB ICAO db
1790665392.375 INFO: Completed indexing ADSB ICAO db, 341068 lines 6822 indexes
1790665392.376 INFO: Registered PHY handler 'ADSB' as ID 8
1790665392.377 INFO: Registered PHY handler '802.15.4' as ID 9
1790665392.379 INFO: Registered PHY handler 'RADIATION' as ID 10
1790665392.385 INFO: (HTTPD) Could not read session data file, skipping loading saved sessions.
1790665392.385 INFO: Serving static file content from /home/osh/kismet-install/share/kismet/httpd/
1790665392.386 INFO: Enabling channel hopping by default on sources which support channel control.
1790665392.386 INFO: Setting default channel hop rate to 5/sec
1790665392.386 INFO: Enabling channel list splitting on sources which share the same list of channels
1790665392.386 INFO: Enabling channel list shuffling to optimize overlaps
1790665392.386 INFO: Sources will be re-opened if they encounter an error
1790665392.386 INFO: Saving datasources to the Kismet database log every 30 seconds
1790665392.386 INFO: Launching remote capture server on 127.0.0.1 3501
1790665392.389 INFO: No data sources defined; Kismet will not capture anything until a source is added.
1790665392.390 ALERT: LOGDISABLED Logging has been disabled via the Kismet config files or the command line.  Pcap, database, and related logs will not be saved.
1790665392.390 INFO: Logging disabled, not enabling any log drivers.
1790665392.390 INFO: GPS track will be logged to the Kismet logfile
1790665392.392 INFO: Starting Kismet web server...
1790665392.392 INFO: HTTP server listening on 0.0.0.0:2501
1790665392.393 INFO: Could not open system plugin directory (/home/osh/kismet-install/lib/kismet/), skipping: No such file or directory
1790665392.394 INFO: Did not find a user plugin directory (/tmp/py/p9/.kismet//plugins/), skipping: No such file or directory
1790665414.373 INFO: New remote source esp32c5 (E5C50001-0000-0000-0000-3844BEBFC910) connected
1790665414.376 INFO: esp32c5 - /tmp/py/board1 opened
1790665415.368 INFO: esp32c5 - /tmp/py/board1 capturing
1790665415.584 INFO: Detected new 802.11 Wi-Fi device E4:5F:01:49:99:3F
1790665415.584 INFO: Detected new 802.11 Wi-Fi device 42:A2:BA:65:29:F3
1790665416.790 INFO: Detected new 802.11 Wi-Fi access point FA:8F:CA:6C:D1:65
1790665416.792 INFO: 802.11 Wi-Fi device FA:8F:CA:6C:D1:65 advertising new SSID 'JBL Bar 5.1_0891.l025'
1790665416.827 INFO: Detected new 802.11 Wi-Fi access point 00:B8:C2:B2:AE:57
1790665416.827 INFO: 802.11 Wi-Fi device 00:B8:C2:B2:AE:57 advertising new SSID 'Mor'
1790665417.007 INFO: Detected new 802.11 Wi-Fi access point 26:39:F1:AB:05:B2
1790665417.007 INFO: 802.11 Wi-Fi device 26:39:F1:AB:05:B2 advertising new SSID 'osvc-2'
1790665417.021 INFO: Detected new 802.11 Wi-Fi device A8:DB:03:42:DE:68
1790665417.034 INFO: Detected new 802.11 Wi-Fi device 94:83:C4:25:9E:39
1790665417.206 INFO: Detected new 802.11 Wi-Fi access point 46:AE:30:84:34:B6
1790665417.210 INFO: 802.11 Wi-Fi device 46:AE:30:84:34:B6 advertising a new cloaked SSID
1790665417.235 INFO: Detected new 802.11 Wi-Fi access point 46:AE:30:84:36:22
1790665417.235 INFO: 802.11 Wi-Fi device 46:AE:30:84:36:22 advertising a new cloaked SSID
1790665417.615 INFO: Detected new 802.11 Wi-Fi device 4C:2E:5E:D5:FE:E9
1790665417.708 ERROR: Data source 'esp32c5 / esp32c5:device=/tmp/py/board1' ('esp32c5') encountered an error: websocket connection closed
1790665426.399 
1790665426.399 *** KISMET IS SHUTTING DOWN ***
1790665426.400 Shutting down plugins...
1790665426.400 WARNING: Kismet changes the configuration of network devices.
1790665426.400          In most cases you will need to restart networking for
1790665426.400          your interface (varies per distribution and OS), but 
1790665426.400          typically one of:
1790665426.400          sudo service networking restart
1790665426.400          sudo /etc/init.d/networking restart
1790665426.400          or
1790665426.400          nmcli device set [device] managed true
1790665426.400 
1790665426.400 Kismet exiting.
1790665426.400 EXITING: Signal service thread complete.
1790665426.404 KISMET_EXIT=0
