=== a1: --source 'esp32c5-ttyACM0:channels=1,6,11'
    {'name': 'esp32c5-ttyACM0', 'definition': 'esp32c5-ttyACM0:channels=1', 'uuid': 'E5C50001-0000-0000-0000-10BDA3CF0540', 'hardware': 'Espressif USB-Serial-JTAG (10:BD:A3:CF:05:40)', 'capture_interface': '/dev/ttyACM0', 'running': 1, 'channel': '6', 'hopping': 1, 'hop_rate': 5, 'hop_offset': 0} hop_channels ['1']
10:02:13 WARNING: esp32c5-ttyACM0:channels=1,6,11: the comma list in channels= is not in double quotes, so Kismet reads only its first item and takes the rest for another option; write channels="1,6,11"
PY_EXIT=0
=== a2: --source 'esp32c5-ttyACM0:channels="1,6,11"'
    {'name': 'esp32c5-ttyACM0', 'definition': 'esp32c5-ttyACM0:channels=1,6,11', 'uuid': 'E5C50001-0000-0000-0000-10BDA3CF0540', 'hardware': 'Espressif USB-Serial-JTAG (10:BD:A3:CF:05:40)', 'capture_interface': '/dev/ttyACM0', 'running': 1, 'channel': '6', 'hopping': 1, 'hop_rate': 5, 'hop_offset': 0} hop_channels ['1', '6', '11']
PY_EXIT=0
=== a3: --source 'esp32c5-ttyACM0:name="lab, bench 2"'
    {'name': 'lab, bench 2', 'definition': 'esp32c5-ttyACM0:name=lab, bench 2', 'uuid': 'E5C50001-0000-0000-0000-10BDA3CF0540', 'hardware': 'Espressif USB-Serial-JTAG (10:BD:A3:CF:05:40)', 'capture_interface': '/dev/ttyACM0', 'running': 1, 'channel': '6', 'hopping': 1, 'hop_rate': 5, 'hop_offset': 0} hop_channels 42
PY_EXIT=0
=== a4: --source 'esp32c5-ttyACM0:channels=1,6,11,name=x'
    {'name': 'esp32c5-ttyACM0', 'definition': 'esp32c5-ttyACM0:6,11,name=x,channels=1', 'uuid': 'E5C50001-0000-0000-0000-10BDA3CF0540', 'hardware': 'Espressif USB-Serial-JTAG (10:BD:A3:CF:05:40)', 'capture_interface': '/dev/ttyACM0', 'running': 1, 'channel': '6', 'hopping': 1, 'hop_rate': 5, 'hop_offset': 0} hop_channels ['1']
10:02:29 WARNING: esp32c5-ttyACM0:channels=1,6,11,name=x: the comma list in channels= is not in double quotes, so Kismet reads only its first item and takes the rest for another option; write channels="1,6,11"
PY_EXIT=0
=== a5: --source 'esp32c5-ttyACM0:,channels=1'
usage: python -m esp32c5_kismet.remote [-h] [--connect HOST:PORT] [--tcp]
                                       [--ssl] [--ssl-certificate CAFILE]
                                       [--user USER] [--password PASSWORD]
                                       [--apikey APIKEY] [--endpoint ENDPOINT]
                                       [--source DEF] [--list] [--debug]
python -m esp32c5_kismet.remote: error: esp32c5-ttyACM0:,channels=1: option '' has no value
PY_EXIT=2
kismet up after 0.36 s pid 340843 home /tmp/py/p9
=== b1: portless --source esp32c5 with 4 boards, 12 s
  TCP connections of the helper: 0
  sources: 0
10:03:12 WARNING: esp32c5: 4 Espressif USB-Serial-JTAG devices (USB ID 303a:1001) found (/dev/ttyACM0, /dev/ttyACM1, /dev/ttyACM2, /dev/ttyACM3), and every ESP32 on native USB has that ID; say which one with device= or a source name like esp32c5-ttyACM0 (will keep looking)
10:03:12 ERROR: esp32c5: 4 Espressif USB-Serial-JTAG devices (USB ID 303a:1001) found (/dev/ttyACM0, /dev/ttyACM1, /dev/ttyACM2, /dev/ttyACM3), and every ESP32 on native USB has that ID; say which one with device= or a source name like esp32c5-ttyACM0
10:03:17 ERROR: esp32c5: 4 Espressif USB-Serial-JTAG devices (USB ID 303a:1001) found (/dev/ttyACM0, /dev/ttyACM1, /dev/ttyACM2, /dev/ttyACM3), and every ESP32 on native USB has that ID; say which one with device= or a source name like esp32c5-ttyACM0
10:03:22 ERROR: esp32c5: 4 Espressif USB-Serial-JTAG devices (USB ID 303a:1001) found (/dev/ttyACM0, /dev/ttyACM1, /dev/ttyACM2, /dev/ttyACM3), and every ESP32 on native USB has that ID; say which one with device= or a source name like esp32c5-ttyACM0
10:03:24 INFO: stopping
PY_EXIT=0
=== b2: two portless definitions
python -m esp32c5_kismet.remote: error: esp32c5 and esp32c5btle name no port, so both would take the same board; say which with device= or a source name like esp32c5-<port>
exit=2
=== b3: portless with a name that is not a port (esp32c5-kitchen) and with mode= only
10:03:26 WARNING: esp32c5-kitchen: 4 Espressif USB-Serial-JTAG devices (USB ID 303a:1001) found (/dev/ttyACM0, /dev/ttyACM1, /dev/ttyACM2, /dev/ttyACM3), and every ESP32 on native USB has that ID; say which one with device= or a source name like esp32c5-ttyACM0 (will keep looking)
10:03:26 ERROR: esp32c5-kitchen: 4 Espressif USB-Serial-JTAG devices (USB ID 303a:1001) found (/dev/ttyACM0, /dev/ttyACM1, /dev/ttyACM2, /dev/ttyACM3), and every ESP32 on native USB has that ID; say which one with device= or a source name like esp32c5-ttyACM0
=== c: the same board twice in one process
python -m esp32c5_kismet.remote: error: esp32c5-ttyACM0 and esp32c5btle:device=/dev/serial/by-id/usb-Espressif_USB_JTAG_serial_debug_unit_10:BD:A3:CF:05:40-if00 both want /dev/serial/by-id/usb-Espressif_USB_JTAG_serial_debug_unit_10:BD:A3:CF:05:40-if00
exit=2
python -m esp32c5_kismet.remote: error: esp32c5-ttyACM0 and esp32c5zigbee-ttyACM0 both want /dev/ttyACM0
exit=2
python -m esp32c5_kismet.remote: error: esp32c5:device=/dev/ttyACM0 and esp32c5:device=/dev/serial/by-id/usb-Espressif_USB_JTAG_serial_debug_unit_10:BD:A3:CF:05:40-if00 both want /dev/serial/by-id/usb-Espressif_USB_JTAG_serial_debug_unit_10:BD:A3:CF:05:40-if00
exit=2
=== d: a /tmp symlink as the port
    {'name': 'esp32c5', 'definition': 'esp32c5:device=/tmp/py/board1', 'uuid': 'E5C50001-0000-0000-0000-3844BEBFC910', 'hardware': 'Espressif USB-Serial-JTAG (38:44:BE:BF:C9:10)', 'capture_interface': '/tmp/py/board1', 'running': 1, 'channel': '6', 'hopping': 1, 'hop_rate': 5, 'hop_offset': 0} hop_channels 42
=== d2: a /tmp symlink whose target is missing (uuid given, and not)
10:03:39 WARNING: esp32c5:device=/tmp/py/board9: /tmp/py/board9 is not there; is the board plugged in? (waiting for it) (will keep looking)
10:03:39 ERROR: esp32c5:device=/tmp/py/board9: /tmp/py/board9 is not there; is the board plugged in? (waiting for it)
10:03:44 ERROR: esp32c5:device=/tmp/py/board9: /tmp/py/board9 is not there; is the board plugged in? (waiting for it)
=== e: two Python Wi-Fi sources in one process, fresh Kismet
    {'name': 'esp32c5-ttyACM3', 'definition': 'esp32c5-ttyACM3', 'uuid': 'E5C50001-0000-0000-0000-10BDA3C87D54', 'hardware': 'Espressif USB-Serial-JTAG (10:BD:A3:C8:7D:54)', 'capture_interface': '/dev/ttyACM3', 'running': 1, 'channel': '6', 'hopping': 1, 'hop_rate': 5, 'hop_offset': 21} hop_channels 42
    {'name': 'esp32c5-ttyACM2', 'definition': 'esp32c5-ttyACM2', 'uuid': 'E5C50001-0000-0000-0000-3844BEBFD80C', 'hardware': 'Espressif USB-Serial-JTAG (38:44:BE:BF:D8:0C)', 'capture_interface': '/dev/ttyACM2', 'running': 1, 'channel': '6', 'hopping': 1, 'hop_rate': 5, 'hop_offset': 0} hop_channels 42
1790665428.103 INFO: Splitting channels for interfaces using 'esp32c5' among 2 interfaces
=== f: types.json by login and key
admin login: 200 [None, None, None, None, None, None, None, None, None, None, None, None, None, None, None, None, None, None, None, None, None, None, None, None, None, None, None, None, None, None, None]
datasource key (cookie): 401
datasource key (?KISMET=): 401
admin key (cookie): 200
no auth: 401
=== g: live lock across a helper restart; then another hopping source opens
HTTP 200
{"kismet.datasource.source_number": 1, "
locked:
    {'name': 'esp32c5-ttyACM0', 'definition': 'esp32c5-ttyACM0', 'uuid': 'E5C50001-0000-0000-0000-10BDA3CF0540', 'hardware': 'Espressif USB-Serial-JTAG (10:BD:A3:CF:05:40)', 'capture_interface': '/dev/ttyACM0', 'running': 1, 'channel': '48', 'hopping': 0, 'hop_rate': 5, 'hop_offset': 0} hop_channels 42
after helper restart:
    {'name': 'esp32c5-ttyACM0', 'definition': 'esp32c5-ttyACM0', 'uuid': 'E5C50001-0000-0000-0000-10BDA3CF0540', 'hardware': 'Espressif USB-Serial-JTAG (10:BD:A3:CF:05:40)', 'capture_interface': '/dev/ttyACM0', 'running': 1, 'channel': '6', 'hopping': 1, 'hop_rate': 5, 'hop_offset': 0} hop_channels 42
  CHANNELS writes of the new helper in ~5 s: 27; first: CHANNELS 1 CHANNELS 5 CHANNELS 9 CHANNELS 13 CHANNELS 13 
HTTP 200
{"kismet.datasource.source_number": 1, "
locked again; add a hopping C local Wi-Fi source (esp32c5-ttyACM1)
HTTP 200
{"kismet.datasource.source_number": 2, "
    {'name': 'esp32c5-ttyACM0', 'definition': 'esp32c5-ttyACM0', 'uuid': 'E5C50001-0000-0000-0000-10BDA3CF0540', 'hardware': 'Espressif USB-Serial-JTAG (10:BD:A3:CF:05:40)', 'capture_interface': '/dev/ttyACM0', 'running': 1, 'channel': '48', 'hopping': 1, 'hop_rate': 5, 'hop_offset': 21} hop_channels 42
    {'name': 'esp32c5-ttyACM1', 'definition': 'esp32c5-ttyACM1', 'uuid': 'E5C50001-0000-0000-0000-3844BEBFC910', 'hardware': 'Espressif USB-Serial-JTAG (38:44:BE:BF:C9:10)', 'capture_interface': 'esp32c5-ttyACM1', 'running': 1, 'channel': '6', 'hopping': 1, 'hop_rate': 5, 'hop_offset': 0} hop_channels 42
  CHANNELS writes of the locked helper since: 29
1790665452.674 INFO: Splitting channels for interfaces using 'esp32c5' among 2 interfaces
  set a custom list+rate on A, then add another hopping source (Python esp32c5-ttyACM2)
HTTP 200
{"kismet.datasource.source_number": 1, "
    {'name': 'esp32c5-ttyACM0', 'definition': 'esp32c5-ttyACM0', 'uuid': 'E5C50001-0000-0000-0000-10BDA3CF0540', 'hardware': 'Espressif USB-Serial-JTAG (10:BD:A3:CF:05:40)', 'capture_interface': '/dev/ttyACM0', 'running': 1, 'channel': '48', 'hopping': 1, 'hop_rate': 2, 'hop_offset': 21} hop_channels ['1', '6', '11']
    {'name': 'esp32c5-ttyACM1', 'definition': 'esp32c5-ttyACM1', 'uuid': 'E5C50001-0000-0000-0000-3844BEBFC910', 'hardware': 'Espressif USB-Serial-JTAG (38:44:BE:BF:C9:10)', 'capture_interface': 'esp32c5-ttyACM1', 'running': 1, 'channel': '6', 'hopping': 1, 'hop_rate': 5, 'hop_offset': 0} hop_channels 42
    {'name': 'esp32c5-ttyACM0', 'definition': 'esp32c5-ttyACM0', 'uuid': 'E5C50001-0000-0000-0000-10BDA3CF0540', 'hardware': 'Espressif USB-Serial-JTAG (10:BD:A3:CF:05:40)', 'capture_interface': '/dev/ttyACM0', 'running': 1, 'channel': '48', 'hopping': 1, 'hop_rate': 5, 'hop_offset': 1} hop_channels ['1', '6', '11']
    {'name': 'esp32c5-ttyACM1', 'definition': 'esp32c5-ttyACM1', 'uuid': 'E5C50001-0000-0000-0000-3844BEBFC910', 'hardware': 'Espressif USB-Serial-JTAG (38:44:BE:BF:C9:10)', 'capture_interface': 'esp32c5-ttyACM1', 'running': 1, 'channel': '6', 'hopping': 1, 'hop_rate': 5, 'hop_offset': 28} hop_channels 42
    {'name': 'esp32c5-ttyACM2', 'definition': 'esp32c5-ttyACM2', 'uuid': 'E5C50001-0000-0000-0000-3844BEBFD80C', 'hardware': 'Espressif USB-Serial-JTAG (38:44:BE:BF:D8:0C)', 'capture_interface': '/dev/ttyACM2', 'running': 1, 'channel': '6', 'hopping': 1, 'hop_rate': 5, 'hop_offset': 0} hop_channels 42
