1790665332.851 INFO: Including sub-config file: /home/osh/kismet-install/etc/kismet_httpd.conf
1790665332.851 INFO: Including sub-config file: /home/osh/kismet-install/etc/kismet_memory.conf
1790665332.851 INFO: Including sub-config file: /home/osh/kismet-install/etc/kismet_alerts.conf
1790665332.851 INFO: Including sub-config file: /home/osh/kismet-install/etc/kismet_80211.conf
1790665332.851 INFO: Including sub-config file: /home/osh/kismet-install/etc/kismet_logging.conf
1790665332.851 INFO: Including sub-config file: /home/osh/kismet-install/etc/kismet_filter.conf
1790665332.851 INFO: Including sub-config file: /home/osh/kismet-install/etc/kismet_uav.conf
1790665332.851 INFO: Loading config override file '/home/osh/kismet-install/etc/kismet_package.conf'
1790665332.851 INFO: Optional sub-config file not present: /home/osh/kismet-install/etc/kismet_package.conf
1790665332.851 INFO: Loading config override file '/home/osh/kismet-install/etc/kismet_site.conf'
1790665332.851 INFO: Optional sub-config file not present: /home/osh/kismet-install/etc/kismet_site.conf
1790665332.851 INFO: Generated server UUID B2422C02-BBD3-11F1-912E-4B49534D4554 and storing in /tmp/py/p9a1/.kismet//kismet_server_id.conf
1790665332.851 INFO: Setting server UUID B2422C02-BBD3-11F1-912E-4B49534D4554
1790665332.851 INFO: Starting Beast webserver on 0.0.0.0:2501
1790665332.851 INFO: Opened OUI file '/home/osh/kismet-install/share/kismet/kismet_manuf.txt.gz
1790665332.851 INFO: Indexing manufacturer db
1790665332.855 INFO: Completed indexing manufacturer db, 38959 lines and 780 indexes.
1790665332.861 INFO: Saving devices to the Kismet database log every 30 seconds
1790665332.866 INFO: Using default rates of 10/min, 1/sec for alert 'DEVICEFOUND'
1790665332.867 INFO: Using default rates of 10/min, 1/sec for alert 'DEVICELOST'
1790665332.867 INFO: Registering support for DLT_PPI packet header decoding
1790665332.867 INFO: Registering support for DLT_RADIOTAP packet header decoding
1790665332.867 INFO: Registering support for DLT_BTLE_RADIO packet header decoding
1790665332.870 INFO: Using default rates of 10/min, 1/sec for alert 'BADFIXLENIE'
1790665332.870 INFO: PHY80211 will only process AP signal levels from beacons
1790665332.870 INFO: Allowing Kismet clients to view WEP keys
1790665332.871 DEBUG: ssid canary FooCanary:ssid="FoobarCanary"
1790665332.871 DEBUG: ssid canary FooCanart2:ssid="(?i:foobarcanary)"
1790665332.871 INFO: Keeping EAPOL packets in memory for easy download and WIDS functionality; this can use more RAM.
1790665332.874 INFO: Registered PHY handler 'IEEE802.11' as ID 0
1790665332.875 INFO: Registered PHY handler 'RFSENSOR' as ID 1
1790665332.876 INFO: Registered PHY handler 'Z-Wave' as ID 2
1790665332.878 INFO: Registered PHY handler 'Bluetooth' as ID 3
1790665332.878 DEBUG: reserve_fields home id 538 app id 539
1790665332.880 INFO: Registered PHY handler 'UAV' as ID 4
1790665332.881 INFO: Registered PHY handler 'NrfMousejack' as ID 5
1790665332.881 ERROR: Tried to re-register duplicate alert FLIPPERZERO
1790665332.882 INFO: Registered PHY handler 'BTLE' as ID 6
1790665332.883 INFO: Registered PHY handler 'METER' as ID 7
1790665332.884 INFO: Indexing ADSB ICAO db
1790665333.146 INFO: Completed indexing ADSB ICAO db, 341068 lines 6822 indexes
1790665333.148 INFO: Registered PHY handler 'ADSB' as ID 8
1790665333.149 INFO: Registered PHY handler '802.15.4' as ID 9
1790665333.151 INFO: Registered PHY handler 'RADIATION' as ID 10
1790665333.157 INFO: (HTTPD) Could not read session data file, skipping loading saved sessions.
1790665333.157 INFO: Serving static file content from /home/osh/kismet-install/share/kismet/httpd/
1790665333.158 INFO: Enabling channel hopping by default on sources which support channel control.
1790665333.158 INFO: Setting default channel hop rate to 5/sec
1790665333.158 INFO: Enabling channel list splitting on sources which share the same list of channels
1790665333.158 INFO: Enabling channel list shuffling to optimize overlaps
1790665333.158 INFO: Sources will be re-opened if they encounter an error
1790665333.158 INFO: Saving datasources to the Kismet database log every 30 seconds
1790665333.158 INFO: Launching remote capture server on 127.0.0.1 3501
1790665333.161 INFO: No data sources defined; Kismet will not capture anything until a source is added.
1790665333.162 ALERT: LOGDISABLED Logging has been disabled via the Kismet config files or the command line.  Pcap, database, and related logs will not be saved.
1790665333.162 INFO: Logging disabled, not enabling any log drivers.
1790665333.162 INFO: GPS track will be logged to the Kismet logfile
1790665333.163 INFO: Starting Kismet web server...
1790665333.163 INFO: HTTP server listening on 0.0.0.0:2501
1790665333.165 INFO: Could not open system plugin directory (/home/osh/kismet-install/lib/kismet/), skipping: No such file or directory
1790665333.165 INFO: Did not find a user plugin directory (/tmp/py/p9a1/.kismet//plugins/), skipping: No such file or directory
1790665333.474 INFO: New remote source esp32c5-ttyACM0 (E5C50001-0000-0000-0000-10BDA3CF0540) connected
1790665333.476 INFO: esp32c5-ttyACM0 - /dev/ttyACM0 opened
1790665334.429 INFO: esp32c5-ttyACM0 - /dev/ttyACM0 capturing
1790665334.547 INFO: Detected new 802.11 Wi-Fi access point CA:C9:A3:4D:96:E7
1790665334.553 INFO: 802.11 Wi-Fi device CA:C9:A3:4D:96:E7 advertising new SSID 'ESP-4D96E7'
1790665334.669 INFO: Detected new 802.11 Wi-Fi access point FA:8F:CA:6C:D1:65
1790665334.671 INFO: 802.11 Wi-Fi device FA:8F:CA:6C:D1:65 advertising new SSID 'JBL Bar 5.1_0891.l025'
1790665335.418 INFO: Detected new 802.11 Wi-Fi device 8A:F8:CC:EE:87:D2
1790665335.418 INFO: Detected new 802.11 Wi-Fi device AA:42:A1:05:68:CE
1790665335.474 INFO: Detected new 802.11 Wi-Fi device 8A:D8:E5:C7:6A:15
1790665335.474 INFO: Detected new 802.11 Wi-Fi device 8A:D8:E5:C7:6A:0D
1790665335.539 INFO: Detected new 802.11 Wi-Fi device 4C:2E:5E:D5:FE:E9
1790665335.553 INFO: 802.11 Wi-Fi device CA:C9:A3:4D:96:E7 advertising new SSID 'ESP-4D96E7'
1790665336.407 INFO: Detected new 802.11 Wi-Fi device FC:F5:C4:BD:9B:CD
1790665336.896 ERROR: Data source 'esp32c5-ttyACM0 / esp32c5-ttyACM0:channels=1' ('esp32c5-ttyACM0') encountered an error: websocket connection closed
1790665337.166 
1790665337.166 *** KISMET IS SHUTTING DOWN ***
1790665337.166 Shutting down plugins...
1790665337.166 WARNING: Kismet changes the configuration of network devices.
1790665337.166          In most cases you will need to restart networking for
1790665337.166          your interface (varies per distribution and OS), but 
1790665337.166          typically one of:
1790665337.166          sudo service networking restart
1790665337.166          sudo /etc/init.d/networking restart
1790665337.166          or
1790665337.166          nmcli device set [device] managed true
1790665337.166 
1790665337.166 Kismet exiting.
1790665337.166 EXITING: Signal service thread complete.
1790665337.171 KISMET_EXIT=0
