1790665354.449 INFO: Including sub-config file: /home/osh/kismet-install/etc/kismet_httpd.conf
1790665354.449 INFO: Including sub-config file: /home/osh/kismet-install/etc/kismet_memory.conf
1790665354.449 INFO: Including sub-config file: /home/osh/kismet-install/etc/kismet_alerts.conf
1790665354.449 INFO: Including sub-config file: /home/osh/kismet-install/etc/kismet_80211.conf
1790665354.449 INFO: Including sub-config file: /home/osh/kismet-install/etc/kismet_logging.conf
1790665354.449 INFO: Including sub-config file: /home/osh/kismet-install/etc/kismet_filter.conf
1790665354.449 INFO: Including sub-config file: /home/osh/kismet-install/etc/kismet_uav.conf
1790665354.449 INFO: Loading config override file '/home/osh/kismet-install/etc/kismet_package.conf'
1790665354.449 INFO: Optional sub-config file not present: /home/osh/kismet-install/etc/kismet_package.conf
1790665354.449 INFO: Loading config override file '/home/osh/kismet-install/etc/kismet_site.conf'
1790665354.449 INFO: Optional sub-config file not present: /home/osh/kismet-install/etc/kismet_site.conf
1790665354.449 INFO: Generated server UUID BF219908-BBD3-11F1-AECB-4B49534D4554 and storing in /tmp/py/p9a5/.kismet//kismet_server_id.conf
1790665354.449 INFO: Setting server UUID BF219908-BBD3-11F1-AECB-4B49534D4554
1790665354.449 INFO: Starting Beast webserver on 0.0.0.0:2501
1790665354.449 INFO: Opened OUI file '/home/osh/kismet-install/share/kismet/kismet_manuf.txt.gz
1790665354.449 INFO: Indexing manufacturer db
1790665354.450 INFO: Completed indexing manufacturer db, 38959 lines and 780 indexes.
1790665354.457 INFO: Saving devices to the Kismet database log every 30 seconds
1790665354.462 INFO: Using default rates of 10/min, 1/sec for alert 'DEVICEFOUND'
1790665354.462 INFO: Using default rates of 10/min, 1/sec for alert 'DEVICELOST'
1790665354.462 INFO: Registering support for DLT_PPI packet header decoding
1790665354.462 INFO: Registering support for DLT_RADIOTAP packet header decoding
1790665354.462 INFO: Registering support for DLT_BTLE_RADIO packet header decoding
1790665354.465 INFO: Using default rates of 10/min, 1/sec for alert 'BADFIXLENIE'
1790665354.466 INFO: PHY80211 will only process AP signal levels from beacons
1790665354.466 INFO: Allowing Kismet clients to view WEP keys
1790665354.466 DEBUG: ssid canary FooCanary:ssid="FoobarCanary"
1790665354.466 DEBUG: ssid canary FooCanart2:ssid="(?i:foobarcanary)"
1790665354.466 INFO: Keeping EAPOL packets in memory for easy download and WIDS functionality; this can use more RAM.
1790665354.469 INFO: Registered PHY handler 'IEEE802.11' as ID 0
1790665354.471 INFO: Registered PHY handler 'RFSENSOR' as ID 1
1790665354.472 INFO: Registered PHY handler 'Z-Wave' as ID 2
1790665354.473 INFO: Registered PHY handler 'Bluetooth' as ID 3
1790665354.473 DEBUG: reserve_fields home id 538 app id 539
1790665354.476 INFO: Registered PHY handler 'UAV' as ID 4
1790665354.477 INFO: Registered PHY handler 'NrfMousejack' as ID 5
1790665354.477 ERROR: Tried to re-register duplicate alert FLIPPERZERO
1790665354.478 INFO: Registered PHY handler 'BTLE' as ID 6
1790665354.479 INFO: Registered PHY handler 'METER' as ID 7
1790665354.479 INFO: Indexing ADSB ICAO db
1790665354.738 INFO: Completed indexing ADSB ICAO db, 341068 lines 6822 indexes
1790665354.740 INFO: Registered PHY handler 'ADSB' as ID 8
1790665354.741 INFO: Registered PHY handler '802.15.4' as ID 9
1790665354.742 INFO: Registered PHY handler 'RADIATION' as ID 10
1790665354.748 INFO: (HTTPD) Could not read session data file, skipping loading saved sessions.
1790665354.748 INFO: Serving static file content from /home/osh/kismet-install/share/kismet/httpd/
1790665354.749 INFO: Enabling channel hopping by default on sources which support channel control.
1790665354.749 INFO: Setting default channel hop rate to 5/sec
1790665354.749 INFO: Enabling channel list splitting on sources which share the same list of channels
1790665354.749 INFO: Enabling channel list shuffling to optimize overlaps
1790665354.749 INFO: Sources will be re-opened if they encounter an error
1790665354.749 INFO: Saving datasources to the Kismet database log every 30 seconds
1790665354.749 INFO: Launching remote capture server on 127.0.0.1 3501
1790665354.752 INFO: No data sources defined; Kismet will not capture anything until a source is added.
1790665354.754 ALERT: LOGDISABLED Logging has been disabled via the Kismet config files or the command line.  Pcap, database, and related logs will not be saved.
1790665354.754 INFO: Logging disabled, not enabling any log drivers.
1790665354.754 INFO: GPS track will be logged to the Kismet logfile
1790665354.755 INFO: Starting Kismet web server...
1790665354.755 INFO: HTTP server listening on 0.0.0.0:2501
1790665354.757 INFO: Could not open system plugin directory (/home/osh/kismet-install/lib/kismet/), skipping: No such file or directory
1790665354.757 INFO: Did not find a user plugin directory (/tmp/py/p9a5/.kismet//plugins/), skipping: No such file or directory
1790665391.263 
1790665391.264 *** KISMET IS SHUTTING DOWN ***
1790665391.264 Shutting down plugins...
1790665391.264 WARNING: Kismet changes the configuration of network devices.
1790665391.264          In most cases you will need to restart networking for
1790665391.264          your interface (varies per distribution and OS), but 
1790665391.264          typically one of:
1790665391.264          sudo service networking restart
1790665391.264          sudo /etc/init.d/networking restart
1790665391.264          or
1790665391.264          nmcli device set [device] managed true
1790665391.264 
1790665391.264 Kismet exiting.
1790665391.264 EXITING: Signal service thread complete.
1790665391.269 KISMET_EXIT=0
