1790665435.649 INFO: Including sub-config file: /home/osh/kismet-install/etc/kismet_httpd.conf
1790665435.649 INFO: Including sub-config file: /home/osh/kismet-install/etc/kismet_memory.conf
1790665435.649 INFO: Including sub-config file: /home/osh/kismet-install/etc/kismet_alerts.conf
1790665435.649 INFO: Including sub-config file: /home/osh/kismet-install/etc/kismet_80211.conf
1790665435.649 INFO: Including sub-config file: /home/osh/kismet-install/etc/kismet_logging.conf
1790665435.649 INFO: Including sub-config file: /home/osh/kismet-install/etc/kismet_filter.conf
1790665435.649 INFO: Including sub-config file: /home/osh/kismet-install/etc/kismet_uav.conf
1790665435.649 INFO: Loading config override file '/home/osh/kismet-install/etc/kismet_package.conf'
1790665435.649 INFO: Optional sub-config file not present: /home/osh/kismet-install/etc/kismet_package.conf
1790665435.649 INFO: Loading config override file '/home/osh/kismet-install/etc/kismet_site.conf'
1790665435.649 INFO: Optional sub-config file not present: /home/osh/kismet-install/etc/kismet_site.conf
1790665435.649 INFO: Generated server UUID EF87B852-BBD3-11F1-8D83-4B49534D4554 and storing in /tmp/py/p9g/.kismet//kismet_server_id.conf
1790665435.649 INFO: Setting server UUID EF87B852-BBD3-11F1-8D83-4B49534D4554
1790665435.649 INFO: Starting Beast webserver on 0.0.0.0:2501
1790665435.649 INFO: Opened OUI file '/home/osh/kismet-install/share/kismet/kismet_manuf.txt.gz
1790665435.649 INFO: Indexing manufacturer db
1790665435.651 INFO: Completed indexing manufacturer db, 38959 lines and 780 indexes.
1790665435.658 INFO: Saving devices to the Kismet database log every 30 seconds
1790665435.663 INFO: Using default rates of 10/min, 1/sec for alert 'DEVICEFOUND'
1790665435.663 INFO: Using default rates of 10/min, 1/sec for alert 'DEVICELOST'
1790665435.663 INFO: Registering support for DLT_PPI packet header decoding
1790665435.663 INFO: Registering support for DLT_RADIOTAP packet header decoding
1790665435.663 INFO: Registering support for DLT_BTLE_RADIO packet header decoding
1790665435.666 INFO: Using default rates of 10/min, 1/sec for alert 'BADFIXLENIE'
1790665435.667 INFO: PHY80211 will only process AP signal levels from beacons
1790665435.667 INFO: Allowing Kismet clients to view WEP keys
1790665435.667 DEBUG: ssid canary FooCanary:ssid="FoobarCanary"
1790665435.667 DEBUG: ssid canary FooCanart2:ssid="(?i:foobarcanary)"
1790665435.667 INFO: Keeping EAPOL packets in memory for easy download and WIDS functionality; this can use more RAM.
1790665435.670 INFO: Registered PHY handler 'IEEE802.11' as ID 0
1790665435.672 INFO: Registered PHY handler 'RFSENSOR' as ID 1
1790665435.673 INFO: Registered PHY handler 'Z-Wave' as ID 2
1790665435.674 INFO: Registered PHY handler 'Bluetooth' as ID 3
1790665435.674 DEBUG: reserve_fields home id 538 app id 539
1790665435.677 INFO: Registered PHY handler 'UAV' as ID 4
1790665435.678 INFO: Registered PHY handler 'NrfMousejack' as ID 5
1790665435.678 ERROR: Tried to re-register duplicate alert FLIPPERZERO
1790665435.679 INFO: Registered PHY handler 'BTLE' as ID 6
1790665435.680 INFO: Registered PHY handler 'METER' as ID 7
1790665435.680 INFO: Indexing ADSB ICAO db
1790665435.941 INFO: Completed indexing ADSB ICAO db, 341068 lines 6822 indexes
1790665435.942 INFO: Registered PHY handler 'ADSB' as ID 8
1790665435.943 INFO: Registered PHY handler '802.15.4' as ID 9
1790665435.945 INFO: Registered PHY handler 'RADIATION' as ID 10
1790665435.951 INFO: (HTTPD) Could not read session data file, skipping loading saved sessions.
1790665435.951 INFO: Serving static file content from /home/osh/kismet-install/share/kismet/httpd/
1790665435.952 INFO: Enabling channel hopping by default on sources which support channel control.
1790665435.952 INFO: Setting default channel hop rate to 5/sec
1790665435.952 INFO: Enabling channel list splitting on sources which share the same list of channels
1790665435.952 INFO: Enabling channel list shuffling to optimize overlaps
1790665435.952 INFO: Sources will be re-opened if they encounter an error
1790665435.952 INFO: Saving datasources to the Kismet database log every 30 seconds
1790665435.952 INFO: Launching remote capture server on 127.0.0.1 3501
1790665435.955 INFO: No data sources defined; Kismet will not capture anything until a source is added.
1790665435.956 ALERT: LOGDISABLED Logging has been disabled via the Kismet config files or the command line.  Pcap, database, and related logs will not be saved.
1790665435.956 INFO: Logging disabled, not enabling any log drivers.
1790665435.956 INFO: GPS track will be logged to the Kismet logfile
1790665435.957 INFO: Starting Kismet web server...
1790665435.957 INFO: HTTP server listening on 0.0.0.0:2501
1790665435.959 INFO: Could not open system plugin directory (/home/osh/kismet-install/lib/kismet/), skipping: No such file or directory
1790665435.959 INFO: Did not find a user plugin directory (/tmp/py/p9g/.kismet//plugins/), skipping: No such file or directory
1790665436.392 INFO: New remote source esp32c5-ttyACM0 (E5C50001-0000-0000-0000-10BDA3CF0540) connected
1790665436.392 INFO: esp32c5-ttyACM0 - /dev/ttyACM0 opened
1790665437.367 INFO: esp32c5-ttyACM0 - /dev/ttyACM0 capturing
1790665437.585 INFO: Detected new 802.11 Wi-Fi device E4:5F:01:49:99:3F
1790665437.585 INFO: Detected new 802.11 Wi-Fi device 42:A2:BA:65:29:F3
1790665438.847 INFO: Detected new 802.11 Wi-Fi device 00:B8:C2:B2:AE:57
1790665438.847 INFO: Detected new 802.11 Wi-Fi device 00:B8:C2:B2:AE:4E
1790665438.944 INFO: 802.11 Wi-Fi device 00:B8:C2:B2:AE:57 advertising new SSID 'Mor'
1790665438.953 INFO: Detected new 802.11 Wi-Fi device B0:1F:47:10:E2:62
1790665439.027 INFO: Detected new 802.11 Wi-Fi access point 26:39:F1:AB:05:B2
1790665439.027 INFO: 802.11 Wi-Fi device 26:39:F1:AB:05:B2 advertising new SSID 'osvc-2'
1790665439.153 INFO: Source 'esp32c5-ttyACM0' (E5C50001-0000-0000-0000-10BDA3CF0540) setting channel 48
1790665439.257 INFO: Detected new 802.11 Wi-Fi device 70:F7:54:55:CB:00
1790665439.257 INFO: Detected new 802.11 Wi-Fi device 00:B8:C2:B2:AE:58
1790665439.351 INFO: Detected new 802.11 Wi-Fi device 4C:2E:5E:D5:FE:E9
1790665439.351 INFO: Detected new 802.11 Wi-Fi device D2:62:E6:3C:F3:CD
1790665441.502 ERROR: Data source 'esp32c5-ttyACM0 / esp32c5-ttyACM0' ('esp32c5-ttyACM0') encountered an error: websocket connection closed
1790665444.858 INFO: Matching new remote source 'esp32c5-ttyACM0' with known source with UUID 'E5C50001-0000-0000-0000-10BDA3CF0540'
1790665444.871 INFO: Remote source esp32c5-ttyACM0 (E5C50001-0000-0000-0000-10BDA3CF0540) reconnected
1790665444.872 INFO: esp32c5-ttyACM0 - /dev/ttyACM0 opened
1790665445.847 INFO: esp32c5-ttyACM0 - /dev/ttyACM0 capturing
1790665447.808 INFO: Detected new 802.11 Wi-Fi access point 46:AE:30:84:5A:16
1790665447.812 INFO: 802.11 Wi-Fi device 46:AE:30:84:5A:16 advertising a new cloaked SSID
1790665447.855 INFO: Detected new 802.11 Wi-Fi access point 40:AE:30:84:5A:16
1790665447.856 INFO: 802.11 Wi-Fi device 40:AE:30:84:5A:16 advertising new SSID 'cohen42'
1790665447.883 INFO: 802.11 Wi-Fi device 40:AE:30:84:5A:16 advertising new SSID 'cohen42'
1790665450.102 INFO: Detected new 802.11 Wi-Fi device D2:D8:A4:DB:5E:A6
1790665450.102 INFO: Detected new 802.11 Wi-Fi device D8:D8:E5:C7:AA:0B
1790665450.116 INFO: Detected new 802.11 Wi-Fi device DE:85:21:5C:A3:AE
1790665450.149 INFO: Detected new 802.11 Wi-Fi access point 40:AE:30:84:5A:17
1790665450.241 INFO: Detected new 802.11 Wi-Fi device 40:AE:30:84:5A:14
1790665450.306 INFO: Source 'esp32c5-ttyACM0' (E5C50001-0000-0000-0000-10BDA3CF0540) setting channel 48
1790665451.821 INFO: 802.11 Wi-Fi device 42:A2:BA:65:29:F3 advertising new SSID 'osvc-52'
1790665451.832 INFO: Detected new 802.11 Wi-Fi device 94:83:C4:25:9E:39
1790665452.547 INFO: Probing interface 'esp32c5-ttyACM1' to find datasource type
1790665452.652 interface: esp32c5-ttyACM1
1790665452.658 INFO: Found type 'esp32c5' for 'esp32c5-ttyACM1'
1790665452.674 INFO: Splitting channels for interfaces using 'esp32c5' among 2 interfaces
1790665453.674 INFO: esp32c5-ttyACM1 capturing (wifi)
1790665454.525 INFO: Detected new 802.11 Wi-Fi access point 40:AE:30:84:34:B6
1790665454.526 INFO: 802.11 Wi-Fi device 40:AE:30:84:34:B6 advertising new SSID 'cohen42'
1790665455.677 INFO: Detected new 802.11 Wi-Fi device B0:1F:47:0D:E9:B8
1790665455.678 INFO: Detected new 802.11 Wi-Fi access point 46:AE:30:84:34:B6
1790665455.679 INFO: 802.11 Wi-Fi device 46:AE:30:84:34:B6 advertising a new cloaked SSID
1790665457.933 INFO: Detected new 802.11 Wi-Fi device A8:DB:03:42:DE:68
1790665458.445 INFO: Detected new 802.11 Wi-Fi device 80:AF:CA:75:C2:23
1790665458.445 INFO: Detected new 802.11 Wi-Fi device 74:F8:DB:5D:D0:61
1790665458.604 INFO: Detected new 802.11 Wi-Fi access point D0:CF:0E:85:DC:54
1790665458.604 INFO: 802.11 Wi-Fi device D0:CF:0E:85:DC:54 advertising new SSID 'Kobi'
1790665458.811 INFO: Source 'esp32c5-ttyACM0' (E5C50001-0000-0000-0000-10BDA3CF0540) setting channel list and hopping
1790665459.372 INFO: Detected new 802.11 Wi-Fi access point CA:C9:A3:4D:96:E7
1790665459.377 INFO: 802.11 Wi-Fi device CA:C9:A3:4D:96:E7 advertising new SSID 'ESP-4D96E7'
1790665459.498 INFO: Detected new 802.11 Wi-Fi device 8A:D8:E5:C7:6A:16
1790665459.653 INFO: Detected new 802.11 Wi-Fi device FA:8F:CA:6C:D1:65
1790665459.700 INFO: Detected new 802.11 Wi-Fi device 50:8A:06:B4:2F:49
1790665459.793 INFO: 802.11 Wi-Fi device 8A:D8:E5:C7:6A:16 advertising new SSID 'Dayan_SH'
1790665459.962 INFO: Detected new 802.11 Wi-Fi device 58:FC:20:1B:D9:D0
1790665459.963 INFO: Detected new 802.11 Wi-Fi device 58:FC:20:1B:D9:CF
1790665460.101 INFO: 802.11 Wi-Fi device FA:8F:CA:6C:D1:65 advertising new SSID 'JBL Bar 5.1_0891.l025'
1790665460.197 INFO: Detected new 802.11 Wi-Fi access point 8A:D8:E5:C7:6A:15
1790665460.198 INFO: 802.11 Wi-Fi device 8A:D8:E5:C7:6A:15 advertising a new cloaked SSID
1790665460.263 INFO: 802.11 Wi-Fi device 58:FC:20:1B:D9:D0 advertising new SSID 'Sivan'
1790665460.747 INFO: Detected new 802.11 Wi-Fi access point 94:E3:6D:81:A3:FF
1790665460.748 INFO: 802.11 Wi-Fi device 94:E3:6D:81:A3:FF advertising new SSID 'ELRSSID81A3FF'
1790665461.436 INFO: Detected new 802.11 Wi-Fi device 64:64:4A:BB:59:65
1790665461.436 INFO: Detected new 802.11 Wi-Fi device 78:DF:72:44:14:1D
1790665461.436 INFO: Detected new 802.11 Wi-Fi device B0:BB:E5:7F:F6:E7
1790665461.438 INFO: New remote source esp32c5-ttyACM2 (E5C50001-0000-0000-0000-3844BEBFD80C) connected
1790665461.438 INFO: Splitting channels for interfaces using 'esp32c5' among 3 interfaces
1790665461.438 INFO: esp32c5-ttyACM2 - /dev/ttyACM2 opened
1790665461.566 INFO: Detected new 802.11 Wi-Fi access point 8A:F8:CC:EE:87:D1
1790665461.567 INFO: 802.11 Wi-Fi device 8A:F8:CC:EE:87:D1 advertising new SSID 'Alon'
1790665462.132 INFO: Detected new 802.11 Wi-Fi device 62:D5:ED:42:0F:E2
1790665462.132 INFO: Detected new 802.11 Wi-Fi device 80:BE:AF:D7:03:8F
1790665462.226 INFO: Detected new 802.11 Wi-Fi access point B0:92:4A:F1:E3:95
1790665462.227 INFO: 802.11 Wi-Fi device B0:92:4A:F1:E3:95 advertising new SSID 'Avitan'
1790665462.435 INFO: esp32c5-ttyACM2 - /dev/ttyACM2 capturing
1790665463.182 INFO: Detected new 802.11 Wi-Fi access point 30:E1:71:F0:62:A4
1790665463.183 INFO: 802.11 Wi-Fi device 30:E1:71:F0:62:A4 advertising new SSID 'DIRECT-A3-HP DeskJet 4670 series'
1790665463.183 INFO: Detected new 802.11 Wi-Fi device 84:7A:B6:7D:81:F8
1790665463.202 INFO: Detected new 802.11 Wi-Fi access point 40:AE:30:84:36:22
1790665463.203 INFO: 802.11 Wi-Fi device 40:AE:30:84:36:22 advertising new SSID 'cohen42'
1790665463.209 INFO: Detected new 802.11 Wi-Fi device 20:15:DE:A1:04:FB
1790665463.309 INFO: Detected new 802.11 Wi-Fi device FC:F5:C4:BE:0B:A5
1790665463.352 INFO: Detected new 802.11 Wi-Fi device 6A:D5:ED:42:0F:EA
1790665463.976 INFO: 802.11 Wi-Fi device FA:8F:CA:6C:D1:65 advertising new SSID 'JBL Bar 5.1_0891.l025'
1790665463.977 INFO: 802.11 Wi-Fi device CA:C9:A3:4D:96:E7 advertising new SSID 'ESP-4D96E7'
1790665463.999 INFO: 802.11 Wi-Fi device 00:B8:C2:B2:AE:57 advertising new SSID 'Mor'
1790665464.176 INFO: 802.11 Wi-Fi device 26:39:F1:AB:05:B2 advertising new SSID 'osvc-2'
1790665464.350 INFO: 802.11 Wi-Fi device 40:AE:30:84:36:22 advertising new SSID 'cohen42'
1790665464.462 INFO: Detected new 802.11 Wi-Fi device 62:D5:ED:42:0F:E1
1790665464.462 INFO: Detected new 802.11 Wi-Fi device 44:15:24:45:CF:4F
1790665464.538 INFO: Detected new 802.11 Wi-Fi device 5A:4D:20:E7:66:A4
1790665465.820 INFO: Detected new 802.11 Wi-Fi device FC:F5:C4:BD:9B:CD
1790665466.340 INFO: Detected new 802.11 Wi-Fi device AA:42:A1:05:68:CE
1790665466.347 INFO: Detected new 802.11 Wi-Fi access point DA:D8:E5:C7:6A:14
1790665466.348 INFO: 802.11 Wi-Fi device DA:D8:E5:C7:6A:14 advertising new SSID 'Dayan'
1790665466.657 INFO: Detected new 802.11 Wi-Fi access point 40:AE:30:84:34:B7
1790665466.659 INFO: 802.11 Wi-Fi device 40:AE:30:84:34:B7 advertising new SSID 'cohen42'
1790665466.709 INFO: Detected new 802.11 Wi-Fi access point 46:AE:30:84:34:B7
1790665466.719 INFO: 802.11 Wi-Fi device 46:AE:30:84:34:B7 advertising a new cloaked SSID
1790665467.817 ERROR: Data source 'esp32c5-ttyACM2 / esp32c5-ttyACM2' ('esp32c5-ttyACM2') encountered an error: websocket connection closed
1790665467.901 ERROR: Data source 'esp32c5-ttyACM0 / esp32c5-ttyACM0' ('esp32c5-ttyACM0') encountered an error: websocket connection closed
1790665468.465 
1790665468.465 *** KISMET IS SHUTTING DOWN ***
1790665468.465 Shutting down plugins...
1790665468.465 WARNING: Kismet changes the configuration of network devices.
1790665468.465          In most cases you will need to restart networking for
1790665468.465          your interface (varies per distribution and OS), but 
1790665468.465          typically one of:
1790665468.465          sudo service networking restart
1790665468.465          sudo /etc/init.d/networking restart
1790665468.465          or
1790665468.465          nmcli device set [device] managed true
1790665468.465 
1790665468.465 Kismet exiting.
1790665468.465 EXITING: Signal service thread complete.
1790665468.471 KISMET_EXIT=0
