1790669076.827 INFO: Including sub-config file: /tmp/py/etc/kismet_httpd.conf
1790669076.827 INFO: Including sub-config file: /tmp/py/etc/kismet_memory.conf
1790669076.827 INFO: Including sub-config file: /tmp/py/etc/kismet_alerts.conf
1790669076.827 INFO: Including sub-config file: /tmp/py/etc/kismet_80211.conf
1790669076.827 INFO: Including sub-config file: /tmp/py/etc/kismet_logging.conf
1790669076.827 INFO: Including sub-config file: /tmp/py/etc/kismet_filter.conf
1790669076.827 INFO: Including sub-config file: /tmp/py/etc/kismet_uav.conf
1790669076.827 INFO: Loading config override file '/tmp/py/etc/kismet_package.conf'
1790669076.827 INFO: Optional sub-config file not present: /tmp/py/etc/kismet_package.conf
1790669076.827 INFO: Loading config override file '/tmp/py/etc/kismet_site.conf'
1790669076.827 INFO: Loading optional sub-config file: /tmp/py/etc/kismet_site.conf
1790669076.827 INFO: Generated server UUID 69D75E98-BBDC-11F1-9A91-4B49534D4554 and storing in /tmp/py/rce/.kismet//kismet_server_id.conf
1790669076.827 INFO: Setting server UUID 69D75E98-BBDC-11F1-9A91-4B49534D4554
1790669076.827 INFO: Starting Beast webserver on 0.0.0.0:2501
1790669076.827 INFO: Opened OUI file '/home/osh/kismet-install/share/kismet/kismet_manuf.txt.gz
1790669076.827 INFO: Indexing manufacturer db
1790669076.828 INFO: Completed indexing manufacturer db, 38959 lines and 780 indexes.
1790669076.835 INFO: Saving devices to the Kismet database log every 30 seconds
1790669076.840 INFO: Using default rates of 10/min, 1/sec for alert 'DEVICEFOUND'
1790669076.840 INFO: Using default rates of 10/min, 1/sec for alert 'DEVICELOST'
1790669076.840 INFO: Registering support for DLT_PPI packet header decoding
1790669076.840 INFO: Registering support for DLT_RADIOTAP packet header decoding
1790669076.840 INFO: Registering support for DLT_BTLE_RADIO packet header decoding
1790669076.843 INFO: Using default rates of 10/min, 1/sec for alert 'BADFIXLENIE'
1790669076.844 INFO: PHY80211 will only process AP signal levels from beacons
1790669076.844 INFO: Allowing Kismet clients to view WEP keys
1790669076.844 DEBUG: ssid canary FooCanary:ssid="FoobarCanary"
1790669076.844 DEBUG: ssid canary FooCanart2:ssid="(?i:foobarcanary)"
1790669076.844 INFO: Keeping EAPOL packets in memory for easy download and WIDS functionality; this can use more RAM.
1790669076.847 INFO: Registered PHY handler 'IEEE802.11' as ID 0
1790669076.849 INFO: Registered PHY handler 'RFSENSOR' as ID 1
1790669076.850 INFO: Registered PHY handler 'Z-Wave' as ID 2
1790669076.851 INFO: Registered PHY handler 'Bluetooth' as ID 3
1790669076.851 DEBUG: reserve_fields home id 538 app id 539
1790669076.853 INFO: Registered PHY handler 'UAV' as ID 4
1790669076.854 INFO: Registered PHY handler 'NrfMousejack' as ID 5
1790669076.855 ERROR: Tried to re-register duplicate alert FLIPPERZERO
1790669076.856 INFO: Registered PHY handler 'BTLE' as ID 6
1790669076.857 INFO: Registered PHY handler 'METER' as ID 7
1790669076.857 INFO: Indexing ADSB ICAO db
1790669077.119 INFO: Completed indexing ADSB ICAO db, 341068 lines 6822 indexes
1790669077.121 INFO: Registered PHY handler 'ADSB' as ID 8
1790669077.122 INFO: Registered PHY handler '802.15.4' as ID 9
1790669077.123 INFO: Registered PHY handler 'RADIATION' as ID 10
1790669077.129 INFO: (HTTPD) Could not read session data file, skipping loading saved sessions.
1790669077.129 INFO: Serving static file content from /home/osh/kismet-install/share/kismet/httpd/
1790669077.130 INFO: Enabling channel hopping by default on sources which support channel control.
1790669077.130 INFO: Setting default channel hop rate to 5/sec
1790669077.130 INFO: Enabling channel list splitting on sources which share the same list of channels
1790669077.130 INFO: Enabling channel list shuffling to optimize overlaps
1790669077.130 INFO: Sources will be re-opened if they encounter an error
1790669077.130 INFO: Remote capture disabled via remote_capture_enabled; no remote capture will be enabled.
1790669077.130 INFO: Saving datasources to the Kismet database log every 30 seconds
1790669077.133 INFO: No data sources defined; Kismet will not capture anything until a source is added.
1790669077.134 ALERT: LOGDISABLED Logging has been disabled via the Kismet config files or the command line.  Pcap, database, and related logs will not be saved.
1790669077.134 INFO: Logging disabled, not enabling any log drivers.
1790669077.134 INFO: GPS track will be logged to the Kismet logfile
1790669077.136 INFO: Starting Kismet web server...
1790669077.136 INFO: HTTP server listening on 0.0.0.0:2501
1790669077.138 INFO: Could not open system plugin directory (/home/osh/kismet-install/lib/kismet/), skipping: No such file or directory
1790669077.138 INFO: Did not find a user plugin directory (/tmp/py/rce/.kismet//plugins/), skipping: No such file or directory
1790669077.431 INFO: New remote source esp32c5-ttyACM0 (E5C50001-0000-0000-0000-10BDA3CF0540) connected
1790669077.432 INFO: esp32c5-ttyACM0 - /dev/ttyACM0 opened
1790669078.424 INFO: esp32c5-ttyACM0 - /dev/ttyACM0 capturing
1790669080.060 INFO: Detected new 802.11 Wi-Fi device 26:39:F1:AB:05:B2
1790669080.061 INFO: Detected new 802.11 Wi-Fi device A8:DB:03:42:DE:68
1790669080.061 INFO: Detected new 802.11 Wi-Fi device 94:83:C4:25:9E:39
1790669080.255 INFO: Detected new 802.11 Wi-Fi device 40:AE:30:84:5A:16
1790669080.256 INFO: Detected new 802.11 Wi-Fi device 10:FF:E0:76:96:8C
1790669080.267 INFO: Detected new 802.11 Wi-Fi device 40:AE:30:84:5A:15
1790669080.270 INFO: Detected new 802.11 Wi-Fi device 20:0B:74:10:99:0E
1790669080.340 INFO: 802.11 Wi-Fi device 40:AE:30:84:5A:16 advertising new SSID 'cohen42'
1790669080.365 INFO: Detected new 802.11 Wi-Fi device 3A:0A:42:2F:8D:64
1790669080.740 INFO: Detected new 802.11 Wi-Fi access point 00:B8:C2:B2:AE:58
1790669080.741 INFO: 802.11 Wi-Fi device 00:B8:C2:B2:AE:58 advertising new SSID 'Mor'
1790669082.764 INFO: Detected new 802.11 Wi-Fi device E4:5F:01:49:99:3F
1790669082.764 INFO: Detected new 802.11 Wi-Fi device 42:A2:BA:65:29:F3
1790669083.447 ERROR: Data source 'esp32c5-ttyACM0 / esp32c5-ttyACM0' ('esp32c5-ttyACM0') encountered an error: websocket connection closed
1790669085.139 
1790669085.139 *** KISMET IS SHUTTING DOWN ***
1790669085.140 Shutting down plugins...
1790669085.140 WARNING: Kismet changes the configuration of network devices.
1790669085.140          In most cases you will need to restart networking for
1790669085.140          your interface (varies per distribution and OS), but 
1790669085.140          typically one of:
1790669085.140          sudo service networking restart
1790669085.140          sudo /etc/init.d/networking restart
1790669085.140          or
1790669085.140          nmcli device set [device] managed true
1790669085.140 
1790669085.140 Kismet exiting.
1790669085.140 EXITING: Signal service thread complete.
1790669085.144 KISMET_EXIT=0
