1790683106.932 INFO: Including sub-config file: /home/osh/kismet-install/etc/kismet_httpd.conf
1790683106.932 INFO: Including sub-config file: /home/osh/kismet-install/etc/kismet_memory.conf
1790683106.932 INFO: Including sub-config file: /home/osh/kismet-install/etc/kismet_alerts.conf
1790683106.932 INFO: Including sub-config file: /home/osh/kismet-install/etc/kismet_80211.conf
1790683106.932 INFO: Including sub-config file: /home/osh/kismet-install/etc/kismet_logging.conf
1790683106.932 INFO: Including sub-config file: /home/osh/kismet-install/etc/kismet_filter.conf
1790683106.932 INFO: Including sub-config file: /home/osh/kismet-install/etc/kismet_uav.conf
1790683106.932 INFO: Loading config override file '/home/osh/kismet-install/etc/kismet_package.conf'
1790683106.932 INFO: Optional sub-config file not present: /home/osh/kismet-install/etc/kismet_package.conf
1790683106.932 INFO: Loading config override file '/home/osh/kismet-install/etc/kismet_site.conf'
1790683106.932 INFO: Optional sub-config file not present: /home/osh/kismet-install/etc/kismet_site.conf
1790683106.932 INFO: Generated server UUID 146F578C-BBFD-11F1-BB9B-4B49534D4554 and storing in /tmp/hw3/h5l/.kismet//kismet_server_id.conf
1790683106.932 INFO: Setting server UUID 146F578C-BBFD-11F1-BB9B-4B49534D4554
1790683106.932 INFO: Starting Beast webserver on 0.0.0.0:2501
1790683106.932 INFO: Opened OUI file '/home/osh/kismet-install/share/kismet/kismet_manuf.txt.gz
1790683106.932 INFO: Indexing manufacturer db
1790683106.932 INFO: Completed indexing manufacturer db, 38959 lines and 780 indexes.
1790683106.939 INFO: Saving devices to the Kismet database log every 30 seconds
1790683106.944 INFO: Using default rates of 10/min, 1/sec for alert 'DEVICEFOUND'
1790683106.944 INFO: Using default rates of 10/min, 1/sec for alert 'DEVICELOST'
1790683106.944 INFO: Registering support for DLT_PPI packet header decoding
1790683106.944 INFO: Registering support for DLT_RADIOTAP packet header decoding
1790683106.944 INFO: Registering support for DLT_BTLE_RADIO packet header decoding
1790683106.948 INFO: Using default rates of 10/min, 1/sec for alert 'BADFIXLENIE'
1790683106.948 INFO: PHY80211 will only process AP signal levels from beacons
1790683106.948 INFO: Allowing Kismet clients to view WEP keys
1790683106.949 DEBUG: ssid canary FooCanary:ssid="FoobarCanary"
1790683106.949 DEBUG: ssid canary FooCanart2:ssid="(?i:foobarcanary)"
1790683106.949 INFO: Keeping EAPOL packets in memory for easy download and WIDS functionality; this can use more RAM.
1790683106.951 INFO: Registered PHY handler 'IEEE802.11' as ID 0
1790683106.953 INFO: Registered PHY handler 'RFSENSOR' as ID 1
1790683106.954 INFO: Registered PHY handler 'Z-Wave' as ID 2
1790683106.955 INFO: Registered PHY handler 'Bluetooth' as ID 3
1790683106.955 DEBUG: reserve_fields home id 538 app id 539
1790683106.958 INFO: Registered PHY handler 'UAV' as ID 4
1790683106.959 INFO: Registered PHY handler 'NrfMousejack' as ID 5
1790683106.959 ERROR: Tried to re-register duplicate alert FLIPPERZERO
1790683106.960 INFO: Registered PHY handler 'BTLE' as ID 6
1790683106.961 INFO: Registered PHY handler 'METER' as ID 7
1790683106.961 INFO: Indexing ADSB ICAO db
1790683107.223 INFO: Completed indexing ADSB ICAO db, 341068 lines 6822 indexes
1790683107.224 INFO: Registered PHY handler 'ADSB' as ID 8
1790683107.225 INFO: Registered PHY handler '802.15.4' as ID 9
1790683107.227 INFO: Registered PHY handler 'RADIATION' as ID 10
1790683107.232 INFO: (HTTPD) Could not read session data file, skipping loading saved sessions.
1790683107.232 INFO: Serving static file content from /home/osh/kismet-install/share/kismet/httpd/
1790683107.233 INFO: Enabling channel hopping by default on sources which support channel control.
1790683107.233 INFO: Setting default channel hop rate to 5/sec
1790683107.233 INFO: Enabling channel list splitting on sources which share the same list of channels
1790683107.233 INFO: Enabling channel list shuffling to optimize overlaps
1790683107.233 INFO: Sources will be re-opened if they encounter an error
1790683107.233 INFO: Saving datasources to the Kismet database log every 30 seconds
1790683107.233 INFO: Launching remote capture server on 127.0.0.1 3501
1790683107.236 INFO: Data sources passed on the command line (via -c source), ignoring source= definitions in the Kismet config file.
1790683107.236 INFO: Probing interface 'esp32c5btle-ttyACM3' to find datasource type
1790683107.237 ALERT: LOGDISABLED Logging has been disabled via the Kismet config files or the command line.  Pcap, database, and related logs will not be saved.
1790683107.237 INFO: Logging disabled, not enabling any log drivers.
1790683107.237 INFO: GPS track will be logged to the Kismet logfile
1790683107.239 INFO: Starting Kismet web server...
1790683107.239 INFO: HTTP server listening on 0.0.0.0:2501
1790683107.241 INFO: Could not open system plugin directory (/home/osh/kismet-install/lib/kismet/), skipping: No such file or directory
1790683107.241 INFO: Did not find a user plugin directory (/tmp/hw3/h5l/.kismet//plugins/), skipping: No such file or directory
1790683107.326 interface: esp32c5btle-ttyACM3
1790683107.327 INFO: Found type 'esp32c5' for 'esp32c5btle-ttyACM3:channel=38'
1790683107.344 INFO: Data source 'esp32c5btle-ttyACM3:channel=38' launched successfully
1790683108.844 INFO: esp32c5btle-ttyACM3 capturing (btle)
1790683108.852 INFO: Detected new BTLE device 5B:E0:D6:F5:85:82
1790683108.857 INFO: Detected new BTLE device 10:B6:6A:4F:59:B3
1790683108.860 INFO: Detected new BTLE device 52:18:62:62:E1:54
1790683108.865 INFO: Detected new BTLE device F4:DD:06:5E:7E:19
1790683109.340 INFO: Source 'esp32c5btle-ttyACM3' (E5C50003-0000-0000-0000-10BDA3C87D54) setting channel 38
1790683109.352 INFO: Detected new BTLE device CB:C4:2C:F0:F7:0C
1790683109.360 INFO: Detected new BTLE device 4D:2C:24:CD:3D:2E
1790683109.367 INFO: Detected new BTLE device FB:4A:2A:19:7B:D8
1790683109.379 INFO: Detected new BTLE device E9:F8:AD:CC:C7:E2
1790683109.387 INFO: Detected new BTLE device 66:87:EE:5A:9C:3E
1790683109.848 INFO: Detected new BTLE device 48:9E:9D:9E:42:7C tcl_AC_t*ap_szkt
1790683111.345 INFO: Detected new BTLE device 60:B2:AB:88:65:53
1790683112.357 INFO: Detected new BTLE device FB:27:DB:95:BF:92
1790683112.827 INFO: Source 'esp32c5btle-ttyACM3' (E5C50003-0000-0000-0000-10BDA3C87D54) setting channel 39
1790683116.274 INFO: Source 'esp32c5btle-ttyACM3' (E5C50003-0000-0000-0000-10BDA3C87D54) setting channel 40
1790683116.275 ERROR: esp32c5btle-ttyACM3 cannot tune to channel 40 in btle mode
1790683123.243 
1790683123.244 *** KISMET IS SHUTTING DOWN ***
1790683123.244 Shutting down plugins...
1790683123.244 WARNING: Kismet changes the configuration of network devices.
1790683123.244          In most cases you will need to restart networking for
1790683123.244          your interface (varies per distribution and OS), but 
1790683123.244          typically one of:
1790683123.244          sudo service networking restart
1790683123.244          sudo /etc/init.d/networking restart
1790683123.244          or
1790683123.244          nmcli device set [device] managed true
1790683123.244 
1790683123.244 Kismet exiting.
1790683123.244 EXITING: Signal service thread complete.
