esptool v5.4.0
Serial port /dev/serial/by-id/usb-Espressif_USB_JTAG_serial_debug_unit_38:44:BE:BF:C9:10-if00:
Connecting...
Connected to ESP32-C5 on /dev/serial/by-id/usb-Espressif_USB_JTAG_serial_debug_unit_38:44:BE:BF:C9:10-if00:
Chip type:          ESP32-C5 (revision v1.0)
Features:           Wi-Fi 6 (dual-band), BT 5 (LE), IEEE802.15.4, Single Core + LP Core, 240MHz
Crystal frequency:  48MHz
USB mode:           USB-Serial/JTAG
MAC:                38:44:be:ff:fe:bf:c9:10
BASE MAC:           38:44:be:bf:c9:10
MAC_EXT:            ff:fe

Uploading stub flasher...
Running stub flasher...
Stub flasher running.

Configuring flash size...
Reading from 0x00001000                                  0.4% 4.00kB/1.10MB [0s] 
Reading from 0x00002000                                  0.7% 8.00kB/1.10MB [0s] 
Reading from 0x00003000                                  1.1% 12.00kB/1.10MB [0s] 
Reading from 0x00004000                                  1.4% 16.00kB/1.10MB [0s] 
Reading from 0x00005000 ╸                                1.8% 20.00kB/1.10MB [0s] 
Reading from 0x00006000 ╸                                2.1% 24.00kB/1.10MB [0s] 
Reading from 0x00007000 ╸                                2.5% 28.00kB/1.10MB [0s] 
Reading from 0x00008000 ╸                                2.9% 32.00kB/1.10MB [0s] 
Reading from 0x00009000 ╸                                3.2% 36.00kB/1.10MB [0s] 
Reading from 0x0000a000 ━                                3.6% 40.00kB/1.10MB [0s] 
Reading from 0x0000b000 ━                                3.9% 44.00kB/1.10MB [0s] 
Reading from 0x0000c000 ━                                4.3% 48.00kB/1.10MB [0s] 
Reading from 0x0000d000 ━                                4.6% 52.00kB/1.10MB [0s] 
Reading from 0x0000e000 ━                                5.0% 56.00kB/1.10MB [0s] 
Reading from 0x0000f000 ━╸                               5.3% 60.00kB/1.10MB [0s] 
Reading from 0x00010000 ━╸                               5.7% 64.00kB/1.10MB [0s] 
Reading from 0x00011000 ━╸                               6.1% 68.00kB/1.10MB [0s] 
Reading from 0x00012000 ━╸                               6.4% 72.00kB/1.10MB [0s] 
Reading from 0x00013000 ━━                               6.8% 76.00kB/1.10MB [0s] 
Reading from 0x00014000 ━━                               7.1% 80.00kB/1.10MB [0s] 
Reading from 0x00015000 ━━                               7.5% 84.00kB/1.10MB [0s] 
Reading from 0x00016000 ━━                               7.8% 88.00kB/1.10MB [0s] 
Reading from 0x00017000 ━━                               8.2% 92.00kB/1.10MB [0s] 
Reading from 0x00018000 ━━╸                              8.6% 96.00kB/1.10MB [0s] 
Reading from 0x00019000 ━━╸                              8.9% 100.00kB/1.10MB [0s] 
Reading from 0x0001a000 ━━╸                              9.3% 104.00kB/1.10MB [0s] 
Reading from 0x0001b000 ━━╸                              9.6% 108.00kB/1.10MB [0s] 
Reading from 0x0001c000 ━━╸                             10.0% 112.00kB/1.10MB [0s] 
Reading from 0x0001d000 ━━━                             10.3% 116.00kB/1.10MB [0s] 
Reading from 0x0001e000 ━━━                             10.7% 120.00kB/1.10MB [0s] 
Reading from 0x0001f000 ━━━                             11.1% 124.00kB/1.10MB [0s] 
Reading from 0x00020000 ━━━                             11.4% 128.00kB/1.10MB [0s] 
Reading from 0x00021000 ━━━╸                            11.8% 132.00kB/1.10MB [0s] 
Reading from 0x00022000 ━━━╸                            12.1% 136.00kB/1.10MB [0s] 
Reading from 0x00023000 ━━━╸                            12.5% 140.00kB/1.10MB [0s] 
Reading from 0x00024000 ━━━╸                            12.8% 144.00kB/1.10MB [0s] 
Reading from 0x00025000 ━━━╸                            13.2% 148.00kB/1.10MB [0s] 
Reading from 0x00026000 ━━━━                            13.6% 152.00kB/1.10MB [0s] 
Reading from 0x00027000 ━━━━                            13.9% 156.00kB/1.10MB [0s] 
Reading from 0x00028000 ━━━━                            14.3% 160.00kB/1.10MB [0s] 
Reading from 0x00029000 ━━━━                            14.6% 164.00kB/1.10MB [0s] 
Reading from 0x0002a000 ━━━━                            15.0% 168.00kB/1.10MB [1s] 
Reading from 0x0002b000 ━━━━╸                           15.3% 172.00kB/1.10MB [1s] 
Reading from 0x0002c000 ━━━━╸                           15.7% 176.00kB/1.10MB [1s] 
Reading from 0x0002d000 ━━━━╸                           16.0% 180.00kB/1.10MB [1s] 
Reading from 0x0002e000 ━━━━╸                           16.4% 184.00kB/1.10MB [1s] 
Reading from 0x0002f000 ━━━━━                           16.8% 188.00kB/1.10MB [1s] 
Reading from 0x00030000 ━━━━━                           17.1% 192.00kB/1.10MB [1s] 
Reading from 0x00031000 ━━━━━                           17.5% 196.00kB/1.10MB [1s] 
Reading from 0x00032000 ━━━━━                           17.8% 200.00kB/1.10MB [1s] 
Reading from 0x00033000 ━━━━━                           18.2% 204.00kB/1.10MB [1s] 
Reading from 0x00034000 ━━━━━╸                          18.5% 208.00kB/1.10MB [1s] 
Reading from 0x00035000 ━━━━━╸                          18.9% 212.00kB/1.10MB [1s] 
Reading from 0x00036000 ━━━━━╸                          19.3% 216.00kB/1.10MB [1s] 
Reading from 0x00037000 ━━━━━╸                          19.6% 220.00kB/1.10MB [1s] 
Reading from 0x00038000 ━━━━━╸                          20.0% 224.00kB/1.10MB [1s] 
Reading from 0x00039000 ━━━━━━                          20.3% 228.00kB/1.10MB [1s] 
Reading from 0x0003a000 ━━━━━━                          20.7% 232.00kB/1.10MB [1s] 
Reading from 0x0003b000 ━━━━━━                          21.0% 236.00kB/1.10MB [1s] 
Reading from 0x0003c000 ━━━━━━                          21.4% 240.00kB/1.10MB [1s] 
Reading from 0x0003d000 ━━━━━━╸                         21.8% 244.00kB/1.10MB [1s] 
Reading from 0x0003e000 ━━━━━━╸                         22.1% 248.00kB/1.10MB [1s] 
Reading from 0x0003f000 ━━━━━━╸                         22.5% 252.00kB/1.10MB [1s] 
Reading from 0x00040000 ━━━━━━╸                         22.8% 256.00kB/1.10MB [1s] 
Reading from 0x00041000 ━━━━━━╸                         23.2% 260.00kB/1.10MB [1s] 
Reading from 0x00042000 ━━━━━━━                         23.5% 264.00kB/1.10MB [1s] 
Reading from 0x00043000 ━━━━━━━                         23.9% 268.00kB/1.10MB [1s] 
Reading from 0x00044000 ━━━━━━━                         24.2% 272.00kB/1.10MB [1s] 
Reading from 0x00045000 ━━━━━━━                         24.6% 276.00kB/1.10MB [1s] 
Reading from 0x00046000 ━━━━━━━                         25.0% 280.00kB/1.10MB [1s] 
Reading from 0x00047000 ━━━━━━━╸                        25.3% 284.00kB/1.10MB [1s] 
Reading from 0x00048000 ━━━━━━━╸                        25.7% 288.00kB/1.10MB [1s] 
Reading from 0x00049000 ━━━━━━━╸                        26.0% 292.00kB/1.10MB [1s] 
Reading from 0x0004a000 ━━━━━━━╸                        26.4% 296.00kB/1.10MB [1s] 
Reading from 0x0004b000 ━━━━━━━━                        26.7% 300.00kB/1.10MB [1s] 
Reading from 0x0004c000 ━━━━━━━━                        27.1% 304.00kB/1.10MB [1s] 
Reading from 0x0004d000 ━━━━━━━━                        27.5% 308.00kB/1.10MB [1s] 
Reading from 0x0004e000 ━━━━━━━━                        27.8% 312.00kB/1.10MB [1s] 
Reading from 0x0004f000 ━━━━━━━━                        28.2% 316.00kB/1.10MB [1s] 
Reading from 0x00050000 ━━━━━━━━╸                       28.5% 320.00kB/1.10MB [1s] 
Reading from 0x00051000 ━━━━━━━━╸                       28.9% 324.00kB/1.10MB [1s] 
Reading from 0x00052000 ━━━━━━━━╸                       29.2% 328.00kB/1.10MB [1s] 
Reading from 0x00053000 ━━━━━━━━╸                       29.6% 332.00kB/1.10MB [2s] 
Reading from 0x00054000 ━━━━━━━━╸                       30.0% 336.00kB/1.10MB [2s] 
Reading from 0x00055000 ━━━━━━━━━                       30.3% 340.00kB/1.10MB [2s] 
Reading from 0x00056000 ━━━━━━━━━                       30.7% 344.00kB/1.10MB [2s] 
Reading from 0x00057000 ━━━━━━━━━                       31.0% 348.00kB/1.10MB [2s] 
Reading from 0x00058000 ━━━━━━━━━                       31.4% 352.00kB/1.10MB [2s] 
Reading from 0x00059000 ━━━━━━━━━╸                      31.7% 356.00kB/1.10MB [2s] 
Reading from 0x0005a000 ━━━━━━━━━╸                      32.1% 360.00kB/1.10MB [2s] 
Reading from 0x0005b000 ━━━━━━━━━╸                      32.5% 364.00kB/1.10MB [2s] 
Reading from 0x0005c000 ━━━━━━━━━╸                      32.8% 368.00kB/1.10MB [2s] 
Reading from 0x0005d000 ━━━━━━━━━╸                      33.2% 372.00kB/1.10MB [2s] 
Reading from 0x0005e000 ━━━━━━━━━━                      33.5% 376.00kB/1.10MB [2s] 
Reading from 0x0005f000 ━━━━━━━━━━                      33.9% 380.00kB/1.10MB [2s] 
Reading from 0x00060000 ━━━━━━━━━━                      34.2% 384.00kB/1.10MB [2s] 
Reading from 0x00061000 ━━━━━━━━━━                      34.6% 388.00kB/1.10MB [2s] 
Reading from 0x00062000 ━━━━━━━━━━                      34.9% 392.00kB/1.10MB [2s] 
Reading from 0x00063000 ━━━━━━━━━━╸                     35.3% 396.00kB/1.10MB [2s] 
Reading from 0x00064000 ━━━━━━━━━━╸                     35.7% 400.00kB/1.10MB [2s] 
Reading from 0x00065000 ━━━━━━━━━━╸                     36.0% 404.00kB/1.10MB [2s] 
Reading from 0x00066000 ━━━━━━━━━━╸                     36.4% 408.00kB/1.10MB [2s] 
Reading from 0x00067000 ━━━━━━━━━━━                     36.7% 412.00kB/1.10MB [2s] 
Reading from 0x00068000 ━━━━━━━━━━━                     37.1% 416.00kB/1.10MB [2s] 
Reading from 0x00069000 ━━━━━━━━━━━                     37.4% 420.00kB/1.10MB [2s] 
Reading from 0x0006a000 ━━━━━━━━━━━                     37.8% 424.00kB/1.10MB [2s] 
Reading from 0x0006b000 ━━━━━━━━━━━                     38.2% 428.00kB/1.10MB [2s] 
Reading from 0x0006c000 ━━━━━━━━━━━╸                    38.5% 432.00kB/1.10MB [2s] 
Reading from 0x0006d000 ━━━━━━━━━━━╸                    38.9% 436.00kB/1.10MB [2s] 
Reading from 0x0006e000 ━━━━━━━━━━━╸                    39.2% 440.00kB/1.10MB [2s] 
Reading from 0x0006f000 ━━━━━━━━━━━╸                    39.6% 444.00kB/1.10MB [2s] 
Reading from 0x00070000 ━━━━━━━━━━━╸                    39.9% 448.00kB/1.10MB [2s] 
Reading from 0x00071000 ━━━━━━━━━━━━                    40.3% 452.00kB/1.10MB [2s] 
Reading from 0x00072000 ━━━━━━━━━━━━                    40.7% 456.00kB/1.10MB [2s] 
Reading from 0x00073000 ━━━━━━━━━━━━                    41.0% 460.00kB/1.10MB [2s] 
Reading from 0x00074000 ━━━━━━━━━━━━                    41.4% 464.00kB/1.10MB [2s] 
Reading from 0x00075000 ━━━━━━━━━━━━╸                   41.7% 468.00kB/1.10MB [2s] 
Reading from 0x00076000 ━━━━━━━━━━━━╸                   42.1% 472.00kB/1.10MB [2s] 
Reading from 0x00077000 ━━━━━━━━━━━━╸                   42.4% 476.00kB/1.10MB [2s] 
Reading from 0x00078000 ━━━━━━━━━━━━╸                   42.8% 480.00kB/1.10MB [2s] 
Reading from 0x00079000 ━━━━━━━━━━━━╸                   43.1% 484.00kB/1.10MB [2s] 
Reading from 0x0007a000 ━━━━━━━━━━━━━                   43.5% 488.00kB/1.10MB [3s] 
Reading from 0x0007b000 ━━━━━━━━━━━━━                   43.9% 492.00kB/1.10MB [3s] 
Reading from 0x0007c000 ━━━━━━━━━━━━━                   44.2% 496.00kB/1.10MB [3s] 
Reading from 0x0007d000 ━━━━━━━━━━━━━                   44.6% 500.00kB/1.10MB [3s] 
Reading from 0x0007e000 ━━━━━━━━━━━━━                   44.9% 504.00kB/1.10MB [3s] 
Reading from 0x0007f000 ━━━━━━━━━━━━━╸                  45.3% 508.00kB/1.10MB [3s] 
Reading from 0x00080000 ━━━━━━━━━━━━━╸                  45.6% 512.00kB/1.10MB [3s] 
Reading from 0x00081000 ━━━━━━━━━━━━━╸                  46.0% 516.00kB/1.10MB [3s] 
Reading from 0x00082000 ━━━━━━━━━━━━━╸                  46.4% 520.00kB/1.10MB [3s] 
Reading from 0x00083000 ━━━━━━━━━━━━━━                  46.7% 524.00kB/1.10MB [3s] 
Reading from 0x00084000 ━━━━━━━━━━━━━━                  47.1% 528.00kB/1.10MB [3s] 
Reading from 0x00085000 ━━━━━━━━━━━━━━                  47.4% 532.00kB/1.10MB [3s] 
Reading from 0x00086000 ━━━━━━━━━━━━━━                  47.8% 536.00kB/1.10MB [3s] 
Reading from 0x00087000 ━━━━━━━━━━━━━━                  48.1% 540.00kB/1.10MB [3s] 
Reading from 0x00088000 ━━━━━━━━━━━━━━╸                 48.5% 544.00kB/1.10MB [3s] 
Reading from 0x00089000 ━━━━━━━━━━━━━━╸                 48.9% 548.00kB/1.10MB [3s] 
Reading from 0x0008a000 ━━━━━━━━━━━━━━╸                 49.2% 552.00kB/1.10MB [3s] 
Reading from 0x0008b000 ━━━━━━━━━━━━━━╸                 49.6% 556.00kB/1.10MB [3s] 
Reading from 0x0008c000 ━━━━━━━━━━━━━━╸                 49.9% 560.00kB/1.10MB [3s] 
Reading from 0x0008d000 ━━━━━━━━━━━━━━━                 50.3% 564.00kB/1.10MB [3s] 
Reading from 0x0008e000 ━━━━━━━━━━━━━━━                 50.6% 568.00kB/1.10MB [3s] 
Reading from 0x0008f000 ━━━━━━━━━━━━━━━                 51.0% 572.00kB/1.10MB [3s] 
Reading from 0x00090000 ━━━━━━━━━━━━━━━                 51.4% 576.00kB/1.10MB [3s] 
Reading from 0x00091000 ━━━━━━━━━━━━━━━╸                51.7% 580.00kB/1.10MB [3s] 
Reading from 0x00092000 ━━━━━━━━━━━━━━━╸                52.1% 584.00kB/1.10MB [3s] 
Reading from 0x00093000 ━━━━━━━━━━━━━━━╸                52.4% 588.00kB/1.10MB [3s] 
Reading from 0x00094000 ━━━━━━━━━━━━━━━╸                52.8% 592.00kB/1.10MB [3s] 
Reading from 0x00095000 ━━━━━━━━━━━━━━━╸                53.1% 596.00kB/1.10MB [3s] 
Reading from 0x00096000 ━━━━━━━━━━━━━━━━                53.5% 600.00kB/1.10MB [3s] 
Reading from 0x00097000 ━━━━━━━━━━━━━━━━                53.8% 604.00kB/1.10MB [3s] 
Reading from 0x00098000 ━━━━━━━━━━━━━━━━                54.2% 608.00kB/1.10MB [3s] 
Reading from 0x00099000 ━━━━━━━━━━━━━━━━                54.6% 612.00kB/1.10MB [3s] 
Reading from 0x0009a000 ━━━━━━━━━━━━━━━━                54.9% 616.00kB/1.10MB [3s] 
Reading from 0x0009b000 ━━━━━━━━━━━━━━━━╸               55.3% 620.00kB/1.10MB [3s] 
Reading from 0x0009c000 ━━━━━━━━━━━━━━━━╸               55.6% 624.00kB/1.10MB [3s] 
Reading from 0x0009d000 ━━━━━━━━━━━━━━━━╸               56.0% 628.00kB/1.10MB [3s] 
Reading from 0x0009e000 ━━━━━━━━━━━━━━━━╸               56.3% 632.00kB/1.10MB [3s] 
Reading from 0x0009f000 ━━━━━━━━━━━━━━━━━               56.7% 636.00kB/1.10MB [3s] 
Reading from 0x000a0000 ━━━━━━━━━━━━━━━━━               57.1% 640.00kB/1.10MB [3s] 
Reading from 0x000a1000 ━━━━━━━━━━━━━━━━━               57.4% 644.00kB/1.10MB [3s] 
Reading from 0x000a2000 ━━━━━━━━━━━━━━━━━               57.8% 648.00kB/1.10MB [4s] 
Reading from 0x000a3000 ━━━━━━━━━━━━━━━━━               58.1% 652.00kB/1.10MB [4s] 
Reading from 0x000a4000 ━━━━━━━━━━━━━━━━━╸              58.5% 656.00kB/1.10MB [4s] 
Reading from 0x000a5000 ━━━━━━━━━━━━━━━━━╸              58.8% 660.00kB/1.10MB [4s] 
Reading from 0x000a6000 ━━━━━━━━━━━━━━━━━╸              59.2% 664.00kB/1.10MB [4s] 
Reading from 0x000a7000 ━━━━━━━━━━━━━━━━━╸              59.6% 668.00kB/1.10MB [4s] 
Reading from 0x000a8000 ━━━━━━━━━━━━━━━━━╸              59.9% 672.00kB/1.10MB [4s] 
Reading from 0x000a9000 ━━━━━━━━━━━━━━━━━━              60.3% 676.00kB/1.10MB [4s] 
Reading from 0x000aa000 ━━━━━━━━━━━━━━━━━━              60.6% 680.00kB/1.10MB [4s] 
Reading from 0x000ab000 ━━━━━━━━━━━━━━━━━━              61.0% 684.00kB/1.10MB [4s] 
Reading from 0x000ac000 ━━━━━━━━━━━━━━━━━━              61.3% 688.00kB/1.10MB [4s] 
Reading from 0x000ad000 ━━━━━━━━━━━━━━━━━━╸             61.7% 692.00kB/1.10MB [4s] 
Reading from 0x000ae000 ━━━━━━━━━━━━━━━━━━╸             62.1% 696.00kB/1.10MB [4s] 
Reading from 0x000af000 ━━━━━━━━━━━━━━━━━━╸             62.4% 700.00kB/1.10MB [4s] 
Reading from 0x000b0000 ━━━━━━━━━━━━━━━━━━╸             62.8% 704.00kB/1.10MB [4s] 
Reading from 0x000b1000 ━━━━━━━━━━━━━━━━━━╸             63.1% 708.00kB/1.10MB [4s] 
Reading from 0x000b2000 ━━━━━━━━━━━━━━━━━━━             63.5% 712.00kB/1.10MB [4s] 
Reading from 0x000b3000 ━━━━━━━━━━━━━━━━━━━             63.8% 716.00kB/1.10MB [4s] 
Reading from 0x000b4000 ━━━━━━━━━━━━━━━━━━━             64.2% 720.00kB/1.10MB [4s] 
Reading from 0x000b5000 ━━━━━━━━━━━━━━━━━━━             64.5% 724.00kB/1.10MB [4s] 
Reading from 0x000b6000 ━━━━━━━━━━━━━━━━━━━             64.9% 728.00kB/1.10MB [4s] 
Reading from 0x000b7000 ━━━━━━━━━━━━━━━━━━━╸            65.3% 732.00kB/1.10MB [4s] 
Reading from 0x000b8000 ━━━━━━━━━━━━━━━━━━━╸            65.6% 736.00kB/1.10MB [4s] 
Reading from 0x000b9000 ━━━━━━━━━━━━━━━━━━━╸            66.0% 740.00kB/1.10MB [4s] 
Reading from 0x000ba000 ━━━━━━━━━━━━━━━━━━━╸            66.3% 744.00kB/1.10MB [4s] 
Reading from 0x000bb000 ━━━━━━━━━━━━━━━━━━━━            66.7% 748.00kB/1.10MB [4s] 
Reading from 0x000bc000 ━━━━━━━━━━━━━━━━━━━━            67.0% 752.00kB/1.10MB [4s] 
Reading from 0x000bd000 ━━━━━━━━━━━━━━━━━━━━            67.4% 756.00kB/1.10MB [4s] 
Reading from 0x000be000 ━━━━━━━━━━━━━━━━━━━━            67.8% 760.00kB/1.10MB [4s] 
Reading from 0x000bf000 ━━━━━━━━━━━━━━━━━━━━            68.1% 764.00kB/1.10MB [4s] 
Reading from 0x000c0000 ━━━━━━━━━━━━━━━━━━━━╸           68.5% 768.00kB/1.10MB [4s] 
Reading from 0x000c1000 ━━━━━━━━━━━━━━━━━━━━╸           68.8% 772.00kB/1.10MB [4s] 
Reading from 0x000c2000 ━━━━━━━━━━━━━━━━━━━━╸           69.2% 776.00kB/1.10MB [4s] 
Reading from 0x000c3000 ━━━━━━━━━━━━━━━━━━━━╸           69.5% 780.00kB/1.10MB [4s] 
Reading from 0x000c4000 ━━━━━━━━━━━━━━━━━━━━╸           69.9% 784.00kB/1.10MB [4s] 
Reading from 0x000c5000 ━━━━━━━━━━━━━━━━━━━━━           70.3% 788.00kB/1.10MB [4s] 
Reading from 0x000c6000 ━━━━━━━━━━━━━━━━━━━━━           70.6% 792.00kB/1.10MB [4s] 
Reading from 0x000c7000 ━━━━━━━━━━━━━━━━━━━━━           71.0% 796.00kB/1.10MB [4s] 
Reading from 0x000c8000 ━━━━━━━━━━━━━━━━━━━━━           71.3% 800.00kB/1.10MB [4s] 
Reading from 0x000c9000 ━━━━━━━━━━━━━━━━━━━━━╸          71.7% 804.00kB/1.10MB [5s] 
Reading from 0x000ca000 ━━━━━━━━━━━━━━━━━━━━━╸          72.0% 808.00kB/1.10MB [5s] 
Reading from 0x000cb000 ━━━━━━━━━━━━━━━━━━━━━╸          72.4% 812.00kB/1.10MB [5s] 
Reading from 0x000cc000 ━━━━━━━━━━━━━━━━━━━━━╸          72.7% 816.00kB/1.10MB [5s] 
Reading from 0x000cd000 ━━━━━━━━━━━━━━━━━━━━━╸          73.1% 820.00kB/1.10MB [5s] 
Reading from 0x000ce000 ━━━━━━━━━━━━━━━━━━━━━━          73.5% 824.00kB/1.10MB [5s] 
Reading from 0x000cf000 ━━━━━━━━━━━━━━━━━━━━━━          73.8% 828.00kB/1.10MB [5s] 
Reading from 0x000d0000 ━━━━━━━━━━━━━━━━━━━━━━          74.2% 832.00kB/1.10MB [5s] 
Reading from 0x000d1000 ━━━━━━━━━━━━━━━━━━━━━━          74.5% 836.00kB/1.10MB [5s] 
Reading from 0x000d2000 ━━━━━━━━━━━━━━━━━━━━━━          74.9% 840.00kB/1.10MB [5s] 
Reading from 0x000d3000 ━━━━━━━━━━━━━━━━━━━━━━╸         75.2% 844.00kB/1.10MB [5s] 
Reading from 0x000d4000 ━━━━━━━━━━━━━━━━━━━━━━╸         75.6% 848.00kB/1.10MB [5s] 
Reading from 0x000d5000 ━━━━━━━━━━━━━━━━━━━━━━╸         76.0% 852.00kB/1.10MB [5s] 
Reading from 0x000d6000 ━━━━━━━━━━━━━━━━━━━━━━╸         76.3% 856.00kB/1.10MB [5s] 
Reading from 0x000d7000 ━━━━━━━━━━━━━━━━━━━━━━━         76.7% 860.00kB/1.10MB [5s] 
Reading from 0x000d8000 ━━━━━━━━━━━━━━━━━━━━━━━         77.0% 864.00kB/1.10MB [5s] 
Reading from 0x000d9000 ━━━━━━━━━━━━━━━━━━━━━━━         77.4% 868.00kB/1.10MB [5s] 
Reading from 0x000da000 ━━━━━━━━━━━━━━━━━━━━━━━         77.7% 872.00kB/1.10MB [5s] 
Reading from 0x000db000 ━━━━━━━━━━━━━━━━━━━━━━━         78.1% 876.00kB/1.10MB [5s] 
Reading from 0x000dc000 ━━━━━━━━━━━━━━━━━━━━━━━╸        78.5% 880.00kB/1.10MB [5s] 
Reading from 0x000dd000 ━━━━━━━━━━━━━━━━━━━━━━━╸        78.8% 884.00kB/1.10MB [5s] 
Reading from 0x000de000 ━━━━━━━━━━━━━━━━━━━━━━━╸        79.2% 888.00kB/1.10MB [5s] 
Reading from 0x000df000 ━━━━━━━━━━━━━━━━━━━━━━━╸        79.5% 892.00kB/1.10MB [5s] 
Reading from 0x000e0000 ━━━━━━━━━━━━━━━━━━━━━━━╸        79.9% 896.00kB/1.10MB [5s] 
Reading from 0x000e1000 ━━━━━━━━━━━━━━━━━━━━━━━━        80.2% 900.00kB/1.10MB [5s] 
Reading from 0x000e2000 ━━━━━━━━━━━━━━━━━━━━━━━━        80.6% 904.00kB/1.10MB [5s] 
Reading from 0x000e3000 ━━━━━━━━━━━━━━━━━━━━━━━━        81.0% 908.00kB/1.10MB [5s] 
Reading from 0x000e4000 ━━━━━━━━━━━━━━━━━━━━━━━━        81.3% 912.00kB/1.10MB [5s] 
Reading from 0x000e5000 ━━━━━━━━━━━━━━━━━━━━━━━━        81.7% 916.00kB/1.10MB [5s] 
Reading from 0x000e6000 ━━━━━━━━━━━━━━━━━━━━━━━━╸       82.0% 920.00kB/1.10MB [5s] 
Reading from 0x000e7000 ━━━━━━━━━━━━━━━━━━━━━━━━╸       82.4% 924.00kB/1.10MB [5s] 
Reading from 0x000e8000 ━━━━━━━━━━━━━━━━━━━━━━━━╸       82.7% 928.00kB/1.10MB [5s] 
Reading from 0x000e9000 ━━━━━━━━━━━━━━━━━━━━━━━━╸       83.1% 932.00kB/1.10MB [5s] 
Reading from 0x000ea000 ━━━━━━━━━━━━━━━━━━━━━━━━━       83.4% 936.00kB/1.10MB [5s] 
Reading from 0x000eb000 ━━━━━━━━━━━━━━━━━━━━━━━━━       83.8% 940.00kB/1.10MB [5s] 
Reading from 0x000ec000 ━━━━━━━━━━━━━━━━━━━━━━━━━       84.2% 944.00kB/1.10MB [5s] 
Reading from 0x000ed000 ━━━━━━━━━━━━━━━━━━━━━━━━━       84.5% 948.00kB/1.10MB [5s] 
Reading from 0x000ee000 ━━━━━━━━━━━━━━━━━━━━━━━━━       84.9% 952.00kB/1.10MB [5s] 
Reading from 0x000ef000 ━━━━━━━━━━━━━━━━━━━━━━━━━╸      85.2% 956.00kB/1.10MB [6s] 
Reading from 0x000f0000 ━━━━━━━━━━━━━━━━━━━━━━━━━╸      85.6% 960.00kB/1.10MB [6s] 
Reading from 0x000f1000 ━━━━━━━━━━━━━━━━━━━━━━━━━╸      85.9% 964.00kB/1.10MB [6s] 
Reading from 0x000f2000 ━━━━━━━━━━━━━━━━━━━━━━━━━╸      86.3% 968.00kB/1.10MB [6s] 
Reading from 0x000f3000 ━━━━━━━━━━━━━━━━━━━━━━━━━╸      86.7% 972.00kB/1.10MB [6s] 
Reading from 0x000f4000 ━━━━━━━━━━━━━━━━━━━━━━━━━━      87.0% 976.00kB/1.10MB [6s] 
Reading from 0x000f5000 ━━━━━━━━━━━━━━━━━━━━━━━━━━      87.4% 980.00kB/1.10MB [6s] 
Reading from 0x000f6000 ━━━━━━━━━━━━━━━━━━━━━━━━━━      87.7% 984.00kB/1.10MB [6s] 
Reading from 0x000f7000 ━━━━━━━━━━━━━━━━━━━━━━━━━━      88.1% 988.00kB/1.10MB [6s] 
Reading from 0x000f8000 ━━━━━━━━━━━━━━━━━━━━━━━━━━╸     88.4% 992.00kB/1.10MB [6s] 
Reading from 0x000f9000 ━━━━━━━━━━━━━━━━━━━━━━━━━━╸     88.8% 996.00kB/1.10MB [6s] 
Reading from 0x000fa000 ━━━━━━━━━━━━━━━━━━━━━━━━━━╸     89.2% 1000.00kB/1.10MB [6s] 
Reading from 0x000fb000 ━━━━━━━━━━━━━━━━━━━━━━━━━━╸     89.5% 1004.00kB/1.10MB [6s] 
Reading from 0x000fc000 ━━━━━━━━━━━━━━━━━━━━━━━━━━╸     89.9% 1008.00kB/1.10MB [6s] 
Reading from 0x000fd000 ━━━━━━━━━━━━━━━━━━━━━━━━━━━     90.2% 1012.00kB/1.10MB [6s] 
Reading from 0x000fe000 ━━━━━━━━━━━━━━━━━━━━━━━━━━━     90.6% 1016.00kB/1.10MB [6s] 
Reading from 0x000ff000 ━━━━━━━━━━━━━━━━━━━━━━━━━━━     90.9% 1020.00kB/1.10MB [6s] 
Reading from 0x00100000 ━━━━━━━━━━━━━━━━━━━━━━━━━━━     91.3% 1.00MB/1.10MB [6s] 
Reading from 0x00101000 ━━━━━━━━━━━━━━━━━━━━━━━━━━━     91.6% 1.00MB/1.10MB [6s] 
Reading from 0x00102000 ━━━━━━━━━━━━━━━━━━━━━━━━━━━╸    92.0% 1.01MB/1.10MB [6s] 
Reading from 0x00103000 ━━━━━━━━━━━━━━━━━━━━━━━━━━━╸    92.4% 1.01MB/1.10MB [6s] 
Reading from 0x00104000 ━━━━━━━━━━━━━━━━━━━━━━━━━━━╸    92.7% 1.02MB/1.10MB [6s] 
Reading from 0x00105000 ━━━━━━━━━━━━━━━━━━━━━━━━━━━╸    93.1% 1.02MB/1.10MB [6s] 
Reading from 0x00106000 ━━━━━━━━━━━━━━━━━━━━━━━━━━━━    93.4% 1.02MB/1.10MB [6s] 
Reading from 0x00107000 ━━━━━━━━━━━━━━━━━━━━━━━━━━━━    93.8% 1.03MB/1.10MB [6s] 
Reading from 0x00108000 ━━━━━━━━━━━━━━━━━━━━━━━━━━━━    94.1% 1.03MB/1.10MB [6s] 
Reading from 0x00109000 ━━━━━━━━━━━━━━━━━━━━━━━━━━━━    94.5% 1.04MB/1.10MB [6s] 
Reading from 0x0010a000 ━━━━━━━━━━━━━━━━━━━━━━━━━━━━    94.9% 1.04MB/1.10MB [6s] 
Reading from 0x0010b000 ━━━━━━━━━━━━━━━━━━━━━━━━━━━━╸   95.2% 1.04MB/1.10MB [6s] 
Reading from 0x0010c000 ━━━━━━━━━━━━━━━━━━━━━━━━━━━━╸   95.6% 1.05MB/1.10MB [6s] 
Reading from 0x0010d000 ━━━━━━━━━━━━━━━━━━━━━━━━━━━━╸   95.9% 1.05MB/1.10MB [6s] 
Reading from 0x0010e000 ━━━━━━━━━━━━━━━━━━━━━━━━━━━━╸   96.3% 1.05MB/1.10MB [6s] 
Reading from 0x0010f000 ━━━━━━━━━━━━━━━━━━━━━━━━━━━━╸   96.6% 1.06MB/1.10MB [6s] 
Reading from 0x00110000 ━━━━━━━━━━━━━━━━━━━━━━━━━━━━━   97.0% 1.06MB/1.10MB [6s] 
Reading from 0x00111000 ━━━━━━━━━━━━━━━━━━━━━━━━━━━━━   97.4% 1.07MB/1.10MB [6s] 
Reading from 0x00112000 ━━━━━━━━━━━━━━━━━━━━━━━━━━━━━   97.7% 1.07MB/1.10MB [6s] 
Reading from 0x00113000 ━━━━━━━━━━━━━━━━━━━━━━━━━━━━━   98.1% 1.07MB/1.10MB [6s] 
Reading from 0x00114000 ━━━━━━━━━━━━━━━━━━━━━━━━━━━━━╸  98.4% 1.08MB/1.10MB [6s] 
Reading from 0x00115000 ━━━━━━━━━━━━━━━━━━━━━━━━━━━━━╸  98.8% 1.08MB/1.10MB [7s] 
Reading from 0x00116000 ━━━━━━━━━━━━━━━━━━━━━━━━━━━━━╸  99.1% 1.09MB/1.10MB [7s] 
Reading from 0x00117000 ━━━━━━━━━━━━━━━━━━━━━━━━━━━━━╸  99.5% 1.09MB/1.10MB [7s] 
Reading from 0x00118000 ━━━━━━━━━━━━━━━━━━━━━━━━━━━━━╸  99.9% 1.09MB/1.10MB [7s] 
Reading from 0x001186b0 ━━━━━━━━━━━━━━━━━━━━━━━━━━━━━━ 100.0% 1.10MB/1.10MB [7s] 
Read 1148592 bytes from 0x00000000 in 7.1 seconds (1294.4 kbit/s) to '/home/osh/e2e/hw3/h11-flash/readback-38:44:BE:BF:C9:10.bin'.

Hard resetting via RTS pin...
