INFO: Adding config override /tmp/cfix/w-pass-installed.QLfE7Y/override.conf
INFO: Including sub-config file: /root/kismet-install/etc/kismet_httpd.conf
INFO: Including sub-config file: /root/kismet-install/etc/kismet_memory.conf
INFO: Including sub-config file: /root/kismet-install/etc/kismet_alerts.conf
INFO: Including sub-config file: /root/kismet-install/etc/kismet_80211.conf
INFO: Including sub-config file: /root/kismet-install/etc/kismet_logging.conf
INFO: Including sub-config file: /root/kismet-install/etc/kismet_filter.conf
INFO: Including sub-config file: /root/kismet-install/etc/kismet_uav.conf
INFO: Loading config override file '/root/kismet-install/etc/kismet_package.conf'
INFO: Optional sub-config file not present: /root/kismet-install/etc/kismet_package.conf
INFO: Loading config override file '/root/kismet-install/etc/kismet_site.conf'
INFO: Optional sub-config file not present: /root/kismet-install/etc/kismet_site.conf
INFO: Loading config override file '/tmp/cfix/w-pass-installed.QLfE7Y/override.conf'
INFO: Loading optional sub-config file: /tmp/cfix/w-pass-installed.QLfE7Y/override.conf
INFO: Generated server UUID 6EE23384-BBF7-11F1-9F61-4B49534D4554 and storing in /tmp/cfix/w-pass-installed.QLfE7Y/home/.kismet//kismet_server_id.conf
INFO: Setting server UUID 6EE23384-BBF7-11F1-9F61-4B49534D4554
INFO: Starting Beast webserver on 0.0.0.0:2601
INFO: Opened OUI file '/root/kismet-install/share/kismet/kismet_manuf.txt.gz
INFO: Indexing manufacturer db
INFO: Completed indexing manufacturer db, 38959 lines and 780 indexes.
INFO: Saving devices to the Kismet database log every 30 seconds
INFO: Using default rates of 10/min, 1/sec for alert 'DEVICEFOUND'
INFO: Using default rates of 10/min, 1/sec for alert 'DEVICELOST'
DEBUG: ssid canary FooCanary:ssid="FoobarCanary"
DEBUG: ssid canary FooCanart2:ssid="(?i:foobarcanary)"
INFO: Registering support for DLT_PPI packet header decoding
INFO: Registering support for DLT_RADIOTAP packet header decoding
INFO: Registering support for DLT_BTLE_RADIO packet header decoding
INFO: Using default rates of 10/min, 1/sec for alert 'BADFIXLENIE'
INFO: PHY80211 will only process AP signal levels from beacons
INFO: Allowing Kismet clients to view WEP keys
INFO: Keeping EAPOL packets in memory for easy download and WIDS functionality; this can use more RAM.
DEBUG: reserve_fields home id 538 app id 539
INFO: Registered PHY handler 'IEEE802.11' as ID 0
INFO: Registered PHY handler 'RFSENSOR' as ID 1
INFO: Registered PHY handler 'Z-Wave' as ID 2
INFO: Registered PHY handler 'Bluetooth' as ID 3
INFO: Registered PHY handler 'UAV' as ID 4
INFO: Registered PHY handler 'NrfMousejack' as ID 5
ERROR: Tried to re-register duplicate alert FLIPPERZERO
INFO: Registered PHY handler 'BTLE' as ID 6
INFO: Registered PHY handler 'METER' as ID 7
INFO: Indexing ADSB ICAO db
INFO: Completed indexing ADSB ICAO db, 341068 lines 6822 indexes
INFO: Registered PHY handler 'ADSB' as ID 8
INFO: Registered PHY handler '802.15.4' as ID 9
INFO: Registered PHY handler 'RADIATION' as ID 10
INFO: (HTTPD) Could not read session data file, skipping loading saved sessions.
INFO: Serving static file content from /root/kismet-install/share/kismet/httpd/
INFO: Enabling channel hopping by default on sources which support channel control.
INFO: Setting default channel hop rate to 5/sec
INFO: Enabling channel list splitting on sources which share the same list of channels
INFO: Enabling channel list shuffling to optimize overlaps
INFO: Sources will be re-opened if they encounter an error
INFO: Saving datasources to the Kismet database log every 30 seconds
INFO: Launching remote capture server on 127.0.0.1 3601
INFO: No data sources defined; Kismet will not capture anything until a source is added.
ALERT: LOGDISABLED Logging has been disabled via the Kismet config files or the command line.  Pcap, database, and related logs will not be saved.
INFO: Logging disabled, not enabling any log drivers.
INFO: GPS track will be logged to the Kismet logfile
ALERT: ROOTUSER Kismet is running as root; this is less secure.  If you are running Kismet at boot via systemd, make sure to use `systemctl edit kismet.service` to change the user.  For more information, see the Kismet README for setting up Kismet with minimal privileges.
INFO: Starting Kismet web server...
INFO: HTTP server listening on 0.0.0.0:2601
INFO: Could not open system plugin directory (/root/kismet-install/lib/kismet/), skipping: No such file or directory
INFO: Did not find a user plugin directory (/tmp/cfix/w-pass-installed.QLfE7Y/home/.kismet//plugins/), skipping: No such file or directory
INFO: New remote source fx-pass (E5C50001-0000-0000-0000-CBB0E658CB8D) connected
INFO: fx-pass - fx-pass capturing (wifi)
INFO: Detected new 802.11 Wi-Fi access point 02:E5:C5:00:00:06
INFO: 802.11 Wi-Fi device 02:E5:C5:00:00:06 advertising new SSID 'ESP32C5-FAKE-24'
ERROR: Data source 'fx-pass / esp32c5-pts/3:channel=6,channel_hop=false,name=fx-pass' ('esp32c5-pts/3') encountered an error: websocket connection closed

*** KISMET IS SHUTTING DOWN ***
Shutting down plugins...
WARNING: Kismet changes the configuration of network devices.
         In most cases you will need to restart networking for
         your interface (varies per distribution and OS), but 
         typically one of:
         sudo service networking restart
         sudo /etc/init.d/networking restart
         or
         nmcli device set [device] managed true

Kismet exiting.
EXITING: Signal service thread complete.
