esptool v5.4.0
Serial port /dev/serial/by-id/usb-Espressif_USB_JTAG_serial_debug_unit_38:44:BE:BF:D8:0C-if00:
Connecting...
Connected to ESP32-C5 on /dev/serial/by-id/usb-Espressif_USB_JTAG_serial_debug_unit_38:44:BE:BF:D8:0C-if00:
Chip type:          ESP32-C5 (revision v1.0)
Features:           Wi-Fi 6 (dual-band), BT 5 (LE), IEEE802.15.4, Single Core + LP Core, 240MHz
Crystal frequency:  48MHz
USB mode:           USB-Serial/JTAG
MAC:                38:44:be:ff:fe:bf:d8:0c
BASE MAC:           38:44:be:bf:d8:0c
MAC_EXT:            ff:fe

Uploading stub flasher...
Running stub flasher...
Stub flasher running.

Configuring flash size...
Flash will be erased from 0x00000000 to 0x00118fff...
Compressed 1148592 bytes to 655696...
Writing at 0x00011240 ╸                                2.5% 16.00kB/640.33kB [0s] 
Writing at 0x0001d3d4 ━                                5.0% 32.00kB/640.33kB [0s] 
Writing at 0x000269e5 ━━                               7.5% 48.00kB/640.33kB [1s] 
Writing at 0x000309ee ━━╸                             10.0% 64.00kB/640.33kB [1s] 
Writing at 0x00037b85 ━━━╸                            12.5% 80.00kB/640.33kB [2s] 
Writing at 0x0003f14b ━━━━                            15.0% 96.00kB/640.33kB [2s] 
Writing at 0x00046336 ━━━━━                           17.5% 112.00kB/640.33kB [3s] 
Writing at 0x0004c150 ━━━━━╸                          20.0% 128.00kB/640.33kB [3s] 
Writing at 0x00052298 ━━━━━━╸                         22.5% 144.00kB/640.33kB [4s] 
Writing at 0x000586ab ━━━━━━━                         25.0% 160.00kB/640.33kB [4s] 
Writing at 0x0005e7f1 ━━━━━━━━                        27.5% 176.00kB/640.33kB [4s] 
Writing at 0x00064dd4 ━━━━━━━━╸                       30.0% 192.00kB/640.33kB [4s] 
Writing at 0x0006aa95 ━━━━━━━━━╸                      32.5% 208.00kB/640.33kB [5s] 
Writing at 0x00070f4e ━━━━━━━━━━                      35.0% 224.00kB/640.33kB [5s] 
Writing at 0x0007821f ━━━━━━━━━━━                     37.5% 240.00kB/640.33kB [5s] 
Writing at 0x0007ed43 ━━━━━━━━━━━╸                    40.0% 256.00kB/640.33kB [5s] 
Writing at 0x000858f8 ━━━━━━━━━━━━╸                   42.5% 272.00kB/640.33kB [5s] 
Writing at 0x0008c3f3 ━━━━━━━━━━━━━                   45.0% 288.00kB/640.33kB [5s] 
Writing at 0x00092da2 ━━━━━━━━━━━━━━                  47.5% 304.00kB/640.33kB [5s] 
Writing at 0x00098f49 ━━━━━━━━━━━━━━╸                 50.0% 320.00kB/640.33kB [6s] 
Writing at 0x0009ec8d ━━━━━━━━━━━━━━━╸                52.5% 336.00kB/640.33kB [6s] 
Writing at 0x000a4b67 ━━━━━━━━━━━━━━━━                55.0% 352.00kB/640.33kB [6s] 
Writing at 0x000aa6a4 ━━━━━━━━━━━━━━━━━               57.5% 368.00kB/640.33kB [6s] 
Writing at 0x000b0350 ━━━━━━━━━━━━━━━━━╸              60.0% 384.00kB/640.33kB [6s] 
Writing at 0x000b6618 ━━━━━━━━━━━━━━━━━━╸             62.5% 400.00kB/640.33kB [6s] 
Writing at 0x000bc264 ━━━━━━━━━━━━━━━━━━━             65.0% 416.00kB/640.33kB [6s] 
Writing at 0x000c2d0a ━━━━━━━━━━━━━━━━━━━━            67.5% 432.00kB/640.33kB [6s] 
Writing at 0x000c921e ━━━━━━━━━━━━━━━━━━━━╸           70.0% 448.00kB/640.33kB [7s] 
Writing at 0x000cf578 ━━━━━━━━━━━━━━━━━━━━━╸          72.5% 464.00kB/640.33kB [7s] 
Writing at 0x000d5c7c ━━━━━━━━━━━━━━━━━━━━━━          75.0% 480.00kB/640.33kB [7s] 
Writing at 0x000dbb7e ━━━━━━━━━━━━━━━━━━━━━━━         77.5% 496.00kB/640.33kB [7s] 
Writing at 0x000e18b6 ━━━━━━━━━━━━━━━━━━━━━━━╸        80.0% 512.00kB/640.33kB [7s] 
Writing at 0x000e944b ━━━━━━━━━━━━━━━━━━━━━━━━╸       82.5% 528.00kB/640.33kB [7s] 
Writing at 0x000eeede ━━━━━━━━━━━━━━━━━━━━━━━━━       85.0% 544.00kB/640.33kB [7s] 
Writing at 0x000f61b0 ━━━━━━━━━━━━━━━━━━━━━━━━━━      87.5% 560.00kB/640.33kB [7s] 
Writing at 0x000fc4d3 ━━━━━━━━━━━━━━━━━━━━━━━━━━╸     90.0% 576.00kB/640.33kB [7s] 
Writing at 0x001028be ━━━━━━━━━━━━━━━━━━━━━━━━━━━╸    92.5% 592.00kB/640.33kB [8s] 
Writing at 0x00109927 ━━━━━━━━━━━━━━━━━━━━━━━━━━━━    95.0% 608.00kB/640.33kB [8s] 
Writing at 0x0010f761 ━━━━━━━━━━━━━━━━━━━━━━━━━━━━━   97.5% 624.00kB/640.33kB [8s] 
Writing at 0x00118364 ━━━━━━━━━━━━━━━━━━━━━━━━━━━━━╸  99.9% 640.00kB/640.33kB [8s] 
Writing at 0x001186b0 ━━━━━━━━━━━━━━━━━━━━━━━━━━━━━━ 100.0% 640.33kB/640.33kB [8s] 
Wrote 1148592 bytes (655696 compressed) at 0x00000000 in 8.7 seconds (1051.7 kbit/s).
Verifying written data...
Hash of data verified.

Hard resetting via RTS pin...
