===== C local: esp32c5:device=/tmp/hw3/h10-pty/nob,mode=btle,name=oldfw
fake board pid 424234, /tmp/hw3/h10-pty/nob -> /dev/pts/2
kismet up after 0.60 s, pid 424244, home /tmp/hw3/h10c, status.json HTTP 200
oldfw                      run=1 err=0 rem=0 pkts=0      ch=37   hop=1 nch=1 pid=424955 uuid=E5C50003-0000-0000-0000-E558647A0856 dlt=256 reason=IPC connection closed
kismet 424244 stopped
   0.44 INFO: Found type 'esp32c5' for 'esp32c5:device=/tmp/hw3/h10-pty/nob,mode=btle,name=oldfw'
   0.45 INFO: Data source 'esp32c5:device=/tmp/hw3/h10-pty/nob,mode=btle,name=oldfw' launched successfully
   1.45 INFO: oldfw: lost sync (the board sends link type 127, not 256)
  15.91 ERROR: oldfw: no capture from the board on /tmp/hw3/h10-pty/nob for 15 seconds; is it flashed with the esp32c5 sniffer firmware, and is nothing else holding the port?
  15.91 ERROR: Data source 'oldfw / esp32c5:device=/tmp/hw3/h10-pty/nob,mode=btle,name=oldfw' ('esp32c5') encountered an error: IPC connection closed
  15.91 ALERT: SOURCEERROR Source oldfw (E5C50003-0000-0000-0000-E558647A0856) has encountered an error (IPC connection closed) Kismet will attempt to re-open the source in 5 seconds. (1 failures)
  15.91 ERROR: Source oldfw (E5C50003-0000-0000-0000-E558647A0856) has encountered an error (IPC connection closed) Kismet will attempt to re-open the source in 5 seconds. (1 failures)
  21.21 INFO: Attempting to re-open source oldfw
  21.21 INFO: Attempting to re-open source oldfw
  21.23 ALERT: SOURCEOPEN Source oldfw (E5C50003-0000-0000-0000-E558647A0856) successfully re-opened
  22.23 INFO: oldfw: lost sync (the board sends link type 127, not 256)
  36.71 ERROR: oldfw: no capture from the board on /tmp/hw3/h10-pty/nob for 15 seconds; is it flashed with the esp32c5 sniffer firmware, and is nothing else holding the port?
  36.71 ERROR: Data source 'oldfw / esp32c5:device=/tmp/hw3/h10-pty/nob,mode=btle,name=oldfw' ('esp32c5') encountered an error: IPC connection closed
  36.71 ALERT: SOURCEERROR Source oldfw (E5C50003-0000-0000-0000-E558647A0856) has encountered an error (IPC connection closed) Kismet will attempt to re-open the source in 5 seconds. (2 failures)
  36.71 ERROR: Source oldfw (E5C50003-0000-0000-0000-E558647A0856) has encountered an error (IPC connection closed) Kismet will attempt to re-open the source in 5 seconds. (2 failures)
  41.81 INFO: Attempting to re-open source oldfw
  41.83 ALERT: SOURCEOPEN Source oldfw (E5C50003-0000-0000-0000-E558647A0856) successfully re-opened
  42.83 INFO: oldfw: lost sync (the board sends link type 127, not 256)
Kismet log, C local:
  'capturing' lines: 0; 'lost sync' lines: 3; give-ups ('no capture from the board' / 'has not been capturing'): 2
[fake] MODE BLE: this firmware has no such radio, ignored
[fake] START answered
[fake] MODE BLE: this firmware has no such radio, ignored
[fake] START answered
[fake] MODE BLE: this firmware has no such radio, ignored
[fake] START answered
[fake] MODE BLE: this firmware has no such radio, ignored
[fake] START answered
[fake] MODE BLE: this firmware has no such radio, ignored
[fake] START answered
[fake] MODE BLE: this firmware has no such radio, ignored
[fake] START answered
===== Python remote: --source esp32c5:device=/tmp/hw3/h10-pty/nob,mode=btle,name=oldfw
fake board pid 425053, /tmp/hw3/h10-pty/nob -> /dev/pts/2
kismet up after 0.59 s, pid 425063, home /tmp/hw3/h10p, status.json HTTP 200
oldfw                      run=1 err=0 rem=1 pkts=0      ch=37   hop=1 nch=1 pid=0 uuid=E5C50003-0000-0000-0000-E558647A0856 dlt=256 reason=remote connection triggered shutdown: the board on /tmp/hw3/h10-pty/nob has not been capturing for 15 s (last: /tmp/hw3/h10-pty/nob: lost sync (the board sends link type 127, not 256))
Python helper exit status 0
kismet 425063 stopped
Python helper log:
  'capturing' lines: 0; 'lost sync' lines: 0; give-ups ('no capture from the board' / 'has not been capturing'): 4
Kismet log, Python remote:
  'capturing' lines: 0; 'lost sync' lines: 0; give-ups ('no capture from the board' / 'has not been capturing'): 4
15:11:46 INFO: esp32c5:device=/tmp/hw3/h10-pty/nob,mode=btle,name=oldfw: connected, offering it to Kismet as E5C50003-0000-0000-0000-E558647A0856
15:11:46 INFO: esp32c5:device=/tmp/hw3/h10-pty/nob,mode=btle,name=oldfw: opening /tmp/hw3/h10-pty/nob for btle
15:11:46 INFO: /tmp/hw3/h10-pty/nob opened
15:11:47 INFO: /tmp/hw3/h10-pty/nob: lost sync (the board sends link type 127, not 256)
15:12:01 ERROR: esp32c5:device=/tmp/hw3/h10-pty/nob,mode=btle,name=oldfw: the board on /tmp/hw3/h10-pty/nob has not been capturing for 15 s (last: /tmp/hw3/h10-pty/nob: lost sync (the board sends link type 127, not 256))
15:12:01 INFO: esp32c5:device=/tmp/hw3/h10-pty/nob,mode=btle,name=oldfw: connection ended: the board on /tmp/hw3/h10-pty/nob has not been capturing for 15 s (last: /tmp/hw3/h10-pty/nob: lost sync (the board sends link type 127, not 256))
15:12:06 INFO: esp32c5:device=/tmp/hw3/h10-pty/nob,mode=btle,name=oldfw: connected, offering it to Kismet as E5C50003-0000-0000-0000-E558647A0856
15:12:06 INFO: esp32c5:device=/tmp/hw3/h10-pty/nob,mode=btle,name=oldfw: opening /tmp/hw3/h10-pty/nob for btle
15:12:06 INFO: /tmp/hw3/h10-pty/nob opened
15:12:07 INFO: /tmp/hw3/h10-pty/nob: lost sync (the board sends link type 127, not 256)
15:12:21 ERROR: esp32c5:device=/tmp/hw3/h10-pty/nob,mode=btle,name=oldfw: the board on /tmp/hw3/h10-pty/nob has not been capturing for 15 s (last: /tmp/hw3/h10-pty/nob: lost sync (the board sends link type 127, not 256))
15:12:21 INFO: esp32c5:device=/tmp/hw3/h10-pty/nob,mode=btle,name=oldfw: connection ended: the board on /tmp/hw3/h10-pty/nob has not been capturing for 15 s (last: /tmp/hw3/h10-pty/nob: lost sync (the board sends link type 127, not 256))
15:12:26 INFO: esp32c5:device=/tmp/hw3/h10-pty/nob,mode=btle,name=oldfw: connected, offering it to Kismet as E5C50003-0000-0000-0000-E558647A0856
15:12:26 INFO: esp32c5:device=/tmp/hw3/h10-pty/nob,mode=btle,name=oldfw: opening /tmp/hw3/h10-pty/nob for btle
15:12:26 INFO: /tmp/hw3/h10-pty/nob opened
15:12:27 INFO: /tmp/hw3/h10-pty/nob: lost sync (the board sends link type 127, not 256)
15:12:31 INFO: stopping
15:12:31 INFO: esp32c5:device=/tmp/hw3/h10-pty/nob,mode=btle,name=oldfw: connection ended: stopped
   0.29 INFO: New remote source oldfw (E5C50003-0000-0000-0000-E558647A0856) connected
   0.30 INFO: oldfw - /tmp/hw3/h10-pty/nob opened
   1.11 INFO: oldfw - /tmp/hw3/h10-pty/nob: lost sync (the board sends link type 127, not 256)
  15.30 ERROR: Data source 'oldfw / esp32c5:device=/tmp/hw3/h10-pty/nob,mode=btle,name=oldfw' ('esp32c5') encountered an error: remote connection triggered shutdown: the board on /tmp/hw3/h10-pty/nob has not been capturing for 15 s (last: /tmp/hw3/h10-pty/nob: lost sync (the board sends link type 12
  20.34 INFO: Matching new remote source 'esp32c5:device=/tmp/hw3/h10-pty/nob,mode=btle,name=oldfw' with known source with UUID 'E5C50003-0000-0000-0000-E558647A0856'
  20.35 INFO: Remote source oldfw (E5C50003-0000-0000-0000-E558647A0856) reconnected
  20.35 INFO: oldfw - /tmp/hw3/h10-pty/nob opened
  21.15 INFO: oldfw - /tmp/hw3/h10-pty/nob: lost sync (the board sends link type 127, not 256)
  35.35 ERROR: Data source 'oldfw / esp32c5:device=/tmp/hw3/h10-pty/nob,mode=btle,name=oldfw' ('esp32c5') encountered an error: remote connection triggered shutdown: the board on /tmp/hw3/h10-pty/nob has not been capturing for 15 s (last: /tmp/hw3/h10-pty/nob: lost sync (the board sends link type 12
  40.38 INFO: Matching new remote source 'esp32c5:device=/tmp/hw3/h10-pty/nob,mode=btle,name=oldfw' with known source with UUID 'E5C50003-0000-0000-0000-E558647A0856'
  40.38 INFO: Remote source oldfw (E5C50003-0000-0000-0000-E558647A0856) reconnected
  40.38 INFO: oldfw - /tmp/hw3/h10-pty/nob opened
  41.19 INFO: oldfw - /tmp/hw3/h10-pty/nob: lost sync (the board sends link type 127, not 256)
  45.47 ERROR: Data source 'oldfw / esp32c5:device=/tmp/hw3/h10-pty/nob,mode=btle,name=oldfw' ('esp32c5') encountered an error: websocket connection closed
