1790683472.919 INFO: Including sub-config file: /home/osh/kismet-install/etc/kismet_httpd.conf
1790683472.919 INFO: Including sub-config file: /home/osh/kismet-install/etc/kismet_memory.conf
1790683472.919 INFO: Including sub-config file: /home/osh/kismet-install/etc/kismet_alerts.conf
1790683472.919 INFO: Including sub-config file: /home/osh/kismet-install/etc/kismet_80211.conf
1790683472.919 INFO: Including sub-config file: /home/osh/kismet-install/etc/kismet_logging.conf
1790683472.919 INFO: Including sub-config file: /home/osh/kismet-install/etc/kismet_filter.conf
1790683472.919 INFO: Including sub-config file: /home/osh/kismet-install/etc/kismet_uav.conf
1790683472.919 INFO: Loading config override file '/home/osh/kismet-install/etc/kismet_package.conf'
1790683472.919 INFO: Optional sub-config file not present: /home/osh/kismet-install/etc/kismet_package.conf
1790683472.919 INFO: Loading config override file '/home/osh/kismet-install/etc/kismet_site.conf'
1790683472.919 INFO: Optional sub-config file not present: /home/osh/kismet-install/etc/kismet_site.conf
1790683472.919 INFO: Generated server UUID EE940084-BBFD-11F1-9384-4B49534D4554 and storing in /tmp/hw3/h9py/.kismet//kismet_server_id.conf
1790683472.919 INFO: Setting server UUID EE940084-BBFD-11F1-9384-4B49534D4554
1790683472.919 INFO: Starting Beast webserver on 0.0.0.0:2501
1790683472.919 INFO: Opened OUI file '/home/osh/kismet-install/share/kismet/kismet_manuf.txt.gz
1790683472.919 INFO: Indexing manufacturer db
1790683472.921 INFO: Completed indexing manufacturer db, 38959 lines and 780 indexes.
1790683472.928 INFO: Saving devices to the Kismet database log every 30 seconds
1790683472.934 INFO: Using default rates of 10/min, 1/sec for alert 'DEVICEFOUND'
1790683472.934 INFO: Using default rates of 10/min, 1/sec for alert 'DEVICELOST'
1790683472.934 INFO: Registering support for DLT_PPI packet header decoding
1790683472.934 INFO: Registering support for DLT_RADIOTAP packet header decoding
1790683472.934 INFO: Registering support for DLT_BTLE_RADIO packet header decoding
1790683472.937 INFO: Using default rates of 10/min, 1/sec for alert 'BADFIXLENIE'
1790683472.938 INFO: PHY80211 will only process AP signal levels from beacons
1790683472.938 INFO: Allowing Kismet clients to view WEP keys
1790683472.938 DEBUG: ssid canary FooCanary:ssid="FoobarCanary"
1790683472.938 DEBUG: ssid canary FooCanart2:ssid="(?i:foobarcanary)"
1790683472.938 INFO: Keeping EAPOL packets in memory for easy download and WIDS functionality; this can use more RAM.
1790683472.941 INFO: Registered PHY handler 'IEEE802.11' as ID 0
1790683472.943 INFO: Registered PHY handler 'RFSENSOR' as ID 1
1790683472.944 INFO: Registered PHY handler 'Z-Wave' as ID 2
1790683472.945 INFO: Registered PHY handler 'Bluetooth' as ID 3
1790683472.945 DEBUG: reserve_fields home id 538 app id 539
1790683472.948 INFO: Registered PHY handler 'UAV' as ID 4
1790683472.949 INFO: Registered PHY handler 'NrfMousejack' as ID 5
1790683472.949 ERROR: Tried to re-register duplicate alert FLIPPERZERO
1790683472.950 INFO: Registered PHY handler 'BTLE' as ID 6
1790683472.951 INFO: Registered PHY handler 'METER' as ID 7
1790683472.951 INFO: Indexing ADSB ICAO db
1790683473.213 INFO: Completed indexing ADSB ICAO db, 341068 lines 6822 indexes
1790683473.215 INFO: Registered PHY handler 'ADSB' as ID 8
1790683473.216 INFO: Registered PHY handler '802.15.4' as ID 9
1790683473.217 INFO: Registered PHY handler 'RADIATION' as ID 10
1790683473.222 INFO: (HTTPD) Could not read session data file, skipping loading saved sessions.
1790683473.222 INFO: Serving static file content from /home/osh/kismet-install/share/kismet/httpd/
1790683473.223 INFO: Enabling channel hopping by default on sources which support channel control.
1790683473.223 INFO: Setting default channel hop rate to 5/sec
1790683473.223 INFO: Enabling channel list splitting on sources which share the same list of channels
1790683473.223 INFO: Enabling channel list shuffling to optimize overlaps
1790683473.223 INFO: Sources will be re-opened if they encounter an error
1790683473.223 INFO: Saving datasources to the Kismet database log every 30 seconds
1790683473.224 INFO: Launching remote capture server on 127.0.0.1 3501
1790683473.226 INFO: No data sources defined; Kismet will not capture anything until a source is added.
1790683473.228 ALERT: LOGDISABLED Logging has been disabled via the Kismet config files or the command line.  Pcap, database, and related logs will not be saved.
1790683473.228 INFO: Logging disabled, not enabling any log drivers.
1790683473.228 INFO: GPS track will be logged to the Kismet logfile
1790683473.229 INFO: Starting Kismet web server...
1790683473.229 INFO: HTTP server listening on 0.0.0.0:2501
1790683473.231 INFO: Could not open system plugin directory (/home/osh/kismet-install/lib/kismet/), skipping: No such file or directory
1790683473.231 INFO: Did not find a user plugin directory (/tmp/hw3/h9py/.kismet//plugins/), skipping: No such file or directory
1790683473.841 INFO: esp32c5zigbee-ttyACM2 - /dev/ttyACM2 opened
1790683473.842 INFO: New remote source esp32c5zigbee-ttyACM2 (E5C50002-0000-0000-0000-3844BEBFD80C) connected
1790683473.845 INFO: New remote source esp32c5-ttyACM0 (E5C50001-0000-0000-0000-10BDA3CF0540) connected
1790683473.849 INFO: esp32c5-ttyACM0 - /dev/ttyACM0 opened
1790683473.850 INFO: esp32c5btle-ttyACM3 - /dev/ttyACM3 opened
1790683473.852 INFO: New remote source esp32c5-ttyACM1 (E5C50001-0000-0000-0000-3844BEBFC910) connected
1790683473.855 INFO: Splitting channels for interfaces using 'esp32c5' among 2 interfaces
1790683473.856 INFO: New remote source esp32c5btle-ttyACM3 (E5C50003-0000-0000-0000-10BDA3C87D54) connected
1790683473.856 INFO: esp32c5-ttyACM1 - /dev/ttyACM1 opened
1790683474.765 INFO: esp32c5-ttyACM1 - /dev/ttyACM1 capturing
1790683474.930 INFO: esp32c5btle-ttyACM3 - /dev/ttyACM3: device reports readiness to read but returned no data (device disconnected or multiple access on port?)
1790683474.977 INFO: esp32c5zigbee-ttyACM2 - /dev/ttyACM2 capturing
1790683475.230 INFO: esp32c5-ttyACM0 - /dev/ttyACM0 capturing
1790683475.418 INFO: Detected new 802.11 Wi-Fi device 4C:2E:5E:D5:FE:E9
1790683475.618 INFO: Detected new 802.11 Wi-Fi access point 26:39:F1:AB:05:B2
1790683475.619 INFO: 802.11 Wi-Fi device 26:39:F1:AB:05:B2 advertising new SSID 'osvc-2'
1790683475.646 INFO: 802.11 Wi-Fi device 26:39:F1:AB:05:B2 advertising new SSID 'osvc-2'
1790683475.811 INFO: Detected new 802.11 Wi-Fi access point 46:AE:30:84:5A:16
1790683475.815 INFO: 802.11 Wi-Fi device 46:AE:30:84:5A:16 advertising a new cloaked SSID
1790683475.830 INFO: Detected new 802.11 Wi-Fi device B0:1F:47:17:AF:4A
1790683475.836 INFO: Detected new 802.11 Wi-Fi device 40:AE:30:84:5A:16
1790683475.841 INFO: Detected new 802.11 Wi-Fi access point 46:AE:30:84:34:B6
1790683475.841 INFO: 802.11 Wi-Fi device 46:AE:30:84:34:B6 advertising a new cloaked SSID
1790683475.891 INFO: Detected new 802.11 Wi-Fi access point 40:AE:30:84:34:B6
1790683475.892 INFO: 802.11 Wi-Fi device 40:AE:30:84:34:B6 advertising new SSID 'cohen42'
1790683475.968 INFO: Detected new 802.11 Wi-Fi device 40:AE:30:84:36:22
1790683476.223 INFO: Detected new 802.11 Wi-Fi access point 42:A2:BA:65:29:F3
1790683476.223 INFO: Detected new 802.11 Wi-Fi device E4:5F:01:49:99:3F
1790683476.313 INFO: Detected new 802.11 Wi-Fi access point 00:B8:C2:B2:AE:57
1790683476.313 INFO: 802.11 Wi-Fi device 00:B8:C2:B2:AE:57 advertising new SSID 'Mor'
1790683476.324 INFO: Detected new 802.11 Wi-Fi access point FA:8F:CA:6C:D1:65
1790683476.326 INFO: 802.11 Wi-Fi device FA:8F:CA:6C:D1:65 advertising new SSID 'JBL Bar 5.1_0891.l025'
1790683476.707 INFO: Detected new 802.11 Wi-Fi device 3A:0A:42:2F:8D:64
1790683476.797 INFO: esp32c5btle-ttyACM3 - /dev/ttyACM3 capturing
1790683476.817 INFO: Detected new 802.11 Wi-Fi access point 46:AE:30:84:36:22
1790683476.818 INFO: 802.11 Wi-Fi device 46:AE:30:84:36:22 advertising a new cloaked SSID
1790683476.910 INFO: Detected new BTLE device 35:29:22:2F:D1:03
1790683476.925 INFO: Detected new BTLE device 47:62:5E:3A:D9:5A
1790683477.217 INFO: Detected new BTLE device 7E:D4:24:6D:EB:56
1790683477.476 INFO: Detected new BTLE device 48:9E:9D:9E:42:7C tcl_AC_t*ap_szkt
1790683478.037 INFO: Detected new 802.11 Wi-Fi device A8:DB:03:42:DE:68
1790683478.202 INFO: Detected new BTLE device FB:4A:2A:19:7B:D8
1790683478.331 INFO: Detected new BTLE device 4D:2C:24:CD:3D:2E
1790683478.333 INFO: Detected new BTLE device 60:B2:AB:88:65:53
1790683479.512 INFO: Detected new BTLE device 20:F1:B2:B9:E5:33
1790683479.792 INFO: Detected new 802.11 Wi-Fi device D2:62:E6:3C:F3:CD
1790683479.976 INFO: 802.11 Wi-Fi device 40:AE:30:84:5A:16 advertising new SSID 'cohen42'
1790683480.022 INFO: Detected new BTLE device F5:31:60:FE:ED:2F
1790683480.578 INFO: Detected new 802.11 Wi-Fi access point 80:AF:CA:75:C2:23
1790683480.579 INFO: 802.11 Wi-Fi device 80:AF:CA:75:C2:23 advertising new SSID 'Cudy-C223'
1790683480.759 INFO: 802.11 Wi-Fi device 40:AE:30:84:36:22 advertising new SSID 'cohen42'
1790683481.874 INFO: Detected new BTLE device EE:25:AE:58:A3:EF
1790683482.002 INFO: Detected new 802.11 Wi-Fi access point 82:AF:CA:25:C2:23
1790683482.003 INFO: 802.11 Wi-Fi device 82:AF:CA:25:C2:23 advertising a new cloaked SSID
1790683482.577 INFO: Detected new 802.11 Wi-Fi access point 58:FC:20:1B:D9:D0
1790683482.577 INFO: 802.11 Wi-Fi device 58:FC:20:1B:D9:D0 advertising new SSID 'Sivan'
1790683482.892 INFO: Detected new 802.11 Wi-Fi device 08:54:11:00:55:F2
1790683482.902 INFO: Detected new 802.11 Wi-Fi device 04:03:12:27:F0:66
1790683484.292 INFO: Detected new 802.11 Wi-Fi device 20:15:DE:A1:04:FB
1790683484.675 INFO: Detected new 802.11 Wi-Fi device 70:F7:54:55:CB:00
1790683484.675 INFO: Detected new 802.11 Wi-Fi device 00:B8:C2:B2:AE:58
1790683484.708 INFO: Detected new BTLE device F2:67:B9:53:58:80
1790683484.974 INFO: Detected new BTLE device F4:DD:06:5E:7E:19
1790683485.077 INFO: Detected new 802.11 Wi-Fi device 94:83:C4:25:9E:39
1790683486.547 INFO: Detected new BTLE device 4C:8D:03:FF:79:34
1790683489.108 INFO: Detected new 802.11 Wi-Fi device 74:F8:DB:5D:D0:61
1790683490.910 INFO: Detected new 802.11 Wi-Fi access point CA:C9:A3:4D:96:E7
1790683490.915 INFO: 802.11 Wi-Fi device CA:C9:A3:4D:96:E7 advertising new SSID 'ESP-4D96E7'
1790683490.977 INFO: Detected new 802.11 Wi-Fi device 20:50:E7:2A:0F:76
1790683492.225 INFO: Detected new 802.11 Wi-Fi device 2C:E0:32:9D:BF:C5
1790683492.785 INFO: Detected new BTLE device 7E:7C:79:3B:73:57
1790683493.208 INFO: Detected new 802.11 Wi-Fi access point B0:1F:47:0D:E9:B9
1790683493.209 INFO: 802.11 Wi-Fi device B0:1F:47:0D:E9:B9 advertising new SSID 'Mor'
1790683493.589 INFO: Detected new 802.11 Wi-Fi device 1C:4D:89:65:18:2A
1790683494.104 INFO: Detected new 802.11 Wi-Fi device DE:85:21:5C:A3:AE
1790683494.740 INFO: Detected new 802.11 Wi-Fi device 66:0E:00:31:0F:33
1790683497.527 INFO: Detected new 802.11 Wi-Fi device 10:FF:E0:76:96:8C
1790683498.401 INFO: Detected new BTLE device 69:E8:9C:2D:2A:BA
1790683498.956 INFO: 802.11 Wi-Fi device 40:AE:30:84:36:22 advertising new SSID 'cohen42'
1790683498.956 INFO: Detected new 802.11 Wi-Fi device D2:EF:39:25:17:0A
1790683499.352 INFO: Detected new 802.11 Wi-Fi device B0:1F:47:10:E2:62
1790683504.086 INFO: Detected new 802.11 Wi-Fi device FC:F5:C4:BE:0B:A5
1790683507.447 INFO: Detected new 802.11 Wi-Fi device 40:AE:30:84:5A:14
1790683508.255 INFO: Detected new 802.11 Wi-Fi device D4:12:43:40:4D:A7
1790683510.031 INFO: Detected new 802.11 Wi-Fi device CE:24:8E:B8:EC:32
1790683512.261 INFO: Detected new 802.11 Wi-Fi device D4:CF:F9:B5:58:AE
1790683514.354 INFO: Detected new 802.11 Wi-Fi device D8:D8:E5:B0:E8:E6
1790683515.337 INFO: Detected new 802.11 Wi-Fi device A8:42:A1:B2:27:77
1790683515.337 INFO: Detected new 802.11 Wi-Fi device D4:E8:53:00:37:6A
1790683516.574 INFO: 802.11 Wi-Fi device 40:AE:30:84:5A:16 advertising new SSID 'cohen42'
1790683516.581 INFO: 802.11 Wi-Fi device 40:AE:30:84:34:B6 advertising new SSID 'cohen42'
1790683517.911 INFO: Detected new 802.11 Wi-Fi device 40:AE:30:84:36:20
1790683518.750 INFO: Detected new BTLE device C2:9F:0E:8A:AE:F3
1790683521.257 INFO: Detected new 802.11 Wi-Fi device 40:AE:30:84:5A:17
1790683522.659 INFO: Detected new BTLE device F7:80:38:C0:DC:FA
1790683527.662 INFO: Detected new 802.11 Wi-Fi device 00:B8:C2:B2:AE:4E
1790683533.078 INFO: 802.11 Wi-Fi device 58:FC:20:1B:D9:D0 advertising new SSID 'Sivan'
1790683533.078 INFO: Detected new 802.11 Wi-Fi device 3C:33:00:3C:D9:72
1790683534.681 ERROR: Data source 'esp32c5btle-ttyACM3 / esp32c5btle-ttyACM3' ('esp32c5btle-ttyACM3') encountered an error: websocket connection closed
1790683534.705 ERROR: Data source 'esp32c5zigbee-ttyACM2 / esp32c5zigbee-ttyACM2' ('esp32c5zigbee-ttyACM2') encountered an error: websocket connection closed
1790683534.707 ERROR: Data source 'esp32c5-ttyACM1 / esp32c5-ttyACM1' ('esp32c5-ttyACM1') encountered an error: websocket connection closed
1790683534.732 ERROR: Data source 'esp32c5-ttyACM0 / esp32c5-ttyACM0' ('esp32c5-ttyACM0') encountered an error: websocket connection closed
1790683535.240 
1790683535.240 *** KISMET IS SHUTTING DOWN ***
1790683535.240 Shutting down plugins...
1790683535.240 WARNING: Kismet changes the configuration of network devices.
1790683535.240          In most cases you will need to restart networking for
1790683535.240          your interface (varies per distribution and OS), but 
1790683535.240          typically one of:
1790683535.240          sudo service networking restart
1790683535.240          sudo /etc/init.d/networking restart
1790683535.240          or
1790683535.240          nmcli device set [device] managed true
1790683535.240 
1790683535.240 Kismet exiting.
1790683535.240 EXITING: Signal service thread complete.
