15:04:33 INFO: esp32c5zigbee-ttyACM2: connected, offering it to Kismet as E5C50002-0000-0000-0000-3844BEBFD80C
15:04:33 INFO: esp32c5-ttyACM0: connected, offering it to Kismet as E5C50001-0000-0000-0000-10BDA3CF0540
15:04:33 INFO: esp32c5btle-ttyACM3: connected, offering it to Kismet as E5C50003-0000-0000-0000-10BDA3C87D54
15:04:33 INFO: esp32c5zigbee-ttyACM2: opening /dev/ttyACM2 for zigbee
15:04:33 INFO: esp32c5-ttyACM0: opening /dev/ttyACM0 for wifi
15:04:33 INFO: esp32c5btle-ttyACM3: opening /dev/ttyACM3 for btle
15:04:33 INFO: esp32c5-ttyACM1: connected, offering it to Kismet as E5C50001-0000-0000-0000-3844BEBFC910
15:04:33 INFO: esp32c5-ttyACM1: opening /dev/ttyACM1 for wifi
15:04:33 INFO: /dev/ttyACM2 opened
15:04:33 INFO: /dev/ttyACM0 opened
15:04:33 INFO: /dev/ttyACM3 opened
15:04:33 INFO: /dev/ttyACM1 opened
15:04:34 INFO: /dev/ttyACM1 capturing
15:04:34 INFO: /dev/ttyACM3: device reports readiness to read but returned no data (device disconnected or multiple access on port?)
15:04:34 INFO: /dev/ttyACM2 capturing
15:04:35 INFO: /dev/ttyACM0 capturing
15:04:36 INFO: /dev/ttyACM3 capturing
15:05:34 INFO: stopping
15:05:34 INFO: esp32c5btle-ttyACM3: connection ended: stopped
15:05:34 INFO: esp32c5zigbee-ttyACM2: connection ended: stopped
15:05:34 INFO: esp32c5-ttyACM1: connection ended: stopped
15:05:34 INFO: esp32c5-ttyACM0: connection ended: stopped
