1790683124.654 INFO: Including sub-config file: /home/osh/kismet-install/etc/kismet_httpd.conf
1790683124.654 INFO: Including sub-config file: /home/osh/kismet-install/etc/kismet_memory.conf
1790683124.654 INFO: Including sub-config file: /home/osh/kismet-install/etc/kismet_alerts.conf
1790683124.654 INFO: Including sub-config file: /home/osh/kismet-install/etc/kismet_80211.conf
1790683124.654 INFO: Including sub-config file: /home/osh/kismet-install/etc/kismet_logging.conf
1790683124.654 INFO: Including sub-config file: /home/osh/kismet-install/etc/kismet_filter.conf
1790683124.654 INFO: Including sub-config file: /home/osh/kismet-install/etc/kismet_uav.conf
1790683124.654 INFO: Loading config override file '/home/osh/kismet-install/etc/kismet_package.conf'
1790683124.654 INFO: Optional sub-config file not present: /home/osh/kismet-install/etc/kismet_package.conf
1790683124.654 INFO: Loading config override file '/home/osh/kismet-install/etc/kismet_site.conf'
1790683124.654 INFO: Optional sub-config file not present: /home/osh/kismet-install/etc/kismet_site.conf
1790683124.654 INFO: Generated server UUID 1EFF40F4-BBFD-11F1-A987-4B49534D4554 and storing in /tmp/hw3/h5r/.kismet//kismet_server_id.conf
1790683124.654 INFO: Setting server UUID 1EFF40F4-BBFD-11F1-A987-4B49534D4554
1790683124.654 INFO: Starting Beast webserver on 0.0.0.0:2501
1790683124.654 INFO: Opened OUI file '/home/osh/kismet-install/share/kismet/kismet_manuf.txt.gz
1790683124.654 INFO: Indexing manufacturer db
1790683124.658 INFO: Completed indexing manufacturer db, 38959 lines and 780 indexes.
1790683124.664 INFO: Saving devices to the Kismet database log every 30 seconds
1790683124.669 INFO: Using default rates of 10/min, 1/sec for alert 'DEVICEFOUND'
1790683124.669 INFO: Using default rates of 10/min, 1/sec for alert 'DEVICELOST'
1790683124.669 INFO: Registering support for DLT_PPI packet header decoding
1790683124.669 INFO: Registering support for DLT_RADIOTAP packet header decoding
1790683124.670 INFO: Registering support for DLT_BTLE_RADIO packet header decoding
1790683124.673 INFO: Using default rates of 10/min, 1/sec for alert 'BADFIXLENIE'
1790683124.673 INFO: PHY80211 will only process AP signal levels from beacons
1790683124.673 INFO: Allowing Kismet clients to view WEP keys
1790683124.674 DEBUG: ssid canary FooCanary:ssid="FoobarCanary"
1790683124.674 DEBUG: ssid canary FooCanart2:ssid="(?i:foobarcanary)"
1790683124.674 INFO: Keeping EAPOL packets in memory for easy download and WIDS functionality; this can use more RAM.
1790683124.676 INFO: Registered PHY handler 'IEEE802.11' as ID 0
1790683124.678 INFO: Registered PHY handler 'RFSENSOR' as ID 1
1790683124.679 INFO: Registered PHY handler 'Z-Wave' as ID 2
1790683124.680 INFO: Registered PHY handler 'Bluetooth' as ID 3
1790683124.680 DEBUG: reserve_fields home id 538 app id 539
1790683124.683 INFO: Registered PHY handler 'UAV' as ID 4
1790683124.684 INFO: Registered PHY handler 'NrfMousejack' as ID 5
1790683124.684 ERROR: Tried to re-register duplicate alert FLIPPERZERO
1790683124.685 INFO: Registered PHY handler 'BTLE' as ID 6
1790683124.686 INFO: Registered PHY handler 'METER' as ID 7
1790683124.686 INFO: Indexing ADSB ICAO db
1790683124.948 INFO: Completed indexing ADSB ICAO db, 341068 lines 6822 indexes
1790683124.949 INFO: Registered PHY handler 'ADSB' as ID 8
1790683124.950 INFO: Registered PHY handler '802.15.4' as ID 9
1790683124.952 INFO: Registered PHY handler 'RADIATION' as ID 10
1790683124.957 INFO: (HTTPD) Could not read session data file, skipping loading saved sessions.
1790683124.957 INFO: Serving static file content from /home/osh/kismet-install/share/kismet/httpd/
1790683124.958 INFO: Enabling channel hopping by default on sources which support channel control.
1790683124.958 INFO: Setting default channel hop rate to 5/sec
1790683124.958 INFO: Enabling channel list splitting on sources which share the same list of channels
1790683124.958 INFO: Enabling channel list shuffling to optimize overlaps
1790683124.958 INFO: Sources will be re-opened if they encounter an error
1790683124.958 INFO: Saving datasources to the Kismet database log every 30 seconds
1790683124.958 INFO: Launching remote capture server on 127.0.0.1 3501
1790683124.960 INFO: No data sources defined; Kismet will not capture anything until a source is added.
1790683124.962 ALERT: LOGDISABLED Logging has been disabled via the Kismet config files or the command line.  Pcap, database, and related logs will not be saved.
1790683124.962 INFO: Logging disabled, not enabling any log drivers.
1790683124.962 INFO: GPS track will be logged to the Kismet logfile
1790683124.963 INFO: Starting Kismet web server...
1790683124.963 INFO: HTTP server listening on 0.0.0.0:2501
1790683124.965 INFO: Could not open system plugin directory (/home/osh/kismet-install/lib/kismet/), skipping: No such file or directory
1790683124.965 INFO: Did not find a user plugin directory (/tmp/hw3/h5r/.kismet//plugins/), skipping: No such file or directory
1790683125.241 INFO: New remote source esp32c5btle-ttyACM3 (E5C50003-0000-0000-0000-10BDA3C87D54) connected
1790683126.057 INFO: esp32c5btle-ttyACM3 - esp32c5btle-ttyACM3 capturing (btle)
1790683126.082 INFO: Detected new BTLE device FB:27:DB:95:BF:92
1790683126.140 INFO: Detected new BTLE device 60:B2:AB:88:65:53
1790683126.146 INFO: Detected new BTLE device 10:B6:6A:4F:59:B3
1790683126.563 INFO: Source 'esp32c5btle-ttyACM3' (E5C50003-0000-0000-0000-10BDA3C87D54) setting channel 38
1790683126.669 INFO: Detected new BTLE device 48:9E:9D:9E:42:7C tcl_AC_t*ap_szkt
1790683126.867 INFO: Detected new BTLE device F4:DD:06:5E:7E:19
1790683127.102 INFO: Detected new BTLE device CB:C4:2C:F0:F7:0C
1790683127.338 INFO: Detected new BTLE device FB:4A:2A:19:7B:D8
1790683127.358 INFO: Detected new BTLE device 4D:2C:24:CD:3D:2E
1790683129.893 INFO: Detected new BTLE device 5B:E0:D6:F5:85:82
1790683130.062 INFO: Source 'esp32c5btle-ttyACM3' (E5C50003-0000-0000-0000-10BDA3C87D54) setting channel 39
1790683133.505 INFO: Source 'esp32c5btle-ttyACM3' (E5C50003-0000-0000-0000-10BDA3C87D54) setting channel 40
1790683133.505 ERROR: esp32c5btle-ttyACM3 - esp32c5btle-ttyACM3 cannot tune to channel 40 in btle mode
1790683140.057 ERROR: Data source 'esp32c5btle-ttyACM3 / esp32c5btle-ttyACM3:channel=38' ('esp32c5btle-ttyACM3') encountered an error: websocket connection closed
1790683143.354 INFO: Matching new remote source 'esp32c5btle-ttyACM3:channel=38' with known source with UUID 'E5C50003-0000-0000-0000-10BDA3C87D54'
1790683143.361 INFO: Remote source esp32c5btle-ttyACM3 (E5C50003-0000-0000-0000-10BDA3C87D54) reconnected
1790683143.361 INFO: esp32c5btle-ttyACM3 - /dev/ttyACM3 opened
1790683144.257 INFO: esp32c5btle-ttyACM3 - /dev/ttyACM3 capturing
1790683144.683 INFO: Source 'esp32c5btle-ttyACM3' (E5C50003-0000-0000-0000-10BDA3C87D54) setting channel 38
1790683147.409 INFO: Detected new BTLE device 76:3C:B0:F4:A5:8F
1790683148.131 INFO: Source 'esp32c5btle-ttyACM3' (E5C50003-0000-0000-0000-10BDA3C87D54) setting channel 39
1790683151.632 INFO: Source 'esp32c5btle-ttyACM3' (E5C50003-0000-0000-0000-10BDA3C87D54) setting channel 40
1790683151.633 ERROR: Data source 'esp32c5btle-ttyACM3 / esp32c5btle-ttyACM3:channel=38' ('esp32c5btle-ttyACM3') encountered an error: 40 is not a channel the board can tune to in btle mode
1790683151.633 ERROR: Source 'esp32c5btle-ttyACM3' (E5C50003-0000-0000-0000-10BDA3C87D54) failed to set channel 40
1790683156.709 INFO: Matching new remote source 'esp32c5btle-ttyACM3:channel=38' with known source with UUID 'E5C50003-0000-0000-0000-10BDA3C87D54'
1790683156.720 INFO: Remote source esp32c5btle-ttyACM3 (E5C50003-0000-0000-0000-10BDA3C87D54) reconnected
1790683156.720 INFO: esp32c5btle-ttyACM3 - /dev/ttyACM3 opened
1790683157.690 INFO: esp32c5btle-ttyACM3 - /dev/ttyACM3 capturing
1790683158.215 ERROR: Data source 'esp32c5btle-ttyACM3 / esp32c5btle-ttyACM3:channel=38' ('esp32c5btle-ttyACM3') encountered an error: websocket connection closed
1790683158.970 
1790683158.971 *** KISMET IS SHUTTING DOWN ***
1790683158.971 Shutting down plugins...
1790683158.971 WARNING: Kismet changes the configuration of network devices.
1790683158.971          In most cases you will need to restart networking for
1790683158.971          your interface (varies per distribution and OS), but 
1790683158.971          typically one of:
1790683158.971          sudo service networking restart
1790683158.971          sudo /etc/init.d/networking restart
1790683158.971          or
1790683158.971          nmcli device set [device] managed true
1790683158.971 
1790683158.971 Kismet exiting.
1790683158.971 EXITING: Signal service thread complete.
