1790683708.554 INFO: Including sub-config file: /home/osh/kismet-install/etc/kismet_httpd.conf
1790683708.554 INFO: Including sub-config file: /home/osh/kismet-install/etc/kismet_memory.conf
1790683708.554 INFO: Including sub-config file: /home/osh/kismet-install/etc/kismet_alerts.conf
1790683708.554 INFO: Including sub-config file: /home/osh/kismet-install/etc/kismet_80211.conf
1790683708.554 INFO: Including sub-config file: /home/osh/kismet-install/etc/kismet_logging.conf
1790683708.554 INFO: Including sub-config file: /home/osh/kismet-install/etc/kismet_filter.conf
1790683708.554 INFO: Including sub-config file: /home/osh/kismet-install/etc/kismet_uav.conf
1790683708.554 INFO: Loading config override file '/home/osh/kismet-install/etc/kismet_package.conf'
1790683708.554 INFO: Optional sub-config file not present: /home/osh/kismet-install/etc/kismet_package.conf
1790683708.554 INFO: Loading config override file '/home/osh/kismet-install/etc/kismet_site.conf'
1790683708.554 INFO: Optional sub-config file not present: /home/osh/kismet-install/etc/kismet_site.conf
1790683708.555 INFO: Generated server UUID 7B06C312-BBFE-11F1-96B5-4B49534D4554 and storing in /tmp/hw3/h9cremote2/.kismet//kismet_server_id.conf
1790683708.555 INFO: Setting server UUID 7B06C312-BBFE-11F1-96B5-4B49534D4554
1790683708.555 INFO: Starting Beast webserver on 0.0.0.0:2501
1790683708.555 INFO: Opened OUI file '/home/osh/kismet-install/share/kismet/kismet_manuf.txt.gz
1790683708.555 INFO: Indexing manufacturer db
1790683708.559 INFO: Completed indexing manufacturer db, 38959 lines and 780 indexes.
1790683708.569 INFO: Saving devices to the Kismet database log every 30 seconds
1790683708.577 INFO: Using default rates of 10/min, 1/sec for alert 'DEVICEFOUND'
1790683708.577 INFO: Using default rates of 10/min, 1/sec for alert 'DEVICELOST'
1790683708.578 INFO: Registering support for DLT_PPI packet header decoding
1790683708.578 INFO: Registering support for DLT_RADIOTAP packet header decoding
1790683708.578 INFO: Registering support for DLT_BTLE_RADIO packet header decoding
1790683708.583 INFO: Using default rates of 10/min, 1/sec for alert 'BADFIXLENIE'
1790683708.583 INFO: PHY80211 will only process AP signal levels from beacons
1790683708.583 INFO: Allowing Kismet clients to view WEP keys
1790683708.584 DEBUG: ssid canary FooCanary:ssid="FoobarCanary"
1790683708.584 DEBUG: ssid canary FooCanart2:ssid="(?i:foobarcanary)"
1790683708.584 INFO: Keeping EAPOL packets in memory for easy download and WIDS functionality; this can use more RAM.
1790683708.587 INFO: Registered PHY handler 'IEEE802.11' as ID 0
1790683708.589 INFO: Registered PHY handler 'RFSENSOR' as ID 1
1790683708.590 INFO: Registered PHY handler 'Z-Wave' as ID 2
1790683708.591 INFO: Registered PHY handler 'Bluetooth' as ID 3
1790683708.591 DEBUG: reserve_fields home id 538 app id 539
1790683708.593 INFO: Registered PHY handler 'UAV' as ID 4
1790683708.594 INFO: Registered PHY handler 'NrfMousejack' as ID 5
1790683708.594 ERROR: Tried to re-register duplicate alert FLIPPERZERO
1790683708.595 INFO: Registered PHY handler 'BTLE' as ID 6
1790683708.597 INFO: Registered PHY handler 'METER' as ID 7
1790683708.597 INFO: Indexing ADSB ICAO db
1790683708.857 INFO: Completed indexing ADSB ICAO db, 341068 lines 6822 indexes
1790683708.858 INFO: Registered PHY handler 'ADSB' as ID 8
1790683708.859 INFO: Registered PHY handler '802.15.4' as ID 9
1790683708.860 INFO: Registered PHY handler 'RADIATION' as ID 10
1790683708.866 INFO: (HTTPD) Could not read session data file, skipping loading saved sessions.
1790683708.866 INFO: Serving static file content from /home/osh/kismet-install/share/kismet/httpd/
1790683708.867 INFO: Enabling channel hopping by default on sources which support channel control.
1790683708.867 INFO: Setting default channel hop rate to 5/sec
1790683708.867 INFO: Enabling channel list splitting on sources which share the same list of channels
1790683708.867 INFO: Enabling channel list shuffling to optimize overlaps
1790683708.867 INFO: Sources will be re-opened if they encounter an error
1790683708.867 INFO: Saving datasources to the Kismet database log every 30 seconds
1790683708.867 INFO: Launching remote capture server on 127.0.0.1 3501
1790683708.869 INFO: No data sources defined; Kismet will not capture anything until a source is added.
1790683708.871 ALERT: LOGDISABLED Logging has been disabled via the Kismet config files or the command line.  Pcap, database, and related logs will not be saved.
1790683708.871 INFO: Logging disabled, not enabling any log drivers.
1790683708.871 INFO: GPS track will be logged to the Kismet logfile
1790683708.872 INFO: Starting Kismet web server...
1790683708.872 INFO: HTTP server listening on 0.0.0.0:2501
1790683708.874 INFO: Could not open system plugin directory (/home/osh/kismet-install/lib/kismet/), skipping: No such file or directory
1790683708.874 INFO: Did not find a user plugin directory (/tmp/hw3/h9cremote2/.kismet//plugins/), skipping: No such file or directory
1790683709.154 INFO: New remote source esp32c5zigbee-ttyACM2 (E5C50002-0000-0000-0000-3844BEBFD80C) connected
1790683709.154 INFO: New remote source esp32c5-ttyACM1 (E5C50001-0000-0000-0000-3844BEBFC910) connected
1790683709.154 INFO: New remote source esp32c5btle-ttyACM3 (E5C50003-0000-0000-0000-10BDA3C87D54) connected
1790683709.158 INFO: New remote source esp32c5-ttyACM0 (E5C50001-0000-0000-0000-10BDA3CF0540) connected
1790683709.161 INFO: Splitting channels for interfaces using 'esp32c5' among 2 interfaces
1790683710.102 INFO: esp32c5-ttyACM1 - esp32c5-ttyACM1 capturing (wifi)
1790683710.227 INFO: esp32c5btle-ttyACM3 - esp32c5btle-ttyACM3: port closed, reconnecting
1790683710.384 INFO: esp32c5zigbee-ttyACM2 - esp32c5zigbee-ttyACM2 capturing (zigbee)
1790683710.507 INFO: esp32c5-ttyACM0 - esp32c5-ttyACM0 capturing (wifi)
1790683710.709 INFO: Detected new 802.11 Wi-Fi access point 00:B8:C2:B2:AE:57
1790683710.710 INFO: 802.11 Wi-Fi device 00:B8:C2:B2:AE:57 advertising new SSID 'Mor'
1790683710.713 INFO: Detected new 802.11 Wi-Fi device 4C:2E:5E:D5:FE:E9
1790683710.720 INFO: Detected new 802.11 Wi-Fi device 4A:78:9B:A3:A7:D6
1790683710.726 INFO: Detected new 802.11 Wi-Fi access point FA:8F:CA:6C:D1:65
1790683710.728 INFO: 802.11 Wi-Fi device FA:8F:CA:6C:D1:65 advertising new SSID 'JBL Bar 5.1_0891.l025'
1790683710.863 INFO: Detected new 802.11 Wi-Fi access point 26:39:F1:AB:05:B2
1790683710.863 INFO: 802.11 Wi-Fi device 26:39:F1:AB:05:B2 advertising new SSID 'osvc-2'
1790683710.916 INFO: 802.11 Wi-Fi device 26:39:F1:AB:05:B2 advertising new SSID 'osvc-2'
1790683711.008 INFO: Detected new 802.11 Wi-Fi access point 46:AE:30:84:36:22
1790683711.012 INFO: 802.11 Wi-Fi device 46:AE:30:84:36:22 advertising a new cloaked SSID
1790683711.057 INFO: Detected new 802.11 Wi-Fi access point 46:AE:30:84:34:B6
1790683711.057 INFO: 802.11 Wi-Fi device 46:AE:30:84:34:B6 advertising a new cloaked SSID
1790683711.464 INFO: Detected new 802.11 Wi-Fi device E4:5F:01:49:99:3F
1790683711.464 INFO: Detected new 802.11 Wi-Fi device 42:A2:BA:65:29:F3
1790683711.680 INFO: esp32c5btle-ttyACM3 - esp32c5btle-ttyACM3 capturing (btle)
1790683711.709 INFO: Detected new BTLE device 47:62:5E:3A:D9:5A
1790683711.799 INFO: Detected new BTLE device 35:29:22:2F:D1:03
1790683711.843 INFO: Detected new BTLE device 7E:D4:24:6D:EB:56
1790683711.961 INFO: Detected new BTLE device F4:DD:06:5E:7E:19
1790683711.988 INFO: Detected new BTLE device 48:9E:9D:9E:42:7C tcl_AC_t*ap_szkt
1790683712.003 INFO: Detected new 802.11 Wi-Fi access point 40:AE:30:84:5A:16
1790683712.004 INFO: 802.11 Wi-Fi device 40:AE:30:84:5A:16 advertising new SSID 'cohen42'
1790683712.026 INFO: Detected new 802.11 Wi-Fi device 46:AE:30:84:5A:16
1790683712.026 INFO: Detected new 802.11 Wi-Fi device 10:FF:E0:76:96:8C
1790683712.109 INFO: Detected new 802.11 Wi-Fi device 3A:0A:42:2F:8D:64
1790683712.129 INFO: Detected new 802.11 Wi-Fi access point 40:AE:30:84:34:B6
1790683712.130 INFO: 802.11 Wi-Fi device 40:AE:30:84:34:B6 advertising new SSID 'cohen42'
1790683712.610 INFO: Detected new BTLE device F5:31:60:FE:ED:2F
1790683712.799 INFO: Detected new BTLE device FB:4A:2A:19:7B:D8
1790683712.865 INFO: Detected new 802.11 Wi-Fi device 74:E6:B8:BA:59:C8
1790683712.911 INFO: Detected new BTLE device 4D:2C:24:CD:3D:2E
1790683713.260 INFO: Detected new BTLE device F2:67:B9:53:58:80
1790683714.432 INFO: Detected new 802.11 Wi-Fi device 70:F7:54:55:CB:00
1790683714.432 INFO: Detected new 802.11 Wi-Fi device 00:B8:C2:B2:AE:58
1790683714.812 INFO: Detected new 802.11 Wi-Fi device 80:AF:CA:75:C2:23
1790683714.812 INFO: Detected new 802.11 Wi-Fi device 74:F8:DB:5D:D0:61
1790683715.158 INFO: Detected new 802.11 Wi-Fi device 40:AE:30:84:5A:14
1790683715.208 INFO: Detected new 802.11 Wi-Fi device 2C:E0:32:9D:BF:C5
1790683715.775 INFO: Detected new 802.11 Wi-Fi access point 82:AF:CA:25:C2:23
1790683715.776 INFO: 802.11 Wi-Fi device 82:AF:CA:25:C2:23 advertising a new cloaked SSID
1790683715.994 INFO: Detected new 802.11 Wi-Fi device B0:1F:47:17:AF:4A
1790683716.095 INFO: Detected new 802.11 Wi-Fi device 40:AE:30:84:36:22
1790683716.808 INFO: Detected new 802.11 Wi-Fi device FC:F5:C4:BE:0B:A5
1790683716.818 INFO: Detected new 802.11 Wi-Fi access point CA:C9:A3:4D:96:E7
1790683716.823 INFO: 802.11 Wi-Fi device CA:C9:A3:4D:96:E7 advertising new SSID 'ESP-4D96E7'
1790683717.203 INFO: 802.11 Wi-Fi device 40:AE:30:84:36:22 advertising new SSID 'cohen42'
1790683717.271 INFO: 802.11 Wi-Fi device 46:AE:30:84:5A:16 advertising a new cloaked SSID
1790683717.347 INFO: Detected new 802.11 Wi-Fi device 20:15:DE:A1:04:FB
1790683717.511 INFO: Detected new 802.11 Wi-Fi device A8:DB:03:42:DE:68
1790683720.368 INFO: Detected new 802.11 Wi-Fi device 7A:C1:5D:E1:74:B1
1790683720.800 INFO: Detected new 802.11 Wi-Fi device EE:E6:9F:46:A6:12
1790683721.357 INFO: Detected new 802.11 Wi-Fi device FA:50:AF:58:56:C3
1790683725.625 INFO: Detected new 802.11 Wi-Fi device DC:07:F8:9F:12:D8
1790683725.707 INFO: Detected new 802.11 Wi-Fi device 04:03:12:C0:A3:67
1790683729.287 INFO: Detected new 802.11 Wi-Fi device 24:9E:7D:38:9F:74
1790683729.314 INFO: Detected new 802.11 Wi-Fi device D4:CF:F9:B5:58:AE
1790683729.323 INFO: Detected new 802.11 Wi-Fi device 9C:95:61:17:8E:1C
1790683731.233 INFO: Detected new 802.11 Wi-Fi device 40:AE:30:84:34:B7
1790683731.281 INFO: Detected new 802.11 Wi-Fi device 40:AE:30:84:5A:17
1790683731.281 INFO: Detected new 802.11 Wi-Fi device DE:85:21:5C:A3:AE
1790683731.743 INFO: 802.11 Wi-Fi device 80:AF:CA:75:C2:23 advertising new SSID 'Cudy-C223'
1790683734.009 INFO: Detected new 802.11 Wi-Fi device 04:03:12:27:F2:76
1790683736.347 INFO: 802.11 Wi-Fi device 40:AE:30:84:34:B6 advertising new SSID 'cohen42'
1790683736.347 INFO: Detected new 802.11 Wi-Fi device 60:3D:26:DA:AF:7D
1790683737.134 INFO: Detected new BTLE device 69:E8:9C:2D:2A:BA
1790683737.593 INFO: Detected new 802.11 Wi-Fi device 6A:B8:C2:B2:AE:59
1790683737.593 INFO: Detected new 802.11 Wi-Fi device 00:B8:C2:B2:AE:4E
1790683738.458 INFO: Detected new BTLE device 5C:3B:50:B2:93:70
1790683742.075 INFO: Detected new 802.11 Wi-Fi device 64:64:4A:BB:59:65
1790683742.075 INFO: Detected new 802.11 Wi-Fi device 78:DF:72:D3:BB:92
1790683742.075 INFO: Detected new 802.11 Wi-Fi device B0:BB:E5:7F:F6:E7
1790683744.295 INFO: Detected new 802.11 Wi-Fi device B0:1F:47:0D:E9:B9
1790683745.381 INFO: Detected new 802.11 Wi-Fi device 78:DF:72:44:14:1D
1790683746.556 INFO: Detected new 802.11 Wi-Fi device EE:06:19:9A:8C:51
1790683749.012 INFO: Detected new BTLE device 4B:93:06:44:10:05
1790683752.788 INFO: 802.11 Wi-Fi device B0:1F:47:0D:E9:B9 advertising new SSID 'Mor'
1790683758.687 INFO: Detected new BTLE device F7:80:38:C0:DC:FA
1790683761.296 INFO: Detected new 802.11 Wi-Fi device 94:83:C4:25:9E:39
1790683764.965 INFO: Detected new 802.11 Wi-Fi access point 46:AE:30:84:34:B7
1790683764.968 INFO: 802.11 Wi-Fi device 46:AE:30:84:34:B7 advertising a new cloaked SSID
1790683769.531 INFO: 802.11 Wi-Fi device 00:B8:C2:B2:AE:57 advertising new SSID 'Mor'
1790683769.531 INFO: Detected new 802.11 Wi-Fi device 02:65:69:55:BA:E6
1790683770.383 
1790683770.383 *** KISMET IS SHUTTING DOWN ***
1790683770.383 Shutting down plugins...
1790683770.383 WARNING: Kismet changes the configuration of network devices.
1790683770.383          In most cases you will need to restart networking for
1790683770.383          your interface (varies per distribution and OS), but 
1790683770.383          typically one of:
1790683770.383          sudo service networking restart
1790683770.383          sudo /etc/init.d/networking restart
1790683770.383          or
1790683770.383          nmcli device set [device] managed true
1790683770.383 
1790683770.383 Kismet exiting.
1790683770.383 EXITING: Signal service thread complete.
