== Wi-Fi: 2.4 and 5 GHz, Kismet hopping, a damaged record every 50
   source esp32c5:device=/tmp/esp32c5-e2e,mode=wifi,name=fake-wifi
   source: running=1 error='' packets=200 hopping=1 channel='6' interface='esp32c5' capif='esp32c5-pts/3'
   phys: IEEE802.11
   names: 'ESP32C5-FAKE-24', 'ESP32C5-FAKE-5HIGH', 'ESP32C5-FAKE-5LOW'
   device frequencies (kHz): IEEE802.11 [2437000, 5180000, 5745000]
PASS wifi source running
PASS wifi frames decoded as 802.11
PASS 2.4 GHz access point seen
PASS 5 GHz access points seen (hopping works)
PASS their frequencies: 2437000, 5180000 and 5745000 kHz (channels 6, 36, 149)
PASS damaged record noticed
PASS capture continues after resync
== Wi-Fi: every 7th frame holds the restart signature in its SSID and a vendor element
   source esp32c5:device=/tmp/esp32c5-e2e,name=fake-inject
   source: running=1 error='' packets=180 hopping=1 channel='6' interface='esp32c5' capif='esp32c5-pts/3'
   phys: IEEE802.11
   names: 'ESP32C5-FAKE-24', 'ESP32C5-FAKE-5HIGH', 'ESP32C5-FAKE-5LOW', 'FAKE-INJECT<<START>>\\nxD4'
   device frequencies (kHz): IEEE802.11 [2437000, 5180000, 5745000]
PASS source running with the injected frames
PASS the fake sent injected frames
PASS no sync lost to a frame's payload
PASS no stream restart read from a frame's payload
PASS the injected frame reached Kismet (its BSSID seen)
PASS the injected frame's SSID is seen
PASS the other frames are seen too
== Wi-Fi: the board restarts its stream in place every 40 records
   source esp32c5:device=/tmp/esp32c5-e2e,name=fake-restart
   source: running=1 error='' packets=283 hopping=1 channel='6' interface='esp32c5' capif='esp32c5-pts/3'
   phys: IEEE802.11
   names: '02:E5:C5:00:00:0A', '0A:3C:3C:53:54:41', '3C:3C:53:54:41:52', 'ESP32C5-FAKE-24', 'ESP32C5-FAKE-5HIGH', 'ESP32C5-FAKE-5LOW'
   device frequencies (kHz): IEEE802.11 [0, 2437000, 5180000, 5745000]
PASS source running through the restarts
PASS the fake cut a record short
PASS a restart at a record boundary noticed
PASS a restart after a record cut short noticed
PASS capture resumes after each restart
== 802.15.4 as esp32c5zigbee-<port>: the board boots in Wi-Fi and reboots, its port staying open
   source esp32c5zigbee-pts/3:name=fake-zigbee
   source: running=1 error='' packets=360 hopping=1 channel='15' interface='esp32c5zigbee-pts/3' capif='esp32c5-pts/3'
   phys: 802.15.4
   names: '10:01', '25:01', 'FF:FF'
   device frequencies (kHz): 802.15.4 [2425000, 2475000]
PASS the name asks for 802.15.4
PASS board rebooted in place
PASS no START lost in the reboot
PASS zigbee source running after the reboot
PASS frames decoded as 802.15.4
PASS device frequencies 2425000 and 2475000 kHz (channels 15 and 25)
PASS interface is esp32c5zigbee-pts/3
PASS capture interface is the port as --list names it (esp32c5-pts/3)
== 802.15.4 with --vanish: the port goes away in the reboot and comes back as another
   source esp32c5:device=/tmp/esp32c5-e2e,mode=zigbee,name=fake-vanish
   source: running=1 error='' packets=340 hopping=1 channel='15' interface='esp32c5' capif='esp32c5-pts/3'
   phys: 802.15.4
   names: '10:01', '25:01', 'FF:FF'
   device frequencies (kHz): 802.15.4 [2425000, 2475000]
PASS board rebooted and its port went away
PASS zigbee source running on the new port
PASS frames decoded as 802.15.4 after the port came back
== Wi-Fi locked with channel=36,channel_hop=false; a second source on the same board
   source esp32c5:device=/tmp/esp32c5-e2e,channel=36,channel_hop=false,name=fake-lock
   second source on esp32c5-pts/3: HTTP 500
   source: running=1 error='' packets=2014 hopping=0 channel='36' interface='esp32c5' capif='esp32c5-pts/3'
   phys: IEEE802.11
   names: 'ESP32C5-FAKE-5LOW'
   device frequencies (kHz): IEEE802.11 [5180000]
PASS locked source running
PASS not hopping, on channel 36
PASS the access point on 36 seen
PASS nothing from other channels
PASS the board was only ever tuned to 36
PASS the second source is refused
PASS ... because the board is in use
== BTLE, set to channel 38: the board scans 37-39 together, and it is reported as 37; then to 40
   source esp32c5:device=/tmp/esp32c5-e2e,mode=btle,name=fake-btle
   set_channel 38: HTTP 200
   set_channel 40: HTTP 200
   source: running=1 error='' packets=1813 hopping=0 channel='37' interface='esp32c5' capif='esp32c5-pts/3'
   phys: BTLE
   names: 'ESP32C5-FAKE'
   device frequencies (kHz): BTLE [2402000]
PASS btle source running
PASS packets decoded as BTLE (CRC accepted)
PASS advertiser name decoded
PASS current firmware's records need no fix-up
PASS a set to channel 38 is taken
PASS ... and reported as 37
PASS BTLE devices on 2402000 kHz, channel 37's
PASS a set to channel 40 is refused, and Kismet logs why
== BTLE from older firmware: no CRC flags, CRC zeroed
   source esp32c5btle-pts/3:name=fake-oldble
   source: running=1 error='' packets=1838 hopping=1 channel='37' interface='esp32c5btle-pts/3' capif='esp32c5-pts/3'
   phys: BTLE
   names: 'ESP32C5-FAKE'
   device frequencies (kHz): BTLE [2402000]
PASS btle source running
PASS the helper says it fills in the CRC
PASS older firmware's packets decoded
== BTLE on firmware without it (the sibling's 1.0.0 and 1.1.0): MODE BLE ignored, Wi-Fi answers
   source esp32c5:device=/tmp/esp32c5-e2e,mode=btle,name=fake-noradio
   source: running=1 error='IPC connection closed' packets=0 hopping=1 channel='37' interface='esp32c5' capif='esp32c5-pts/3'
   phys: 
   names: 
   device frequencies (kHz): 
PASS the fake ignored MODE BLE
   'lost sync (the board sends link type 127, not 256)' said 2 time(s)
PASS the wrong link type is said once per helper, not over and over
PASS never said to be capturing
PASS the helper's 15 s reason reaches Kismet's log
== remote capture: kismet_cap_esp32c5 --connect over the websocket, with retry, started with SIGHUP ignored (nohup)
   /root/kismet-install/bin/kismet_cap_esp32c5 --connect localhost:2501 --source esp32c5-pts/3:name=fake-remote,channel=6,channel_hop=false
   first packet in Kismet 942 ms after the helper started
PASS the first packet reaches Kismet within 3 s
   packets arrived in 5 of 5 seconds
PASS ... and more every second, not in bursts
PASS no libwebsockets notices on the helper's stderr
   helper 302699, capture process 302705; flock on the port held by: 302705 
PASS the capture process catches SIGTERM, to end the port's exclusive mode before it ends
PASS SIGHUP, which it was started ignoring, leaves the helper and its capture process capturing
PASS a second remote helper on the same board is refused before it connects
PASS ... and the first goes on capturing
PASS close_source.cmd: the capture process ends, and the port is free
PASS ... and the helper connects again 5 s later, and captures (303071)
PASS kill -TERM of the helper ends its capture process with it, and frees the port within 1 s
   source: running=0 error='websocket connection closed' packets=926 hopping=0 channel='6' interface='esp32c5-pts/3' capif='esp32c5-pts/3'
   phys: IEEE802.11
   names: 'ESP32C5-FAKE-24'
   device frequencies (kHz): IEEE802.11 [2437000]
   helper: INFO: localhost:2501 starting capture...
   helper: FATAL: Datasource websocket closed
   helper: FATAL:  Datasource exiting libwebsocket loop
   helper: INFO: capture process exited 0 signal 0
   helper: INFO: Sleeping 5 seconds before attempting to reconnect to remote server
   helper: INFO: localhost:2501 starting capture...
== a bare esp32c5 (no type=) with no board plugged in
   source esp32c5:name=fake-noboard
   source: running=0 error='no Espressif USB-Serial-JTAG device (USB ID 303a:1001) found; plug the board in, or give device= in the source definition' packets=0 hopping=0 channel='' interface='esp32c5' capif=''
   phys: 
   names: 
   device frequencies (kHz): 
PASS the helper claims it: no 'Unable to find driver'
PASS Kismet shows the helper's reason
PASS ... as the source's error
PASS Kismet keeps trying, so a board plugged in later is found
ALL OK
