== Wi-Fi: 2.4 and 5 GHz, Kismet hopping, a damaged record every 50
   source esp32c5:device=/tmp/esp32c5-e2e,mode=wifi,name=fake-wifi
   source: running=1 error='' packets=200 hopping=1 channel='6' interface='esp32c5' capif='esp32c5-pts/3'
   phys: IEEE802.11
   names: 'ESP32C5-FAKE-24', 'ESP32C5-FAKE-5HIGH', 'ESP32C5-FAKE-5LOW'
   device frequencies (kHz): IEEE802.11 [2437000, 5180000, 5745000]
PASS wifi source running
PASS wifi frames decoded as 802.11
PASS 2.4 GHz access point seen
PASS 5 GHz access points seen (hopping works)
PASS their frequencies: 2437000, 5180000 and 5745000 kHz (channels 6, 36, 149)
PASS damaged record noticed
PASS capture continues after resync
== Wi-Fi: every 7th frame holds the restart signature in its SSID and a vendor element
   source esp32c5:device=/tmp/esp32c5-e2e,name=fake-inject
   source: running=1 error='' packets=180 hopping=1 channel='6' interface='esp32c5' capif='esp32c5-pts/3'
   phys: IEEE802.11
   names: 'ESP32C5-FAKE-24', 'ESP32C5-FAKE-5HIGH', 'ESP32C5-FAKE-5LOW', 'FAKE-INJECT<<START>>\\nxD4'
   device frequencies (kHz): IEEE802.11 [2437000, 5180000, 5745000]
PASS source running with the injected frames
PASS the fake sent injected frames
PASS no sync lost to a frame's payload
PASS no stream restart read from a frame's payload
PASS the injected frame reached Kismet (its BSSID seen)
PASS the injected frame's SSID is seen
PASS the other frames are seen too
== Wi-Fi: the board restarts its stream in place every 40 records
   source esp32c5:device=/tmp/esp32c5-e2e,name=fake-restart
   source: running=1 error='' packets=283 hopping=1 channel='6' interface='esp32c5' capif='esp32c5-pts/3'
   phys: IEEE802.11
   names: '02:E5:C5:00:00:0A', '0A:3C:3C:53:54:41', '3C:3C:53:54:41:52', 'ESP32C5-FAKE-24', 'ESP32C5-FAKE-5HIGH', 'ESP32C5-FAKE-5LOW'
   device frequencies (kHz): IEEE802.11 [0, 2437000, 5180000, 5745000]
PASS source running through the restarts
PASS the fake cut a record short
PASS a restart at a record boundary noticed
PASS a restart after a record cut short noticed
PASS capture resumes after each restart
== 802.15.4 as esp32c5zigbee-<port>: the board boots in Wi-Fi and reboots, its port staying open
   source esp32c5zigbee-pts/3:name=fake-zigbee
   source: running=1 error='' packets=360 hopping=1 channel='15' interface='esp32c5zigbee-pts/3' capif='esp32c5-pts/3'
   phys: 802.15.4
   names: '10:01', '25:01', 'FF:FF'
   device frequencies (kHz): 802.15.4 [2425000, 2475000]
PASS the name asks for 802.15.4
PASS board rebooted in place
PASS no START lost in the reboot
PASS zigbee source running after the reboot
PASS frames decoded as 802.15.4
PASS device frequencies 2425000 and 2475000 kHz (channels 15 and 25)
PASS interface is esp32c5zigbee-pts/3
PASS capture interface is the port as --list names it (esp32c5-pts/3)
== 802.15.4 with --vanish: the port goes away in the reboot and comes back as another
   source esp32c5:device=/tmp/esp32c5-e2e,mode=zigbee,name=fake-vanish
   source: running=1 error='' packets=340 hopping=1 channel='15' interface='esp32c5' capif='esp32c5-pts/3'
   phys: 802.15.4
   names: '10:01', '25:01', 'FF:FF'
   device frequencies (kHz): 802.15.4 [2425000, 2475000]
PASS board rebooted and its port went away
PASS zigbee source running on the new port
PASS frames decoded as 802.15.4 after the port came back
== Wi-Fi locked with channel=36,channel_hop=false; a second source on the same board
   source esp32c5:device=/tmp/esp32c5-e2e,channel=36,channel_hop=false,name=fake-lock
   second source on esp32c5-pts/3: HTTP 500
   source: running=1 error='' packets=2048 hopping=0 channel='36' interface='esp32c5' capif='esp32c5-pts/3'
   phys: IEEE802.11
   names: 'ESP32C5-FAKE-5LOW'
   device frequencies (kHz): IEEE802.11 [5180000]
PASS locked source running
PASS not hopping, on channel 36
PASS the access point on 36 seen
PASS nothing from other channels
PASS the board was only ever tuned to 36
PASS the second source is refused
PASS ... because the board is in use
== BTLE, set to channel 38: the board scans 37-39 together, and it is reported as 37; then to 40
   source esp32c5:device=/tmp/esp32c5-e2e,mode=btle,name=fake-btle
   set_channel 38: HTTP 200
   set_channel 40: HTTP 200
   source: running=1 error='' packets=1821 hopping=0 channel='37' interface='esp32c5' capif='esp32c5-pts/3'
   phys: BTLE
   names: 'ESP32C5-FAKE'
   device frequencies (kHz): BTLE [2402000]
PASS btle source running
PASS packets decoded as BTLE (CRC accepted)
PASS advertiser name decoded
PASS current firmware's records need no fix-up
PASS a set to channel 38 is taken
PASS ... and reported as 37
PASS BTLE devices on 2402000 kHz, channel 37's
PASS a set to channel 40 is refused, and Kismet logs why
== BTLE from older firmware: no CRC flags, CRC zeroed
   source esp32c5btle-pts/3:name=fake-oldble
   source: running=1 error='' packets=1844 hopping=1 channel='37' interface='esp32c5btle-pts/3' capif='esp32c5-pts/3'
   phys: BTLE
   names: 'ESP32C5-FAKE'
   device frequencies (kHz): BTLE [2402000]
PASS btle source running
PASS the helper says it fills in the CRC
PASS older firmware's packets decoded
== BTLE on firmware without it (the sibling's 1.0.0 and 1.1.0): MODE BLE ignored, Wi-Fi answers
   source esp32c5:device=/tmp/esp32c5-e2e,mode=btle,name=fake-noradio
   source: running=0 error='IPC connection closed' packets=0 hopping=1 channel='37' interface='esp32c5' capif='esp32c5-pts/3'
   phys: 
   names: 
   device frequencies (kHz): 
PASS the fake ignored MODE BLE
   'lost sync (the board sends link type 127, not 256)' said 1 time(s)
PASS the wrong link type is said once per helper, not over and over
PASS never said to be capturing
PASS the helper's 15 s reason reaches Kismet's log
== remote capture: kismet_cap_esp32c5 --connect over the websocket, with retry, started with SIGHUP ignored (nohup)
   /root/kismet-install/bin/kismet_cap_esp32c5 --connect localhost:2501 --source esp32c5-pts/3:name=fake-remote,channel=6,channel_hop=false
   first packet in Kismet 953 ms after the helper started
PASS the first packet reaches Kismet within 3 s
   packets arrived in 5 of 5 seconds
PASS ... and more every second, not in bursts
PASS no libwebsockets notices on the helper's stderr
   helper 290379, capture process 290385; flock on the port held by: 290385 
PASS the capture process catches SIGTERM, to end the port's exclusive mode before it ends
PASS SIGHUP, which it was started ignoring, leaves the helper and its capture process capturing
PASS a second remote helper on the same board is refused before it connects
PASS ... and the first goes on capturing
PASS close_source.cmd: the capture process ends, and the port is free
PASS ... and the helper connects again 5 s later, and captures (290801)
PASS kill -TERM of the helper ends its capture process with it, and frees the port within 1 s
   source: running=0 error='websocket connection closed' packets=931 hopping=0 channel='6' interface='esp32c5-pts/3' capif='esp32c5-pts/3'
   phys: IEEE802.11
   names: 'ESP32C5-FAKE-24'
   device frequencies (kHz): IEEE802.11 [2437000]
   helper: INFO: localhost:2501 starting capture...
   helper: FATAL: Datasource websocket closed
   helper: FATAL:  Datasource exiting libwebsocket loop
   helper: INFO: capture process exited 0 signal 0
   helper: INFO: Sleeping 5 seconds before attempting to reconnect to remote server
   helper: INFO: localhost:2501 starting capture...
== a bare esp32c5 (no type=) with no board plugged in
   source esp32c5:name=fake-noboard
   source: running=0 error='IPC connection closed' packets=0 hopping=0 channel='' interface='esp32c5' capif=''
   phys: 
   names: 
   device frequencies (kHz): 
PASS the helper claims it: no 'Unable to find driver'
PASS Kismet shows the helper's reason
FAIL ... as the source's error
PASS Kismet keeps trying, so a board plugged in later is found
--- logs kept in /tmp/tmp.hFGp4cr1fl
--- /tmp/tmp.hFGp4cr1fl/kismet-btle.log
ERROR: Tried to re-register duplicate alert FLIPPERZERO
INFO: Sources will be re-opened if they encounter an error
INFO: Probing interface 'esp32c5' to find datasource type
interface: esp32c5
INFO: Found type 'esp32c5' for 'esp32c5:device=/tmp/esp32c5-e2e,mode=btle,name=fake-btle'
INFO: Data source 'esp32c5:device=/tmp/esp32c5-e2e,mode=btle,name=fake-btle' launched successfully
INFO: fake-btle capturing (btle)
INFO: Detected new BTLE device C6:00:00:C5:E5:5A ESP32C5-FAKE
INFO: Source 'fake-btle' (E5C50003-0000-0000-0000-BB7412374A22) setting channel 38
INFO: Source 'fake-btle' (E5C50003-0000-0000-0000-BB7412374A22) setting channel 40
ERROR: fake-btle cannot tune to channel 40 in btle mode
--- /tmp/tmp.hFGp4cr1fl/kismet-inject.log
ERROR: Tried to re-register duplicate alert FLIPPERZERO
INFO: Sources will be re-opened if they encounter an error
INFO: Probing interface 'esp32c5' to find datasource type
interface: esp32c5
INFO: Found type 'esp32c5' for 'esp32c5:device=/tmp/esp32c5-e2e,name=fake-inject'
INFO: Data source 'esp32c5:device=/tmp/esp32c5-e2e,name=fake-inject' launched successfully
INFO: fake-inject capturing (wifi)
INFO: 802.11 Wi-Fi device 02:E5:C5:00:00:06 advertising new SSID 'ESP32C5-FAKE-24'
INFO: 802.11 Wi-Fi device 02:E5:C5:00:00:99 advertising new SSID 'FAKE-INJECT<<START>>\nxD4'
INFO: 802.11 Wi-Fi device 02:E5:C5:00:00:24 advertising new SSID 'ESP32C5-FAKE-5LOW'
INFO: 802.11 Wi-Fi device 02:E5:C5:00:00:95 advertising new SSID 'ESP32C5-FAKE-5HIGH'
--- /tmp/tmp.hFGp4cr1fl/kismet-lock.log
ERROR: Tried to re-register duplicate alert FLIPPERZERO
INFO: Sources will be re-opened if they encounter an error
INFO: Probing interface 'esp32c5' to find datasource type
interface: esp32c5
INFO: Found type 'esp32c5' for 'esp32c5:device=/tmp/esp32c5-e2e,channel=36,channel_hop=false,name=fake-lock'
INFO: Data source 'esp32c5:device=/tmp/esp32c5-e2e,channel=36,channel_hop=false,name=fake-lock' launched successfully
INFO: fake-lock capturing (wifi)
INFO: 802.11 Wi-Fi device 02:E5:C5:00:00:24 advertising new SSID 'ESP32C5-FAKE-5LOW'
INFO: Probing interface 'esp32c5-pts/3' to find datasource type
interface: esp32c5-pts/3
INFO: Found type 'esp32c5' for 'esp32c5-pts/3:name=fake-second'
ERROR: Data source 'fake-second / esp32c5-pts/3:name=fake-second' ('esp32c5-pts/3') encountered an error: /dev/pts/3 is already in use by another capture (an esp32c5 source or another program holds it); a board captures with one radio at a time
ALERT: SOURCEERROR Source fake-second (00000000-0000-0000-0000-000000000000) has encountered an error (/dev/pts/3 is already in use by another capture (an esp32c5 source or another program holds it); a board captures with one radio at a time) Kismet will attempt to re-open the source in 5 seconds.  (1 failures)
ERROR: Source fake-second (00000000-0000-0000-0000-000000000000) has encountered an error (/dev/pts/3 is already in use by another capture (an esp32c5 source or another program holds it); a board captures with one radio at a time) Kismet will attempt to re-open the source in 5 seconds.  (1 failures)
ERROR: Kismet datasource failed sending v3 CONFIGREQ
INFO: Attempting to re-open source fake-second
ERROR: Data source 'fake-second / esp32c5-pts/3:name=fake-second' ('esp32c5-pts/3') encountered an error: /dev/pts/3 is already in use by another capture (an esp32c5 source or another program holds it); a board captures with one radio at a time
ALERT: SOURCEERROR Source fake-second (00000000-0000-0000-0000-000000000000) has encountered an error (/dev/pts/3 is already in use by another capture (an esp32c5 source or another program holds it); a board captures with one radio at a time) Kismet will attempt to re-open the source in 5 seconds.  (2 failures)
ERROR: Source fake-second (00000000-0000-0000-0000-000000000000) has encountered an error (/dev/pts/3 is already in use by another capture (an esp32c5 source or another program holds it); a board captures with one radio at a time) Kismet will attempt to re-open the source in 5 seconds.  (2 failures)
--- /tmp/tmp.hFGp4cr1fl/kismet-noboard.log
ERROR: Tried to re-register duplicate alert FLIPPERZERO
INFO: Sources will be re-opened if they encounter an error
INFO: Probing interface 'esp32c5' to find datasource type
interface: esp32c5
INFO: Found type 'esp32c5' for 'esp32c5:name=fake-noboard'
ERROR: Data source 'fake-noboard / esp32c5:name=fake-noboard' ('esp32c5') encountered an error: no Espressif USB-Serial-JTAG device (USB ID 303a:1001) found; plug the board in, or give device= in the source definition
ALERT: SOURCEERROR Source fake-noboard (00000000-0000-0000-0000-000000000000) has encountered an error (no Espressif USB-Serial-JTAG device (USB ID 303a:1001) found; plug the board in, or give device= in the source definition) Kismet will attempt to re-open the source in 5 seconds.  (1 failures)
ERROR: Source fake-noboard (00000000-0000-0000-0000-000000000000) has encountered an error (no Espressif USB-Serial-JTAG device (USB ID 303a:1001) found; plug the board in, or give device= in the source definition) Kismet will attempt to re-open the source in 5 seconds.  (1 failures)
ERROR: Kismet datasource failed sending v3 CONFIGREQ
ERROR: Data source 'esp32c5:name=fake-noboard' failed to launch: no Espressif USB-Serial-JTAG device (USB ID 303a:1001) found; plug the board in, or give device= in the source definition
INFO: Attempting to re-open source fake-noboard
ERROR: Data source 'fake-noboard / esp32c5:name=fake-noboard' ('esp32c5') encountered an error: no Espressif USB-Serial-JTAG device (USB ID 303a:1001) found; plug the board in, or give device= in the source definition
ALERT: SOURCEERROR Source fake-noboard (00000000-0000-0000-0000-000000000000) has encountered an error (no Espressif USB-Serial-JTAG device (USB ID 303a:1001) found; plug the board in, or give device= in the source definition) Kismet will attempt to re-open the source in 5 seconds.  (2 failures)
ERROR: Source fake-noboard (00000000-0000-0000-0000-000000000000) has encountered an error (no Espressif USB-Serial-JTAG device (USB ID 303a:1001) found; plug the board in, or give device= in the source definition) Kismet will attempt to re-open the source in 5 seconds.  (2 failures)
INFO: Attempting to re-open source fake-noboard
INFO: Attempting to re-open source fake-noboard
ERROR: Data source 'fake-noboard / esp32c5:name=fake-noboard' ('esp32c5') encountered an error: IPC connection closed
ALERT: SOURCEERROR Source fake-noboard (00000000-0000-0000-0000-000000000000) has encountered an error (IPC connection closed) Kismet will attempt to re-open the source in 5 seconds.  (3 failures)
ERROR: Source fake-noboard (00000000-0000-0000-0000-000000000000) has encountered an error (IPC connection closed) Kismet will attempt to re-open the source in 5 seconds.  (3 failures)
--- /tmp/tmp.hFGp4cr1fl/kismet-noradio.log
ERROR: Tried to re-register duplicate alert FLIPPERZERO
INFO: Sources will be re-opened if they encounter an error
INFO: Probing interface 'esp32c5' to find datasource type
interface: esp32c5
INFO: Found type 'esp32c5' for 'esp32c5:device=/tmp/esp32c5-e2e,mode=btle,name=fake-noradio'
INFO: Data source 'esp32c5:device=/tmp/esp32c5-e2e,mode=btle,name=fake-noradio' launched successfully
INFO: fake-noradio: lost sync (the board sends link type 127, not 256)
ERROR: fake-noradio: no capture from the board on /tmp/esp32c5-e2e for 15 seconds; is it flashed with the esp32c5 sniffer firmware, and is nothing else holding the port?
ERROR: Data source 'fake-noradio / esp32c5:device=/tmp/esp32c5-e2e,mode=btle,name=fake-noradio' ('esp32c5') encountered an error: IPC connection closed
ALERT: SOURCEERROR Source fake-noradio (E5C50003-0000-0000-0000-BB7412374A22) has encountered an error (IPC connection closed) Kismet will attempt to re-open the source in 5 seconds.  (1 failures)
ERROR: Source fake-noradio (E5C50003-0000-0000-0000-BB7412374A22) has encountered an error (IPC connection closed) Kismet will attempt to re-open the source in 5 seconds.  (1 failures)
INFO: Attempting to re-open source fake-noradio
INFO: Attempting to re-open source fake-noradio
ERROR: Data source 'fake-noradio / esp32c5:device=/tmp/esp32c5-e2e,mode=btle,name=fake-noradio' ('esp32c5') encountered an error: IPC connection closed
ALERT: SOURCEERROR Source fake-noradio (E5C50003-0000-0000-0000-BB7412374A22) has encountered an error (IPC connection closed) Kismet will attempt to re-open the source in 5 seconds.  (2 failures)
ERROR: Source fake-noradio (E5C50003-0000-0000-0000-BB7412374A22) has encountered an error (IPC connection closed) Kismet will attempt to re-open the source in 5 seconds.  (2 failures)
--- /tmp/tmp.hFGp4cr1fl/kismet-oldble.log
ERROR: Tried to re-register duplicate alert FLIPPERZERO
INFO: Sources will be re-opened if they encounter an error
INFO: Probing interface 'esp32c5btle-pts/3' to find datasource type
interface: esp32c5btle-pts/3
INFO: Found type 'esp32c5' for 'esp32c5btle-pts/3:name=fake-oldble'
INFO: Data source 'esp32c5btle-pts/3:name=fake-oldble' launched successfully
INFO: fake-oldble capturing (btle)
INFO: fake-oldble: the board's firmware does not mark BTLE packets as CRC checked, so Kismet would drop them; the helper fills in the CRC and the flags (the board only reports packets whose CRC passed). Flashing current firmware makes this unnecessary
INFO: Detected new BTLE device C6:00:00:C5:E5:5A ESP32C5-FAKE
--- /tmp/tmp.hFGp4cr1fl/kismet-remote.log
ERROR: Tried to re-register duplicate alert FLIPPERZERO
INFO: Sources will be re-opened if they encounter an error
INFO: New remote source fake-remote (E5C50001-0000-0000-0000-CBB0E658CB8D) connected
INFO: fake-remote - fake-remote capturing (wifi)
INFO: 802.11 Wi-Fi device 02:E5:C5:00:00:06 advertising new SSID 'ESP32C5-FAKE-24'
INFO: Closing source 'fake-remote' (E5C50001-0000-0000-0000-CBB0E658CB8D)
INFO: Matching new remote source 'esp32c5-pts/3:name=fake-remote,channel=6,channel_hop=false' with known source with UUID 'E5C50001-0000-0000-0000-CBB0E658CB8D'
INFO: Remote source fake-remote (E5C50001-0000-0000-0000-CBB0E658CB8D) reconnected
ERROR: Data source 'fake-remote / esp32c5-pts/3:channel=6,channel_hop=false,name=fake-remote' ('esp32c5-pts/3') encountered an error: websocket connection closed
--- /tmp/tmp.hFGp4cr1fl/kismet-restart.log
INFO: Found type 'esp32c5' for 'esp32c5:device=/tmp/esp32c5-e2e,name=fake-restart'
INFO: Data source 'esp32c5:device=/tmp/esp32c5-e2e,name=fake-restart' launched successfully
INFO: fake-restart capturing (wifi)
INFO: 802.11 Wi-Fi device 02:E5:C5:00:00:06 advertising new SSID 'ESP32C5-FAKE-24'
INFO: 802.11 Wi-Fi device 02:E5:C5:00:00:24 advertising new SSID 'ESP32C5-FAKE-5LOW'
INFO: fake-restart: lost sync (damaged PCAP record)
INFO: fake-restart capturing (wifi)
INFO: 802.11 Wi-Fi device 02:E5:C5:00:00:95 advertising new SSID 'ESP32C5-FAKE-5HIGH'
INFO: fake-restart: lost sync (the board restarted the stream)
INFO: fake-restart capturing (wifi)
INFO: fake-restart: lost sync (damaged PCAP record)
INFO: fake-restart capturing (wifi)
INFO: fake-restart: lost sync (the board restarted the stream)
INFO: fake-restart capturing (wifi)
INFO: fake-restart: lost sync (damaged PCAP record)
INFO: fake-restart capturing (wifi)
INFO: fake-restart: lost sync (the board restarted the stream)
INFO: fake-restart capturing (wifi)
INFO: fake-restart: lost sync (damaged PCAP record)
INFO: fake-restart capturing (wifi)
--- /tmp/tmp.hFGp4cr1fl/kismet-vanish.log
ERROR: Tried to re-register duplicate alert FLIPPERZERO
INFO: Sources will be re-opened if they encounter an error
INFO: Probing interface 'esp32c5' to find datasource type
INFO: Found type 'esp32c5' for 'esp32c5:device=/tmp/esp32c5-e2e,mode=zigbee,name=fake-vanish'
interface: esp32c5
INFO: Data source 'esp32c5:device=/tmp/esp32c5-e2e,mode=zigbee,name=fake-vanish' launched successfully
INFO: fake-vanish: port closed, reconnecting
INFO: fake-vanish capturing (zigbee)
--- /tmp/tmp.hFGp4cr1fl/kismet-wifi.log
ERROR: Tried to re-register duplicate alert FLIPPERZERO
INFO: Sources will be re-opened if they encounter an error
INFO: Probing interface 'esp32c5' to find datasource type
interface: esp32c5
INFO: Found type 'esp32c5' for 'esp32c5:device=/tmp/esp32c5-e2e,mode=wifi,name=fake-wifi'
INFO: Data source 'esp32c5:device=/tmp/esp32c5-e2e,mode=wifi,name=fake-wifi' launched successfully
INFO: fake-wifi capturing (wifi)
INFO: 802.11 Wi-Fi device 02:E5:C5:00:00:06 advertising new SSID 'ESP32C5-FAKE-24'
INFO: 802.11 Wi-Fi device 02:E5:C5:00:00:24 advertising new SSID 'ESP32C5-FAKE-5LOW'
INFO: 802.11 Wi-Fi device 02:E5:C5:00:00:95 advertising new SSID 'ESP32C5-FAKE-5HIGH'
INFO: fake-wifi: lost sync (damaged PCAP record)
INFO: fake-wifi capturing (wifi)
INFO: fake-wifi: lost sync (damaged PCAP record)
INFO: fake-wifi capturing (wifi)
INFO: fake-wifi: lost sync (damaged PCAP record)
INFO: fake-wifi capturing (wifi)
INFO: fake-wifi: lost sync (damaged PCAP record)
INFO: fake-wifi capturing (wifi)
--- /tmp/tmp.hFGp4cr1fl/kismet-zigbee.log
ERROR: Tried to re-register duplicate alert FLIPPERZERO
INFO: Sources will be re-opened if they encounter an error
INFO: Probing interface 'esp32c5zigbee-pts/3' to find datasource type
interface: esp32c5zigbee-pts/3
INFO: Found type 'esp32c5' for 'esp32c5zigbee-pts/3:name=fake-zigbee'
INFO: Data source 'esp32c5zigbee-pts/3:name=fake-zigbee' launched successfully
INFO: fake-zigbee capturing (zigbee)
