1790683184.419 INFO: Including sub-config file: /home/osh/kismet-install/etc/kismet_httpd.conf
1790683184.420 INFO: Including sub-config file: /home/osh/kismet-install/etc/kismet_memory.conf
1790683184.420 INFO: Including sub-config file: /home/osh/kismet-install/etc/kismet_alerts.conf
1790683184.420 INFO: Including sub-config file: /home/osh/kismet-install/etc/kismet_80211.conf
1790683184.420 INFO: Including sub-config file: /home/osh/kismet-install/etc/kismet_logging.conf
1790683184.420 INFO: Including sub-config file: /home/osh/kismet-install/etc/kismet_filter.conf
1790683184.420 INFO: Including sub-config file: /home/osh/kismet-install/etc/kismet_uav.conf
1790683184.420 INFO: Loading config override file '/home/osh/kismet-install/etc/kismet_package.conf'
1790683184.420 INFO: Optional sub-config file not present: /home/osh/kismet-install/etc/kismet_package.conf
1790683184.420 INFO: Loading config override file '/home/osh/kismet-install/etc/kismet_site.conf'
1790683184.420 INFO: Optional sub-config file not present: /home/osh/kismet-install/etc/kismet_site.conf
1790683184.420 INFO: Generated server UUID 429F0B52-BBFD-11F1-8FDD-4B49534D4554 and storing in /tmp/hw3/h6b/.kismet//kismet_server_id.conf
1790683184.420 INFO: Setting server UUID 429F0B52-BBFD-11F1-8FDD-4B49534D4554
1790683184.420 INFO: Starting Beast webserver on 0.0.0.0:2501
1790683184.420 INFO: Opened OUI file '/home/osh/kismet-install/share/kismet/kismet_manuf.txt.gz
1790683184.420 INFO: Indexing manufacturer db
1790683184.420 INFO: Completed indexing manufacturer db, 38959 lines and 780 indexes.
1790683184.427 INFO: Saving devices to the Kismet database log every 30 seconds
1790683184.432 INFO: Using default rates of 10/min, 1/sec for alert 'DEVICEFOUND'
1790683184.432 INFO: Using default rates of 10/min, 1/sec for alert 'DEVICELOST'
1790683184.432 INFO: Registering support for DLT_PPI packet header decoding
1790683184.432 INFO: Registering support for DLT_RADIOTAP packet header decoding
1790683184.433 INFO: Registering support for DLT_BTLE_RADIO packet header decoding
1790683184.436 INFO: Using default rates of 10/min, 1/sec for alert 'BADFIXLENIE'
1790683184.436 INFO: PHY80211 will only process AP signal levels from beacons
1790683184.436 INFO: Allowing Kismet clients to view WEP keys
1790683184.437 DEBUG: ssid canary FooCanary:ssid="FoobarCanary"
1790683184.437 DEBUG: ssid canary FooCanart2:ssid="(?i:foobarcanary)"
1790683184.437 INFO: Keeping EAPOL packets in memory for easy download and WIDS functionality; this can use more RAM.
1790683184.439 INFO: Registered PHY handler 'IEEE802.11' as ID 0
1790683184.441 INFO: Registered PHY handler 'RFSENSOR' as ID 1
1790683184.442 INFO: Registered PHY handler 'Z-Wave' as ID 2
1790683184.443 INFO: Registered PHY handler 'Bluetooth' as ID 3
1790683184.443 DEBUG: reserve_fields home id 538 app id 539
1790683184.446 INFO: Registered PHY handler 'UAV' as ID 4
1790683184.447 INFO: Registered PHY handler 'NrfMousejack' as ID 5
1790683184.447 ERROR: Tried to re-register duplicate alert FLIPPERZERO
1790683184.448 INFO: Registered PHY handler 'BTLE' as ID 6
1790683184.449 INFO: Registered PHY handler 'METER' as ID 7
1790683184.449 INFO: Indexing ADSB ICAO db
1790683184.710 INFO: Completed indexing ADSB ICAO db, 341068 lines 6822 indexes
1790683184.712 INFO: Registered PHY handler 'ADSB' as ID 8
1790683184.713 INFO: Registered PHY handler '802.15.4' as ID 9
1790683184.714 INFO: Registered PHY handler 'RADIATION' as ID 10
1790683184.719 INFO: (HTTPD) Could not read session data file, skipping loading saved sessions.
1790683184.720 INFO: Serving static file content from /home/osh/kismet-install/share/kismet/httpd/
1790683184.720 INFO: Enabling channel hopping by default on sources which support channel control.
1790683184.720 INFO: Setting default channel hop rate to 5/sec
1790683184.720 INFO: Enabling channel list splitting on sources which share the same list of channels
1790683184.720 INFO: Enabling channel list shuffling to optimize overlaps
1790683184.720 INFO: Sources will be re-opened if they encounter an error
1790683184.720 INFO: Saving datasources to the Kismet database log every 30 seconds
1790683184.721 INFO: Launching remote capture server on 127.0.0.1 3501
1790683184.723 INFO: No data sources defined; Kismet will not capture anything until a source is added.
1790683184.725 ALERT: LOGDISABLED Logging has been disabled via the Kismet config files or the command line.  Pcap, database, and related logs will not be saved.
1790683184.725 INFO: Logging disabled, not enabling any log drivers.
1790683184.725 INFO: GPS track will be logged to the Kismet logfile
1790683184.726 INFO: Starting Kismet web server...
1790683184.726 INFO: HTTP server listening on 0.0.0.0:2501
1790683184.727 INFO: Could not open system plugin directory (/home/osh/kismet-install/lib/kismet/), skipping: No such file or directory
1790683184.728 INFO: Did not find a user plugin directory (/tmp/hw3/h6b/.kismet//plugins/), skipping: No such file or directory
1790683199.784 INFO: New remote source esp32c5-ttyACM1 (E5C50001-0000-0000-0000-3844BEBFC910) connected
1790683199.784 INFO: esp32c5-ttyACM1 - /dev/ttyACM1 opened
1790683200.682 INFO: esp32c5-ttyACM1 - /dev/ttyACM1 capturing
1790683201.137 ERROR: Data source 'esp32c5-ttyACM1 / esp32c5-ttyACM1' ('esp32c5-ttyACM1') encountered an error: websocket connection closed
1790683203.231 
1790683203.231 *** KISMET IS SHUTTING DOWN ***
1790683203.231 Shutting down plugins...
1790683203.231 WARNING: Kismet changes the configuration of network devices.
1790683203.231          In most cases you will need to restart networking for
1790683203.231          your interface (varies per distribution and OS), but 
1790683203.231          typically one of:
1790683203.232          sudo service networking restart
1790683203.232          sudo /etc/init.d/networking restart
1790683203.232          or
1790683203.232          nmcli device set [device] managed true
1790683203.232 
1790683203.232 Kismet exiting.
1790683203.232 EXITING: Signal service thread complete.
