== remote capture: kismet_cap_esp32c5 --connect over the websocket, with retry, started with SIGHUP ignored (nohup)
   /root/kismet-install/bin/kismet_cap_esp32c5 --connect 127.0.0.1:46727 (the relay to 2501) --source esp32c5-pts/3:name=fake-remote,channel=6,channel_hop=false
   first packet in Kismet 947 ms after the helper started
PASS the first packet reaches Kismet within 3 s
   GET /datasource/remote/remotesource.ws HTTP/1.1
PASS the request line holds no login: no query at all
PASS the login is in an Authorization header, Basic, exactly user:password with its '&', space and %41
   packets arrived in 5 of 5 seconds
PASS ... and more every second, not in bursts
PASS no libwebsockets notices on the helper's stderr
   set_channel 6: HTTP 200
PASS a channel set is taken, and leaves no empty "INFO: " line on the helper's stderr
   helper 382241, capture process 382247; flock on the port held by: 382247 
PASS the capture process catches SIGTERM, to end the port's exclusive mode before it ends
PASS SIGHUP, which it was started ignoring, leaves the helper and its capture process capturing
PASS a second remote helper on the same board is refused before it connects
PASS ... and the first goes on capturing
PASS close_source.cmd: the capture process ends, and the port is free
   capture process now 382596
PASS ... and the helper connects again 5 s later, and captures
PASS kill -TERM of the helper ends its capture process with it, and frees the port within 1 s
== remote capture with an API key (KISMET_CAP_APIKEY)
   a datasource key from Kismet: B4827CB198045C12C435726A28E82037
PASS the helper logs in with it, and captures
   GET /datasource/remote/remotesource.ws HTTP/1.1
PASS the request line holds no key
PASS the key is in Kismet's session cookie, KISMET
== remote capture with a login, and then an API key, too long for the request's headers
   helper: FATAL: The login does not fit in the websocket request's headers, which have 3797 bytes left for it; use a shorter one, or an API key
   helper: FATAL:  Datasource exiting libwebsocket loop
PASS a password of 5000 characters is refused with a reason that names it, rather than sent cut short
PASS ... nothing is sent, and the helper ends (--disable-retry; exit status 0) rather than wait
   helper: FATAL: The API key does not fit in the websocket request's headers, which have 3797 bytes left for it; the keys Kismet makes have 32 characters
   helper: FATAL:  Datasource exiting libwebsocket loop
PASS a key of 5000 characters is refused with a reason that names it, rather than sent cut short
PASS ... nothing is sent, and the helper ends (--disable-retry; exit status 0) rather than wait
== remote capture answered with a redirect to another host
   helper: FATAL: The websocket was answered with a redirect, which is not followed: Kismet never redirects it, and the login would go along to wherever it points; check --connect, --endpoint and --ssl
   helper: FATAL:  Datasource exiting libwebsocket loop
   a connection to the other host, 0 bytes
PASS the redirect is not followed, and the helper says why
PASS the other host is sent nothing, the login least of all
PASS ... and the helper ends (--disable-retry; exit status 0) rather than wait
== libwebsockets' queue, on a machine with many routes
   routes in the namespace: 204 IPv4, 1 IPv6
   the helper's exit status: 124 (124: still waiting for an answer when it was stopped)
   'rejecting message on queue depth' said 0 time(s)
PASS a helper connecting there prints no libwebsockets "rejecting message on queue depth" warnings
   source: running=0 error='websocket connection closed' packets=1032 hopping=0 channel='6' interface='esp32c5-pts/3' capif='esp32c5-pts/3'
   phys: IEEE802.11
   names: 'ESP32C5-FAKE-24'
   device frequencies (kHz): IEEE802.11 [2437000]
   helper: INFO: 127.0.0.1:46727 starting capture...
   helper: FATAL: Datasource websocket closed
   helper: FATAL:  Datasource exiting libwebsocket loop
   helper: INFO: capture process exited 0 signal 0
   helper: INFO: Sleeping 5 seconds before attempting to reconnect to remote server
   helper: INFO: 127.0.0.1:46727 starting capture...
ALL OK
