1790683255.748 INFO: Including sub-config file: /home/osh/kismet-install/etc/kismet_httpd.conf
1790683255.749 INFO: Including sub-config file: /home/osh/kismet-install/etc/kismet_memory.conf
1790683255.749 INFO: Including sub-config file: /home/osh/kismet-install/etc/kismet_alerts.conf
1790683255.749 INFO: Including sub-config file: /home/osh/kismet-install/etc/kismet_80211.conf
1790683255.749 INFO: Including sub-config file: /home/osh/kismet-install/etc/kismet_logging.conf
1790683255.749 INFO: Including sub-config file: /home/osh/kismet-install/etc/kismet_filter.conf
1790683255.749 INFO: Including sub-config file: /home/osh/kismet-install/etc/kismet_uav.conf
1790683255.749 INFO: Loading config override file '/home/osh/kismet-install/etc/kismet_package.conf'
1790683255.749 INFO: Optional sub-config file not present: /home/osh/kismet-install/etc/kismet_package.conf
1790683255.749 INFO: Loading config override file '/home/osh/kismet-install/etc/kismet_site.conf'
1790683255.749 INFO: Optional sub-config file not present: /home/osh/kismet-install/etc/kismet_site.conf
1790683255.749 INFO: Generated server UUID 6D21E3E0-BBFD-11F1-A56E-4B49534D4554 and storing in /tmp/hw3/h6d/.kismet//kismet_server_id.conf
1790683255.749 INFO: Setting server UUID 6D21E3E0-BBFD-11F1-A56E-4B49534D4554
1790683255.749 INFO: Starting Beast webserver on 0.0.0.0:2501
1790683255.749 INFO: Opened OUI file '/home/osh/kismet-install/share/kismet/kismet_manuf.txt.gz
1790683255.749 INFO: Indexing manufacturer db
1790683255.756 INFO: Completed indexing manufacturer db, 38959 lines and 780 indexes.
1790683255.767 INFO: Saving devices to the Kismet database log every 30 seconds
1790683255.773 INFO: Using default rates of 10/min, 1/sec for alert 'DEVICEFOUND'
1790683255.773 INFO: Using default rates of 10/min, 1/sec for alert 'DEVICELOST'
1790683255.773 INFO: Registering support for DLT_PPI packet header decoding
1790683255.773 INFO: Registering support for DLT_RADIOTAP packet header decoding
1790683255.773 INFO: Registering support for DLT_BTLE_RADIO packet header decoding
1790683255.776 INFO: Using default rates of 10/min, 1/sec for alert 'BADFIXLENIE'
1790683255.777 INFO: PHY80211 will only process AP signal levels from beacons
1790683255.777 INFO: Allowing Kismet clients to view WEP keys
1790683255.777 DEBUG: ssid canary FooCanary:ssid="FoobarCanary"
1790683255.777 DEBUG: ssid canary FooCanart2:ssid="(?i:foobarcanary)"
1790683255.777 INFO: Keeping EAPOL packets in memory for easy download and WIDS functionality; this can use more RAM.
1790683255.780 INFO: Registered PHY handler 'IEEE802.11' as ID 0
1790683255.782 INFO: Registered PHY handler 'RFSENSOR' as ID 1
1790683255.783 INFO: Registered PHY handler 'Z-Wave' as ID 2
1790683255.784 INFO: Registered PHY handler 'Bluetooth' as ID 3
1790683255.784 DEBUG: reserve_fields home id 538 app id 539
1790683255.786 INFO: Registered PHY handler 'UAV' as ID 4
1790683255.787 INFO: Registered PHY handler 'NrfMousejack' as ID 5
1790683255.787 ERROR: Tried to re-register duplicate alert FLIPPERZERO
1790683255.788 INFO: Registered PHY handler 'BTLE' as ID 6
1790683255.790 INFO: Registered PHY handler 'METER' as ID 7
1790683255.790 INFO: Indexing ADSB ICAO db
1790683256.051 INFO: Completed indexing ADSB ICAO db, 341068 lines 6822 indexes
1790683256.052 INFO: Registered PHY handler 'ADSB' as ID 8
1790683256.053 INFO: Registered PHY handler '802.15.4' as ID 9
1790683256.055 INFO: Registered PHY handler 'RADIATION' as ID 10
1790683256.060 INFO: (HTTPD) Could not read session data file, skipping loading saved sessions.
1790683256.060 INFO: Serving static file content from /home/osh/kismet-install/share/kismet/httpd/
1790683256.061 INFO: Enabling channel hopping by default on sources which support channel control.
1790683256.061 INFO: Setting default channel hop rate to 5/sec
1790683256.061 INFO: Enabling channel list splitting on sources which share the same list of channels
1790683256.061 INFO: Enabling channel list shuffling to optimize overlaps
1790683256.061 INFO: Sources will be re-opened if they encounter an error
1790683256.061 INFO: Saving datasources to the Kismet database log every 30 seconds
1790683256.061 INFO: Launching remote capture server on 127.0.0.1 3501
1790683256.064 INFO: No data sources defined; Kismet will not capture anything until a source is added.
1790683256.065 ALERT: LOGDISABLED Logging has been disabled via the Kismet config files or the command line.  Pcap, database, and related logs will not be saved.
1790683256.065 INFO: Logging disabled, not enabling any log drivers.
1790683256.065 INFO: GPS track will be logged to the Kismet logfile
1790683256.066 INFO: Starting Kismet web server...
1790683256.066 INFO: HTTP server listening on 0.0.0.0:2501
1790683256.068 INFO: Could not open system plugin directory (/home/osh/kismet-install/lib/kismet/), skipping: No such file or directory
1790683256.068 INFO: Did not find a user plugin directory (/tmp/hw3/h6d/.kismet//plugins/), skipping: No such file or directory
1790683256.828 INFO: New remote source esp32c5-ttyACM1 (E5C50001-0000-0000-0000-3844BEBFC910) connected
1790683256.829 INFO: esp32c5-ttyACM1 - /dev/ttyACM1 opened
1790683257.822 INFO: esp32c5-ttyACM1 - /dev/ttyACM1 capturing
1790683257.868 INFO: Detected new 802.11 Wi-Fi device 4C:2E:5E:D5:FE:E9
1790683257.937 INFO: Detected new 802.11 Wi-Fi device E4:5F:01:49:99:3F
1790683257.937 INFO: Detected new 802.11 Wi-Fi device 42:A2:BA:65:29:F3
1790683259.324 INFO: Detected new 802.11 Wi-Fi access point 00:B8:C2:B2:AE:57
1790683259.325 INFO: 802.11 Wi-Fi device 00:B8:C2:B2:AE:57 advertising new SSID 'Mor'
1790683259.337 INFO: Detected new 802.11 Wi-Fi access point FA:8F:CA:6C:D1:65
1790683259.338 INFO: 802.11 Wi-Fi device FA:8F:CA:6C:D1:65 advertising new SSID 'JBL Bar 5.1_0891.l025'
1790683259.482 INFO: Detected new 802.11 Wi-Fi access point 26:39:F1:AB:05:B2
1790683259.483 INFO: 802.11 Wi-Fi device 26:39:F1:AB:05:B2 advertising new SSID 'osvc-2'
1790683259.826 INFO: Detected new 802.11 Wi-Fi access point 40:AE:30:84:34:B6
1790683259.826 INFO: 802.11 Wi-Fi device 40:AE:30:84:34:B6 advertising new SSID 'cohen42'
1790683261.070 INFO: Detected new 802.11 Wi-Fi device A8:DB:03:42:DE:68
1790683263.192 ERROR: Data source 'esp32c5-ttyACM1 / esp32c5-ttyACM1' ('esp32c5-ttyACM1') encountered an error: websocket connection closed
1790683263.569 
1790683263.569 *** KISMET IS SHUTTING DOWN ***
1790683263.569 Shutting down plugins...
1790683263.569 WARNING: Kismet changes the configuration of network devices.
1790683263.569          In most cases you will need to restart networking for
1790683263.569          your interface (varies per distribution and OS), but 
1790683263.569          typically one of:
1790683263.569          sudo service networking restart
1790683263.569          sudo /etc/init.d/networking restart
1790683263.569          or
1790683263.569          nmcli device set [device] managed true
1790683263.569 
1790683263.569 Kismet exiting.
1790683263.570 EXITING: Signal service thread complete.
