make[1]: Entering directory '/home/osh/src/kismet'
(cd capture_antsdr_droneid && make)
make[2]: Entering directory '/home/osh/src/kismet/capture_antsdr_droneid'
make[2]: Nothing to be done for 'all'.
make[2]: Leaving directory '/home/osh/src/kismet/capture_antsdr_droneid'
(cd capture_linux_wifi && make)
make[2]: Entering directory '/home/osh/src/kismet/capture_linux_wifi'
make[2]: Nothing to be done for 'all'.
make[2]: Leaving directory '/home/osh/src/kismet/capture_linux_wifi'
(cd capture_nrf_mousejack && make)
make[2]: Entering directory '/home/osh/src/kismet/capture_nrf_mousejack'
make[2]: Nothing to be done for 'all'.
make[2]: Leaving directory '/home/osh/src/kismet/capture_nrf_mousejack'
(cd capture_ti_cc_2540 && make)
make[2]: Entering directory '/home/osh/src/kismet/capture_ti_cc_2540'
make[2]: Nothing to be done for 'all'.
make[2]: Leaving directory '/home/osh/src/kismet/capture_ti_cc_2540'
(cd capture_ti_cc_2531 && make)
make[2]: Entering directory '/home/osh/src/kismet/capture_ti_cc_2531'
make[2]: Nothing to be done for 'all'.
make[2]: Leaving directory '/home/osh/src/kismet/capture_ti_cc_2531'
(cd capture_radiacode && make)
make[2]: Entering directory '/home/osh/src/kismet/capture_radiacode'
make[2]: Nothing to be done for 'all'.
make[2]: Leaving directory '/home/osh/src/kismet/capture_radiacode'
(cd capture_linux_bluetooth && make)
make[2]: Entering directory '/home/osh/src/kismet/capture_linux_bluetooth'
make[2]: Nothing to be done for 'all'.
make[2]: Leaving directory '/home/osh/src/kismet/capture_linux_bluetooth'
(cd capture_serial_radview && make)
make[2]: Entering directory '/home/osh/src/kismet/capture_serial_radview'
make[2]: Nothing to be done for 'all'.
make[2]: Leaving directory '/home/osh/src/kismet/capture_serial_radview'
(cd capture_nrf_51822 && make)
make[2]: Entering directory '/home/osh/src/kismet/capture_nrf_51822'
make[2]: Nothing to be done for 'all'.
make[2]: Leaving directory '/home/osh/src/kismet/capture_nrf_51822'
(cd capture_nxp_kw41z && make)
make[2]: Entering directory '/home/osh/src/kismet/capture_nxp_kw41z'
make[2]: Nothing to be done for 'all'.
make[2]: Leaving directory '/home/osh/src/kismet/capture_nxp_kw41z'
(cd capture_nrf_52840 && make)
make[2]: Entering directory '/home/osh/src/kismet/capture_nrf_52840'
make[2]: Nothing to be done for 'all'.
make[2]: Leaving directory '/home/osh/src/kismet/capture_nrf_52840'
(cd capture_catsniffer_zigbee && make)
make[2]: Entering directory '/home/osh/src/kismet/capture_catsniffer_zigbee'
make[2]: Nothing to be done for 'all'.
make[2]: Leaving directory '/home/osh/src/kismet/capture_catsniffer_zigbee'
(cd capture_esp32c5 && make)
make[2]: Entering directory '/home/osh/src/kismet/capture_esp32c5'
make[2]: Nothing to be done for 'all'.
make[2]: Leaving directory '/home/osh/src/kismet/capture_esp32c5'
(cd capture_sniffle_ble && make)
make[2]: Entering directory '/home/osh/src/kismet/capture_sniffle_ble'
make[2]: Nothing to be done for 'all'.
make[2]: Leaving directory '/home/osh/src/kismet/capture_sniffle_ble'
(cd capture_freaklabs_zigbee_v2 && make)
make[2]: Entering directory '/home/osh/src/kismet/capture_freaklabs_zigbee_v2'
make[2]: Nothing to be done for 'all'.
make[2]: Leaving directory '/home/osh/src/kismet/capture_freaklabs_zigbee_v2'
(cd capture_rz_killerbee && make)
make[2]: Entering directory '/home/osh/src/kismet/capture_rz_killerbee'
make[2]: Nothing to be done for 'all'.
make[2]: Leaving directory '/home/osh/src/kismet/capture_rz_killerbee'
(cd capture_wch_ble_analyzer_pro && make)
make[2]: Entering directory '/home/osh/src/kismet/capture_wch_ble_analyzer_pro'
make[2]: Nothing to be done for 'all'.
make[2]: Leaving directory '/home/osh/src/kismet/capture_wch_ble_analyzer_pro'
mkdir -p /home/osh/kismet-install/etc
mkdir -p /home/osh/kismet-install/bin
/usr/bin/install -c -o osh -g osh -m 555 kismet /home/osh/kismet-install/bin/kismet;
# Install the alias script
/usr/bin/install -c -o osh -g osh -m 555 kismet_server /home/osh/kismet-install/bin/kismet_server;
# Install the compiled log tools
/usr/bin/install -c -o osh -g osh -m 555 log_tools/kismetdb_strip_packets /home/osh/kismet-install/bin/`basename log_tools/kismetdb_strip_packets`;
/usr/bin/install -c -o osh -g osh -m 555 log_tools/kismetdb_dump_devices /home/osh/kismet-install/bin/`basename log_tools/kismetdb_dump_devices`;
/usr/bin/install -c -o osh -g osh -m 555 log_tools/kismetdb_to_wiglecsv /home/osh/kismet-install/bin/`basename log_tools/kismetdb_to_wiglecsv`;
/usr/bin/install -c -o osh -g osh -m 555 log_tools/kismetdb_statistics /home/osh/kismet-install/bin/`basename log_tools/kismetdb_statistics`;
/usr/bin/install -c -o osh -g osh -m 555 log_tools/kismetdb_to_kml /home/osh/kismet-install/bin/`basename log_tools/kismetdb_to_kml`;
/usr/bin/install -c -o osh -g osh -m 555 log_tools/kismetdb_to_gpx /home/osh/kismet-install/bin/`basename log_tools/kismetdb_to_gpx`;
/usr/bin/install -c -o osh -g osh -m 555 log_tools/kismetdb_clean /home/osh/kismet-install/bin/`basename log_tools/kismetdb_clean`;
/usr/bin/install -c -o osh -g osh -m 555 log_tools/kismetdb_to_pcap /home/osh/kismet-install/bin/`basename log_tools/kismetdb_to_pcap`;
# Install the other tools
/usr/bin/install -c -o osh -g osh -m 555 tools/kismet_discovery /home/osh/kismet-install/bin/`basename tools/kismet_discovery`;
mkdir -p /home/osh/kismet-install/bin
mkdir -p /home/osh/kismet-install/lib/pkgconfig
/usr/bin/install -c -o osh -g osh -m 644 packaging/kismet.pc /home/osh/kismet-install/lib/pkgconfig/kismet.pc
mkdir -p /home/osh/kismet-install/share/kismet/httpd/
cp -r http_data/* /home/osh/kismet-install/share/kismet/httpd/
cp conf/kismet_manuf.txt.gz /home/osh/kismet-install/share/kismet//kismet_manuf.txt.gz
cp conf/kismet_adsb_icao.txt.gz /home/osh/kismet-install/share/kismet//kismet_adsb_icao.txt.gz
make[1]: Leaving directory '/home/osh/src/kismet'
make[1]: Entering directory '/home/osh/src/kismet'
/home/osh/kismet-install/etc/kismet.conf already exists; it will not be automatically replaced.
/home/osh/kismet-install/etc/kismet_httpd.conf already exists; it will not be automatically replaced.
/home/osh/kismet-install/etc/kismet_alerts.conf already exists; it will not be automatically replaced.
/home/osh/kismet-install/etc/kismet_memory.conf already exists; it will not be automatically replaced.
/home/osh/kismet-install/etc/kismet_logging.conf already exists; it will not be automatically replaced.
/home/osh/kismet-install/etc/kismet_filter.conf already exists; it will not be automatically replaced.
/home/osh/kismet-install/etc/kismet_uav.conf already exists; it will not be automatically replaced.
/home/osh/kismet-install/etc/kismet_80211.conf already exists; it will not be automatically replaced.
/home/osh/kismet-install/etc/kismet_wardrive.conf already exists; it will not be automatically replaced.


Existing config files have not been replaced; if the Kismet 
configuration files have changed, you will need to manually 
reconcile the differences in the config files!
You can replace all config files with: 
    make forceconfigs

You can simplify future configuration changes by using the 
kismet_site.conf config file, for more info see the docs at:
https://www.kismetwireless.net/docs/readme/configuring/configfiles/


make[1]: Leaving directory '/home/osh/src/kismet'


Installed kismet into /home/osh/kismet-install/bin/.
If you have not done so already, read the README file and the FAQ file.  Additional
documentation is in the docs/ directory.  You MUST edit /home/osh/kismet-install/etc/kismet.conf 
and configure Kismet for your system, or it will NOT run properly!

Kismet has NOT been installed suid-root.  This means you will need to start 
it as root.  If you add your user to the osh group and install 
Kismet with 'make suidinstall', users in that group will be able to 
run Kismet directly.

READ THE KISMET DOCUMENTATION ABOUT THE KISMET SECURITY MODEL TO
DECIDE IF YOU WANT TO INSTALL IT SUID-ROOT

It is generally *MORE SECURE* to install Kismet with the suid-root 
option.

If you have installed Kismet in the past, you may need to UPDATE YOUR CONFIG
FILES or Kismet may not work properly!  You can manually reconcile differences
or you can replace the previously installed config files entirely by running
make forceconfigs
INSTALL_EXIT=0
