g++ -std=gnu++20 -Wall -Wno-unknown-warning-option -Wno-deprecated-declarations -Wno-format-truncation -Wno-unused-local-typedefs -Wno-unused-function -Wno-infinite-recursion -g -I. -fPIE -g -O2 -O3 -DKS_STR_ENCODING_NONE -I/usr/include/dbus-1.0 -I/usr/lib/aarch64-linux-gnu/dbus-1.0/include   -Wno-dangling-reference  -c kismet_server.cc -o kismet_server.cc.o
gcc -Wall -Wno-unknown-warning-option -Wno-format-truncation -Wno-unused-function -g -I. -fPIE -I/usr/include/libnm -I/usr/include/glib-2.0 -I/usr/lib/aarch64-linux-gnu/glib-2.0/include -I/usr/include/sysprof-6 -I/usr/include/libmount -I/usr/include/blkid -pthread  -I/usr/include/libnl3   -Wno-dangling-reference  -pthread -I/usr/include/dbus-1.0 -I/usr/lib/aarch64-linux-gnu/dbus-1.0/include   -Wno-dangling-reference  -c capture_framework.c -o capture_framework.c.o
cc1: warning: command-line option ‘-Wno-dangling-reference’ is valid for C++/ObjC++ but not for C
cc1: note: unrecognized command-line option ‘-Wno-unknown-warning-option’ may have been intended to silence earlier diagnostics
ar rcs libkismetdatasource.a mpack/mpack.c.o simple_ringbuf_c.c.o version.c.o capture_framework.c.o
gcc  -o kismet_cap_kismetdb capture_kismetdb.c.o libkismetdatasource.a -lcap -lwebsockets -lcap  -lpthread -lm -lsqlite3
gcc  -o kismet_cap_pcapfile capture_pcapfile.c.o libkismetdatasource.a -lpcap  -lcap -lwebsockets -lcap  -lpthread -lm
(cd capture_antsdr_droneid && make)
make[1]: Entering directory '/home/osh/src/kismet/capture_antsdr_droneid'
gcc  -o kismet_cap_antsdr_droneid capture_antsdr_droneid.c.o  ../libkismetdatasource.a -lcap -lwebsockets -lcap  -lpthread -lm 
make[1]: Leaving directory '/home/osh/src/kismet/capture_antsdr_droneid'
(cd capture_linux_wifi && make)
make[1]: Entering directory '/home/osh/src/kismet/capture_linux_wifi'
gcc  -o kismet_cap_linux_wifi ../interface_control.c.o ../wifi_ht_channels.c.o linux_wireless_control.c.o linux_netlink_control.c.o linux_nexmon_control.c.o linux_wireless_rfkill.c.o capture_linux_wifi.c.o ../libkismetdatasource.a -lpcap  -lnm -lgio-2.0 -lgobject-2.0 -lglib-2.0  -lnl-genl-3 -lnl-3  -lcap -lwebsockets -lcap  -lpthread -lm
(cd capture_nrf_mousejack && make)
make[1]: Entering directory '/home/osh/src/kismet/capture_nrf_mousejack'
gcc  -o kismet_cap_nrf_mousejack capture_nrf_mousejack.c.o  ../libkismetdatasource.a -lcap -lwebsockets -lcap  -lpthread -lm -lusb-1.0 
(cd capture_ti_cc_2540 && make)
make[1]: Entering directory '/home/osh/src/kismet/capture_ti_cc_2540'
gcc  -o kismet_cap_ti_cc_2540 capture_ti_cc_2540.c.o  ../libkismetdatasource.a -lcap -lwebsockets -lcap  -lpthread -lm -lusb-1.0 
make[1]: Leaving directory '/home/osh/src/kismet/capture_nrf_mousejack'
(cd capture_ti_cc_2531 && make)
make[1]: Leaving directory '/home/osh/src/kismet/capture_ti_cc_2540'
(cd capture_radiacode && make)
make[1]: Entering directory '/home/osh/src/kismet/capture_ti_cc_2531'
gcc  -o kismet_cap_ti_cc_2531 capture_ti_cc_2531.c.o  ../libkismetdatasource.a -lcap -lwebsockets -lcap  -lpthread -lm -lusb-1.0 
make[1]: Entering directory '/home/osh/src/kismet/capture_radiacode'
gcc  -o kismet_cap_radiacode_usb radiacode.c.o capture_radiacode_usb.c.o  ../libkismetdatasource.a -lcap -lwebsockets -lcap  -lpthread -lm -lusb-1.0 
make[1]: Leaving directory '/home/osh/src/kismet/capture_ti_cc_2531'
(cd capture_linux_bluetooth && make)
make[1]: Leaving directory '/home/osh/src/kismet/capture_radiacode'
(cd capture_serial_radview && make)
make[1]: Leaving directory '/home/osh/src/kismet/capture_linux_wifi'
make[1]: Entering directory '/home/osh/src/kismet/capture_linux_bluetooth'
gcc  -o kismet_cap_linux_bluetooth linux_bt_rfkill.c.o capture_linux_bluetooth.c.o ../libkismetdatasource.a -lcap -lwebsockets -lcap  -lpthread -lm
(cd capture_nrf_51822 && make)
make[1]: Entering directory '/home/osh/src/kismet/capture_serial_radview'
gcc  -o kismet_cap_serial_radview capture_serial_radview.c.o  ../libkismetdatasource.a -lcap -lwebsockets -lcap  -lpthread -lm
make[1]: Entering directory '/home/osh/src/kismet/capture_nrf_51822'
gcc  -o kismet_cap_nrf_51822 capture_nrf_51822.c.o  ../libkismetdatasource.a -lcap -lwebsockets -lcap  -lpthread -lm
make[1]: Leaving directory '/home/osh/src/kismet/capture_linux_bluetooth'
(cd capture_nxp_kw41z && make)
make[1]: Entering directory '/home/osh/src/kismet/capture_nxp_kw41z'
gcc  -o kismet_cap_nxp_kw41z capture_nxp_kw41z.c.o  ../libkismetdatasource.a -lcap -lwebsockets -lcap  -lpthread -lm
make[1]: Leaving directory '/home/osh/src/kismet/capture_serial_radview'
(cd capture_nrf_52840 && make)
make[1]: Leaving directory '/home/osh/src/kismet/capture_nrf_51822'
(cd capture_catsniffer_zigbee && make)
make[1]: Entering directory '/home/osh/src/kismet/capture_nrf_52840'
gcc  -o kismet_cap_nrf_52840 capture_nrf_52840.c.o  ../libkismetdatasource.a -lcap -lwebsockets -lcap  -lpthread -lm
make[1]: Entering directory '/home/osh/src/kismet/capture_catsniffer_zigbee'
gcc  -o kismet_cap_catsniffer_zigbee capture_catsniffer_zigbee.c.o ../libkismetdatasource.a -lcap -lwebsockets -lcap  -lpthread -lm
make[1]: Leaving directory '/home/osh/src/kismet/capture_nxp_kw41z'
(cd capture_esp32c5 && make)
make[1]: Entering directory '/home/osh/src/kismet/capture_esp32c5'
gcc -Wall -Wno-unknown-warning-option -Wno-format-truncation -Wno-unused-function -g -I. -fPIE -I/usr/include/libnm -I/usr/include/glib-2.0 -I/usr/lib/aarch64-linux-gnu/glib-2.0/include -I/usr/include/sysprof-6 -I/usr/include/libmount -I/usr/include/blkid -pthread  -I/usr/include/libnl3   -Wno-dangling-reference  -pthread -I/usr/include/dbus-1.0 -I/usr/lib/aarch64-linux-gnu/dbus-1.0/include   -Wno-dangling-reference  -c capture_esp32c5.c -o capture_esp32c5.c.o
cc1: warning: command-line option ‘-Wno-dangling-reference’ is valid for C++/ObjC++ but not for C
make[1]: Leaving directory '/home/osh/src/kismet/capture_nrf_52840'
(cd capture_sniffle_ble && make)
make[1]: Leaving directory '/home/osh/src/kismet/capture_catsniffer_zigbee'
(cd capture_freaklabs_zigbee_v2 && make)
make[1]: Entering directory '/home/osh/src/kismet/capture_sniffle_ble'
gcc  -o kismet_cap_sniffle_ble capture_sniffle_ble.c.o ../libkismetdatasource.a -lcap -lwebsockets -lcap  -lpthread -lm
make[1]: Entering directory '/home/osh/src/kismet/capture_freaklabs_zigbee_v2'
gcc  -o kismet_cap_freaklabs_zigbee capture_freaklabs_zigbee_v2.c.o ../libkismetdatasource.a -lcap -lwebsockets -lcap  -lpthread -lm
make[1]: Leaving directory '/home/osh/src/kismet/capture_sniffle_ble'
(cd capture_rz_killerbee && make)
make[1]: Leaving directory '/home/osh/src/kismet/capture_freaklabs_zigbee_v2'
(cd capture_wch_ble_analyzer_pro && make)
make[1]: Entering directory '/home/osh/src/kismet/capture_wch_ble_analyzer_pro'
gcc  -o kismet_cap_wch_ble_analyzer_pro wch_ble_analyzer.c.o capture_wch_ble_analyzer_pro.c.o ../libkismetdatasource.a -lcap -lwebsockets -lcap  -lpthread -lm -lusb-1.0 
make[1]: Entering directory '/home/osh/src/kismet/capture_rz_killerbee'
gcc  -o kismet_cap_rz_killerbee capture_rz_killerbee.c.o  ../libkismetdatasource.a -lcap -lwebsockets -lcap  -lpthread -lm -lusb-1.0 
make[1]: Leaving directory '/home/osh/src/kismet/capture_wch_ble_analyzer_pro'
make[1]: Leaving directory '/home/osh/src/kismet/capture_rz_killerbee'
cc1: note: unrecognized command-line option ‘-Wno-unknown-warning-option’ may have been intended to silence earlier diagnostics
gcc  -o kismet_cap_esp32c5 capture_esp32c5.c.o ../libkismetdatasource.a -lcap -lwebsockets -lcap  -lpthread -lm
make[1]: Leaving directory '/home/osh/src/kismet/capture_esp32c5'
In file included from /usr/include/c++/14/bits/stl_algobase.h:64,
                 from /usr/include/c++/14/algorithm:60,
                 from backward.h:79,
                 from backward_wrapper.h:28,
                 from kismet_server.cc:25:
/usr/include/c++/14/bits/stl_pair.h: In instantiation of ‘constexpr std::pair<typename std::__strip_reference_wrapper<typename std::decay<_Tp>::type>::__type, typename std::__strip_reference_wrapper<typename std::decay<_Tp2>::type>::__type> std::make_pair(_T1&&, _T2&&) [with _T1 = double&; _T2 = double&; typename __strip_reference_wrapper<typename decay<_Tp>::type>::__type = double; typename decay<_Tp>::type = double; typename __strip_reference_wrapper<typename decay<_Tp2>::type>::__type = double; typename decay<_Tp2>::type = double]’:
trackedlocation_v2.h:61:75:   required from here
   61 |     void set_location(double lat, double lon) { geopoint_ = std::make_pair(lon, lat); }
      |                                                             ~~~~~~~~~~~~~~^~~~~~~~~~
/usr/include/c++/14/bits/stl_pair.h:1132:5: note: parameter passing for argument of type ‘std::pair<double, double>’ when C++17 is enabled changed to match C++14 in GCC 10.1
 1132 |     make_pair(_T1&& __x, _T2&& __y)
      |     ^~~~~~~~~
g++ -std=gnu++20  -o kismet util.cc.o crc32.cc.o macaddr.cc.o uuid.cc.o xxhash.cc.o boost_like_hash.cc.o sqlite3_cpp11.cc.o mpack/mpack.c.o globalregistry.cc.o eventbus.cc.o packet.cc.o configfile.cc.o battery.cc.o ipctracker_v2.cc.o  kis_external.cc.o dlttracker.cc.o antennatracker.cc.o datasourcetracker.cc.o kis_datasource.cc.o datasource_linux_bluetooth.cc.o datasource_rtl433.cc.o datasource_rtlamr.cc.o datasource_rtladsb.cc.o datasource_ti_cc_2540.cc.o datasource_ti_cc_2531.cc.o datasource_ubertooth_one.cc.o datasource_nrf_51822.cc.o datasource_nxp_kw41z.cc.o datasource_nrf_52840.cc.o datasource_rz_killerbee.cc.o datasource_scan.cc.o datasource_bt_geiger.cc.o datasource_mqtt.cc.o datasource_catsniffer_zigbee.cc.o datasource_sniffle_ble.cc.o kis_net_beast_httpd.cc.o kis_httpd_registry.cc.o system_monitor.cc.o base64.cc.o gpstracker.cc.o kis_gps.cc.o gpsnmea_v2.cc.o gpsserial_v3.cc.o gpstcp_v2.cc.o gpsgpsd_v3.cc.o gpsfake.cc.o gpsweb.cc.o gpsmeta.cc.o packetchain.cc.o packet_filter.cc.o class_filter.cc.o trackedelement.cc.o trackedelement_workers.cc.o trackedcomponent.cc.o entrytracker.cc.o trackedlocation.cc.o devicetracker_component.cc.o devicetracker_view.cc.o devicetracker_view_workers.cc.o devicetracker_view_workers_v2.cc.o json_adapter_v2.cc.o devicetracker_component_v2.cc.o trackedlocation_v2.cc.o channeltracker_v3.cc.o kis_server_announce.cc.o json_adapter.cc.o plugintracker.cc.o alertracker.cc.o timetracker.cc.o devicetracker.cc.o devicetracker_httpd.cc.o kis_dlt.cc.o kis_dlt_ppi.cc.o kis_dlt_radiotap.cc.o kis_dlt_btle_radio.cc.o kaitaistream.cc.o dot11_parsers/dot11_ie.cc.o dot11_parsers/dot11_ie_7_country.cc.o dot11_parsers/dot11_ie_11_qbss.cc.o dot11_parsers/dot11_ie_33_power.cc.o dot11_parsers/dot11_ie_35_tpc.cc.o dot11_parsers/dot11_ie_36_supported_channels.cc.o dot11_parsers/dot11_ie_37_csa.cc.o dot11_parsers/dot11_ie_45_ht_cap.cc.o dot11_parsers/dot11_ie_48_rsn.cc.o dot11_parsers/dot11_ie_52_rmm_neighbor.cc.o dot11_parsers/dot11_ie_54_mobility.cc.o dot11_parsers/dot11_ie_55_fastbss.cc.o dot11_parsers/dot11_ie_61_ht_op.cc.o dot11_parsers/dot11_ie_70_rm_capabilities.cc.o dot11_parsers/dot11_ie_113_mesh_config.cc.o dot11_parsers/dot11_ie_133_cisco_ccx.cc.o dot11_parsers/dot11_ie_150_vendor.cc.o dot11_parsers/dot11_ie_150_cisco_powerlevel.cc.o dot11_parsers/dot11_ie_191_vht_cap.cc.o dot11_parsers/dot11_ie_192_vht_op.cc.o dot11_parsers/dot11_ie_127_extended_capabilities.cc.o dot11_parsers/dot11_ie_213_s1g_beacon_compat.cc.o dot11_parsers/dot11_ie_214_short_beacon_interval.cc.o dot11_parsers/dot11_ie_217_s1g_capabilities.cc.o dot11_parsers/dot11_ie_221_vendor.cc.o dot11_parsers/dot11_ie_221_ms_wps.cc.o dot11_parsers/dot11_ie_221_ms_wmm.cc.o dot11_parsers/dot11_ie_221_dji_droneid.cc.o dot11_parsers/dot11_ie_221_wfa_wpa.cc.o dot11_parsers/dot11_ie_221_cisco_client_mfp.cc.o dot11_parsers/dot11_ie_221_wpa_transition.cc.o dot11_parsers/dot11_ie_221_rsn_pmkid.cc.o dot11_parsers/dot11_ie_221_wfa.cc.o dot11_parsers/dot11_ie_232_s1g_operation.cc.o dot11_parsers/dot11_ie_255_ext_tag.cc.o dot11_parsers/dot11_action.cc.o dot11_parsers/dot11_wpa_eap.cc.o dot11_parsers/dot11_p2p_ie.cc.o dot11_parsers/dot11_s1g.cc.o bluetooth_parsers/btle.cc.o phy_80211.cc.o phy_80211_components.cc.o phy_80211_components_v2.cc.o phy_80211_dissectors.cc.o phy_sensor.cc.o phy_meter.cc.o phy_adsb.cc.o phy_zwave.cc.o phy_bluetooth.cc.o phy_uav_drone.cc.o phy_nrf_mousejack.cc.o phy_btle.cc.o phy_802154.cc.o phy_80211_ssidtracker.cc.o phy_radiation.cc.o kis_dissector_ipdata.cc.o manuf.cc.o bluetooth_ids.cc.o adsb_icao.cc.o logtracker.cc.o kis_ppilogfile.cc.o kis_databaselogfile.cc.o kis_pcapnglogfile.cc.o kis_pcapng_ring_logfile.cc.o kis_wiglecsvlogfile.cc.o messagebus_restclient.cc.o streamtracker.cc.o kis_database.cc.o kismet_server.cc.o version.c.o -lcap  -ldw -ldl -lz -latomic -lpcre2-8 -lsqlite3 -lmosquitto  -lsensors -lstdc++ -lpcap  -lpthread   -lssl -lcrypto  -rdynamic
MAKE_EXIT=0
