gcc -MM -MP -Wall -Wno-unknown-warning-option -Wno-format-truncation -Wno-unused-function -g -I. -fPIE -I/usr/include/libnm -I/usr/include/glib-2.0 -I/usr/lib/x86_64-linux-gnu/glib-2.0/include -pthread -I/usr/include/libmount -I/usr/include/blkid  -I/usr/include/libnl3   -Wno-dangling-reference  -pthread -I/usr/include/dbus-1.0 -I/usr/lib/x86_64-linux-gnu/dbus-1.0/include -I/usr/include/libnl3   -Wno-dangling-reference  -MT capture_framework.c.o capture_framework.c -MF capture_framework.c.d
'Makefile.in' or 'configure' are more current than this Makefile.  You should re-run 'configure'.
cc1: warning: command-line option ‘-Wno-dangling-reference’ is valid for C++/ObjC++ but not for C
cc1: note: unrecognized command-line option ‘-Wno-unknown-warning-option’ may have been intended to silence earlier diagnostics
'Makefile.in' or 'configure' are more current than this Makefile.  You should re-run 'configure'.
gcc -Wall -Wno-unknown-warning-option -Wno-format-truncation -Wno-unused-function -g -I. -fPIE -I/usr/include/libnm -I/usr/include/glib-2.0 -I/usr/lib/x86_64-linux-gnu/glib-2.0/include -pthread -I/usr/include/libmount -I/usr/include/blkid  -I/usr/include/libnl3   -Wno-dangling-reference  -pthread -I/usr/include/dbus-1.0 -I/usr/lib/x86_64-linux-gnu/dbus-1.0/include -I/usr/include/libnl3   -Wno-dangling-reference  -c capture_framework.c -o capture_framework.c.o
cc1: warning: command-line option ‘-Wno-dangling-reference’ is valid for C++/ObjC++ but not for C
cc1: note: unrecognized command-line option ‘-Wno-unknown-warning-option’ may have been intended to silence earlier diagnostics
ar rcs libkismetdatasource.a mpack/mpack.c.o simple_ringbuf_c.c.o version.c.o capture_framework.c.o
gcc  -o kismet_cap_kismetdb capture_kismetdb.c.o libkismetdatasource.a -lcap -lwebsockets -L/usr/lib64 -lcap  -lpthread -lm -lsqlite3
gcc  -o kismet_cap_pcapfile capture_pcapfile.c.o libkismetdatasource.a -lpcap  -lcap -lwebsockets -L/usr/lib64 -lcap  -lpthread -lm
(cd capture_antsdr_droneid && make)
(cd capture_linux_wifi && make)
(cd capture_nrf_mousejack && make)
(cd capture_ti_cc_2540 && make)
(cd capture_ti_cc_2531 && make)
(cd capture_radiacode && make)
make[1]: Entering directory '/root/src/kismet/capture_antsdr_droneid'
gcc  -o kismet_cap_antsdr_droneid capture_antsdr_droneid.c.o  ../libkismetdatasource.a -lcap -lwebsockets -L/usr/lib64 -lcap  -lpthread -lm 
make[1]: Entering directory '/root/src/kismet/capture_nrf_mousejack'
make[1]: Entering directory '/root/src/kismet/capture_ti_cc_2540'
make[1]: Entering directory '/root/src/kismet/capture_linux_wifi'
gcc  -o kismet_cap_linux_wifi ../interface_control.c.o ../wifi_ht_channels.c.o linux_wireless_control.c.o linux_netlink_control.c.o linux_nexmon_control.c.o linux_wireless_rfkill.c.o capture_linux_wifi.c.o ../libkismetdatasource.a -lpcap  -lnm -lgio-2.0 -lgobject-2.0 -lglib-2.0  -lnl-genl-3 -lnl-3  -lcap -lwebsockets -L/usr/lib64 -lcap  -lpthread -lm
make[1]: Entering directory '/root/src/kismet/capture_ti_cc_2531'
gcc  -o kismet_cap_ti_cc_2531 capture_ti_cc_2531.c.o  ../libkismetdatasource.a -lcap -lwebsockets -L/usr/lib64 -lcap  -lpthread -lm -lusb-1.0 
gcc  -o kismet_cap_nrf_mousejack capture_nrf_mousejack.c.o  ../libkismetdatasource.a -lcap -lwebsockets -L/usr/lib64 -lcap  -lpthread -lm -lusb-1.0 
gcc  -o kismet_cap_ti_cc_2540 capture_ti_cc_2540.c.o  ../libkismetdatasource.a -lcap -lwebsockets -L/usr/lib64 -lcap  -lpthread -lm -lusb-1.0 
make[1]: Entering directory '/root/src/kismet/capture_radiacode'
gcc  -o kismet_cap_radiacode_usb radiacode.c.o capture_radiacode_usb.c.o  ../libkismetdatasource.a -lcap -lwebsockets -L/usr/lib64 -lcap  -lpthread -lm -lusb-1.0 
make[1]: Leaving directory '/root/src/kismet/capture_antsdr_droneid'
(cd capture_linux_bluetooth && make)
make[1]: Leaving directory '/root/src/kismet/capture_ti_cc_2531'
(cd capture_serial_radview && make)
(cd capture_nrf_51822 && make)
make[1]: Leaving directory '/root/src/kismet/capture_nrf_mousejack'
make[1]: Entering directory '/root/src/kismet/capture_linux_bluetooth'
gcc  -o kismet_cap_linux_bluetooth linux_bt_rfkill.c.o capture_linux_bluetooth.c.o ../libkismetdatasource.a -lcap -lwebsockets -L/usr/lib64 -lcap  -lpthread -lm
(cd capture_nxp_kw41z && make)
make[1]: Entering directory '/root/src/kismet/capture_serial_radview'
gcc  -o kismet_cap_serial_radview capture_serial_radview.c.o  ../libkismetdatasource.a -lcap -lwebsockets -L/usr/lib64 -lcap  -lpthread -lm
make[1]: Entering directory '/root/src/kismet/capture_nrf_51822'
make[1]: Leaving directory '/root/src/kismet/capture_ti_cc_2540'
make[1]: Leaving directory '/root/src/kismet/capture_radiacode'
gcc  -o kismet_cap_nrf_51822 capture_nrf_51822.c.o  ../libkismetdatasource.a -lcap -lwebsockets -L/usr/lib64 -lcap  -lpthread -lm
(cd capture_nrf_52840 && make)
make[1]: Entering directory '/root/src/kismet/capture_nxp_kw41z'
gcc  -o kismet_cap_nxp_kw41z capture_nxp_kw41z.c.o  ../libkismetdatasource.a -lcap -lwebsockets -L/usr/lib64 -lcap  -lpthread -lm
(cd capture_catsniffer_zigbee && make)
(cd capture_esp32c5 && make)
make[1]: Entering directory '/root/src/kismet/capture_nrf_52840'
gcc  -o kismet_cap_nrf_52840 capture_nrf_52840.c.o  ../libkismetdatasource.a -lcap -lwebsockets -L/usr/lib64 -lcap  -lpthread -lm
make[1]: Entering directory '/root/src/kismet/capture_catsniffer_zigbee'
gcc  -o kismet_cap_catsniffer_zigbee capture_catsniffer_zigbee.c.o ../libkismetdatasource.a -lcap -lwebsockets -L/usr/lib64 -lcap  -lpthread -lm
make[1]: Entering directory '/root/src/kismet/capture_esp32c5'
gcc  -o kismet_cap_esp32c5 capture_esp32c5.c.o ../libkismetdatasource.a -lcap -lwebsockets -L/usr/lib64 -lcap  -lpthread -lm
make[1]: Leaving directory '/root/src/kismet/capture_linux_wifi'
(cd capture_sniffle_ble && make)
make[1]: Entering directory '/root/src/kismet/capture_sniffle_ble'
gcc  -o kismet_cap_sniffle_ble capture_sniffle_ble.c.o ../libkismetdatasource.a -lcap -lwebsockets -L/usr/lib64 -lcap  -lpthread -lm
make[1]: Leaving directory '/root/src/kismet/capture_serial_radview'
(cd capture_freaklabs_zigbee_v2 && make)
make[1]: Entering directory '/root/src/kismet/capture_freaklabs_zigbee_v2'
gcc  -o kismet_cap_freaklabs_zigbee capture_freaklabs_zigbee_v2.c.o ../libkismetdatasource.a -lcap -lwebsockets -L/usr/lib64 -lcap  -lpthread -lm
make[1]: Leaving directory '/root/src/kismet/capture_nrf_51822'
(cd capture_rz_killerbee && make)
make[1]: Leaving directory '/root/src/kismet/capture_linux_bluetooth'
(cd capture_wch_ble_analyzer_pro && make)
make[1]: Entering directory '/root/src/kismet/capture_rz_killerbee'
gcc  -o kismet_cap_rz_killerbee capture_rz_killerbee.c.o  ../libkismetdatasource.a -lcap -lwebsockets -L/usr/lib64 -lcap  -lpthread -lm -lusb-1.0 
make[1]: Entering directory '/root/src/kismet/capture_wch_ble_analyzer_pro'
gcc  -o kismet_cap_wch_ble_analyzer_pro wch_ble_analyzer.c.o capture_wch_ble_analyzer_pro.c.o ../libkismetdatasource.a -lcap -lwebsockets -L/usr/lib64 -lcap  -lpthread -lm -lusb-1.0 
make[1]: Leaving directory '/root/src/kismet/capture_catsniffer_zigbee'
make[1]: Leaving directory '/root/src/kismet/capture_nrf_52840'
make[1]: Leaving directory '/root/src/kismet/capture_nxp_kw41z'
make[1]: Leaving directory '/root/src/kismet/capture_esp32c5'
make[1]: Leaving directory '/root/src/kismet/capture_sniffle_ble'
make[1]: Leaving directory '/root/src/kismet/capture_rz_killerbee'
make[1]: Leaving directory '/root/src/kismet/capture_wch_ble_analyzer_pro'
make[1]: Leaving directory '/root/src/kismet/capture_freaklabs_zigbee_v2'
